<html>
<body>
<pre>
<h1>µVision Build Log</h1>
<h2>Tool Versions:</h2>
IDE-Version: µVision V5.26.2.0
Copyright (C) 2018 ARM Ltd and ARM Germany GmbH. All rights reserved.
License Information:  ,  , LIC=9N0WF-6V99X-GNPA5-GPPU4-XMR3S-1J9YW
 
Tool Versions:
Toolchain:       MDK-ARM Professional  Version: 5.26.2.0
Toolchain Path:  C:\Keil_v5\ARM\ARMCC\Bin
C Compiler:      Armcc.exe V5.06 update 6 (build 750)
Assembler:       Armasm.exe V5.06 update 6 (build 750)
Linker/Locator:  ArmLink.exe V5.06 update 6 (build 750)
Library Manager: ArmAr.exe V5.06 update 6 (build 750)
Hex Converter:   FromElf.exe V5.06 update 6 (build 750)
CPU DLL:         SARMCM3.DLL V5.26.2.0
Dialog DLL:      DCM.DLL V1.17.2.0
Target DLL:      Segger\JL2CM3.dll V2.99.31.0
Dialog DLL:      TCM.DLL V1.36.1.0
 
<h2>Project:</h2>
C:\LPCxpresso43S37\Exam\m4\m4.uvprojx
Project File Date:  05/26/2019

<h2>Output:</h2>
*** Using Compiler 'V5.06 update 6 (build 750)', folder: 'C:\Keil_v5\ARM\ARMCC\Bin'
Rebuild target 'm4'
assembling keil_startup_lpc18xx43xx.s...
compiling sysinit.c...
compiling m0_img_ldr.c...
compiling ipc_example.c...
compiling ipc_msg.c...
compiling main.c...
main.c(111): warning:  #177-D: variable "ret"  was declared but never referenced
  				int ret;
main.c(512): warning:  #177-D: variable "result"  was declared but never referenced
  							uint32_t result, delta_time;
main.c: 2 warnings, 0 errors
linking...
Program Size: Code=16860 RO-data=1624 RW-data=124 ZI-data=1748  
After Build - User command #1: C:\Keil_v5\/ARM/BIN/ElfDwT.exe .\Objects\m4.axf BASEADDRESS(0x1A000000)
ELFDWT - Signature Creator V1.4.0.0
COPYRIGHT Copyright (C) 2014-2018, ARM Ldt. and  ARM Germany GmbH
*** Updated Signature over Range[32] (0x1A000000 - 0x1A000018): @0x1A00001C = 0x53FFEA2E
*** Processing completed, no Errors.
".\Objects\m4.axf" - 0 Error(s), 2 Warning(s).

<h2>Software Packages used:</h2>

Package Vendor: Keil
                http://www.keil.com/pack/Keil.LPC4300_DFP.2.8.0.pack
                Keil.LPC4300_DFP.2.8.0
                NXP LPC4300 Series Device Support, Drivers and Examples

<h2>Collection of Component include folders:</h2>
  .\RTE\_m4
  C:\Keil_v5\ARM\PACK\Keil\LPC4300_DFP\2.8.0\Device\Include

<h2>Collection of Component Files used:</h2>
Build Time Elapsed:  00:00:01
</pre>
</body>
</html>
