<!doctype html public "-//w3c//dtd html 4.0 transitional//en">
<html><head>
<title>Static Call Graph - [.\Objects\m4.axf]</title></head>
<body><HR>
<H1>Static Call Graph for image .\Objects\m4.axf</H1><HR>
<BR><P>#&#060CALLGRAPH&#062# ARM Linker, 5060750: Last Updated: Mon May 20 19:30:26 2019
<BR><P>
<H3>Maximum Stack Usage =        324 bytes + Unknown(Functions without stacksize, Cycles, Untraceable Function Pointers)</H3><H3>
Call chain for Maximum Stack Depth:</H3>
_printf_f &rArr; _printf_fp_dec &rArr; _printf_fp_dec_real &rArr; _fp_digits &rArr; _btod_etento &rArr; _btod_emul &rArr; _e2e
<P>
<H3>
Functions with no stack information
</H3><UL>
 <LI><a href="#[9c]">__user_initial_stackheap</a>
</UL>
</UL>
<P>
<H3>
Mutually Recursive functions
</H3> <LI><a href="#[5]">NMI_Handler</a>&nbsp;&nbsp;&nbsp;&rArr;&nbsp;&nbsp;&nbsp;<a href="#[5]">NMI_Handler</a><BR>
 <LI><a href="#[6]">HardFault_Handler</a>&nbsp;&nbsp;&nbsp;&rArr;&nbsp;&nbsp;&nbsp;<a href="#[6]">HardFault_Handler</a><BR>
 <LI><a href="#[7]">MemManage_Handler</a>&nbsp;&nbsp;&nbsp;&rArr;&nbsp;&nbsp;&nbsp;<a href="#[7]">MemManage_Handler</a><BR>
 <LI><a href="#[8]">BusFault_Handler</a>&nbsp;&nbsp;&nbsp;&rArr;&nbsp;&nbsp;&nbsp;<a href="#[8]">BusFault_Handler</a><BR>
 <LI><a href="#[9]">UsageFault_Handler</a>&nbsp;&nbsp;&nbsp;&rArr;&nbsp;&nbsp;&nbsp;<a href="#[9]">UsageFault_Handler</a><BR>
 <LI><a href="#[b]">SVC_Handler</a>&nbsp;&nbsp;&nbsp;&rArr;&nbsp;&nbsp;&nbsp;<a href="#[b]">SVC_Handler</a><BR>
 <LI><a href="#[c]">DebugMon_Handler</a>&nbsp;&nbsp;&nbsp;&rArr;&nbsp;&nbsp;&nbsp;<a href="#[c]">DebugMon_Handler</a><BR>
 <LI><a href="#[d]">PendSV_Handler</a>&nbsp;&nbsp;&nbsp;&rArr;&nbsp;&nbsp;&nbsp;<a href="#[d]">PendSV_Handler</a><BR>
 <LI><a href="#[a]">UnHandled_Vector</a>&nbsp;&nbsp;&nbsp;&rArr;&nbsp;&nbsp;&nbsp;<a href="#[a]">UnHandled_Vector</a><BR>
 <LI><a href="#[1f]">ADC0_IRQHandler</a>&nbsp;&nbsp;&nbsp;&rArr;&nbsp;&nbsp;&nbsp;<a href="#[1f]">ADC0_IRQHandler</a><BR>
 <LI><a href="#[b4]">Chip_Clock_GetMainPLLHz</a>&nbsp;&nbsp;&nbsp;&rArr;&nbsp;&nbsp;&nbsp;<a href="#[b0]">Chip_Clock_GetClockInputHz</a><BR>
 <LI><a href="#[b5]">Chip_Clock_GetDivRate</a>&nbsp;&nbsp;&nbsp;&rArr;&nbsp;&nbsp;&nbsp;<a href="#[b0]">Chip_Clock_GetClockInputHz</a><BR>
 <LI><a href="#[7c]">_sys_exit</a>&nbsp;&nbsp;&nbsp;&rArr;&nbsp;&nbsp;&nbsp;<a href="#[7c]">_sys_exit</a><BR>
</UL>
<P>
<H3>
Function Pointers
</H3><UL>
 <LI><a href="#[1f]">ADC0_IRQHandler</a> from keil_startup_lpc18xx43xx.o(.text) referenced from keil_startup_lpc18xx43xx.o(RESET)
 <LI><a href="#[23]">ADC1_IRQHandler</a> from keil_startup_lpc18xx43xx.o(.text) referenced from keil_startup_lpc18xx43xx.o(RESET)
 <LI><a href="#[3a]">ADCHS_IRQHandler</a> from keil_startup_lpc18xx43xx.o(.text) referenced from keil_startup_lpc18xx43xx.o(RESET)
 <LI><a href="#[3b]">ATIMER_IRQHandler</a> from keil_startup_lpc18xx43xx.o(.text) referenced from keil_startup_lpc18xx43xx.o(RESET)
 <LI><a href="#[8]">BusFault_Handler</a> from keil_startup_lpc18xx43xx.o(.text) referenced from keil_startup_lpc18xx43xx.o(RESET)
 <LI><a href="#[3f]">CAN0_IRQHandler</a> from keil_startup_lpc18xx43xx.o(.text) referenced from keil_startup_lpc18xx43xx.o(RESET)
 <LI><a href="#[39]">CAN1_IRQHandler</a> from keil_startup_lpc18xx43xx.o(.text) referenced from keil_startup_lpc18xx43xx.o(RESET)
 <LI><a href="#[f]">DAC_IRQHandler</a> from keil_startup_lpc18xx43xx.o(.text) referenced from keil_startup_lpc18xx43xx.o(RESET)
 <LI><a href="#[11]">DMA_IRQHandler</a> from main.o(i.DMA_IRQHandler) referenced from keil_startup_lpc18xx43xx.o(RESET)
 <LI><a href="#[c]">DebugMon_Handler</a> from keil_startup_lpc18xx43xx.o(.text) referenced from keil_startup_lpc18xx43xx.o(RESET)
 <LI><a href="#[13]">ETH_IRQHandler</a> from keil_startup_lpc18xx43xx.o(.text) referenced from keil_startup_lpc18xx43xx.o(RESET)
 <LI><a href="#[38]">EVRT_IRQHandler</a> from keil_startup_lpc18xx43xx.o(.text) referenced from keil_startup_lpc18xx43xx.o(RESET)
 <LI><a href="#[12]">FLASH_EEPROM_IRQHandler</a> from keil_startup_lpc18xx43xx.o(.text) referenced from keil_startup_lpc18xx43xx.o(RESET)
 <LI><a href="#[36]">GINT0_IRQHandler</a> from keil_startup_lpc18xx43xx.o(.text) referenced from keil_startup_lpc18xx43xx.o(RESET)
 <LI><a href="#[37]">GINT1_IRQHandler</a> from keil_startup_lpc18xx43xx.o(.text) referenced from keil_startup_lpc18xx43xx.o(RESET)
 <LI><a href="#[2e]">GPIO0_IRQHandler</a> from keil_startup_lpc18xx43xx.o(.text) referenced from keil_startup_lpc18xx43xx.o(RESET)
 <LI><a href="#[2f]">GPIO1_IRQHandler</a> from keil_startup_lpc18xx43xx.o(.text) referenced from keil_startup_lpc18xx43xx.o(RESET)
 <LI><a href="#[30]">GPIO2_IRQHandler</a> from keil_startup_lpc18xx43xx.o(.text) referenced from keil_startup_lpc18xx43xx.o(RESET)
 <LI><a href="#[31]">GPIO3_IRQHandler</a> from keil_startup_lpc18xx43xx.o(.text) referenced from keil_startup_lpc18xx43xx.o(RESET)
 <LI><a href="#[32]">GPIO4_IRQHandler</a> from keil_startup_lpc18xx43xx.o(.text) referenced from keil_startup_lpc18xx43xx.o(RESET)
 <LI><a href="#[33]">GPIO5_IRQHandler</a> from keil_startup_lpc18xx43xx.o(.text) referenced from keil_startup_lpc18xx43xx.o(RESET)
 <LI><a href="#[34]">GPIO6_IRQHandler</a> from keil_startup_lpc18xx43xx.o(.text) referenced from keil_startup_lpc18xx43xx.o(RESET)
 <LI><a href="#[35]">GPIO7_IRQHandler</a> from keil_startup_lpc18xx43xx.o(.text) referenced from keil_startup_lpc18xx43xx.o(RESET)
 <LI><a href="#[6]">HardFault_Handler</a> from keil_startup_lpc18xx43xx.o(.text) referenced from keil_startup_lpc18xx43xx.o(RESET)
 <LI><a href="#[20]">I2C0_IRQHandler</a> from keil_startup_lpc18xx43xx.o(.text) referenced from keil_startup_lpc18xx43xx.o(RESET)
 <LI><a href="#[21]">I2C1_IRQHandler</a> from keil_startup_lpc18xx43xx.o(.text) referenced from keil_startup_lpc18xx43xx.o(RESET)
 <LI><a href="#[2a]">I2S0_IRQHandler</a> from keil_startup_lpc18xx43xx.o(.text) referenced from keil_startup_lpc18xx43xx.o(RESET)
 <LI><a href="#[2b]">I2S1_IRQHandler</a> from keil_startup_lpc18xx43xx.o(.text) referenced from keil_startup_lpc18xx43xx.o(RESET)
 <LI><a href="#[15]">LCD_IRQHandler</a> from keil_startup_lpc18xx43xx.o(.text) referenced from keil_startup_lpc18xx43xx.o(RESET)
 <LI><a href="#[10]">M0APP_IRQHandler</a> from keil_startup_lpc18xx43xx.o(.text) referenced from keil_startup_lpc18xx43xx.o(RESET)
 <LI><a href="#[3e]">M0SUB_IRQHandler</a> from keil_startup_lpc18xx43xx.o(.text) referenced from keil_startup_lpc18xx43xx.o(RESET)
 <LI><a href="#[1e]">MCPWM_IRQHandler</a> from keil_startup_lpc18xx43xx.o(.text) referenced from keil_startup_lpc18xx43xx.o(RESET)
 <LI><a href="#[7]">MemManage_Handler</a> from keil_startup_lpc18xx43xx.o(.text) referenced from keil_startup_lpc18xx43xx.o(RESET)
 <LI><a href="#[5]">NMI_Handler</a> from keil_startup_lpc18xx43xx.o(.text) referenced from keil_startup_lpc18xx43xx.o(RESET)
 <LI><a href="#[d]">PendSV_Handler</a> from keil_startup_lpc18xx43xx.o(.text) referenced from keil_startup_lpc18xx43xx.o(RESET)
 <LI><a href="#[40]">QEI_IRQHandler</a> from keil_startup_lpc18xx43xx.o(.text) referenced from keil_startup_lpc18xx43xx.o(RESET)
 <LI><a href="#[19]">RIT_IRQHandler</a> from keil_startup_lpc18xx43xx.o(.text) referenced from keil_startup_lpc18xx43xx.o(RESET)
 <LI><a href="#[3c]">RTC_IRQHandler</a> from keil_startup_lpc18xx43xx.o(.text) referenced from keil_startup_lpc18xx43xx.o(RESET)
 <LI><a href="#[4]">Reset_Handler</a> from keil_startup_lpc18xx43xx.o(.text) referenced from keil_startup_lpc18xx43xx.o(RESET)
 <LI><a href="#[18]">SCT_IRQHandler</a> from keil_startup_lpc18xx43xx.o(.text) referenced from keil_startup_lpc18xx43xx.o(RESET)
 <LI><a href="#[14]">SDIO_IRQHandler</a> from keil_startup_lpc18xx43xx.o(.text) referenced from keil_startup_lpc18xx43xx.o(RESET)
 <LI><a href="#[2d]">SGPIO_IRQHandler</a> from keil_startup_lpc18xx43xx.o(.text) referenced from keil_startup_lpc18xx43xx.o(RESET)
 <LI><a href="#[2c]">SPIFI_IRQHandler</a> from keil_startup_lpc18xx43xx.o(.text) referenced from keil_startup_lpc18xx43xx.o(RESET)
 <LI><a href="#[22]">SPI_IRQHandler</a> from keil_startup_lpc18xx43xx.o(.text) referenced from keil_startup_lpc18xx43xx.o(RESET)
 <LI><a href="#[24]">SSP0_IRQHandler</a> from keil_startup_lpc18xx43xx.o(.text) referenced from keil_startup_lpc18xx43xx.o(RESET)
 <LI><a href="#[25]">SSP1_IRQHandler</a> from keil_startup_lpc18xx43xx.o(.text) referenced from keil_startup_lpc18xx43xx.o(RESET)
 <LI><a href="#[b]">SVC_Handler</a> from keil_startup_lpc18xx43xx.o(.text) referenced from keil_startup_lpc18xx43xx.o(RESET)
 <LI><a href="#[e]">SysTick_Handler</a> from main.o(i.SysTick_Handler) referenced from keil_startup_lpc18xx43xx.o(RESET)
 <LI><a href="#[41]">SystemInit</a> from sysinit.o(i.SystemInit) referenced from keil_startup_lpc18xx43xx.o(.text)
 <LI><a href="#[1a]">TIMER0_IRQHandler</a> from keil_startup_lpc18xx43xx.o(.text) referenced from keil_startup_lpc18xx43xx.o(RESET)
 <LI><a href="#[1b]">TIMER1_IRQHandler</a> from keil_startup_lpc18xx43xx.o(.text) referenced from keil_startup_lpc18xx43xx.o(RESET)
 <LI><a href="#[1c]">TIMER2_IRQHandler</a> from keil_startup_lpc18xx43xx.o(.text) referenced from keil_startup_lpc18xx43xx.o(RESET)
 <LI><a href="#[1d]">TIMER3_IRQHandler</a> from keil_startup_lpc18xx43xx.o(.text) referenced from keil_startup_lpc18xx43xx.o(RESET)
 <LI><a href="#[26]">UART0_IRQHandler</a> from keil_startup_lpc18xx43xx.o(.text) referenced from keil_startup_lpc18xx43xx.o(RESET)
 <LI><a href="#[27]">UART1_IRQHandler</a> from keil_startup_lpc18xx43xx.o(.text) referenced from keil_startup_lpc18xx43xx.o(RESET)
 <LI><a href="#[28]">UART2_IRQHandler</a> from keil_startup_lpc18xx43xx.o(.text) referenced from keil_startup_lpc18xx43xx.o(RESET)
 <LI><a href="#[29]">UART3_IRQHandler</a> from keil_startup_lpc18xx43xx.o(.text) referenced from keil_startup_lpc18xx43xx.o(RESET)
 <LI><a href="#[16]">USB0_IRQHandler</a> from keil_startup_lpc18xx43xx.o(.text) referenced from keil_startup_lpc18xx43xx.o(RESET)
 <LI><a href="#[17]">USB1_IRQHandler</a> from keil_startup_lpc18xx43xx.o(.text) referenced from keil_startup_lpc18xx43xx.o(RESET)
 <LI><a href="#[a]">UnHandled_Vector</a> from keil_startup_lpc18xx43xx.o(.text) referenced 7 times from keil_startup_lpc18xx43xx.o(RESET)
 <LI><a href="#[9]">UsageFault_Handler</a> from keil_startup_lpc18xx43xx.o(.text) referenced from keil_startup_lpc18xx43xx.o(RESET)
 <LI><a href="#[3d]">WDT_IRQHandler</a> from keil_startup_lpc18xx43xx.o(.text) referenced from keil_startup_lpc18xx43xx.o(RESET)
 <LI><a href="#[46]">__main</a> from __main.o(!!!main) referenced from keil_startup_lpc18xx43xx.o(.text)
 <LI><a href="#[45]">_get_lc_ctype</a> from lc_ctype_c.o(locale$$code) referenced from rt_ctype_table.o(.text)
 <LI><a href="#[44]">_printf_input_char</a> from _printf_char_common.o(.text) referenced from _printf_char_common.o(.text)
 <LI><a href="#[43]">_sputc</a> from _sputc.o(.text) referenced from c89vsprintf.o(.text)
</UL>
<P>
<H3>
Global Symbols
</H3>
<P><STRONG><a name="[46]"></a>__main</STRONG> (Thumb, 8 bytes, Stack size 0 bytes, __main.o(!!!main))
<BR><BR>[Calls]<UL><LI><a href="#[48]">&gt;&gt;</a>&nbsp;&nbsp;&nbsp;__rt_entry
<LI><a href="#[47]">&gt;&gt;</a>&nbsp;&nbsp;&nbsp;__scatterload
</UL>

<P><STRONG><a name="[47]"></a>__scatterload</STRONG> (Thumb, 0 bytes, Stack size unknown bytes, __scatter.o(!!!scatter))
<BR><BR>[Called By]<UL><LI><a href="#[46]">&gt;&gt;</a>&nbsp;&nbsp;&nbsp;__main
</UL>

<P><STRONG><a name="[49]"></a>__scatterload_rt2</STRONG> (Thumb, 44 bytes, Stack size unknown bytes, __scatter.o(!!!scatter), UNUSED)
<BR><BR>[Calls]<UL><LI><a href="#[48]">&gt;&gt;</a>&nbsp;&nbsp;&nbsp;__rt_entry
</UL>

<P><STRONG><a name="[e5]"></a>__scatterload_rt2_thumb_only</STRONG> (Thumb, 0 bytes, Stack size unknown bytes, __scatter.o(!!!scatter), UNUSED)

<P><STRONG><a name="[e6]"></a>__scatterload_null</STRONG> (Thumb, 0 bytes, Stack size unknown bytes, __scatter.o(!!!scatter), UNUSED)

<P><STRONG><a name="[4a]"></a>__scatterload_copy</STRONG> (Thumb, 26 bytes, Stack size unknown bytes, __scatter_copy.o(!!handler_copy), UNUSED)
<BR><BR>[Calls]<UL><LI><a href="#[4a]">&gt;&gt;</a>&nbsp;&nbsp;&nbsp;__scatterload_copy
</UL>
<BR>[Called By]<UL><LI><a href="#[4a]">&gt;&gt;</a>&nbsp;&nbsp;&nbsp;__scatterload_copy
</UL>

<P><STRONG><a name="[e7]"></a>__scatterload_zeroinit</STRONG> (Thumb, 28 bytes, Stack size unknown bytes, __scatter_zi.o(!!handler_zi), UNUSED)

<P><STRONG><a name="[4b]"></a>_printf_n</STRONG> (Thumb, 0 bytes, Stack size unknown bytes, _printf_n.o(.ARM.Collect$$_printf_percent$$00000001))
<BR><BR>[Calls]<UL><LI><a href="#[4c]">&gt;&gt;</a>&nbsp;&nbsp;&nbsp;_printf_charcount
</UL>

<P><STRONG><a name="[8f]"></a>_printf_percent</STRONG> (Thumb, 0 bytes, Stack size unknown bytes, _printf_percent.o(.ARM.Collect$$_printf_percent$$00000000))
<BR><BR>[Called By]<UL><LI><a href="#[88]">&gt;&gt;</a>&nbsp;&nbsp;&nbsp;__printf
</UL>

<P><STRONG><a name="[4d]"></a>_printf_p</STRONG> (Thumb, 0 bytes, Stack size unknown bytes, _printf_p.o(.ARM.Collect$$_printf_percent$$00000002))
<BR><BR>[Stack]<UL><LI>Max Depth = 64 + Unknown Stack Size
<LI>Call Chain = _printf_p &rArr; _printf_hex_ptr &rArr; _printf_longlong_hex &rArr; _printf_int_common &rArr; _printf_post_padding
</UL>
<BR>[Calls]<UL><LI><a href="#[4e]">&gt;&gt;</a>&nbsp;&nbsp;&nbsp;_printf_hex_ptr
</UL>

<P><STRONG><a name="[4f]"></a>_printf_f</STRONG> (Thumb, 0 bytes, Stack size unknown bytes, _printf_f.o(.ARM.Collect$$_printf_percent$$00000003))
<BR><BR>[Stack]<UL><LI>Max Depth = 324 + Unknown Stack Size
<LI>Call Chain = _printf_f &rArr; _printf_fp_dec &rArr; _printf_fp_dec_real &rArr; _fp_digits &rArr; _btod_etento &rArr; _btod_emul &rArr; _e2e
</UL>
<BR>[Calls]<UL><LI><a href="#[50]">&gt;&gt;</a>&nbsp;&nbsp;&nbsp;_printf_fp_dec
</UL>

<P><STRONG><a name="[51]"></a>_printf_e</STRONG> (Thumb, 0 bytes, Stack size unknown bytes, _printf_e.o(.ARM.Collect$$_printf_percent$$00000004))
<BR><BR>[Stack]<UL><LI>Max Depth = 324 + Unknown Stack Size
<LI>Call Chain = _printf_e &rArr; _printf_fp_dec &rArr; _printf_fp_dec_real &rArr; _fp_digits &rArr; _btod_etento &rArr; _btod_emul &rArr; _e2e
</UL>
<BR>[Calls]<UL><LI><a href="#[50]">&gt;&gt;</a>&nbsp;&nbsp;&nbsp;_printf_fp_dec
</UL>

<P><STRONG><a name="[52]"></a>_printf_g</STRONG> (Thumb, 0 bytes, Stack size unknown bytes, _printf_g.o(.ARM.Collect$$_printf_percent$$00000005))
<BR><BR>[Stack]<UL><LI>Max Depth = 324 + Unknown Stack Size
<LI>Call Chain = _printf_g &rArr; _printf_fp_dec &rArr; _printf_fp_dec_real &rArr; _fp_digits &rArr; _btod_etento &rArr; _btod_emul &rArr; _e2e
</UL>
<BR>[Calls]<UL><LI><a href="#[50]">&gt;&gt;</a>&nbsp;&nbsp;&nbsp;_printf_fp_dec
</UL>

<P><STRONG><a name="[e8]"></a>_printf_a</STRONG> (Thumb, 0 bytes, Stack size unknown bytes, _printf_a.o(.ARM.Collect$$_printf_percent$$00000006))

<P><STRONG><a name="[e9]"></a>_printf_ll</STRONG> (Thumb, 0 bytes, Stack size unknown bytes, _printf_ll.o(.ARM.Collect$$_printf_percent$$00000007))

<P><STRONG><a name="[53]"></a>_printf_i</STRONG> (Thumb, 0 bytes, Stack size unknown bytes, _printf_i.o(.ARM.Collect$$_printf_percent$$00000008))
<BR><BR>[Stack]<UL><LI>Max Depth = 72 + Unknown Stack Size
<LI>Call Chain = _printf_i &rArr; _printf_int_dec &rArr; _printf_int_common &rArr; _printf_post_padding
</UL>
<BR>[Calls]<UL><LI><a href="#[54]">&gt;&gt;</a>&nbsp;&nbsp;&nbsp;_printf_int_dec
</UL>

<P><STRONG><a name="[55]"></a>_printf_d</STRONG> (Thumb, 0 bytes, Stack size unknown bytes, _printf_d.o(.ARM.Collect$$_printf_percent$$00000009))
<BR><BR>[Stack]<UL><LI>Max Depth = 72 + Unknown Stack Size
<LI>Call Chain = _printf_d &rArr; _printf_int_dec &rArr; _printf_int_common &rArr; _printf_post_padding
</UL>
<BR>[Calls]<UL><LI><a href="#[54]">&gt;&gt;</a>&nbsp;&nbsp;&nbsp;_printf_int_dec
</UL>

<P><STRONG><a name="[56]"></a>_printf_u</STRONG> (Thumb, 0 bytes, Stack size unknown bytes, _printf_u.o(.ARM.Collect$$_printf_percent$$0000000A))
<BR><BR>[Stack]<UL><LI>Max Depth = 72 + Unknown Stack Size
<LI>Call Chain = _printf_u &rArr; _printf_int_dec &rArr; _printf_int_common &rArr; _printf_post_padding
</UL>
<BR>[Calls]<UL><LI><a href="#[54]">&gt;&gt;</a>&nbsp;&nbsp;&nbsp;_printf_int_dec
</UL>

<P><STRONG><a name="[57]"></a>_printf_o</STRONG> (Thumb, 0 bytes, Stack size unknown bytes, _printf_o.o(.ARM.Collect$$_printf_percent$$0000000B))
<BR><BR>[Stack]<UL><LI>Max Depth = 64 + Unknown Stack Size
<LI>Call Chain = _printf_o &rArr; _printf_int_oct &rArr; _printf_longlong_oct &rArr; _printf_int_common &rArr; _printf_post_padding
</UL>
<BR>[Calls]<UL><LI><a href="#[58]">&gt;&gt;</a>&nbsp;&nbsp;&nbsp;_printf_int_oct
</UL>

<P><STRONG><a name="[59]"></a>_printf_x</STRONG> (Thumb, 0 bytes, Stack size unknown bytes, _printf_x.o(.ARM.Collect$$_printf_percent$$0000000C))
<BR><BR>[Stack]<UL><LI>Max Depth = 80 + Unknown Stack Size
<LI>Call Chain = _printf_x &rArr; _printf_int_hex &rArr; _printf_longlong_hex &rArr; _printf_int_common &rArr; _printf_post_padding
</UL>
<BR>[Calls]<UL><LI><a href="#[5a]">&gt;&gt;</a>&nbsp;&nbsp;&nbsp;_printf_int_hex
</UL>

<P><STRONG><a name="[5b]"></a>_printf_lli</STRONG> (Thumb, 0 bytes, Stack size unknown bytes, _printf_lli.o(.ARM.Collect$$_printf_percent$$0000000D))
<BR><BR>[Stack]<UL><LI>Max Depth = 72 + Unknown Stack Size
<LI>Call Chain = _printf_lli &rArr; _printf_longlong_dec &rArr; _printf_int_common &rArr; _printf_post_padding
</UL>
<BR>[Calls]<UL><LI><a href="#[5c]">&gt;&gt;</a>&nbsp;&nbsp;&nbsp;_printf_longlong_dec
</UL>

<P><STRONG><a name="[5d]"></a>_printf_lld</STRONG> (Thumb, 0 bytes, Stack size unknown bytes, _printf_lld.o(.ARM.Collect$$_printf_percent$$0000000E))
<BR><BR>[Stack]<UL><LI>Max Depth = 72 + Unknown Stack Size
<LI>Call Chain = _printf_lld &rArr; _printf_longlong_dec &rArr; _printf_int_common &rArr; _printf_post_padding
</UL>
<BR>[Calls]<UL><LI><a href="#[5c]">&gt;&gt;</a>&nbsp;&nbsp;&nbsp;_printf_longlong_dec
</UL>

<P><STRONG><a name="[5e]"></a>_printf_llu</STRONG> (Thumb, 0 bytes, Stack size unknown bytes, _printf_llu.o(.ARM.Collect$$_printf_percent$$0000000F))
<BR><BR>[Stack]<UL><LI>Max Depth = 72 + Unknown Stack Size
<LI>Call Chain = _printf_llu &rArr; _printf_longlong_dec &rArr; _printf_int_common &rArr; _printf_post_padding
</UL>
<BR>[Calls]<UL><LI><a href="#[5c]">&gt;&gt;</a>&nbsp;&nbsp;&nbsp;_printf_longlong_dec
</UL>

<P><STRONG><a name="[5f]"></a>_printf_llo</STRONG> (Thumb, 0 bytes, Stack size unknown bytes, _printf_llo.o(.ARM.Collect$$_printf_percent$$00000010))
<BR><BR>[Stack]<UL><LI>Max Depth = 56 + Unknown Stack Size
<LI>Call Chain = _printf_llo &rArr; _printf_ll_oct &rArr; _printf_longlong_oct &rArr; _printf_int_common &rArr; _printf_post_padding
</UL>
<BR>[Calls]<UL><LI><a href="#[60]">&gt;&gt;</a>&nbsp;&nbsp;&nbsp;_printf_ll_oct
</UL>

<P><STRONG><a name="[61]"></a>_printf_llx</STRONG> (Thumb, 0 bytes, Stack size unknown bytes, _printf_llx.o(.ARM.Collect$$_printf_percent$$00000011))
<BR><BR>[Stack]<UL><LI>Max Depth = 64 + Unknown Stack Size
<LI>Call Chain = _printf_llx &rArr; _printf_ll_hex &rArr; _printf_longlong_hex &rArr; _printf_int_common &rArr; _printf_post_padding
</UL>
<BR>[Calls]<UL><LI><a href="#[62]">&gt;&gt;</a>&nbsp;&nbsp;&nbsp;_printf_ll_hex
</UL>

<P><STRONG><a name="[ea]"></a>_printf_l</STRONG> (Thumb, 0 bytes, Stack size unknown bytes, _printf_l.o(.ARM.Collect$$_printf_percent$$00000012))

<P><STRONG><a name="[63]"></a>_printf_c</STRONG> (Thumb, 0 bytes, Stack size unknown bytes, _printf_c.o(.ARM.Collect$$_printf_percent$$00000013))
<BR><BR>[Stack]<UL><LI>Max Depth = 40 + Unknown Stack Size
<LI>Call Chain = _printf_c &rArr; _printf_char &rArr; _printf_cs_common &rArr; _printf_str &rArr; _printf_post_padding
</UL>
<BR>[Calls]<UL><LI><a href="#[64]">&gt;&gt;</a>&nbsp;&nbsp;&nbsp;_printf_char
</UL>

<P><STRONG><a name="[65]"></a>_printf_s</STRONG> (Thumb, 0 bytes, Stack size unknown bytes, _printf_s.o(.ARM.Collect$$_printf_percent$$00000014))
<BR><BR>[Stack]<UL><LI>Max Depth = 40 + Unknown Stack Size
<LI>Call Chain = _printf_s &rArr; _printf_string &rArr; _printf_cs_common &rArr; _printf_str &rArr; _printf_post_padding
</UL>
<BR>[Calls]<UL><LI><a href="#[66]">&gt;&gt;</a>&nbsp;&nbsp;&nbsp;_printf_string
</UL>

<P><STRONG><a name="[67]"></a>_printf_lc</STRONG> (Thumb, 0 bytes, Stack size unknown bytes, _printf_lc.o(.ARM.Collect$$_printf_percent$$00000015))
<BR><BR>[Stack]<UL><LI>Max Depth = 88 + Unknown Stack Size
<LI>Call Chain = _printf_lc &rArr; _printf_wchar &rArr; _printf_lcs_common &rArr; _printf_wctomb &rArr; _wcrtomb &rArr; __rt_ctype_table
</UL>
<BR>[Calls]<UL><LI><a href="#[68]">&gt;&gt;</a>&nbsp;&nbsp;&nbsp;_printf_wchar
</UL>

<P><STRONG><a name="[69]"></a>_printf_ls</STRONG> (Thumb, 0 bytes, Stack size unknown bytes, _printf_ls.o(.ARM.Collect$$_printf_percent$$00000016))
<BR><BR>[Stack]<UL><LI>Max Depth = 88 + Unknown Stack Size
<LI>Call Chain = _printf_ls &rArr; _printf_wstring &rArr; _printf_lcs_common &rArr; _printf_wctomb &rArr; _wcrtomb &rArr; __rt_ctype_table
</UL>
<BR>[Calls]<UL><LI><a href="#[6a]">&gt;&gt;</a>&nbsp;&nbsp;&nbsp;_printf_wstring
</UL>

<P><STRONG><a name="[eb]"></a>_printf_percent_end</STRONG> (Thumb, 0 bytes, Stack size unknown bytes, _printf_percent_end.o(.ARM.Collect$$_printf_percent$$00000017))

<P><STRONG><a name="[75]"></a>__rt_lib_init</STRONG> (Thumb, 0 bytes, Stack size unknown bytes, libinit.o(.ARM.Collect$$libinit$$00000000))
<BR><BR>[Called By]<UL><LI><a href="#[74]">&gt;&gt;</a>&nbsp;&nbsp;&nbsp;__rt_entry_li
</UL>

<P><STRONG><a name="[6b]"></a>__rt_lib_init_fp_1</STRONG> (Thumb, 0 bytes, Stack size unknown bytes, libinit2.o(.ARM.Collect$$libinit$$00000001))
<BR><BR>[Calls]<UL><LI><a href="#[6c]">&gt;&gt;</a>&nbsp;&nbsp;&nbsp;_fp_init
</UL>

<P><STRONG><a name="[ec]"></a>__rt_lib_init_heap_1</STRONG> (Thumb, 0 bytes, Stack size unknown bytes, libinit2.o(.ARM.Collect$$libinit$$0000000A))

<P><STRONG><a name="[6d]"></a>__rt_lib_init_lc_common</STRONG> (Thumb, 0 bytes, Stack size unknown bytes, libinit2.o(.ARM.Collect$$libinit$$0000000F))
<BR><BR>[Calls]<UL><LI><a href="#[6e]">&gt;&gt;</a>&nbsp;&nbsp;&nbsp;__rt_locale
</UL>

<P><STRONG><a name="[ed]"></a>__rt_lib_init_preinit_1</STRONG> (Thumb, 0 bytes, Stack size unknown bytes, libinit2.o(.ARM.Collect$$libinit$$00000004))

<P><STRONG><a name="[ee]"></a>__rt_lib_init_rand_1</STRONG> (Thumb, 0 bytes, Stack size unknown bytes, libinit2.o(.ARM.Collect$$libinit$$0000000E))

<P><STRONG><a name="[ef]"></a>__rt_lib_init_user_alloc_1</STRONG> (Thumb, 0 bytes, Stack size unknown bytes, libinit2.o(.ARM.Collect$$libinit$$0000000C))

<P><STRONG><a name="[f0]"></a>__rt_lib_init_lc_collate_1</STRONG> (Thumb, 0 bytes, Stack size unknown bytes, libinit2.o(.ARM.Collect$$libinit$$00000011))

<P><STRONG><a name="[6f]"></a>__rt_lib_init_lc_ctype_2</STRONG> (Thumb, 0 bytes, Stack size unknown bytes, libinit2.o(.ARM.Collect$$libinit$$00000012))
<BR><BR>[Stack]<UL><LI>Max Depth = 8 + Unknown Stack Size
<LI>Call Chain = __rt_lib_init_lc_ctype_2 &rArr; _get_lc_ctype
</UL>
<BR>[Calls]<UL><LI><a href="#[45]">&gt;&gt;</a>&nbsp;&nbsp;&nbsp;_get_lc_ctype
</UL>

<P><STRONG><a name="[f1]"></a>__rt_lib_init_lc_ctype_1</STRONG> (Thumb, 0 bytes, Stack size unknown bytes, libinit2.o(.ARM.Collect$$libinit$$00000013))

<P><STRONG><a name="[f2]"></a>__rt_lib_init_lc_monetary_1</STRONG> (Thumb, 0 bytes, Stack size unknown bytes, libinit2.o(.ARM.Collect$$libinit$$00000015))

<P><STRONG><a name="[70]"></a>__rt_lib_init_lc_numeric_2</STRONG> (Thumb, 0 bytes, Stack size unknown bytes, libinit2.o(.ARM.Collect$$libinit$$00000016))
<BR><BR>[Stack]<UL><LI>Max Depth = 8 + Unknown Stack Size
<LI>Call Chain = __rt_lib_init_lc_numeric_2 &rArr; _get_lc_numeric
</UL>
<BR>[Calls]<UL><LI><a href="#[71]">&gt;&gt;</a>&nbsp;&nbsp;&nbsp;_get_lc_numeric
</UL>

<P><STRONG><a name="[f3]"></a>__rt_lib_init_alloca_1</STRONG> (Thumb, 0 bytes, Stack size unknown bytes, libinit2.o(.ARM.Collect$$libinit$$0000002E))

<P><STRONG><a name="[f4]"></a>__rt_lib_init_argv_1</STRONG> (Thumb, 0 bytes, Stack size unknown bytes, libinit2.o(.ARM.Collect$$libinit$$0000002C))

<P><STRONG><a name="[f5]"></a>__rt_lib_init_atexit_1</STRONG> (Thumb, 0 bytes, Stack size unknown bytes, libinit2.o(.ARM.Collect$$libinit$$0000001B))

<P><STRONG><a name="[f6]"></a>__rt_lib_init_clock_1</STRONG> (Thumb, 0 bytes, Stack size unknown bytes, libinit2.o(.ARM.Collect$$libinit$$00000021))

<P><STRONG><a name="[f7]"></a>__rt_lib_init_cpp_1</STRONG> (Thumb, 0 bytes, Stack size unknown bytes, libinit2.o(.ARM.Collect$$libinit$$00000032))

<P><STRONG><a name="[f8]"></a>__rt_lib_init_exceptions_1</STRONG> (Thumb, 0 bytes, Stack size unknown bytes, libinit2.o(.ARM.Collect$$libinit$$00000030))

<P><STRONG><a name="[f9]"></a>__rt_lib_init_fp_trap_1</STRONG> (Thumb, 0 bytes, Stack size unknown bytes, libinit2.o(.ARM.Collect$$libinit$$0000001F))

<P><STRONG><a name="[fa]"></a>__rt_lib_init_getenv_1</STRONG> (Thumb, 0 bytes, Stack size unknown bytes, libinit2.o(.ARM.Collect$$libinit$$00000023))

<P><STRONG><a name="[fb]"></a>__rt_lib_init_lc_numeric_1</STRONG> (Thumb, 0 bytes, Stack size unknown bytes, libinit2.o(.ARM.Collect$$libinit$$00000017))

<P><STRONG><a name="[fc]"></a>__rt_lib_init_lc_time_1</STRONG> (Thumb, 0 bytes, Stack size unknown bytes, libinit2.o(.ARM.Collect$$libinit$$00000019))

<P><STRONG><a name="[fd]"></a>__rt_lib_init_return</STRONG> (Thumb, 0 bytes, Stack size unknown bytes, libinit2.o(.ARM.Collect$$libinit$$00000033))

<P><STRONG><a name="[fe]"></a>__rt_lib_init_signal_1</STRONG> (Thumb, 0 bytes, Stack size unknown bytes, libinit2.o(.ARM.Collect$$libinit$$0000001D))

<P><STRONG><a name="[ff]"></a>__rt_lib_init_stdio_1</STRONG> (Thumb, 0 bytes, Stack size unknown bytes, libinit2.o(.ARM.Collect$$libinit$$00000025))

<P><STRONG><a name="[7a]"></a>__rt_lib_shutdown</STRONG> (Thumb, 0 bytes, Stack size unknown bytes, libshutdown.o(.ARM.Collect$$libshutdown$$00000000))
<BR><BR>[Called By]<UL><LI><a href="#[79]">&gt;&gt;</a>&nbsp;&nbsp;&nbsp;__rt_exit_ls
</UL>

<P><STRONG><a name="[100]"></a>__rt_lib_shutdown_cpp_1</STRONG> (Thumb, 0 bytes, Stack size unknown bytes, libshutdown2.o(.ARM.Collect$$libshutdown$$00000002))

<P><STRONG><a name="[101]"></a>__rt_lib_shutdown_fp_trap_1</STRONG> (Thumb, 0 bytes, Stack size unknown bytes, libshutdown2.o(.ARM.Collect$$libshutdown$$00000007))

<P><STRONG><a name="[102]"></a>__rt_lib_shutdown_heap_1</STRONG> (Thumb, 0 bytes, Stack size unknown bytes, libshutdown2.o(.ARM.Collect$$libshutdown$$0000000F))

<P><STRONG><a name="[103]"></a>__rt_lib_shutdown_return</STRONG> (Thumb, 0 bytes, Stack size unknown bytes, libshutdown2.o(.ARM.Collect$$libshutdown$$00000010))

<P><STRONG><a name="[104]"></a>__rt_lib_shutdown_signal_1</STRONG> (Thumb, 0 bytes, Stack size unknown bytes, libshutdown2.o(.ARM.Collect$$libshutdown$$0000000A))

<P><STRONG><a name="[105]"></a>__rt_lib_shutdown_stdio_1</STRONG> (Thumb, 0 bytes, Stack size unknown bytes, libshutdown2.o(.ARM.Collect$$libshutdown$$00000004))

<P><STRONG><a name="[106]"></a>__rt_lib_shutdown_user_alloc_1</STRONG> (Thumb, 0 bytes, Stack size unknown bytes, libshutdown2.o(.ARM.Collect$$libshutdown$$0000000C))

<P><STRONG><a name="[48]"></a>__rt_entry</STRONG> (Thumb, 0 bytes, Stack size unknown bytes, __rtentry.o(.ARM.Collect$$rtentry$$00000000))
<BR><BR>[Called By]<UL><LI><a href="#[46]">&gt;&gt;</a>&nbsp;&nbsp;&nbsp;__main
<LI><a href="#[49]">&gt;&gt;</a>&nbsp;&nbsp;&nbsp;__scatterload_rt2
</UL>

<P><STRONG><a name="[107]"></a>__rt_entry_presh_1</STRONG> (Thumb, 0 bytes, Stack size unknown bytes, __rtentry2.o(.ARM.Collect$$rtentry$$00000002))

<P><STRONG><a name="[72]"></a>__rt_entry_sh</STRONG> (Thumb, 0 bytes, Stack size unknown bytes, __rtentry4.o(.ARM.Collect$$rtentry$$00000004))
<BR><BR>[Stack]<UL><LI>Max Depth = 8 + Unknown Stack Size
<LI>Call Chain = __rt_entry_sh &rArr; __user_setup_stackheap
</UL>
<BR>[Calls]<UL><LI><a href="#[73]">&gt;&gt;</a>&nbsp;&nbsp;&nbsp;__user_setup_stackheap
</UL>

<P><STRONG><a name="[74]"></a>__rt_entry_li</STRONG> (Thumb, 0 bytes, Stack size unknown bytes, __rtentry2.o(.ARM.Collect$$rtentry$$0000000A))
<BR><BR>[Calls]<UL><LI><a href="#[75]">&gt;&gt;</a>&nbsp;&nbsp;&nbsp;__rt_lib_init
</UL>

<P><STRONG><a name="[108]"></a>__rt_entry_postsh_1</STRONG> (Thumb, 0 bytes, Stack size unknown bytes, __rtentry2.o(.ARM.Collect$$rtentry$$00000009))

<P><STRONG><a name="[76]"></a>__rt_entry_main</STRONG> (Thumb, 0 bytes, Stack size unknown bytes, __rtentry2.o(.ARM.Collect$$rtentry$$0000000D))
<BR><BR>[Stack]<UL><LI>Max Depth = 296 + Unknown Stack Size
<LI>Call Chain = __rt_entry_main &rArr; main &rArr; GoToSleepMode &rArr; debug &rArr; __c89vsprintf &rArr; _printf_char_common &rArr; __printf
</UL>
<BR>[Calls]<UL><LI><a href="#[77]">&gt;&gt;</a>&nbsp;&nbsp;&nbsp;main
<LI><a href="#[78]">&gt;&gt;</a>&nbsp;&nbsp;&nbsp;exit
</UL>

<P><STRONG><a name="[109]"></a>__rt_entry_postli_1</STRONG> (Thumb, 0 bytes, Stack size unknown bytes, __rtentry2.o(.ARM.Collect$$rtentry$$0000000C))

<P><STRONG><a name="[9d]"></a>__rt_exit</STRONG> (Thumb, 0 bytes, Stack size unknown bytes, rtexit.o(.ARM.Collect$$rtexit$$00000000))
<BR><BR>[Called By]<UL><LI><a href="#[78]">&gt;&gt;</a>&nbsp;&nbsp;&nbsp;exit
</UL>

<P><STRONG><a name="[79]"></a>__rt_exit_ls</STRONG> (Thumb, 0 bytes, Stack size unknown bytes, rtexit2.o(.ARM.Collect$$rtexit$$00000003))
<BR><BR>[Calls]<UL><LI><a href="#[7a]">&gt;&gt;</a>&nbsp;&nbsp;&nbsp;__rt_lib_shutdown
</UL>

<P><STRONG><a name="[10a]"></a>__rt_exit_prels_1</STRONG> (Thumb, 0 bytes, Stack size unknown bytes, rtexit2.o(.ARM.Collect$$rtexit$$00000002))

<P><STRONG><a name="[7b]"></a>__rt_exit_exit</STRONG> (Thumb, 0 bytes, Stack size unknown bytes, rtexit2.o(.ARM.Collect$$rtexit$$00000004))
<BR><BR>[Calls]<UL><LI><a href="#[7c]">&gt;&gt;</a>&nbsp;&nbsp;&nbsp;_sys_exit
</UL>

<P><STRONG><a name="[4]"></a>Reset_Handler</STRONG> (Thumb, 8 bytes, Stack size 0 bytes, keil_startup_lpc18xx43xx.o(.text))
<BR>[Address Reference Count : 1]<UL><LI> keil_startup_lpc18xx43xx.o(RESET)
</UL>
<P><STRONG><a name="[5]"></a>NMI_Handler</STRONG> (Thumb, 2 bytes, Stack size 0 bytes, keil_startup_lpc18xx43xx.o(.text))
<BR><BR>[Calls]<UL><LI><a href="#[5]">&gt;&gt;</a>&nbsp;&nbsp;&nbsp;NMI_Handler
</UL>
<BR>[Called By]<UL><LI><a href="#[5]">&gt;&gt;</a>&nbsp;&nbsp;&nbsp;NMI_Handler
</UL>
<BR>[Address Reference Count : 1]<UL><LI> keil_startup_lpc18xx43xx.o(RESET)
</UL>
<P><STRONG><a name="[6]"></a>HardFault_Handler</STRONG> (Thumb, 2 bytes, Stack size 0 bytes, keil_startup_lpc18xx43xx.o(.text))
<BR><BR>[Calls]<UL><LI><a href="#[6]">&gt;&gt;</a>&nbsp;&nbsp;&nbsp;HardFault_Handler
</UL>
<BR>[Called By]<UL><LI><a href="#[6]">&gt;&gt;</a>&nbsp;&nbsp;&nbsp;HardFault_Handler
</UL>
<BR>[Address Reference Count : 1]<UL><LI> keil_startup_lpc18xx43xx.o(RESET)
</UL>
<P><STRONG><a name="[7]"></a>MemManage_Handler</STRONG> (Thumb, 2 bytes, Stack size 0 bytes, keil_startup_lpc18xx43xx.o(.text))
<BR><BR>[Calls]<UL><LI><a href="#[7]">&gt;&gt;</a>&nbsp;&nbsp;&nbsp;MemManage_Handler
</UL>
<BR>[Called By]<UL><LI><a href="#[7]">&gt;&gt;</a>&nbsp;&nbsp;&nbsp;MemManage_Handler
</UL>
<BR>[Address Reference Count : 1]<UL><LI> keil_startup_lpc18xx43xx.o(RESET)
</UL>
<P><STRONG><a name="[8]"></a>BusFault_Handler</STRONG> (Thumb, 2 bytes, Stack size 0 bytes, keil_startup_lpc18xx43xx.o(.text))
<BR><BR>[Calls]<UL><LI><a href="#[8]">&gt;&gt;</a>&nbsp;&nbsp;&nbsp;BusFault_Handler
</UL>
<BR>[Called By]<UL><LI><a href="#[8]">&gt;&gt;</a>&nbsp;&nbsp;&nbsp;BusFault_Handler
</UL>
<BR>[Address Reference Count : 1]<UL><LI> keil_startup_lpc18xx43xx.o(RESET)
</UL>
<P><STRONG><a name="[9]"></a>UsageFault_Handler</STRONG> (Thumb, 2 bytes, Stack size 0 bytes, keil_startup_lpc18xx43xx.o(.text))
<BR><BR>[Calls]<UL><LI><a href="#[9]">&gt;&gt;</a>&nbsp;&nbsp;&nbsp;UsageFault_Handler
</UL>
<BR>[Called By]<UL><LI><a href="#[9]">&gt;&gt;</a>&nbsp;&nbsp;&nbsp;UsageFault_Handler
</UL>
<BR>[Address Reference Count : 1]<UL><LI> keil_startup_lpc18xx43xx.o(RESET)
</UL>
<P><STRONG><a name="[b]"></a>SVC_Handler</STRONG> (Thumb, 2 bytes, Stack size 0 bytes, keil_startup_lpc18xx43xx.o(.text))
<BR><BR>[Calls]<UL><LI><a href="#[b]">&gt;&gt;</a>&nbsp;&nbsp;&nbsp;SVC_Handler
</UL>
<BR>[Called By]<UL><LI><a href="#[b]">&gt;&gt;</a>&nbsp;&nbsp;&nbsp;SVC_Handler
</UL>
<BR>[Address Reference Count : 1]<UL><LI> keil_startup_lpc18xx43xx.o(RESET)
</UL>
<P><STRONG><a name="[c]"></a>DebugMon_Handler</STRONG> (Thumb, 2 bytes, Stack size 0 bytes, keil_startup_lpc18xx43xx.o(.text))
<BR><BR>[Calls]<UL><LI><a href="#[c]">&gt;&gt;</a>&nbsp;&nbsp;&nbsp;DebugMon_Handler
</UL>
<BR>[Called By]<UL><LI><a href="#[c]">&gt;&gt;</a>&nbsp;&nbsp;&nbsp;DebugMon_Handler
</UL>
<BR>[Address Reference Count : 1]<UL><LI> keil_startup_lpc18xx43xx.o(RESET)
</UL>
<P><STRONG><a name="[d]"></a>PendSV_Handler</STRONG> (Thumb, 2 bytes, Stack size 0 bytes, keil_startup_lpc18xx43xx.o(.text))
<BR><BR>[Calls]<UL><LI><a href="#[d]">&gt;&gt;</a>&nbsp;&nbsp;&nbsp;PendSV_Handler
</UL>
<BR>[Called By]<UL><LI><a href="#[d]">&gt;&gt;</a>&nbsp;&nbsp;&nbsp;PendSV_Handler
</UL>
<BR>[Address Reference Count : 1]<UL><LI> keil_startup_lpc18xx43xx.o(RESET)
</UL>
<P><STRONG><a name="[a]"></a>UnHandled_Vector</STRONG> (Thumb, 2 bytes, Stack size 0 bytes, keil_startup_lpc18xx43xx.o(.text))
<BR><BR>[Calls]<UL><LI><a href="#[a]">&gt;&gt;</a>&nbsp;&nbsp;&nbsp;UnHandled_Vector
</UL>
<BR>[Called By]<UL><LI><a href="#[a]">&gt;&gt;</a>&nbsp;&nbsp;&nbsp;UnHandled_Vector
</UL>
<BR>[Address Reference Count : 1]<UL><LI> keil_startup_lpc18xx43xx.o(RESET)
</UL>
<P><STRONG><a name="[1f]"></a>ADC0_IRQHandler</STRONG> (Thumb, 0 bytes, Stack size 0 bytes, keil_startup_lpc18xx43xx.o(.text))
<BR><BR>[Calls]<UL><LI><a href="#[1f]">&gt;&gt;</a>&nbsp;&nbsp;&nbsp;ADC0_IRQHandler
</UL>
<BR>[Called By]<UL><LI><a href="#[1f]">&gt;&gt;</a>&nbsp;&nbsp;&nbsp;ADC0_IRQHandler
</UL>
<BR>[Address Reference Count : 1]<UL><LI> keil_startup_lpc18xx43xx.o(RESET)
</UL>
<P><STRONG><a name="[23]"></a>ADC1_IRQHandler</STRONG> (Thumb, 0 bytes, Stack size 0 bytes, keil_startup_lpc18xx43xx.o(.text))
<BR>[Address Reference Count : 1]<UL><LI> keil_startup_lpc18xx43xx.o(RESET)
</UL>
<P><STRONG><a name="[3a]"></a>ADCHS_IRQHandler</STRONG> (Thumb, 0 bytes, Stack size 0 bytes, keil_startup_lpc18xx43xx.o(.text))
<BR>[Address Reference Count : 1]<UL><LI> keil_startup_lpc18xx43xx.o(RESET)
</UL>
<P><STRONG><a name="[3b]"></a>ATIMER_IRQHandler</STRONG> (Thumb, 0 bytes, Stack size 0 bytes, keil_startup_lpc18xx43xx.o(.text))
<BR>[Address Reference Count : 1]<UL><LI> keil_startup_lpc18xx43xx.o(RESET)
</UL>
<P><STRONG><a name="[3f]"></a>CAN0_IRQHandler</STRONG> (Thumb, 0 bytes, Stack size 0 bytes, keil_startup_lpc18xx43xx.o(.text))
<BR>[Address Reference Count : 1]<UL><LI> keil_startup_lpc18xx43xx.o(RESET)
</UL>
<P><STRONG><a name="[39]"></a>CAN1_IRQHandler</STRONG> (Thumb, 0 bytes, Stack size 0 bytes, keil_startup_lpc18xx43xx.o(.text))
<BR>[Address Reference Count : 1]<UL><LI> keil_startup_lpc18xx43xx.o(RESET)
</UL>
<P><STRONG><a name="[f]"></a>DAC_IRQHandler</STRONG> (Thumb, 0 bytes, Stack size 0 bytes, keil_startup_lpc18xx43xx.o(.text))
<BR>[Address Reference Count : 1]<UL><LI> keil_startup_lpc18xx43xx.o(RESET)
</UL>
<P><STRONG><a name="[13]"></a>ETH_IRQHandler</STRONG> (Thumb, 0 bytes, Stack size 0 bytes, keil_startup_lpc18xx43xx.o(.text))
<BR>[Address Reference Count : 1]<UL><LI> keil_startup_lpc18xx43xx.o(RESET)
</UL>
<P><STRONG><a name="[38]"></a>EVRT_IRQHandler</STRONG> (Thumb, 0 bytes, Stack size 0 bytes, keil_startup_lpc18xx43xx.o(.text))
<BR>[Address Reference Count : 1]<UL><LI> keil_startup_lpc18xx43xx.o(RESET)
</UL>
<P><STRONG><a name="[12]"></a>FLASH_EEPROM_IRQHandler</STRONG> (Thumb, 0 bytes, Stack size 0 bytes, keil_startup_lpc18xx43xx.o(.text))
<BR>[Address Reference Count : 1]<UL><LI> keil_startup_lpc18xx43xx.o(RESET)
</UL>
<P><STRONG><a name="[36]"></a>GINT0_IRQHandler</STRONG> (Thumb, 0 bytes, Stack size 0 bytes, keil_startup_lpc18xx43xx.o(.text))
<BR>[Address Reference Count : 1]<UL><LI> keil_startup_lpc18xx43xx.o(RESET)
</UL>
<P><STRONG><a name="[37]"></a>GINT1_IRQHandler</STRONG> (Thumb, 0 bytes, Stack size 0 bytes, keil_startup_lpc18xx43xx.o(.text))
<BR>[Address Reference Count : 1]<UL><LI> keil_startup_lpc18xx43xx.o(RESET)
</UL>
<P><STRONG><a name="[2e]"></a>GPIO0_IRQHandler</STRONG> (Thumb, 0 bytes, Stack size 0 bytes, keil_startup_lpc18xx43xx.o(.text))
<BR>[Address Reference Count : 1]<UL><LI> keil_startup_lpc18xx43xx.o(RESET)
</UL>
<P><STRONG><a name="[2f]"></a>GPIO1_IRQHandler</STRONG> (Thumb, 0 bytes, Stack size 0 bytes, keil_startup_lpc18xx43xx.o(.text))
<BR>[Address Reference Count : 1]<UL><LI> keil_startup_lpc18xx43xx.o(RESET)
</UL>
<P><STRONG><a name="[30]"></a>GPIO2_IRQHandler</STRONG> (Thumb, 0 bytes, Stack size 0 bytes, keil_startup_lpc18xx43xx.o(.text))
<BR>[Address Reference Count : 1]<UL><LI> keil_startup_lpc18xx43xx.o(RESET)
</UL>
<P><STRONG><a name="[31]"></a>GPIO3_IRQHandler</STRONG> (Thumb, 0 bytes, Stack size 0 bytes, keil_startup_lpc18xx43xx.o(.text))
<BR>[Address Reference Count : 1]<UL><LI> keil_startup_lpc18xx43xx.o(RESET)
</UL>
<P><STRONG><a name="[32]"></a>GPIO4_IRQHandler</STRONG> (Thumb, 0 bytes, Stack size 0 bytes, keil_startup_lpc18xx43xx.o(.text))
<BR>[Address Reference Count : 1]<UL><LI> keil_startup_lpc18xx43xx.o(RESET)
</UL>
<P><STRONG><a name="[33]"></a>GPIO5_IRQHandler</STRONG> (Thumb, 0 bytes, Stack size 0 bytes, keil_startup_lpc18xx43xx.o(.text))
<BR>[Address Reference Count : 1]<UL><LI> keil_startup_lpc18xx43xx.o(RESET)
</UL>
<P><STRONG><a name="[34]"></a>GPIO6_IRQHandler</STRONG> (Thumb, 0 bytes, Stack size 0 bytes, keil_startup_lpc18xx43xx.o(.text))
<BR>[Address Reference Count : 1]<UL><LI> keil_startup_lpc18xx43xx.o(RESET)
</UL>
<P><STRONG><a name="[35]"></a>GPIO7_IRQHandler</STRONG> (Thumb, 0 bytes, Stack size 0 bytes, keil_startup_lpc18xx43xx.o(.text))
<BR>[Address Reference Count : 1]<UL><LI> keil_startup_lpc18xx43xx.o(RESET)
</UL>
<P><STRONG><a name="[20]"></a>I2C0_IRQHandler</STRONG> (Thumb, 0 bytes, Stack size 0 bytes, keil_startup_lpc18xx43xx.o(.text))
<BR>[Address Reference Count : 1]<UL><LI> keil_startup_lpc18xx43xx.o(RESET)
</UL>
<P><STRONG><a name="[21]"></a>I2C1_IRQHandler</STRONG> (Thumb, 0 bytes, Stack size 0 bytes, keil_startup_lpc18xx43xx.o(.text))
<BR>[Address Reference Count : 1]<UL><LI> keil_startup_lpc18xx43xx.o(RESET)
</UL>
<P><STRONG><a name="[2a]"></a>I2S0_IRQHandler</STRONG> (Thumb, 0 bytes, Stack size 0 bytes, keil_startup_lpc18xx43xx.o(.text))
<BR>[Address Reference Count : 1]<UL><LI> keil_startup_lpc18xx43xx.o(RESET)
</UL>
<P><STRONG><a name="[2b]"></a>I2S1_IRQHandler</STRONG> (Thumb, 0 bytes, Stack size 0 bytes, keil_startup_lpc18xx43xx.o(.text))
<BR>[Address Reference Count : 1]<UL><LI> keil_startup_lpc18xx43xx.o(RESET)
</UL>
<P><STRONG><a name="[15]"></a>LCD_IRQHandler</STRONG> (Thumb, 0 bytes, Stack size 0 bytes, keil_startup_lpc18xx43xx.o(.text))
<BR>[Address Reference Count : 1]<UL><LI> keil_startup_lpc18xx43xx.o(RESET)
</UL>
<P><STRONG><a name="[10]"></a>M0APP_IRQHandler</STRONG> (Thumb, 0 bytes, Stack size 0 bytes, keil_startup_lpc18xx43xx.o(.text))
<BR>[Address Reference Count : 1]<UL><LI> keil_startup_lpc18xx43xx.o(RESET)
</UL>
<P><STRONG><a name="[3e]"></a>M0SUB_IRQHandler</STRONG> (Thumb, 0 bytes, Stack size 0 bytes, keil_startup_lpc18xx43xx.o(.text))
<BR>[Address Reference Count : 1]<UL><LI> keil_startup_lpc18xx43xx.o(RESET)
</UL>
<P><STRONG><a name="[1e]"></a>MCPWM_IRQHandler</STRONG> (Thumb, 0 bytes, Stack size 0 bytes, keil_startup_lpc18xx43xx.o(.text))
<BR>[Address Reference Count : 1]<UL><LI> keil_startup_lpc18xx43xx.o(RESET)
</UL>
<P><STRONG><a name="[40]"></a>QEI_IRQHandler</STRONG> (Thumb, 0 bytes, Stack size 0 bytes, keil_startup_lpc18xx43xx.o(.text))
<BR>[Address Reference Count : 1]<UL><LI> keil_startup_lpc18xx43xx.o(RESET)
</UL>
<P><STRONG><a name="[19]"></a>RIT_IRQHandler</STRONG> (Thumb, 0 bytes, Stack size 0 bytes, keil_startup_lpc18xx43xx.o(.text))
<BR>[Address Reference Count : 1]<UL><LI> keil_startup_lpc18xx43xx.o(RESET)
</UL>
<P><STRONG><a name="[3c]"></a>RTC_IRQHandler</STRONG> (Thumb, 0 bytes, Stack size 0 bytes, keil_startup_lpc18xx43xx.o(.text))
<BR>[Address Reference Count : 1]<UL><LI> keil_startup_lpc18xx43xx.o(RESET)
</UL>
<P><STRONG><a name="[18]"></a>SCT_IRQHandler</STRONG> (Thumb, 0 bytes, Stack size 0 bytes, keil_startup_lpc18xx43xx.o(.text))
<BR>[Address Reference Count : 1]<UL><LI> keil_startup_lpc18xx43xx.o(RESET)
</UL>
<P><STRONG><a name="[14]"></a>SDIO_IRQHandler</STRONG> (Thumb, 0 bytes, Stack size 0 bytes, keil_startup_lpc18xx43xx.o(.text))
<BR>[Address Reference Count : 1]<UL><LI> keil_startup_lpc18xx43xx.o(RESET)
</UL>
<P><STRONG><a name="[2d]"></a>SGPIO_IRQHandler</STRONG> (Thumb, 0 bytes, Stack size 0 bytes, keil_startup_lpc18xx43xx.o(.text))
<BR>[Address Reference Count : 1]<UL><LI> keil_startup_lpc18xx43xx.o(RESET)
</UL>
<P><STRONG><a name="[2c]"></a>SPIFI_IRQHandler</STRONG> (Thumb, 0 bytes, Stack size 0 bytes, keil_startup_lpc18xx43xx.o(.text))
<BR>[Address Reference Count : 1]<UL><LI> keil_startup_lpc18xx43xx.o(RESET)
</UL>
<P><STRONG><a name="[22]"></a>SPI_IRQHandler</STRONG> (Thumb, 0 bytes, Stack size 0 bytes, keil_startup_lpc18xx43xx.o(.text))
<BR>[Address Reference Count : 1]<UL><LI> keil_startup_lpc18xx43xx.o(RESET)
</UL>
<P><STRONG><a name="[24]"></a>SSP0_IRQHandler</STRONG> (Thumb, 0 bytes, Stack size 0 bytes, keil_startup_lpc18xx43xx.o(.text))
<BR>[Address Reference Count : 1]<UL><LI> keil_startup_lpc18xx43xx.o(RESET)
</UL>
<P><STRONG><a name="[25]"></a>SSP1_IRQHandler</STRONG> (Thumb, 0 bytes, Stack size 0 bytes, keil_startup_lpc18xx43xx.o(.text))
<BR>[Address Reference Count : 1]<UL><LI> keil_startup_lpc18xx43xx.o(RESET)
</UL>
<P><STRONG><a name="[1a]"></a>TIMER0_IRQHandler</STRONG> (Thumb, 0 bytes, Stack size 0 bytes, keil_startup_lpc18xx43xx.o(.text))
<BR>[Address Reference Count : 1]<UL><LI> keil_startup_lpc18xx43xx.o(RESET)
</UL>
<P><STRONG><a name="[1b]"></a>TIMER1_IRQHandler</STRONG> (Thumb, 0 bytes, Stack size 0 bytes, keil_startup_lpc18xx43xx.o(.text))
<BR>[Address Reference Count : 1]<UL><LI> keil_startup_lpc18xx43xx.o(RESET)
</UL>
<P><STRONG><a name="[1c]"></a>TIMER2_IRQHandler</STRONG> (Thumb, 0 bytes, Stack size 0 bytes, keil_startup_lpc18xx43xx.o(.text))
<BR>[Address Reference Count : 1]<UL><LI> keil_startup_lpc18xx43xx.o(RESET)
</UL>
<P><STRONG><a name="[1d]"></a>TIMER3_IRQHandler</STRONG> (Thumb, 0 bytes, Stack size 0 bytes, keil_startup_lpc18xx43xx.o(.text))
<BR>[Address Reference Count : 1]<UL><LI> keil_startup_lpc18xx43xx.o(RESET)
</UL>
<P><STRONG><a name="[26]"></a>UART0_IRQHandler</STRONG> (Thumb, 0 bytes, Stack size 0 bytes, keil_startup_lpc18xx43xx.o(.text))
<BR>[Address Reference Count : 1]<UL><LI> keil_startup_lpc18xx43xx.o(RESET)
</UL>
<P><STRONG><a name="[27]"></a>UART1_IRQHandler</STRONG> (Thumb, 0 bytes, Stack size 0 bytes, keil_startup_lpc18xx43xx.o(.text))
<BR>[Address Reference Count : 1]<UL><LI> keil_startup_lpc18xx43xx.o(RESET)
</UL>
<P><STRONG><a name="[28]"></a>UART2_IRQHandler</STRONG> (Thumb, 0 bytes, Stack size 0 bytes, keil_startup_lpc18xx43xx.o(.text))
<BR>[Address Reference Count : 1]<UL><LI> keil_startup_lpc18xx43xx.o(RESET)
</UL>
<P><STRONG><a name="[29]"></a>UART3_IRQHandler</STRONG> (Thumb, 0 bytes, Stack size 0 bytes, keil_startup_lpc18xx43xx.o(.text))
<BR>[Address Reference Count : 1]<UL><LI> keil_startup_lpc18xx43xx.o(RESET)
</UL>
<P><STRONG><a name="[16]"></a>USB0_IRQHandler</STRONG> (Thumb, 0 bytes, Stack size 0 bytes, keil_startup_lpc18xx43xx.o(.text))
<BR>[Address Reference Count : 1]<UL><LI> keil_startup_lpc18xx43xx.o(RESET)
</UL>
<P><STRONG><a name="[17]"></a>USB1_IRQHandler</STRONG> (Thumb, 0 bytes, Stack size 0 bytes, keil_startup_lpc18xx43xx.o(.text))
<BR>[Address Reference Count : 1]<UL><LI> keil_startup_lpc18xx43xx.o(RESET)
</UL>
<P><STRONG><a name="[3d]"></a>WDT_IRQHandler</STRONG> (Thumb, 0 bytes, Stack size 0 bytes, keil_startup_lpc18xx43xx.o(.text))
<BR>[Address Reference Count : 1]<UL><LI> keil_startup_lpc18xx43xx.o(RESET)
</UL>
<P><STRONG><a name="[9c]"></a>__user_initial_stackheap</STRONG> (Thumb, 0 bytes, Stack size unknown bytes, keil_startup_lpc18xx43xx.o(.text))
<BR><BR>[Called By]<UL><LI><a href="#[73]">&gt;&gt;</a>&nbsp;&nbsp;&nbsp;__user_setup_stackheap
</UL>

<P><STRONG><a name="[cc]"></a>__aeabi_uldivmod</STRONG> (Thumb, 0 bytes, Stack size 48 bytes, lludivv7m.o(.text))
<BR><BR>[Stack]<UL><LI>Max Depth = 48<LI>Call Chain = __aeabi_uldivmod
</UL>
<BR>[Called By]<UL><LI><a href="#[a6]">&gt;&gt;</a>&nbsp;&nbsp;&nbsp;Chip_UART_SetBaudFDR
</UL>

<P><STRONG><a name="[10b]"></a>_ll_udiv</STRONG> (Thumb, 238 bytes, Stack size 48 bytes, lludivv7m.o(.text), UNUSED)

<P><STRONG><a name="[7d]"></a>__c89vsprintf</STRONG> (Thumb, 32 bytes, Stack size 16 bytes, c89vsprintf.o(.text))
<BR><BR>[Stack]<UL><LI>Max Depth = 120 + Unknown Stack Size
<LI>Call Chain = __c89vsprintf &rArr; _printf_char_common &rArr; __printf
</UL>
<BR>[Calls]<UL><LI><a href="#[43]">&gt;&gt;</a>&nbsp;&nbsp;&nbsp;_sputc
<LI><a href="#[7e]">&gt;&gt;</a>&nbsp;&nbsp;&nbsp;_printf_char_common
</UL>
<BR>[Called By]<UL><LI><a href="#[d0]">&gt;&gt;</a>&nbsp;&nbsp;&nbsp;debug
</UL>

<P><STRONG><a name="[db]"></a>strlen</STRONG> (Thumb, 62 bytes, Stack size 8 bytes, strlen.o(.text))
<BR><BR>[Stack]<UL><LI>Max Depth = 8<LI>Call Chain = strlen
</UL>
<BR>[Called By]<UL><LI><a href="#[d0]">&gt;&gt;</a>&nbsp;&nbsp;&nbsp;debug
</UL>

<P><STRONG><a name="[e0]"></a>__aeabi_memcpy4</STRONG> (Thumb, 0 bytes, Stack size 8 bytes, rt_memcpy_w.o(.text))
<BR><BR>[Stack]<UL><LI>Max Depth = 8<LI>Call Chain = __aeabi_memcpy4
</UL>
<BR>[Called By]<UL><LI><a href="#[b1]">&gt;&gt;</a>&nbsp;&nbsp;&nbsp;pll_get_frac
</UL>

<P><STRONG><a name="[10c]"></a>__aeabi_memcpy8</STRONG> (Thumb, 0 bytes, Stack size 8 bytes, rt_memcpy_w.o(.text), UNUSED)

<P><STRONG><a name="[10d]"></a>__rt_memcpy_w</STRONG> (Thumb, 100 bytes, Stack size 8 bytes, rt_memcpy_w.o(.text), UNUSED)

<P><STRONG><a name="[10e]"></a>_memcpy_lastbytes_aligned</STRONG> (Thumb, 0 bytes, Stack size unknown bytes, rt_memcpy_w.o(.text), UNUSED)

<P><STRONG><a name="[df]"></a>__aeabi_memclr4</STRONG> (Thumb, 0 bytes, Stack size 4 bytes, rt_memclr_w.o(.text))
<BR><BR>[Stack]<UL><LI>Max Depth = 4<LI>Call Chain = __aeabi_memclr4
</UL>
<BR>[Called By]<UL><LI><a href="#[b1]">&gt;&gt;</a>&nbsp;&nbsp;&nbsp;pll_get_frac
</UL>

<P><STRONG><a name="[10f]"></a>__aeabi_memclr8</STRONG> (Thumb, 0 bytes, Stack size 4 bytes, rt_memclr_w.o(.text), UNUSED)

<P><STRONG><a name="[110]"></a>__rt_memclr_w</STRONG> (Thumb, 78 bytes, Stack size 4 bytes, rt_memclr_w.o(.text), UNUSED)

<P><STRONG><a name="[111]"></a>_memset_w</STRONG> (Thumb, 0 bytes, Stack size unknown bytes, rt_memclr_w.o(.text), UNUSED)

<P><STRONG><a name="[112]"></a>__use_two_region_memory</STRONG> (Thumb, 2 bytes, Stack size 0 bytes, heapauxi.o(.text), UNUSED)

<P><STRONG><a name="[113]"></a>__rt_heap_escrow$2region</STRONG> (Thumb, 2 bytes, Stack size 0 bytes, heapauxi.o(.text), UNUSED)

<P><STRONG><a name="[114]"></a>__rt_heap_expand$2region</STRONG> (Thumb, 2 bytes, Stack size 0 bytes, heapauxi.o(.text), UNUSED)

<P><STRONG><a name="[7f]"></a>__read_errno</STRONG> (Thumb, 10 bytes, Stack size 8 bytes, _rserrno.o(.text), UNUSED)
<BR><BR>[Calls]<UL><LI><a href="#[80]">&gt;&gt;</a>&nbsp;&nbsp;&nbsp;__aeabi_errno_addr
</UL>

<P><STRONG><a name="[81]"></a>__set_errno</STRONG> (Thumb, 12 bytes, Stack size 8 bytes, _rserrno.o(.text))
<BR><BR>[Stack]<UL><LI>Max Depth = 8<LI>Call Chain = __set_errno
</UL>
<BR>[Calls]<UL><LI><a href="#[80]">&gt;&gt;</a>&nbsp;&nbsp;&nbsp;__aeabi_errno_addr
</UL>
<BR>[Called By]<UL><LI><a href="#[d3]">&gt;&gt;</a>&nbsp;&nbsp;&nbsp;__hardfp_powf
</UL>

<P><STRONG><a name="[83]"></a>_printf_pre_padding</STRONG> (Thumb, 44 bytes, Stack size 16 bytes, _printf_pad.o(.text))
<BR><BR>[Stack]<UL><LI>Max Depth = 16<LI>Call Chain = _printf_pre_padding
</UL>
<BR>[Called By]<UL><LI><a href="#[89]">&gt;&gt;</a>&nbsp;&nbsp;&nbsp;_printf_wctomb
<LI><a href="#[82]">&gt;&gt;</a>&nbsp;&nbsp;&nbsp;_printf_str
<LI><a href="#[97]">&gt;&gt;</a>&nbsp;&nbsp;&nbsp;_printf_fp_infnan
<LI><a href="#[95]">&gt;&gt;</a>&nbsp;&nbsp;&nbsp;_printf_fp_dec_real
<LI><a href="#[87]">&gt;&gt;</a>&nbsp;&nbsp;&nbsp;_printf_int_common
</UL>

<P><STRONG><a name="[84]"></a>_printf_post_padding</STRONG> (Thumb, 34 bytes, Stack size 16 bytes, _printf_pad.o(.text))
<BR><BR>[Stack]<UL><LI>Max Depth = 16<LI>Call Chain = _printf_post_padding
</UL>
<BR>[Called By]<UL><LI><a href="#[89]">&gt;&gt;</a>&nbsp;&nbsp;&nbsp;_printf_wctomb
<LI><a href="#[82]">&gt;&gt;</a>&nbsp;&nbsp;&nbsp;_printf_str
<LI><a href="#[97]">&gt;&gt;</a>&nbsp;&nbsp;&nbsp;_printf_fp_infnan
<LI><a href="#[95]">&gt;&gt;</a>&nbsp;&nbsp;&nbsp;_printf_fp_dec_real
<LI><a href="#[87]">&gt;&gt;</a>&nbsp;&nbsp;&nbsp;_printf_int_common
</UL>

<P><STRONG><a name="[85]"></a>_printf_truncate_signed</STRONG> (Thumb, 18 bytes, Stack size 0 bytes, _printf_truncate.o(.text))
<BR><BR>[Called By]<UL><LI><a href="#[54]">&gt;&gt;</a>&nbsp;&nbsp;&nbsp;_printf_int_dec
</UL>

<P><STRONG><a name="[86]"></a>_printf_truncate_unsigned</STRONG> (Thumb, 18 bytes, Stack size 0 bytes, _printf_truncate.o(.text))
<BR><BR>[Called By]<UL><LI><a href="#[5a]">&gt;&gt;</a>&nbsp;&nbsp;&nbsp;_printf_int_hex
<LI><a href="#[58]">&gt;&gt;</a>&nbsp;&nbsp;&nbsp;_printf_int_oct
<LI><a href="#[54]">&gt;&gt;</a>&nbsp;&nbsp;&nbsp;_printf_int_dec
</UL>

<P><STRONG><a name="[82]"></a>_printf_str</STRONG> (Thumb, 82 bytes, Stack size 16 bytes, _printf_str.o(.text))
<BR><BR>[Stack]<UL><LI>Max Depth = 32<LI>Call Chain = _printf_str &rArr; _printf_post_padding
</UL>
<BR>[Calls]<UL><LI><a href="#[84]">&gt;&gt;</a>&nbsp;&nbsp;&nbsp;_printf_post_padding
<LI><a href="#[83]">&gt;&gt;</a>&nbsp;&nbsp;&nbsp;_printf_pre_padding
</UL>
<BR>[Called By]<UL><LI><a href="#[98]">&gt;&gt;</a>&nbsp;&nbsp;&nbsp;_printf_cs_common
</UL>

<P><STRONG><a name="[54]"></a>_printf_int_dec</STRONG> (Thumb, 104 bytes, Stack size 24 bytes, _printf_dec.o(.text))
<BR><BR>[Stack]<UL><LI>Max Depth = 72<LI>Call Chain = _printf_int_dec &rArr; _printf_int_common &rArr; _printf_post_padding
</UL>
<BR>[Calls]<UL><LI><a href="#[86]">&gt;&gt;</a>&nbsp;&nbsp;&nbsp;_printf_truncate_unsigned
<LI><a href="#[85]">&gt;&gt;</a>&nbsp;&nbsp;&nbsp;_printf_truncate_signed
<LI><a href="#[87]">&gt;&gt;</a>&nbsp;&nbsp;&nbsp;_printf_int_common
</UL>
<BR>[Called By]<UL><LI><a href="#[56]">&gt;&gt;</a>&nbsp;&nbsp;&nbsp;_printf_u
<LI><a href="#[55]">&gt;&gt;</a>&nbsp;&nbsp;&nbsp;_printf_d
<LI><a href="#[53]">&gt;&gt;</a>&nbsp;&nbsp;&nbsp;_printf_i
</UL>

<P><STRONG><a name="[4c]"></a>_printf_charcount</STRONG> (Thumb, 40 bytes, Stack size 0 bytes, _printf_charcount.o(.text))
<BR><BR>[Called By]<UL><LI><a href="#[4b]">&gt;&gt;</a>&nbsp;&nbsp;&nbsp;_printf_n
</UL>

<P><STRONG><a name="[7e]"></a>_printf_char_common</STRONG> (Thumb, 32 bytes, Stack size 64 bytes, _printf_char_common.o(.text))
<BR><BR>[Stack]<UL><LI>Max Depth = 104 + Unknown Stack Size
<LI>Call Chain = _printf_char_common &rArr; __printf
</UL>
<BR>[Calls]<UL><LI><a href="#[88]">&gt;&gt;</a>&nbsp;&nbsp;&nbsp;__printf
</UL>
<BR>[Called By]<UL><LI><a href="#[7d]">&gt;&gt;</a>&nbsp;&nbsp;&nbsp;__c89vsprintf
</UL>

<P><STRONG><a name="[43]"></a>_sputc</STRONG> (Thumb, 10 bytes, Stack size 0 bytes, _sputc.o(.text))
<BR><BR>[Called By]<UL><LI><a href="#[7d]">&gt;&gt;</a>&nbsp;&nbsp;&nbsp;__c89vsprintf
</UL>
<BR>[Address Reference Count : 1]<UL><LI> c89vsprintf.o(.text)
</UL>
<P><STRONG><a name="[89]"></a>_printf_wctomb</STRONG> (Thumb, 182 bytes, Stack size 56 bytes, _printf_wctomb.o(.text))
<BR><BR>[Stack]<UL><LI>Max Depth = 80<LI>Call Chain = _printf_wctomb &rArr; _wcrtomb &rArr; __rt_ctype_table
</UL>
<BR>[Calls]<UL><LI><a href="#[84]">&gt;&gt;</a>&nbsp;&nbsp;&nbsp;_printf_post_padding
<LI><a href="#[83]">&gt;&gt;</a>&nbsp;&nbsp;&nbsp;_printf_pre_padding
<LI><a href="#[8a]">&gt;&gt;</a>&nbsp;&nbsp;&nbsp;_wcrtomb
</UL>
<BR>[Called By]<UL><LI><a href="#[99]">&gt;&gt;</a>&nbsp;&nbsp;&nbsp;_printf_lcs_common
</UL>

<P><STRONG><a name="[5c]"></a>_printf_longlong_dec</STRONG> (Thumb, 108 bytes, Stack size 24 bytes, _printf_longlong_dec.o(.text))
<BR><BR>[Stack]<UL><LI>Max Depth = 72<LI>Call Chain = _printf_longlong_dec &rArr; _printf_int_common &rArr; _printf_post_padding
</UL>
<BR>[Calls]<UL><LI><a href="#[87]">&gt;&gt;</a>&nbsp;&nbsp;&nbsp;_printf_int_common
<LI><a href="#[8b]">&gt;&gt;</a>&nbsp;&nbsp;&nbsp;_ll_udiv10
</UL>
<BR>[Called By]<UL><LI><a href="#[5e]">&gt;&gt;</a>&nbsp;&nbsp;&nbsp;_printf_llu
<LI><a href="#[5d]">&gt;&gt;</a>&nbsp;&nbsp;&nbsp;_printf_lld
<LI><a href="#[5b]">&gt;&gt;</a>&nbsp;&nbsp;&nbsp;_printf_lli
</UL>

<P><STRONG><a name="[8c]"></a>_printf_longlong_oct</STRONG> (Thumb, 66 bytes, Stack size 8 bytes, _printf_oct_int_ll.o(.text))
<BR><BR>[Stack]<UL><LI>Max Depth = 56<LI>Call Chain = _printf_longlong_oct &rArr; _printf_int_common &rArr; _printf_post_padding
</UL>
<BR>[Calls]<UL><LI><a href="#[87]">&gt;&gt;</a>&nbsp;&nbsp;&nbsp;_printf_int_common
</UL>
<BR>[Called By]<UL><LI><a href="#[60]">&gt;&gt;</a>&nbsp;&nbsp;&nbsp;_printf_ll_oct
<LI><a href="#[58]">&gt;&gt;</a>&nbsp;&nbsp;&nbsp;_printf_int_oct
</UL>

<P><STRONG><a name="[58]"></a>_printf_int_oct</STRONG> (Thumb, 24 bytes, Stack size 8 bytes, _printf_oct_int_ll.o(.text))
<BR><BR>[Stack]<UL><LI>Max Depth = 64<LI>Call Chain = _printf_int_oct &rArr; _printf_longlong_oct &rArr; _printf_int_common &rArr; _printf_post_padding
</UL>
<BR>[Calls]<UL><LI><a href="#[8c]">&gt;&gt;</a>&nbsp;&nbsp;&nbsp;_printf_longlong_oct
<LI><a href="#[86]">&gt;&gt;</a>&nbsp;&nbsp;&nbsp;_printf_truncate_unsigned
</UL>
<BR>[Called By]<UL><LI><a href="#[57]">&gt;&gt;</a>&nbsp;&nbsp;&nbsp;_printf_o
</UL>

<P><STRONG><a name="[60]"></a>_printf_ll_oct</STRONG> (Thumb, 12 bytes, Stack size 0 bytes, _printf_oct_int_ll.o(.text))
<BR><BR>[Stack]<UL><LI>Max Depth = 56<LI>Call Chain = _printf_ll_oct &rArr; _printf_longlong_oct &rArr; _printf_int_common &rArr; _printf_post_padding
</UL>
<BR>[Calls]<UL><LI><a href="#[8c]">&gt;&gt;</a>&nbsp;&nbsp;&nbsp;_printf_longlong_oct
</UL>
<BR>[Called By]<UL><LI><a href="#[5f]">&gt;&gt;</a>&nbsp;&nbsp;&nbsp;_printf_llo
</UL>

<P><STRONG><a name="[8d]"></a>_printf_longlong_hex</STRONG> (Thumb, 86 bytes, Stack size 16 bytes, _printf_hex_int_ll_ptr.o(.text))
<BR><BR>[Stack]<UL><LI>Max Depth = 64<LI>Call Chain = _printf_longlong_hex &rArr; _printf_int_common &rArr; _printf_post_padding
</UL>
<BR>[Calls]<UL><LI><a href="#[87]">&gt;&gt;</a>&nbsp;&nbsp;&nbsp;_printf_int_common
</UL>
<BR>[Called By]<UL><LI><a href="#[4e]">&gt;&gt;</a>&nbsp;&nbsp;&nbsp;_printf_hex_ptr
<LI><a href="#[62]">&gt;&gt;</a>&nbsp;&nbsp;&nbsp;_printf_ll_hex
<LI><a href="#[5a]">&gt;&gt;</a>&nbsp;&nbsp;&nbsp;_printf_int_hex
</UL>

<P><STRONG><a name="[5a]"></a>_printf_int_hex</STRONG> (Thumb, 28 bytes, Stack size 16 bytes, _printf_hex_int_ll_ptr.o(.text))
<BR><BR>[Stack]<UL><LI>Max Depth = 80<LI>Call Chain = _printf_int_hex &rArr; _printf_longlong_hex &rArr; _printf_int_common &rArr; _printf_post_padding
</UL>
<BR>[Calls]<UL><LI><a href="#[8d]">&gt;&gt;</a>&nbsp;&nbsp;&nbsp;_printf_longlong_hex
<LI><a href="#[86]">&gt;&gt;</a>&nbsp;&nbsp;&nbsp;_printf_truncate_unsigned
</UL>
<BR>[Called By]<UL><LI><a href="#[59]">&gt;&gt;</a>&nbsp;&nbsp;&nbsp;_printf_x
</UL>

<P><STRONG><a name="[62]"></a>_printf_ll_hex</STRONG> (Thumb, 12 bytes, Stack size 0 bytes, _printf_hex_int_ll_ptr.o(.text))
<BR><BR>[Stack]<UL><LI>Max Depth = 64<LI>Call Chain = _printf_ll_hex &rArr; _printf_longlong_hex &rArr; _printf_int_common &rArr; _printf_post_padding
</UL>
<BR>[Calls]<UL><LI><a href="#[8d]">&gt;&gt;</a>&nbsp;&nbsp;&nbsp;_printf_longlong_hex
</UL>
<BR>[Called By]<UL><LI><a href="#[61]">&gt;&gt;</a>&nbsp;&nbsp;&nbsp;_printf_llx
</UL>

<P><STRONG><a name="[4e]"></a>_printf_hex_ptr</STRONG> (Thumb, 18 bytes, Stack size 0 bytes, _printf_hex_int_ll_ptr.o(.text))
<BR><BR>[Stack]<UL><LI>Max Depth = 64<LI>Call Chain = _printf_hex_ptr &rArr; _printf_longlong_hex &rArr; _printf_int_common &rArr; _printf_post_padding
</UL>
<BR>[Calls]<UL><LI><a href="#[8d]">&gt;&gt;</a>&nbsp;&nbsp;&nbsp;_printf_longlong_hex
</UL>
<BR>[Called By]<UL><LI><a href="#[4d]">&gt;&gt;</a>&nbsp;&nbsp;&nbsp;_printf_p
</UL>

<P><STRONG><a name="[88]"></a>__printf</STRONG> (Thumb, 388 bytes, Stack size 40 bytes, __printf_flags_ss_wp.o(.text))
<BR><BR>[Stack]<UL><LI>Max Depth = 40 + Unknown Stack Size
<LI>Call Chain = __printf
</UL>
<BR>[Calls]<UL><LI><a href="#[8e]">&gt;&gt;</a>&nbsp;&nbsp;&nbsp;_is_digit
<LI><a href="#[8f]">&gt;&gt;</a>&nbsp;&nbsp;&nbsp;_printf_percent
</UL>
<BR>[Called By]<UL><LI><a href="#[7e]">&gt;&gt;</a>&nbsp;&nbsp;&nbsp;_printf_char_common
</UL>

<P><STRONG><a name="[80]"></a>__aeabi_errno_addr</STRONG> (Thumb, 8 bytes, Stack size 0 bytes, rt_errno_addr_intlibspace.o(.text))
<BR><BR>[Called By]<UL><LI><a href="#[81]">&gt;&gt;</a>&nbsp;&nbsp;&nbsp;__set_errno
<LI><a href="#[7f]">&gt;&gt;</a>&nbsp;&nbsp;&nbsp;__read_errno
</UL>

<P><STRONG><a name="[115]"></a>__errno$intlibspace</STRONG> (Thumb, 0 bytes, Stack size 0 bytes, rt_errno_addr_intlibspace.o(.text), UNUSED)

<P><STRONG><a name="[116]"></a>__rt_errno_addr$intlibspace</STRONG> (Thumb, 0 bytes, Stack size 0 bytes, rt_errno_addr_intlibspace.o(.text), UNUSED)

<P><STRONG><a name="[8b]"></a>_ll_udiv10</STRONG> (Thumb, 138 bytes, Stack size 12 bytes, lludiv10.o(.text))
<BR><BR>[Stack]<UL><LI>Max Depth = 12<LI>Call Chain = _ll_udiv10
</UL>
<BR>[Called By]<UL><LI><a href="#[5c]">&gt;&gt;</a>&nbsp;&nbsp;&nbsp;_printf_longlong_dec
<LI><a href="#[90]">&gt;&gt;</a>&nbsp;&nbsp;&nbsp;_fp_digits
</UL>

<P><STRONG><a name="[87]"></a>_printf_int_common</STRONG> (Thumb, 178 bytes, Stack size 32 bytes, _printf_intcommon.o(.text))
<BR><BR>[Stack]<UL><LI>Max Depth = 48<LI>Call Chain = _printf_int_common &rArr; _printf_post_padding
</UL>
<BR>[Calls]<UL><LI><a href="#[84]">&gt;&gt;</a>&nbsp;&nbsp;&nbsp;_printf_post_padding
<LI><a href="#[83]">&gt;&gt;</a>&nbsp;&nbsp;&nbsp;_printf_pre_padding
</UL>
<BR>[Called By]<UL><LI><a href="#[8d]">&gt;&gt;</a>&nbsp;&nbsp;&nbsp;_printf_longlong_hex
<LI><a href="#[8c]">&gt;&gt;</a>&nbsp;&nbsp;&nbsp;_printf_longlong_oct
<LI><a href="#[5c]">&gt;&gt;</a>&nbsp;&nbsp;&nbsp;_printf_longlong_dec
<LI><a href="#[54]">&gt;&gt;</a>&nbsp;&nbsp;&nbsp;_printf_int_dec
</UL>

<P><STRONG><a name="[117]"></a>__lib_sel_fp_printf</STRONG> (Thumb, 2 bytes, Stack size 0 bytes, _printf_fp_dec.o(.text), UNUSED)

<P><STRONG><a name="[95]"></a>_printf_fp_dec_real</STRONG> (Thumb, 620 bytes, Stack size 104 bytes, _printf_fp_dec.o(.text))
<BR><BR>[Stack]<UL><LI>Max Depth = 324<LI>Call Chain = _printf_fp_dec_real &rArr; _fp_digits &rArr; _btod_etento &rArr; _btod_emul &rArr; _e2e
</UL>
<BR>[Calls]<UL><LI><a href="#[84]">&gt;&gt;</a>&nbsp;&nbsp;&nbsp;_printf_post_padding
<LI><a href="#[83]">&gt;&gt;</a>&nbsp;&nbsp;&nbsp;_printf_pre_padding
<LI><a href="#[96]">&gt;&gt;</a>&nbsp;&nbsp;&nbsp;__ARM_fpclassify
<LI><a href="#[97]">&gt;&gt;</a>&nbsp;&nbsp;&nbsp;_printf_fp_infnan
<LI><a href="#[6e]">&gt;&gt;</a>&nbsp;&nbsp;&nbsp;__rt_locale
<LI><a href="#[90]">&gt;&gt;</a>&nbsp;&nbsp;&nbsp;_fp_digits
</UL>
<BR>[Called By]<UL><LI><a href="#[50]">&gt;&gt;</a>&nbsp;&nbsp;&nbsp;_printf_fp_dec
</UL>

<P><STRONG><a name="[98]"></a>_printf_cs_common</STRONG> (Thumb, 20 bytes, Stack size 8 bytes, _printf_char.o(.text))
<BR><BR>[Stack]<UL><LI>Max Depth = 40<LI>Call Chain = _printf_cs_common &rArr; _printf_str &rArr; _printf_post_padding
</UL>
<BR>[Calls]<UL><LI><a href="#[82]">&gt;&gt;</a>&nbsp;&nbsp;&nbsp;_printf_str
</UL>
<BR>[Called By]<UL><LI><a href="#[66]">&gt;&gt;</a>&nbsp;&nbsp;&nbsp;_printf_string
<LI><a href="#[64]">&gt;&gt;</a>&nbsp;&nbsp;&nbsp;_printf_char
</UL>

<P><STRONG><a name="[64]"></a>_printf_char</STRONG> (Thumb, 16 bytes, Stack size 0 bytes, _printf_char.o(.text))
<BR><BR>[Stack]<UL><LI>Max Depth = 40<LI>Call Chain = _printf_char &rArr; _printf_cs_common &rArr; _printf_str &rArr; _printf_post_padding
</UL>
<BR>[Calls]<UL><LI><a href="#[98]">&gt;&gt;</a>&nbsp;&nbsp;&nbsp;_printf_cs_common
</UL>
<BR>[Called By]<UL><LI><a href="#[63]">&gt;&gt;</a>&nbsp;&nbsp;&nbsp;_printf_c
</UL>

<P><STRONG><a name="[66]"></a>_printf_string</STRONG> (Thumb, 8 bytes, Stack size 0 bytes, _printf_char.o(.text))
<BR><BR>[Stack]<UL><LI>Max Depth = 40<LI>Call Chain = _printf_string &rArr; _printf_cs_common &rArr; _printf_str &rArr; _printf_post_padding
</UL>
<BR>[Calls]<UL><LI><a href="#[98]">&gt;&gt;</a>&nbsp;&nbsp;&nbsp;_printf_cs_common
</UL>
<BR>[Called By]<UL><LI><a href="#[65]">&gt;&gt;</a>&nbsp;&nbsp;&nbsp;_printf_s
</UL>

<P><STRONG><a name="[99]"></a>_printf_lcs_common</STRONG> (Thumb, 20 bytes, Stack size 8 bytes, _printf_wchar.o(.text))
<BR><BR>[Stack]<UL><LI>Max Depth = 88<LI>Call Chain = _printf_lcs_common &rArr; _printf_wctomb &rArr; _wcrtomb &rArr; __rt_ctype_table
</UL>
<BR>[Calls]<UL><LI><a href="#[89]">&gt;&gt;</a>&nbsp;&nbsp;&nbsp;_printf_wctomb
</UL>
<BR>[Called By]<UL><LI><a href="#[6a]">&gt;&gt;</a>&nbsp;&nbsp;&nbsp;_printf_wstring
<LI><a href="#[68]">&gt;&gt;</a>&nbsp;&nbsp;&nbsp;_printf_wchar
</UL>

<P><STRONG><a name="[68]"></a>_printf_wchar</STRONG> (Thumb, 16 bytes, Stack size 0 bytes, _printf_wchar.o(.text))
<BR><BR>[Stack]<UL><LI>Max Depth = 88<LI>Call Chain = _printf_wchar &rArr; _printf_lcs_common &rArr; _printf_wctomb &rArr; _wcrtomb &rArr; __rt_ctype_table
</UL>
<BR>[Calls]<UL><LI><a href="#[99]">&gt;&gt;</a>&nbsp;&nbsp;&nbsp;_printf_lcs_common
</UL>
<BR>[Called By]<UL><LI><a href="#[67]">&gt;&gt;</a>&nbsp;&nbsp;&nbsp;_printf_lc
</UL>

<P><STRONG><a name="[6a]"></a>_printf_wstring</STRONG> (Thumb, 8 bytes, Stack size 0 bytes, _printf_wchar.o(.text))
<BR><BR>[Stack]<UL><LI>Max Depth = 88<LI>Call Chain = _printf_wstring &rArr; _printf_lcs_common &rArr; _printf_wctomb &rArr; _wcrtomb &rArr; __rt_ctype_table
</UL>
<BR>[Calls]<UL><LI><a href="#[99]">&gt;&gt;</a>&nbsp;&nbsp;&nbsp;_printf_lcs_common
</UL>
<BR>[Called By]<UL><LI><a href="#[69]">&gt;&gt;</a>&nbsp;&nbsp;&nbsp;_printf_ls
</UL>

<P><STRONG><a name="[8a]"></a>_wcrtomb</STRONG> (Thumb, 64 bytes, Stack size 16 bytes, _wcrtomb.o(.text))
<BR><BR>[Stack]<UL><LI>Max Depth = 24<LI>Call Chain = _wcrtomb &rArr; __rt_ctype_table
</UL>
<BR>[Calls]<UL><LI><a href="#[9a]">&gt;&gt;</a>&nbsp;&nbsp;&nbsp;__rt_ctype_table
</UL>
<BR>[Called By]<UL><LI><a href="#[89]">&gt;&gt;</a>&nbsp;&nbsp;&nbsp;_printf_wctomb
</UL>

<P><STRONG><a name="[118]"></a>__user_libspace</STRONG> (Thumb, 8 bytes, Stack size 0 bytes, libspace.o(.text), UNUSED)

<P><STRONG><a name="[9b]"></a>__user_perproc_libspace</STRONG> (Thumb, 0 bytes, Stack size 0 bytes, libspace.o(.text))
<BR><BR>[Called By]<UL><LI><a href="#[73]">&gt;&gt;</a>&nbsp;&nbsp;&nbsp;__user_setup_stackheap
</UL>

<P><STRONG><a name="[119]"></a>__user_perthread_libspace</STRONG> (Thumb, 0 bytes, Stack size 0 bytes, libspace.o(.text), UNUSED)

<P><STRONG><a name="[73]"></a>__user_setup_stackheap</STRONG> (Thumb, 74 bytes, Stack size 8 bytes, sys_stackheap_outer.o(.text))
<BR><BR>[Stack]<UL><LI>Max Depth = 8 + Unknown Stack Size
<LI>Call Chain = __user_setup_stackheap
</UL>
<BR>[Calls]<UL><LI><a href="#[9c]">&gt;&gt;</a>&nbsp;&nbsp;&nbsp;__user_initial_stackheap
<LI><a href="#[9b]">&gt;&gt;</a>&nbsp;&nbsp;&nbsp;__user_perproc_libspace
</UL>
<BR>[Called By]<UL><LI><a href="#[72]">&gt;&gt;</a>&nbsp;&nbsp;&nbsp;__rt_entry_sh
</UL>

<P><STRONG><a name="[9a]"></a>__rt_ctype_table</STRONG> (Thumb, 16 bytes, Stack size 8 bytes, rt_ctype_table.o(.text))
<BR><BR>[Stack]<UL><LI>Max Depth = 8<LI>Call Chain = __rt_ctype_table
</UL>
<BR>[Calls]<UL><LI><a href="#[6e]">&gt;&gt;</a>&nbsp;&nbsp;&nbsp;__rt_locale
</UL>
<BR>[Called By]<UL><LI><a href="#[8a]">&gt;&gt;</a>&nbsp;&nbsp;&nbsp;_wcrtomb
</UL>

<P><STRONG><a name="[6e]"></a>__rt_locale</STRONG> (Thumb, 8 bytes, Stack size 0 bytes, rt_locale_intlibspace.o(.text))
<BR><BR>[Called By]<UL><LI><a href="#[6d]">&gt;&gt;</a>&nbsp;&nbsp;&nbsp;__rt_lib_init_lc_common
<LI><a href="#[9a]">&gt;&gt;</a>&nbsp;&nbsp;&nbsp;__rt_ctype_table
<LI><a href="#[95]">&gt;&gt;</a>&nbsp;&nbsp;&nbsp;_printf_fp_dec_real
</UL>

<P><STRONG><a name="[97]"></a>_printf_fp_infnan</STRONG> (Thumb, 112 bytes, Stack size 24 bytes, _printf_fp_infnan.o(.text))
<BR><BR>[Stack]<UL><LI>Max Depth = 40<LI>Call Chain = _printf_fp_infnan &rArr; _printf_post_padding
</UL>
<BR>[Calls]<UL><LI><a href="#[84]">&gt;&gt;</a>&nbsp;&nbsp;&nbsp;_printf_post_padding
<LI><a href="#[83]">&gt;&gt;</a>&nbsp;&nbsp;&nbsp;_printf_pre_padding
</UL>
<BR>[Called By]<UL><LI><a href="#[95]">&gt;&gt;</a>&nbsp;&nbsp;&nbsp;_printf_fp_dec_real
</UL>

<P><STRONG><a name="[91]"></a>_btod_etento</STRONG> (Thumb, 224 bytes, Stack size 72 bytes, bigflt0.o(.text))
<BR><BR>[Stack]<UL><LI>Max Depth = 124<LI>Call Chain = _btod_etento &rArr; _btod_emul &rArr; _e2e
</UL>
<BR>[Calls]<UL><LI><a href="#[94]">&gt;&gt;</a>&nbsp;&nbsp;&nbsp;_btod_emul
<LI><a href="#[93]">&gt;&gt;</a>&nbsp;&nbsp;&nbsp;_btod_ediv
</UL>
<BR>[Called By]<UL><LI><a href="#[90]">&gt;&gt;</a>&nbsp;&nbsp;&nbsp;_fp_digits
</UL>

<P><STRONG><a name="[78]"></a>exit</STRONG> (Thumb, 18 bytes, Stack size 8 bytes, exit.o(.text))
<BR><BR>[Stack]<UL><LI>Max Depth = 8 + Unknown Stack Size
<LI>Call Chain = exit
</UL>
<BR>[Calls]<UL><LI><a href="#[9d]">&gt;&gt;</a>&nbsp;&nbsp;&nbsp;__rt_exit
</UL>
<BR>[Called By]<UL><LI><a href="#[76]">&gt;&gt;</a>&nbsp;&nbsp;&nbsp;__rt_entry_main
</UL>

<P><STRONG><a name="[e1]"></a>strcmp</STRONG> (Thumb, 128 bytes, Stack size 0 bytes, strcmpv7m.o(.text))
<BR><BR>[Called By]<UL><LI><a href="#[45]">&gt;&gt;</a>&nbsp;&nbsp;&nbsp;_get_lc_ctype
<LI><a href="#[71]">&gt;&gt;</a>&nbsp;&nbsp;&nbsp;_get_lc_numeric
</UL>

<P><STRONG><a name="[92]"></a>_btod_d2e</STRONG> (Thumb, 62 bytes, Stack size 0 bytes, btod.o(CL$$btod_d2e))
<BR><BR>[Calls]<UL><LI><a href="#[9e]">&gt;&gt;</a>&nbsp;&nbsp;&nbsp;_d2e_norm_op1
</UL>
<BR>[Called By]<UL><LI><a href="#[90]">&gt;&gt;</a>&nbsp;&nbsp;&nbsp;_fp_digits
</UL>

<P><STRONG><a name="[9f]"></a>_d2e_denorm_low</STRONG> (Thumb, 70 bytes, Stack size 0 bytes, btod.o(CL$$btod_d2e_denorm_low))
<BR><BR>[Called By]<UL><LI><a href="#[9e]">&gt;&gt;</a>&nbsp;&nbsp;&nbsp;_d2e_norm_op1
</UL>

<P><STRONG><a name="[9e]"></a>_d2e_norm_op1</STRONG> (Thumb, 96 bytes, Stack size 0 bytes, btod.o(CL$$btod_d2e_norm_op1))
<BR><BR>[Calls]<UL><LI><a href="#[9f]">&gt;&gt;</a>&nbsp;&nbsp;&nbsp;_d2e_denorm_low
</UL>
<BR>[Called By]<UL><LI><a href="#[92]">&gt;&gt;</a>&nbsp;&nbsp;&nbsp;_btod_d2e
</UL>

<P><STRONG><a name="[a0]"></a>__btod_div_common</STRONG> (Thumb, 696 bytes, Stack size 24 bytes, btod.o(CL$$btod_div_common))
<BR><BR>[Stack]<UL><LI>Max Depth = 24<LI>Call Chain = __btod_div_common
</UL>
<BR>[Called By]<UL><LI><a href="#[93]">&gt;&gt;</a>&nbsp;&nbsp;&nbsp;_btod_ediv
</UL>

<P><STRONG><a name="[a1]"></a>_e2e</STRONG> (Thumb, 220 bytes, Stack size 24 bytes, btod.o(CL$$btod_e2e))
<BR><BR>[Stack]<UL><LI>Max Depth = 24<LI>Call Chain = _e2e
</UL>
<BR>[Called By]<UL><LI><a href="#[94]">&gt;&gt;</a>&nbsp;&nbsp;&nbsp;_btod_emul
<LI><a href="#[93]">&gt;&gt;</a>&nbsp;&nbsp;&nbsp;_btod_ediv
</UL>

<P><STRONG><a name="[93]"></a>_btod_ediv</STRONG> (Thumb, 42 bytes, Stack size 28 bytes, btod.o(CL$$btod_ediv))
<BR><BR>[Stack]<UL><LI>Max Depth = 52<LI>Call Chain = _btod_ediv &rArr; _e2e
</UL>
<BR>[Calls]<UL><LI><a href="#[a1]">&gt;&gt;</a>&nbsp;&nbsp;&nbsp;_e2e
<LI><a href="#[a0]">&gt;&gt;</a>&nbsp;&nbsp;&nbsp;__btod_div_common
</UL>
<BR>[Called By]<UL><LI><a href="#[91]">&gt;&gt;</a>&nbsp;&nbsp;&nbsp;_btod_etento
<LI><a href="#[90]">&gt;&gt;</a>&nbsp;&nbsp;&nbsp;_fp_digits
</UL>

<P><STRONG><a name="[94]"></a>_btod_emul</STRONG> (Thumb, 42 bytes, Stack size 28 bytes, btod.o(CL$$btod_emul))
<BR><BR>[Stack]<UL><LI>Max Depth = 52<LI>Call Chain = _btod_emul &rArr; _e2e
</UL>
<BR>[Calls]<UL><LI><a href="#[a2]">&gt;&gt;</a>&nbsp;&nbsp;&nbsp;__btod_mult_common
<LI><a href="#[a1]">&gt;&gt;</a>&nbsp;&nbsp;&nbsp;_e2e
</UL>
<BR>[Called By]<UL><LI><a href="#[91]">&gt;&gt;</a>&nbsp;&nbsp;&nbsp;_btod_etento
<LI><a href="#[90]">&gt;&gt;</a>&nbsp;&nbsp;&nbsp;_fp_digits
</UL>

<P><STRONG><a name="[a2]"></a>__btod_mult_common</STRONG> (Thumb, 580 bytes, Stack size 16 bytes, btod.o(CL$$btod_mult_common))
<BR><BR>[Stack]<UL><LI>Max Depth = 16<LI>Call Chain = __btod_mult_common
</UL>
<BR>[Called By]<UL><LI><a href="#[94]">&gt;&gt;</a>&nbsp;&nbsp;&nbsp;_btod_emul
</UL>

<P><STRONG><a name="[a3]"></a>Board_Debug_Init</STRONG> (Thumb, 36 bytes, Stack size 8 bytes, board.o(i.Board_Debug_Init))
<BR><BR>[Stack]<UL><LI>Max Depth = 120<LI>Call Chain = Board_Debug_Init &rArr; Chip_UART_SetBaudFDR &rArr; Chip_Clock_GetRate &rArr; Chip_Clock_GetBaseClocktHz &rArr; Chip_Clock_GetClockInputHz &rArr; Chip_Clock_GetMainPLLHz &rArr;  Chip_Clock_GetClockInputHz (Cycle)
</UL>
<BR>[Calls]<UL><LI><a href="#[a5]">&gt;&gt;</a>&nbsp;&nbsp;&nbsp;Chip_UART_Init
<LI><a href="#[a6]">&gt;&gt;</a>&nbsp;&nbsp;&nbsp;Chip_UART_SetBaudFDR
<LI><a href="#[a4]">&gt;&gt;</a>&nbsp;&nbsp;&nbsp;Board_UART_Init
</UL>
<BR>[Called By]<UL><LI><a href="#[a7]">&gt;&gt;</a>&nbsp;&nbsp;&nbsp;Board_Init
</UL>

<P><STRONG><a name="[a7]"></a>Board_Init</STRONG> (Thumb, 74 bytes, Stack size 24 bytes, board.o(i.Board_Init))
<BR><BR>[Stack]<UL><LI>Max Depth = 144<LI>Call Chain = Board_Init &rArr; Board_Debug_Init &rArr; Chip_UART_SetBaudFDR &rArr; Chip_Clock_GetRate &rArr; Chip_Clock_GetBaseClocktHz &rArr; Chip_Clock_GetClockInputHz &rArr; Chip_Clock_GetMainPLLHz &rArr;  Chip_Clock_GetClockInputHz (Cycle)
</UL>
<BR>[Calls]<UL><LI><a href="#[a9]">&gt;&gt;</a>&nbsp;&nbsp;&nbsp;Chip_GPIO_SetPinDIROutput
<LI><a href="#[a8]">&gt;&gt;</a>&nbsp;&nbsp;&nbsp;Chip_GPIO_Init
<LI><a href="#[a3]">&gt;&gt;</a>&nbsp;&nbsp;&nbsp;Board_Debug_Init
</UL>
<BR>[Called By]<UL><LI><a href="#[77]">&gt;&gt;</a>&nbsp;&nbsp;&nbsp;main
</UL>

<P><STRONG><a name="[aa]"></a>Board_SetupClocking</STRONG> (Thumb, 98 bytes, Stack size 16 bytes, board_sysinit.o(i.Board_SetupClocking))
<BR><BR>[Stack]<UL><LI>Max Depth = 272<LI>Call Chain = Board_SetupClocking &rArr; Chip_SetupCoreClock &rArr; Chip_Clock_CalcMainPLLValue &rArr; pll_get_frac &rArr; pll_calc_divs
</UL>
<BR>[Calls]<UL><LI><a href="#[ab]">&gt;&gt;</a>&nbsp;&nbsp;&nbsp;Chip_SetupCoreClock
<LI><a href="#[ac]">&gt;&gt;</a>&nbsp;&nbsp;&nbsp;Chip_Clock_SetBaseClock
</UL>
<BR>[Called By]<UL><LI><a href="#[ad]">&gt;&gt;</a>&nbsp;&nbsp;&nbsp;Board_SystemInit
</UL>

<P><STRONG><a name="[ae]"></a>Board_SetupMuxing</STRONG> (Thumb, 40 bytes, Stack size 16 bytes, board_sysinit.o(i.Board_SetupMuxing))
<BR><BR>[Stack]<UL><LI>Max Depth = 16<LI>Call Chain = Board_SetupMuxing
</UL>
<BR>[Called By]<UL><LI><a href="#[ad]">&gt;&gt;</a>&nbsp;&nbsp;&nbsp;Board_SystemInit
</UL>

<P><STRONG><a name="[ad]"></a>Board_SystemInit</STRONG> (Thumb, 14 bytes, Stack size 8 bytes, board_sysinit.o(i.Board_SystemInit))
<BR><BR>[Stack]<UL><LI>Max Depth = 280<LI>Call Chain = Board_SystemInit &rArr; Board_SetupClocking &rArr; Chip_SetupCoreClock &rArr; Chip_Clock_CalcMainPLLValue &rArr; pll_get_frac &rArr; pll_calc_divs
</UL>
<BR>[Calls]<UL><LI><a href="#[ae]">&gt;&gt;</a>&nbsp;&nbsp;&nbsp;Board_SetupMuxing
<LI><a href="#[aa]">&gt;&gt;</a>&nbsp;&nbsp;&nbsp;Board_SetupClocking
</UL>
<BR>[Called By]<UL><LI><a href="#[41]">&gt;&gt;</a>&nbsp;&nbsp;&nbsp;SystemInit
</UL>

<P><STRONG><a name="[a4]"></a>Board_UART_Init</STRONG> (Thumb, 14 bytes, Stack size 0 bytes, board.o(i.Board_UART_Init))
<BR><BR>[Called By]<UL><LI><a href="#[a3]">&gt;&gt;</a>&nbsp;&nbsp;&nbsp;Board_Debug_Init
</UL>

<P><STRONG><a name="[af]"></a>Chip_Clock_CalcMainPLLValue</STRONG> (Thumb, 98 bytes, Stack size 16 bytes, clock_18xx_43xx.o(i.Chip_Clock_CalcMainPLLValue))
<BR><BR>[Stack]<UL><LI>Max Depth = 192<LI>Call Chain = Chip_Clock_CalcMainPLLValue &rArr; pll_get_frac &rArr; pll_calc_divs
</UL>
<BR>[Calls]<UL><LI><a href="#[b1]">&gt;&gt;</a>&nbsp;&nbsp;&nbsp;pll_get_frac
<LI><a href="#[b0]">&gt;&gt;</a>&nbsp;&nbsp;&nbsp;Chip_Clock_GetClockInputHz
</UL>
<BR>[Called By]<UL><LI><a href="#[ab]">&gt;&gt;</a>&nbsp;&nbsp;&nbsp;Chip_SetupCoreClock
</UL>

<P><STRONG><a name="[c9]"></a>Chip_Clock_Enable</STRONG> (Thumb, 40 bytes, Stack size 0 bytes, clock_18xx_43xx.o(i.Chip_Clock_Enable))
<BR><BR>[Called By]<UL><LI><a href="#[c7]">&gt;&gt;</a>&nbsp;&nbsp;&nbsp;Chip_TIMER_Init
</UL>

<P><STRONG><a name="[c5]"></a>Chip_Clock_EnableCrystal</STRONG> (Thumb, 54 bytes, Stack size 8 bytes, clock_18xx_43xx.o(i.Chip_Clock_EnableCrystal))
<BR><BR>[Stack]<UL><LI>Max Depth = 8<LI>Call Chain = Chip_Clock_EnableCrystal
</UL>
<BR>[Called By]<UL><LI><a href="#[ab]">&gt;&gt;</a>&nbsp;&nbsp;&nbsp;Chip_SetupCoreClock
</UL>

<P><STRONG><a name="[bc]"></a>Chip_Clock_EnableOpts</STRONG> (Thumb, 46 bytes, Stack size 8 bytes, clock_18xx_43xx.o(i.Chip_Clock_EnableOpts))
<BR><BR>[Stack]<UL><LI>Max Depth = 8<LI>Call Chain = Chip_Clock_EnableOpts
</UL>
<BR>[Called By]<UL><LI><a href="#[a5]">&gt;&gt;</a>&nbsp;&nbsp;&nbsp;Chip_UART_Init
<LI><a href="#[bb]">&gt;&gt;</a>&nbsp;&nbsp;&nbsp;Chip_GPDMA_Init
</UL>

<P><STRONG><a name="[b3]"></a>Chip_Clock_GetBaseClock</STRONG> (Thumb, 26 bytes, Stack size 0 bytes, clock_18xx_43xx.o(i.Chip_Clock_GetBaseClock))
<BR><BR>[Called By]<UL><LI><a href="#[b2]">&gt;&gt;</a>&nbsp;&nbsp;&nbsp;Chip_Clock_GetBaseClocktHz
</UL>

<P><STRONG><a name="[b2]"></a>Chip_Clock_GetBaseClocktHz</STRONG> (Thumb, 14 bytes, Stack size 8 bytes, clock_18xx_43xx.o(i.Chip_Clock_GetBaseClocktHz))
<BR><BR>[Stack]<UL><LI>Max Depth = 40<LI>Call Chain = Chip_Clock_GetBaseClocktHz &rArr; Chip_Clock_GetClockInputHz &rArr; Chip_Clock_GetMainPLLHz &rArr;  Chip_Clock_GetClockInputHz (Cycle)
</UL>
<BR>[Calls]<UL><LI><a href="#[b3]">&gt;&gt;</a>&nbsp;&nbsp;&nbsp;Chip_Clock_GetBaseClock
<LI><a href="#[b0]">&gt;&gt;</a>&nbsp;&nbsp;&nbsp;Chip_Clock_GetClockInputHz
</UL>
<BR>[Called By]<UL><LI><a href="#[b8]">&gt;&gt;</a>&nbsp;&nbsp;&nbsp;Chip_Clock_GetRate
</UL>

<P><STRONG><a name="[b0]"></a>Chip_Clock_GetClockInputHz</STRONG> (Thumb, 132 bytes, Stack size 8 bytes, clock_18xx_43xx.o(i.Chip_Clock_GetClockInputHz))
<BR><BR>[Stack]<UL><LI>Max Depth = 32<LI>Call Chain = Chip_Clock_GetClockInputHz &rArr; Chip_Clock_GetMainPLLHz &rArr;  Chip_Clock_GetClockInputHz (Cycle)
</UL>
<BR>[Calls]<UL><LI><a href="#[b4]">&gt;&gt;</a>&nbsp;&nbsp;&nbsp;Chip_Clock_GetMainPLLHz
<LI><a href="#[b5]">&gt;&gt;</a>&nbsp;&nbsp;&nbsp;Chip_Clock_GetDivRate
</UL>
<BR>[Called By]<UL><LI><a href="#[b4]">&gt;&gt;</a>&nbsp;&nbsp;&nbsp;Chip_Clock_GetMainPLLHz
<LI><a href="#[b2]">&gt;&gt;</a>&nbsp;&nbsp;&nbsp;Chip_Clock_GetBaseClocktHz
<LI><a href="#[af]">&gt;&gt;</a>&nbsp;&nbsp;&nbsp;Chip_Clock_CalcMainPLLValue
<LI><a href="#[b5]">&gt;&gt;</a>&nbsp;&nbsp;&nbsp;Chip_Clock_GetDivRate
</UL>

<P><STRONG><a name="[b7]"></a>Chip_Clock_GetDividerDivisor</STRONG> (Thumb, 18 bytes, Stack size 0 bytes, clock_18xx_43xx.o(i.Chip_Clock_GetDividerDivisor))
<BR><BR>[Called By]<UL><LI><a href="#[b5]">&gt;&gt;</a>&nbsp;&nbsp;&nbsp;Chip_Clock_GetDivRate
</UL>

<P><STRONG><a name="[b6]"></a>Chip_Clock_GetDividerSource</STRONG> (Thumb, 22 bytes, Stack size 0 bytes, clock_18xx_43xx.o(i.Chip_Clock_GetDividerSource))
<BR><BR>[Called By]<UL><LI><a href="#[b5]">&gt;&gt;</a>&nbsp;&nbsp;&nbsp;Chip_Clock_GetDivRate
</UL>

<P><STRONG><a name="[b4]"></a>Chip_Clock_GetMainPLLHz</STRONG> (Thumb, 84 bytes, Stack size 24 bytes, clock_18xx_43xx.o(i.Chip_Clock_GetMainPLLHz))
<BR><BR>[Stack]<UL><LI>Max Depth = 24 + In Cycle
<LI>Call Chain = Chip_Clock_GetMainPLLHz &rArr;  Chip_Clock_GetClockInputHz (Cycle)
</UL>
<BR>[Calls]<UL><LI><a href="#[b0]">&gt;&gt;</a>&nbsp;&nbsp;&nbsp;Chip_Clock_GetClockInputHz
</UL>
<BR>[Called By]<UL><LI><a href="#[b0]">&gt;&gt;</a>&nbsp;&nbsp;&nbsp;Chip_Clock_GetClockInputHz
</UL>

<P><STRONG><a name="[b8]"></a>Chip_Clock_GetRate</STRONG> (Thumb, 112 bytes, Stack size 24 bytes, clock_18xx_43xx.o(i.Chip_Clock_GetRate))
<BR><BR>[Stack]<UL><LI>Max Depth = 64<LI>Call Chain = Chip_Clock_GetRate &rArr; Chip_Clock_GetBaseClocktHz &rArr; Chip_Clock_GetClockInputHz &rArr; Chip_Clock_GetMainPLLHz &rArr;  Chip_Clock_GetClockInputHz (Cycle)
</UL>
<BR>[Calls]<UL><LI><a href="#[b2]">&gt;&gt;</a>&nbsp;&nbsp;&nbsp;Chip_Clock_GetBaseClocktHz
</UL>
<BR>[Called By]<UL><LI><a href="#[d1]">&gt;&gt;</a>&nbsp;&nbsp;&nbsp;SystemCoreClockUpdate
<LI><a href="#[cb]">&gt;&gt;</a>&nbsp;&nbsp;&nbsp;Chip_UART_SetBaud
<LI><a href="#[77]">&gt;&gt;</a>&nbsp;&nbsp;&nbsp;main
<LI><a href="#[a6]">&gt;&gt;</a>&nbsp;&nbsp;&nbsp;Chip_UART_SetBaudFDR
</UL>

<P><STRONG><a name="[ac]"></a>Chip_Clock_SetBaseClock</STRONG> (Thumb, 48 bytes, Stack size 12 bytes, clock_18xx_43xx.o(i.Chip_Clock_SetBaseClock))
<BR><BR>[Stack]<UL><LI>Max Depth = 12<LI>Call Chain = Chip_Clock_SetBaseClock
</UL>
<BR>[Called By]<UL><LI><a href="#[ab]">&gt;&gt;</a>&nbsp;&nbsp;&nbsp;Chip_SetupCoreClock
<LI><a href="#[aa]">&gt;&gt;</a>&nbsp;&nbsp;&nbsp;Board_SetupClocking
</UL>

<P><STRONG><a name="[c4]"></a>Chip_GPDMA_ChannelCmd</STRONG> (Thumb, 28 bytes, Stack size 0 bytes, gpdma_18xx_43xx.o(i.Chip_GPDMA_ChannelCmd))
<BR><BR>[Called By]<UL><LI><a href="#[bf]">&gt;&gt;</a>&nbsp;&nbsp;&nbsp;Chip_GPDMA_Transfer
</UL>

<P><STRONG><a name="[be]"></a>Chip_GPDMA_ClearIntPending</STRONG> (Thumb, 16 bytes, Stack size 0 bytes, gpdma_18xx_43xx.o(i.Chip_GPDMA_ClearIntPending))
<BR><BR>[Called By]<UL><LI><a href="#[bd]">&gt;&gt;</a>&nbsp;&nbsp;&nbsp;Chip_GPDMA_Interrupt
</UL>

<P><STRONG><a name="[b9]"></a>Chip_GPDMA_GetFreeChannel</STRONG> (Thumb, 44 bytes, Stack size 16 bytes, gpdma_18xx_43xx.o(i.Chip_GPDMA_GetFreeChannel))
<BR><BR>[Stack]<UL><LI>Max Depth = 16<LI>Call Chain = Chip_GPDMA_GetFreeChannel
</UL>
<BR>[Calls]<UL><LI><a href="#[ba]">&gt;&gt;</a>&nbsp;&nbsp;&nbsp;Chip_GPDMA_IntGetStatus
</UL>
<BR>[Called By]<UL><LI><a href="#[77]">&gt;&gt;</a>&nbsp;&nbsp;&nbsp;main
</UL>

<P><STRONG><a name="[bb]"></a>Chip_GPDMA_Init</STRONG> (Thumb, 56 bytes, Stack size 8 bytes, gpdma_18xx_43xx.o(i.Chip_GPDMA_Init))
<BR><BR>[Stack]<UL><LI>Max Depth = 16<LI>Call Chain = Chip_GPDMA_Init &rArr; Chip_Clock_EnableOpts
</UL>
<BR>[Calls]<UL><LI><a href="#[bc]">&gt;&gt;</a>&nbsp;&nbsp;&nbsp;Chip_Clock_EnableOpts
</UL>
<BR>[Called By]<UL><LI><a href="#[77]">&gt;&gt;</a>&nbsp;&nbsp;&nbsp;main
</UL>

<P><STRONG><a name="[c0]"></a>Chip_GPDMA_InitChannelCfg</STRONG> (Thumb, 94 bytes, Stack size 20 bytes, gpdma_18xx_43xx.o(i.Chip_GPDMA_InitChannelCfg))
<BR><BR>[Stack]<UL><LI>Max Depth = 20<LI>Call Chain = Chip_GPDMA_InitChannelCfg
</UL>
<BR>[Called By]<UL><LI><a href="#[bf]">&gt;&gt;</a>&nbsp;&nbsp;&nbsp;Chip_GPDMA_Transfer
</UL>

<P><STRONG><a name="[ba]"></a>Chip_GPDMA_IntGetStatus</STRONG> (Thumb, 46 bytes, Stack size 0 bytes, gpdma_18xx_43xx.o(i.Chip_GPDMA_IntGetStatus))
<BR><BR>[Called By]<UL><LI><a href="#[bd]">&gt;&gt;</a>&nbsp;&nbsp;&nbsp;Chip_GPDMA_Interrupt
<LI><a href="#[b9]">&gt;&gt;</a>&nbsp;&nbsp;&nbsp;Chip_GPDMA_GetFreeChannel
</UL>

<P><STRONG><a name="[bd]"></a>Chip_GPDMA_Interrupt</STRONG> (Thumb, 66 bytes, Stack size 12 bytes, gpdma_18xx_43xx.o(i.Chip_GPDMA_Interrupt))
<BR><BR>[Stack]<UL><LI>Max Depth = 12<LI>Call Chain = Chip_GPDMA_Interrupt
</UL>
<BR>[Calls]<UL><LI><a href="#[ba]">&gt;&gt;</a>&nbsp;&nbsp;&nbsp;Chip_GPDMA_IntGetStatus
<LI><a href="#[be]">&gt;&gt;</a>&nbsp;&nbsp;&nbsp;Chip_GPDMA_ClearIntPending
</UL>
<BR>[Called By]<UL><LI><a href="#[11]">&gt;&gt;</a>&nbsp;&nbsp;&nbsp;DMA_IRQHandler
</UL>

<P><STRONG><a name="[bf]"></a>Chip_GPDMA_Transfer</STRONG> (Thumb, 140 bytes, Stack size 72 bytes, gpdma_18xx_43xx.o(i.Chip_GPDMA_Transfer))
<BR><BR>[Stack]<UL><LI>Max Depth = 92<LI>Call Chain = Chip_GPDMA_Transfer &rArr; setupChannel
</UL>
<BR>[Calls]<UL><LI><a href="#[c3]">&gt;&gt;</a>&nbsp;&nbsp;&nbsp;setupChannel
<LI><a href="#[c2]">&gt;&gt;</a>&nbsp;&nbsp;&nbsp;makeCtrlWord
<LI><a href="#[c0]">&gt;&gt;</a>&nbsp;&nbsp;&nbsp;Chip_GPDMA_InitChannelCfg
<LI><a href="#[c4]">&gt;&gt;</a>&nbsp;&nbsp;&nbsp;Chip_GPDMA_ChannelCmd
<LI><a href="#[c1]">&gt;&gt;</a>&nbsp;&nbsp;&nbsp;configDMAMux
</UL>
<BR>[Called By]<UL><LI><a href="#[d0]">&gt;&gt;</a>&nbsp;&nbsp;&nbsp;debug
</UL>

<P><STRONG><a name="[a8]"></a>Chip_GPIO_Init</STRONG> (Thumb, 2 bytes, Stack size 0 bytes, gpio_18xx_43xx.o(i.Chip_GPIO_Init))
<BR><BR>[Called By]<UL><LI><a href="#[a7]">&gt;&gt;</a>&nbsp;&nbsp;&nbsp;Board_Init
</UL>

<P><STRONG><a name="[ab]"></a>Chip_SetupCoreClock</STRONG> (Thumb, 226 bytes, Stack size 64 bytes, sysinit_18xx_43xx.o(i.Chip_SetupCoreClock))
<BR><BR>[Stack]<UL><LI>Max Depth = 256<LI>Call Chain = Chip_SetupCoreClock &rArr; Chip_Clock_CalcMainPLLValue &rArr; pll_get_frac &rArr; pll_calc_divs
</UL>
<BR>[Calls]<UL><LI><a href="#[c5]">&gt;&gt;</a>&nbsp;&nbsp;&nbsp;Chip_Clock_EnableCrystal
<LI><a href="#[af]">&gt;&gt;</a>&nbsp;&nbsp;&nbsp;Chip_Clock_CalcMainPLLValue
<LI><a href="#[ac]">&gt;&gt;</a>&nbsp;&nbsp;&nbsp;Chip_Clock_SetBaseClock
<LI><a href="#[c6]">&gt;&gt;</a>&nbsp;&nbsp;&nbsp;Chip_Clock_SetupMainPLL
</UL>
<BR>[Called By]<UL><LI><a href="#[aa]">&gt;&gt;</a>&nbsp;&nbsp;&nbsp;Board_SetupClocking
</UL>

<P><STRONG><a name="[c7]"></a>Chip_TIMER_Init</STRONG> (Thumb, 14 bytes, Stack size 8 bytes, timer_18xx_43xx.o(i.Chip_TIMER_Init))
<BR><BR>[Stack]<UL><LI>Max Depth = 8<LI>Call Chain = Chip_TIMER_Init
</UL>
<BR>[Calls]<UL><LI><a href="#[c8]">&gt;&gt;</a>&nbsp;&nbsp;&nbsp;Chip_TIMER_GetClockIndex
<LI><a href="#[c9]">&gt;&gt;</a>&nbsp;&nbsp;&nbsp;Chip_Clock_Enable
</UL>
<BR>[Called By]<UL><LI><a href="#[77]">&gt;&gt;</a>&nbsp;&nbsp;&nbsp;main
</UL>

<P><STRONG><a name="[a5]"></a>Chip_UART_Init</STRONG> (Thumb, 66 bytes, Stack size 16 bytes, uart_18xx_43xx.o(i.Chip_UART_Init))
<BR><BR>[Stack]<UL><LI>Max Depth = 24<LI>Call Chain = Chip_UART_Init &rArr; Chip_Clock_EnableOpts
</UL>
<BR>[Calls]<UL><LI><a href="#[ca]">&gt;&gt;</a>&nbsp;&nbsp;&nbsp;Chip_UART_GetIndex
<LI><a href="#[bc]">&gt;&gt;</a>&nbsp;&nbsp;&nbsp;Chip_Clock_EnableOpts
</UL>
<BR>[Called By]<UL><LI><a href="#[77]">&gt;&gt;</a>&nbsp;&nbsp;&nbsp;main
<LI><a href="#[a3]">&gt;&gt;</a>&nbsp;&nbsp;&nbsp;Board_Debug_Init
</UL>

<P><STRONG><a name="[cb]"></a>Chip_UART_SetBaud</STRONG> (Thumb, 66 bytes, Stack size 16 bytes, uart_18xx_43xx.o(i.Chip_UART_SetBaud))
<BR><BR>[Stack]<UL><LI>Max Depth = 80<LI>Call Chain = Chip_UART_SetBaud &rArr; Chip_Clock_GetRate &rArr; Chip_Clock_GetBaseClocktHz &rArr; Chip_Clock_GetClockInputHz &rArr; Chip_Clock_GetMainPLLHz &rArr;  Chip_Clock_GetClockInputHz (Cycle)
</UL>
<BR>[Calls]<UL><LI><a href="#[b8]">&gt;&gt;</a>&nbsp;&nbsp;&nbsp;Chip_Clock_GetRate
<LI><a href="#[ca]">&gt;&gt;</a>&nbsp;&nbsp;&nbsp;Chip_UART_GetIndex
</UL>
<BR>[Called By]<UL><LI><a href="#[77]">&gt;&gt;</a>&nbsp;&nbsp;&nbsp;main
</UL>

<P><STRONG><a name="[a6]"></a>Chip_UART_SetBaudFDR</STRONG> (Thumb, 200 bytes, Stack size 48 bytes, uart_18xx_43xx.o(i.Chip_UART_SetBaudFDR))
<BR><BR>[Stack]<UL><LI>Max Depth = 112<LI>Call Chain = Chip_UART_SetBaudFDR &rArr; Chip_Clock_GetRate &rArr; Chip_Clock_GetBaseClocktHz &rArr; Chip_Clock_GetClockInputHz &rArr; Chip_Clock_GetMainPLLHz &rArr;  Chip_Clock_GetClockInputHz (Cycle)
</UL>
<BR>[Calls]<UL><LI><a href="#[b8]">&gt;&gt;</a>&nbsp;&nbsp;&nbsp;Chip_Clock_GetRate
<LI><a href="#[ca]">&gt;&gt;</a>&nbsp;&nbsp;&nbsp;Chip_UART_GetIndex
<LI><a href="#[cc]">&gt;&gt;</a>&nbsp;&nbsp;&nbsp;__aeabi_uldivmod
</UL>
<BR>[Called By]<UL><LI><a href="#[a3]">&gt;&gt;</a>&nbsp;&nbsp;&nbsp;Board_Debug_Init
</UL>

<P><STRONG><a name="[11]"></a>DMA_IRQHandler</STRONG> (Thumb, 54 bytes, Stack size 8 bytes, main.o(i.DMA_IRQHandler))
<BR><BR>[Stack]<UL><LI>Max Depth = 20<LI>Call Chain = DMA_IRQHandler &rArr; Chip_GPDMA_Interrupt
</UL>
<BR>[Calls]<UL><LI><a href="#[bd]">&gt;&gt;</a>&nbsp;&nbsp;&nbsp;Chip_GPDMA_Interrupt
</UL>
<BR>[Address Reference Count : 1]<UL><LI> keil_startup_lpc18xx43xx.o(RESET)
</UL>
<P><STRONG><a name="[cd]"></a>GoToSleepMode</STRONG> (Thumb, 276 bytes, Stack size 56 bytes, main.o(i.GoToSleepMode))
<BR><BR>[Stack]<UL><LI>Max Depth = 296 + Unknown Stack Size
<LI>Call Chain = GoToSleepMode &rArr; debug &rArr; __c89vsprintf &rArr; _printf_char_common &rArr; __printf
</UL>
<BR>[Calls]<UL><LI><a href="#[d0]">&gt;&gt;</a>&nbsp;&nbsp;&nbsp;debug
<LI><a href="#[ce]">&gt;&gt;</a>&nbsp;&nbsp;&nbsp;Chip_TIMER_ReadCount
<LI><a href="#[cf]">&gt;&gt;</a>&nbsp;&nbsp;&nbsp;__aeabi_f2d
</UL>
<BR>[Called By]<UL><LI><a href="#[77]">&gt;&gt;</a>&nbsp;&nbsp;&nbsp;main
</UL>

<P><STRONG><a name="[e]"></a>SysTick_Handler</STRONG> (Thumb, 12 bytes, Stack size 0 bytes, main.o(i.SysTick_Handler))
<BR>[Address Reference Count : 1]<UL><LI> keil_startup_lpc18xx43xx.o(RESET)
</UL>
<P><STRONG><a name="[d1]"></a>SystemCoreClockUpdate</STRONG> (Thumb, 14 bytes, Stack size 8 bytes, chip_18xx_43xx.o(i.SystemCoreClockUpdate))
<BR><BR>[Stack]<UL><LI>Max Depth = 72<LI>Call Chain = SystemCoreClockUpdate &rArr; Chip_Clock_GetRate &rArr; Chip_Clock_GetBaseClocktHz &rArr; Chip_Clock_GetClockInputHz &rArr; Chip_Clock_GetMainPLLHz &rArr;  Chip_Clock_GetClockInputHz (Cycle)
</UL>
<BR>[Calls]<UL><LI><a href="#[b8]">&gt;&gt;</a>&nbsp;&nbsp;&nbsp;Chip_Clock_GetRate
</UL>
<BR>[Called By]<UL><LI><a href="#[77]">&gt;&gt;</a>&nbsp;&nbsp;&nbsp;main
</UL>

<P><STRONG><a name="[41]"></a>SystemInit</STRONG> (Thumb, 18 bytes, Stack size 8 bytes, sysinit.o(i.SystemInit))
<BR><BR>[Stack]<UL><LI>Max Depth = 288<LI>Call Chain = SystemInit &rArr; Board_SystemInit &rArr; Board_SetupClocking &rArr; Chip_SetupCoreClock &rArr; Chip_Clock_CalcMainPLLValue &rArr; pll_get_frac &rArr; pll_calc_divs
</UL>
<BR>[Calls]<UL><LI><a href="#[d2]">&gt;&gt;</a>&nbsp;&nbsp;&nbsp;fpuInit
<LI><a href="#[ad]">&gt;&gt;</a>&nbsp;&nbsp;&nbsp;Board_SystemInit
</UL>
<BR>[Address Reference Count : 1]<UL><LI> keil_startup_lpc18xx43xx.o(.text)
</UL>
<P><STRONG><a name="[96]"></a>__ARM_fpclassify</STRONG> (Thumb, 48 bytes, Stack size 8 bytes, fpclassify.o(i.__ARM_fpclassify))
<BR><BR>[Stack]<UL><LI>Max Depth = 8<LI>Call Chain = __ARM_fpclassify
</UL>
<BR>[Called By]<UL><LI><a href="#[95]">&gt;&gt;</a>&nbsp;&nbsp;&nbsp;_printf_fp_dec_real
</UL>

<P><STRONG><a name="[d5]"></a>__ARM_fpclassifyf</STRONG> (Thumb, 38 bytes, Stack size 0 bytes, fpclassifyf.o(i.__ARM_fpclassifyf))
<BR><BR>[Called By]<UL><LI><a href="#[d3]">&gt;&gt;</a>&nbsp;&nbsp;&nbsp;__hardfp_powf
</UL>

<P><STRONG><a name="[d3]"></a>__hardfp_powf</STRONG> (Thumb, 1606 bytes, Stack size 32 bytes, powf.o(i.__hardfp_powf))
<BR><BR>[Stack]<UL><LI>Max Depth = 40<LI>Call Chain = __hardfp_powf &rArr; __set_errno
</UL>
<BR>[Calls]<UL><LI><a href="#[81]">&gt;&gt;</a>&nbsp;&nbsp;&nbsp;__set_errno
<LI><a href="#[d6]">&gt;&gt;</a>&nbsp;&nbsp;&nbsp;__mathlib_flt_underflow
<LI><a href="#[d4]">&gt;&gt;</a>&nbsp;&nbsp;&nbsp;__mathlib_flt_overflow
<LI><a href="#[d7]">&gt;&gt;</a>&nbsp;&nbsp;&nbsp;__mathlib_flt_invalid
<LI><a href="#[d8]">&gt;&gt;</a>&nbsp;&nbsp;&nbsp;__mathlib_flt_infnan2
<LI><a href="#[d9]">&gt;&gt;</a>&nbsp;&nbsp;&nbsp;__mathlib_flt_divzero
<LI><a href="#[d5]">&gt;&gt;</a>&nbsp;&nbsp;&nbsp;__ARM_fpclassifyf
</UL>
<BR>[Called By]<UL><LI><a href="#[da]">&gt;&gt;</a>&nbsp;&nbsp;&nbsp;calc_pi
</UL>

<P><STRONG><a name="[11a]"></a>__mathlib_powf</STRONG> (Thumb, 0 bytes, Stack size 32 bytes, powf.o(i.__hardfp_powf), UNUSED)

<P><STRONG><a name="[d9]"></a>__mathlib_flt_divzero</STRONG> (Thumb, 14 bytes, Stack size 0 bytes, funder.o(i.__mathlib_flt_divzero))
<BR><BR>[Called By]<UL><LI><a href="#[d3]">&gt;&gt;</a>&nbsp;&nbsp;&nbsp;__hardfp_powf
</UL>

<P><STRONG><a name="[d8]"></a>__mathlib_flt_infnan2</STRONG> (Thumb, 6 bytes, Stack size 0 bytes, funder.o(i.__mathlib_flt_infnan2))
<BR><BR>[Called By]<UL><LI><a href="#[d3]">&gt;&gt;</a>&nbsp;&nbsp;&nbsp;__hardfp_powf
</UL>

<P><STRONG><a name="[d7]"></a>__mathlib_flt_invalid</STRONG> (Thumb, 10 bytes, Stack size 0 bytes, funder.o(i.__mathlib_flt_invalid))
<BR><BR>[Called By]<UL><LI><a href="#[d3]">&gt;&gt;</a>&nbsp;&nbsp;&nbsp;__hardfp_powf
</UL>

<P><STRONG><a name="[d4]"></a>__mathlib_flt_overflow</STRONG> (Thumb, 10 bytes, Stack size 0 bytes, funder.o(i.__mathlib_flt_overflow))
<BR><BR>[Called By]<UL><LI><a href="#[d3]">&gt;&gt;</a>&nbsp;&nbsp;&nbsp;__hardfp_powf
</UL>

<P><STRONG><a name="[d6]"></a>__mathlib_flt_underflow</STRONG> (Thumb, 10 bytes, Stack size 0 bytes, funder.o(i.__mathlib_flt_underflow))
<BR><BR>[Called By]<UL><LI><a href="#[d3]">&gt;&gt;</a>&nbsp;&nbsp;&nbsp;__hardfp_powf
</UL>

<P><STRONG><a name="[8e]"></a>_is_digit</STRONG> (Thumb, 14 bytes, Stack size 0 bytes, __printf_wp.o(i._is_digit))
<BR><BR>[Called By]<UL><LI><a href="#[88]">&gt;&gt;</a>&nbsp;&nbsp;&nbsp;__printf
</UL>

<P><STRONG><a name="[7c]"></a>_sys_exit</STRONG> (Thumb, 4 bytes, Stack size 0 bytes, board.o(i._sys_exit))
<BR><BR>[Calls]<UL><LI><a href="#[7c]">&gt;&gt;</a>&nbsp;&nbsp;&nbsp;_sys_exit
</UL>
<BR>[Called By]<UL><LI><a href="#[7c]">&gt;&gt;</a>&nbsp;&nbsp;&nbsp;_sys_exit
<LI><a href="#[7b]">&gt;&gt;</a>&nbsp;&nbsp;&nbsp;__rt_exit_exit
</UL>

<P><STRONG><a name="[da]"></a>calc_pi</STRONG> (Thumb, 116 bytes, Stack size 24 bytes, main.o(i.calc_pi))
<BR><BR>[Stack]<UL><LI>Max Depth = 64<LI>Call Chain = calc_pi &rArr; __hardfp_powf &rArr; __set_errno
</UL>
<BR>[Calls]<UL><LI><a href="#[d3]">&gt;&gt;</a>&nbsp;&nbsp;&nbsp;__hardfp_powf
</UL>
<BR>[Called By]<UL><LI><a href="#[77]">&gt;&gt;</a>&nbsp;&nbsp;&nbsp;main
</UL>

<P><STRONG><a name="[d2]"></a>fpuInit</STRONG> (Thumb, 46 bytes, Stack size 12 bytes, fpu_init.o(i.fpuInit))
<BR><BR>[Stack]<UL><LI>Max Depth = 12<LI>Call Chain = fpuInit
</UL>
<BR>[Called By]<UL><LI><a href="#[41]">&gt;&gt;</a>&nbsp;&nbsp;&nbsp;SystemInit
</UL>

<P><STRONG><a name="[77]"></a>main</STRONG> (Thumb, 320 bytes, Stack size 0 bytes, main.o(i.main))
<BR><BR>[Stack]<UL><LI>Max Depth = 296 + Unknown Stack Size
<LI>Call Chain = main &rArr; GoToSleepMode &rArr; debug &rArr; __c89vsprintf &rArr; _printf_char_common &rArr; __printf
</UL>
<BR>[Calls]<UL><LI><a href="#[d1]">&gt;&gt;</a>&nbsp;&nbsp;&nbsp;SystemCoreClockUpdate
<LI><a href="#[cb]">&gt;&gt;</a>&nbsp;&nbsp;&nbsp;Chip_UART_SetBaud
<LI><a href="#[a5]">&gt;&gt;</a>&nbsp;&nbsp;&nbsp;Chip_UART_Init
<LI><a href="#[c7]">&gt;&gt;</a>&nbsp;&nbsp;&nbsp;Chip_TIMER_Init
<LI><a href="#[bb]">&gt;&gt;</a>&nbsp;&nbsp;&nbsp;Chip_GPDMA_Init
<LI><a href="#[b9]">&gt;&gt;</a>&nbsp;&nbsp;&nbsp;Chip_GPDMA_GetFreeChannel
<LI><a href="#[b8]">&gt;&gt;</a>&nbsp;&nbsp;&nbsp;Chip_Clock_GetRate
<LI><a href="#[a7]">&gt;&gt;</a>&nbsp;&nbsp;&nbsp;Board_Init
<LI><a href="#[da]">&gt;&gt;</a>&nbsp;&nbsp;&nbsp;calc_pi
<LI><a href="#[cd]">&gt;&gt;</a>&nbsp;&nbsp;&nbsp;GoToSleepMode
<LI><a href="#[dc]">&gt;&gt;</a>&nbsp;&nbsp;&nbsp;NVIC_SetPriority
</UL>
<BR>[Called By]<UL><LI><a href="#[76]">&gt;&gt;</a>&nbsp;&nbsp;&nbsp;__rt_entry_main
</UL>

<P><STRONG><a name="[c2]"></a>makeCtrlWord</STRONG> (Thumb, 140 bytes, Stack size 16 bytes, gpdma_18xx_43xx.o(i.makeCtrlWord))
<BR><BR>[Stack]<UL><LI>Max Depth = 16<LI>Call Chain = makeCtrlWord
</UL>
<BR>[Called By]<UL><LI><a href="#[bf]">&gt;&gt;</a>&nbsp;&nbsp;&nbsp;Chip_GPDMA_Transfer
</UL>

<P><STRONG><a name="[c3]"></a>setupChannel</STRONG> (Thumb, 104 bytes, Stack size 20 bytes, gpdma_18xx_43xx.o(i.setupChannel))
<BR><BR>[Stack]<UL><LI>Max Depth = 20<LI>Call Chain = setupChannel
</UL>
<BR>[Called By]<UL><LI><a href="#[bf]">&gt;&gt;</a>&nbsp;&nbsp;&nbsp;Chip_GPDMA_Transfer
</UL>

<P><STRONG><a name="[71]"></a>_get_lc_numeric</STRONG> (Thumb, 44 bytes, Stack size 8 bytes, lc_numeric_c.o(locale$$code))
<BR><BR>[Stack]<UL><LI>Max Depth = 8<LI>Call Chain = _get_lc_numeric
</UL>
<BR>[Calls]<UL><LI><a href="#[e1]">&gt;&gt;</a>&nbsp;&nbsp;&nbsp;strcmp
</UL>
<BR>[Called By]<UL><LI><a href="#[70]">&gt;&gt;</a>&nbsp;&nbsp;&nbsp;__rt_lib_init_lc_numeric_2
</UL>

<P><STRONG><a name="[45]"></a>_get_lc_ctype</STRONG> (Thumb, 44 bytes, Stack size 8 bytes, lc_ctype_c.o(locale$$code))
<BR><BR>[Stack]<UL><LI>Max Depth = 8<LI>Call Chain = _get_lc_ctype
</UL>
<BR>[Calls]<UL><LI><a href="#[e1]">&gt;&gt;</a>&nbsp;&nbsp;&nbsp;strcmp
</UL>
<BR>[Called By]<UL><LI><a href="#[6f]">&gt;&gt;</a>&nbsp;&nbsp;&nbsp;__rt_lib_init_lc_ctype_2
</UL>
<BR>[Address Reference Count : 1]<UL><LI> rt_ctype_table.o(.text)
</UL>
<P><STRONG><a name="[e4]"></a>__fpl_dretinf</STRONG> (Thumb, 12 bytes, Stack size 0 bytes, dretinf.o(x$fpl$dretinf), UNUSED)
<BR><BR>[Called By]<UL><LI><a href="#[e2]">&gt;&gt;</a>&nbsp;&nbsp;&nbsp;_f2d
</UL>

<P><STRONG><a name="[cf]"></a>__aeabi_f2d</STRONG> (Thumb, 0 bytes, Stack size 16 bytes, f2d.o(x$fpl$f2d))
<BR><BR>[Stack]<UL><LI>Max Depth = 16<LI>Call Chain = __aeabi_f2d
</UL>
<BR>[Called By]<UL><LI><a href="#[cd]">&gt;&gt;</a>&nbsp;&nbsp;&nbsp;GoToSleepMode
</UL>

<P><STRONG><a name="[e2]"></a>_f2d</STRONG> (Thumb, 86 bytes, Stack size 16 bytes, f2d.o(x$fpl$f2d), UNUSED)
<BR><BR>[Calls]<UL><LI><a href="#[e3]">&gt;&gt;</a>&nbsp;&nbsp;&nbsp;__fpl_fnaninf
<LI><a href="#[e4]">&gt;&gt;</a>&nbsp;&nbsp;&nbsp;__fpl_dretinf
</UL>

<P><STRONG><a name="[e3]"></a>__fpl_fnaninf</STRONG> (Thumb, 140 bytes, Stack size 8 bytes, fnaninf.o(x$fpl$fnaninf), UNUSED)
<BR><BR>[Called By]<UL><LI><a href="#[e2]">&gt;&gt;</a>&nbsp;&nbsp;&nbsp;_f2d
</UL>

<P><STRONG><a name="[6c]"></a>_fp_init</STRONG> (Thumb, 10 bytes, Stack size 0 bytes, fpinit.o(x$fpl$fpinit))
<BR><BR>[Called By]<UL><LI><a href="#[6b]">&gt;&gt;</a>&nbsp;&nbsp;&nbsp;__rt_lib_init_fp_1
</UL>

<P><STRONG><a name="[11b]"></a>__fplib_config_fpu_vfp</STRONG> (Thumb, 0 bytes, Stack size unknown bytes, fpinit.o(x$fpl$fpinit), UNUSED)

<P><STRONG><a name="[11c]"></a>__fplib_config_pureend_doubles</STRONG> (Thumb, 0 bytes, Stack size unknown bytes, fpinit.o(x$fpl$fpinit), UNUSED)

<P><STRONG><a name="[50]"></a>_printf_fp_dec</STRONG> (Thumb, 4 bytes, Stack size 0 bytes, printf1.o(x$fpl$printf1))
<BR><BR>[Stack]<UL><LI>Max Depth = 324<LI>Call Chain = _printf_fp_dec &rArr; _printf_fp_dec_real &rArr; _fp_digits &rArr; _btod_etento &rArr; _btod_emul &rArr; _e2e
</UL>
<BR>[Calls]<UL><LI><a href="#[95]">&gt;&gt;</a>&nbsp;&nbsp;&nbsp;_printf_fp_dec_real
</UL>
<BR>[Called By]<UL><LI><a href="#[52]">&gt;&gt;</a>&nbsp;&nbsp;&nbsp;_printf_g
<LI><a href="#[51]">&gt;&gt;</a>&nbsp;&nbsp;&nbsp;_printf_e
<LI><a href="#[4f]">&gt;&gt;</a>&nbsp;&nbsp;&nbsp;_printf_f
</UL>
<P>
<H3>
Local Symbols
</H3>
<P><STRONG><a name="[ce]"></a>Chip_TIMER_ReadCount</STRONG> (Thumb, 6 bytes, Stack size 0 bytes, main.o(i.Chip_TIMER_ReadCount))
<BR><BR>[Called By]<UL><LI><a href="#[cd]">&gt;&gt;</a>&nbsp;&nbsp;&nbsp;GoToSleepMode
</UL>

<P><STRONG><a name="[dc]"></a>NVIC_SetPriority</STRONG> (Thumb, 32 bytes, Stack size 8 bytes, main.o(i.NVIC_SetPriority))
<BR><BR>[Stack]<UL><LI>Max Depth = 8<LI>Call Chain = NVIC_SetPriority
</UL>
<BR>[Called By]<UL><LI><a href="#[77]">&gt;&gt;</a>&nbsp;&nbsp;&nbsp;main
</UL>

<P><STRONG><a name="[d0]"></a>debug</STRONG> (Thumb, 82 bytes, Stack size 120 bytes, main.o(i.debug))
<BR><BR>[Stack]<UL><LI>Max Depth = 240 + Unknown Stack Size
<LI>Call Chain = debug &rArr; __c89vsprintf &rArr; _printf_char_common &rArr; __printf
</UL>
<BR>[Calls]<UL><LI><a href="#[bf]">&gt;&gt;</a>&nbsp;&nbsp;&nbsp;Chip_GPDMA_Transfer
<LI><a href="#[db]">&gt;&gt;</a>&nbsp;&nbsp;&nbsp;strlen
<LI><a href="#[7d]">&gt;&gt;</a>&nbsp;&nbsp;&nbsp;__c89vsprintf
</UL>
<BR>[Called By]<UL><LI><a href="#[cd]">&gt;&gt;</a>&nbsp;&nbsp;&nbsp;GoToSleepMode
</UL>

<P><STRONG><a name="[a9]"></a>Chip_GPIO_SetPinDIROutput</STRONG> (Thumb, 20 bytes, Stack size 0 bytes, board.o(i.Chip_GPIO_SetPinDIROutput))
<BR><BR>[Called By]<UL><LI><a href="#[a7]">&gt;&gt;</a>&nbsp;&nbsp;&nbsp;Board_Init
</UL>

<P><STRONG><a name="[de]"></a>ABS</STRONG> (Thumb, 8 bytes, Stack size 0 bytes, clock_18xx_43xx.o(i.ABS))
<BR><BR>[Called By]<UL><LI><a href="#[b1]">&gt;&gt;</a>&nbsp;&nbsp;&nbsp;pll_get_frac
<LI><a href="#[dd]">&gt;&gt;</a>&nbsp;&nbsp;&nbsp;pll_calc_divs
</UL>

<P><STRONG><a name="[b5]"></a>Chip_Clock_GetDivRate</STRONG> (Thumb, 34 bytes, Stack size 8 bytes, clock_18xx_43xx.o(i.Chip_Clock_GetDivRate))
<BR><BR>[Stack]<UL><LI>Max Depth = 8 + In Cycle
<LI>Call Chain = Chip_Clock_GetDivRate &rArr;  Chip_Clock_GetClockInputHz (Cycle)
</UL>
<BR>[Calls]<UL><LI><a href="#[b6]">&gt;&gt;</a>&nbsp;&nbsp;&nbsp;Chip_Clock_GetDividerSource
<LI><a href="#[b7]">&gt;&gt;</a>&nbsp;&nbsp;&nbsp;Chip_Clock_GetDividerDivisor
<LI><a href="#[b0]">&gt;&gt;</a>&nbsp;&nbsp;&nbsp;Chip_Clock_GetClockInputHz
</UL>
<BR>[Called By]<UL><LI><a href="#[b0]">&gt;&gt;</a>&nbsp;&nbsp;&nbsp;Chip_Clock_GetClockInputHz
</UL>

<P><STRONG><a name="[dd]"></a>pll_calc_divs</STRONG> (Thumb, 152 bytes, Stack size 48 bytes, clock_18xx_43xx.o(i.pll_calc_divs))
<BR><BR>[Stack]<UL><LI>Max Depth = 48<LI>Call Chain = pll_calc_divs
</UL>
<BR>[Calls]<UL><LI><a href="#[de]">&gt;&gt;</a>&nbsp;&nbsp;&nbsp;ABS
</UL>
<BR>[Called By]<UL><LI><a href="#[b1]">&gt;&gt;</a>&nbsp;&nbsp;&nbsp;pll_get_frac
</UL>

<P><STRONG><a name="[b1]"></a>pll_get_frac</STRONG> (Thumb, 184 bytes, Stack size 128 bytes, clock_18xx_43xx.o(i.pll_get_frac))
<BR><BR>[Stack]<UL><LI>Max Depth = 176<LI>Call Chain = pll_get_frac &rArr; pll_calc_divs
</UL>
<BR>[Calls]<UL><LI><a href="#[dd]">&gt;&gt;</a>&nbsp;&nbsp;&nbsp;pll_calc_divs
<LI><a href="#[de]">&gt;&gt;</a>&nbsp;&nbsp;&nbsp;ABS
<LI><a href="#[df]">&gt;&gt;</a>&nbsp;&nbsp;&nbsp;__aeabi_memclr4
<LI><a href="#[e0]">&gt;&gt;</a>&nbsp;&nbsp;&nbsp;__aeabi_memcpy4
</UL>
<BR>[Called By]<UL><LI><a href="#[af]">&gt;&gt;</a>&nbsp;&nbsp;&nbsp;Chip_Clock_CalcMainPLLValue
</UL>

<P><STRONG><a name="[c1]"></a>configDMAMux</STRONG> (Thumb, 220 bytes, Stack size 12 bytes, gpdma_18xx_43xx.o(i.configDMAMux))
<BR><BR>[Stack]<UL><LI>Max Depth = 12<LI>Call Chain = configDMAMux
</UL>
<BR>[Called By]<UL><LI><a href="#[bf]">&gt;&gt;</a>&nbsp;&nbsp;&nbsp;Chip_GPDMA_Transfer
</UL>

<P><STRONG><a name="[c8]"></a>Chip_TIMER_GetClockIndex</STRONG> (Thumb, 34 bytes, Stack size 0 bytes, timer_18xx_43xx.o(i.Chip_TIMER_GetClockIndex))
<BR><BR>[Called By]<UL><LI><a href="#[c7]">&gt;&gt;</a>&nbsp;&nbsp;&nbsp;Chip_TIMER_Init
</UL>

<P><STRONG><a name="[ca]"></a>Chip_UART_GetIndex</STRONG> (Thumb, 40 bytes, Stack size 0 bytes, uart_18xx_43xx.o(i.Chip_UART_GetIndex))
<BR><BR>[Called By]<UL><LI><a href="#[cb]">&gt;&gt;</a>&nbsp;&nbsp;&nbsp;Chip_UART_SetBaud
<LI><a href="#[a5]">&gt;&gt;</a>&nbsp;&nbsp;&nbsp;Chip_UART_Init
<LI><a href="#[a6]">&gt;&gt;</a>&nbsp;&nbsp;&nbsp;Chip_UART_SetBaudFDR
</UL>

<P><STRONG><a name="[c6]"></a>Chip_Clock_SetupMainPLL</STRONG> (Thumb, 32 bytes, Stack size 0 bytes, sysinit_18xx_43xx.o(i.Chip_Clock_SetupMainPLL))
<BR><BR>[Called By]<UL><LI><a href="#[ab]">&gt;&gt;</a>&nbsp;&nbsp;&nbsp;Chip_SetupCoreClock
</UL>

<P><STRONG><a name="[44]"></a>_printf_input_char</STRONG> (Thumb, 10 bytes, Stack size 0 bytes, _printf_char_common.o(.text))
<BR>[Address Reference Count : 1]<UL><LI> _printf_char_common.o(.text)
</UL>
<P><STRONG><a name="[90]"></a>_fp_digits</STRONG> (Thumb, 432 bytes, Stack size 96 bytes, _printf_fp_dec.o(.text))
<BR><BR>[Stack]<UL><LI>Max Depth = 220<LI>Call Chain = _fp_digits &rArr; _btod_etento &rArr; _btod_emul &rArr; _e2e
</UL>
<BR>[Calls]<UL><LI><a href="#[94]">&gt;&gt;</a>&nbsp;&nbsp;&nbsp;_btod_emul
<LI><a href="#[93]">&gt;&gt;</a>&nbsp;&nbsp;&nbsp;_btod_ediv
<LI><a href="#[92]">&gt;&gt;</a>&nbsp;&nbsp;&nbsp;_btod_d2e
<LI><a href="#[91]">&gt;&gt;</a>&nbsp;&nbsp;&nbsp;_btod_etento
<LI><a href="#[8b]">&gt;&gt;</a>&nbsp;&nbsp;&nbsp;_ll_udiv10
</UL>
<BR>[Called By]<UL><LI><a href="#[95]">&gt;&gt;</a>&nbsp;&nbsp;&nbsp;_printf_fp_dec_real
</UL>
<P>
<H3>
Undefined Global Symbols
</H3><HR></body></html>
