Component: ARM Compiler 5.06 update 6 (build 750) Tool: armlink [4d35ed]

==============================================================================

Section Cross References

    keil_startup_lpc18xx43xx.o(STACK) refers (Special) to heapauxi.o(.text) for __use_two_region_memory
    keil_startup_lpc18xx43xx.o(HEAP) refers (Special) to heapauxi.o(.text) for __use_two_region_memory
    keil_startup_lpc18xx43xx.o(RESET) refers (Special) to heapauxi.o(.text) for __use_two_region_memory
    keil_startup_lpc18xx43xx.o(RESET) refers to keil_startup_lpc18xx43xx.o(STACK) for __initial_sp
    keil_startup_lpc18xx43xx.o(RESET) refers to keil_startup_lpc18xx43xx.o(.text) for Reset_Handler
    keil_startup_lpc18xx43xx.o(RESET) refers to main.o(i.M0APP_IRQHandler) for M0APP_IRQHandler
    keil_startup_lpc18xx43xx.o(RESET) refers to main.o(i.TIMER0_IRQHandler) for TIMER0_IRQHandler
    keil_startup_lpc18xx43xx.o(RESET) refers to main.o(i.TIMER1_IRQHandler) for TIMER1_IRQHandler
    keil_startup_lpc18xx43xx.o(.text) refers (Special) to heapauxi.o(.text) for __use_two_region_memory
    keil_startup_lpc18xx43xx.o(.text) refers to sysinit.o(i.SystemInit) for SystemInit
    keil_startup_lpc18xx43xx.o(.text) refers to __main.o(!!!main) for __main
    keil_startup_lpc18xx43xx.o(.text) refers to keil_startup_lpc18xx43xx.o(HEAP) for Heap_Mem
    keil_startup_lpc18xx43xx.o(.text) refers to keil_startup_lpc18xx43xx.o(STACK) for Stack_Mem
    sysinit.o(i.SystemInit) refers to fpu_init.o(i.fpuInit) for fpuInit
    sysinit.o(i.SystemInit) refers to board_sysinit.o(i.Board_SystemInit) for Board_SystemInit
    sysinit.o(i.SystemInit) refers to keil_startup_lpc18xx43xx.o(RESET) for __Vectors
    m0_img_ldr.o(i.M0Image_Boot) refers to m0_img_ldr.o(i.Chip_RGU_TriggerReset) for Chip_RGU_TriggerReset
    m0_img_ldr.o(i.M0Image_Boot) refers to clock_18xx_43xx.o(i.Chip_Clock_Enable) for Chip_Clock_Enable
    m0_img_ldr.o(i.M0Image_Boot) refers to m0_img_ldr.o(i.Chip_RGU_ClearReset) for Chip_RGU_ClearReset
    ipc_msg.o(i.IPC_initMsgQueue) refers to board.o(i.Board_UARTPutSTR) for Board_UARTPutSTR
    ipc_msg.o(i.IPC_initMsgQueue) refers to rt_memclr_w.o(.text) for __aeabi_memclr4
    ipc_msg.o(i.IPC_initMsgQueue) refers to ipc_msg.o(.data) for q_ipc
    ipc_msg.o(i.IPC_initMsgQueue) refers to ipc_msg.o(i.IPC_EventHandler_sa) for IPC_EventHandler_sa
    ipc_msg.o(i.IPC_msgNotify) refers to ipc_msg.o(i.ipc_send_signal) for ipc_send_signal
    ipc_msg.o(i.IPC_msgPending) refers to ipc_msg.o(.data) for q_ipc
    ipc_msg.o(i.IPC_popMsgTout) refers to rt_memcpy_v6.o(.text) for __aeabi_memcpy
    ipc_msg.o(i.IPC_popMsgTout) refers to ipc_msg.o(i.ipc_send_signal) for ipc_send_signal
    ipc_msg.o(i.IPC_popMsgTout) refers to ipc_msg.o(.data) for q_ipc
    ipc_msg.o(i.IPC_pushMsgTout) refers to rt_memcpy_v6.o(.text) for __aeabi_memcpy
    ipc_msg.o(i.IPC_pushMsgTout) refers to ipc_msg.o(i.ipc_send_signal) for ipc_send_signal
    ipc_msg.o(i.IPC_pushMsgTout) refers to ipc_msg.o(.data) for q_ipc
    ipc_msg.o(i.IPC_strerror) refers to ipc_msg.o(.data) for ipc_errstr
    ipc_msg.o(.data) refers to ipc_msg.o(.conststring) for .conststring
    ipc_example.o(i.IPCEX_Init) refers to ipc_msg.o(i.IPC_initMsgQueue) for IPC_initMsgQueue
    ipc_example.o(i.IPCEX_Init) refers to ipc_example.o(i.ipcex_register_callback) for ipcex_register_callback
    ipc_example.o(i.IPCEX_Init) refers to ipc_example.o(.bss) for ipcex_queue
    ipc_example.o(i.IPCEX_Init) refers to ipc_example.o(i.ipcex_updateGblVal) for ipcex_updateGblVal
    ipc_example.o(i.ipcex_dispatch_task) refers to ipc_msg.o(i.IPC_popMsgTout) for IPC_popMsgTout
    ipc_example.o(i.ipcex_dispatch_task) refers to ipc_example.o(.bss) for ipcex_callback_lookup
    ipc_example.o(i.ipcex_gblRegisterFn) refers to ipc_example.o(.data) for gblUpdateFn
    ipc_example.o(i.ipcex_getGblVal) refers to ipc_example.o(.bss) for gblCfg
    ipc_example.o(i.ipcex_register_callback) refers to ipc_example.o(.bss) for ipcex_callback_lookup
    ipc_example.o(i.ipcex_setGblVal) refers to ipc_msg.o(i.IPC_pushMsgTout) for IPC_pushMsgTout
    ipc_example.o(i.ipcex_setGblVal) refers to ipc_example.o(.bss) for gblCfg
    ipc_example.o(i.ipcex_setGblVal) refers to ipc_example.o(.data) for gblUpdateFn
    ipc_example.o(i.ipcex_tasks) refers to ipc_example.o(i.ipcex_dispatch_task) for ipcex_dispatch_task
    ipc_example.o(i.ipcex_updateGblVal) refers to ipc_example.o(.bss) for gblCfg
    ipc_example.o(i.ipcex_updateGblVal) refers to ipc_example.o(.data) for gblUpdateFn
    main.o(i.M0APP_IRQHandler) refers to ipc_msg.o(i.IPC_popMsgTout) for IPC_popMsgTout
    main.o(i.M0APP_IRQHandler) refers to main.o(i.clock_counter_value) for clock_counter_value
    main.o(i.M0APP_IRQHandler) refers to main.o(i.debug) for debug
    main.o(i.M0APP_IRQHandler) refers to main.o(.data) for notify
    main.o(i.TIMER0_IRQHandler) refers to main.o(i.Chip_TIMER_MatchPending) for Chip_TIMER_MatchPending
[...]
    Chip_RGU_ClearReset                      0x1a001fe9   Thumb Code    12  m0_img_ldr.o(i.Chip_RGU_ClearReset)
    i.Chip_RGU_InReset                       0x1a001ff8   Section        0  main.o(i.Chip_RGU_InReset)
    Chip_RGU_InReset                         0x1a001ff9   Thumb Code    30  main.o(i.Chip_RGU_InReset)
    i.Chip_RGU_TriggerReset                  0x1a00201c   Section        0  m0_img_ldr.o(i.Chip_RGU_TriggerReset)
    Chip_RGU_TriggerReset                    0x1a00201d   Thumb Code    18  m0_img_ldr.o(i.Chip_RGU_TriggerReset)
    i.Chip_RGU_TriggerReset                  0x1a002034   Section        0  main.o(i.Chip_RGU_TriggerReset)
    Chip_RGU_TriggerReset                    0x1a002035   Thumb Code    18  main.o(i.Chip_RGU_TriggerReset)
    i.Chip_SetupCoreClock                    0x1a00204c   Section        0  sysinit_18xx_43xx.o(i.Chip_SetupCoreClock)
    i.Chip_TIMER_ClearMatch                  0x1a00213c   Section        0  main.o(i.Chip_TIMER_ClearMatch)
    Chip_TIMER_ClearMatch                    0x1a00213d   Thumb Code     8  main.o(i.Chip_TIMER_ClearMatch)
    i.Chip_TIMER_Disable                     0x1a002144   Section        0  main.o(i.Chip_TIMER_Disable)
    Chip_TIMER_Disable                       0x1a002145   Thumb Code    10  main.o(i.Chip_TIMER_Disable)
    i.Chip_TIMER_Enable                      0x1a00214e   Section        0  main.o(i.Chip_TIMER_Enable)
    Chip_TIMER_Enable                        0x1a00214f   Thumb Code    10  main.o(i.Chip_TIMER_Enable)
    i.Chip_TIMER_GetClockIndex               0x1a002158   Section        0  timer_18xx_43xx.o(i.Chip_TIMER_GetClockIndex)
    Chip_TIMER_GetClockIndex                 0x1a002159   Thumb Code    34  timer_18xx_43xx.o(i.Chip_TIMER_GetClockIndex)
    i.Chip_TIMER_Init                        0x1a002188   Section        0  timer_18xx_43xx.o(i.Chip_TIMER_Init)
    i.Chip_TIMER_MatchEnableInt              0x1a002196   Section        0  main.o(i.Chip_TIMER_MatchEnableInt)
    Chip_TIMER_MatchEnableInt                0x1a002197   Thumb Code    18  main.o(i.Chip_TIMER_MatchEnableInt)
    i.Chip_TIMER_MatchPending                0x1a0021a8   Section        0  main.o(i.Chip_TIMER_MatchPending)
    Chip_TIMER_MatchPending                  0x1a0021a9   Thumb Code    26  main.o(i.Chip_TIMER_MatchPending)
    i.Chip_TIMER_Reset                       0x1a0021c2   Section        0  timer_18xx_43xx.o(i.Chip_TIMER_Reset)
    i.Chip_TIMER_ResetOnMatchEnable          0x1a0021da   Section        0  main.o(i.Chip_TIMER_ResetOnMatchEnable)
    Chip_TIMER_ResetOnMatchEnable            0x1a0021db   Thumb Code    20  main.o(i.Chip_TIMER_ResetOnMatchEnable)
    i.Chip_TIMER_SetMatch                    0x1a0021ee   Section        0  main.o(i.Chip_TIMER_SetMatch)
    Chip_TIMER_SetMatch                      0x1a0021ef   Thumb Code    10  main.o(i.Chip_TIMER_SetMatch)
    i.Chip_UART_CheckBusy                    0x1a0021f8   Section        0  uart_18xx_43xx.o(i.Chip_UART_CheckBusy)
    i.Chip_UART_DeInit                       0x1a002208   Section        0  uart_18xx_43xx.o(i.Chip_UART_DeInit)
    i.Chip_UART_GetIndex                     0x1a002224   Section        0  uart_18xx_43xx.o(i.Chip_UART_GetIndex)
    Chip_UART_GetIndex                       0x1a002225   Thumb Code    40  uart_18xx_43xx.o(i.Chip_UART_GetIndex)
    i.Chip_UART_Init                         0x1a002250   Section        0  uart_18xx_43xx.o(i.Chip_UART_Init)
    i.Chip_UART_Read                         0x1a00229c   Section        0  uart_18xx_43xx.o(i.Chip_UART_Read)
    i.Chip_UART_ReadBlocking                 0x1a0022b8   Section        0  uart_18xx_43xx.o(i.Chip_UART_ReadBlocking)
    i.Chip_UART_Send                         0x1a0022dc   Section        0  uart_18xx_43xx.o(i.Chip_UART_Send)
    i.Chip_UART_SendBlocking                 0x1a0022f8   Section        0  uart_18xx_43xx.o(i.Chip_UART_SendBlocking)
    i.Chip_UART_SetBaud                      0x1a00231c   Section        0  uart_18xx_43xx.o(i.Chip_UART_SetBaud)
    i.Chip_UART_SetBaudFDR                   0x1a002364   Section        0  uart_18xx_43xx.o(i.Chip_UART_SetBaudFDR)
    i.IPCEX_Init                             0x1a002430   Section        0  ipc_example.o(i.IPCEX_Init)
    i.IPC_EventHandler_sa                    0x1a002450   Section        0  ipc_msg.o(i.IPC_EventHandler_sa)
    IPC_EventHandler_sa                      0x1a002451   Thumb Code     8  ipc_msg.o(i.IPC_EventHandler_sa)
    i.IPC_initMsgQueue                       0x1a002458   Section        0  ipc_msg.o(i.IPC_initMsgQueue)
    i.IPC_popMsgTout                         0x1a00250c   Section        0  ipc_msg.o(i.IPC_popMsgTout)
    i.IPC_pushMsgTout                        0x1a0025a4   Section        0  ipc_msg.o(i.IPC_pushMsgTout)
    i.M0APP_IRQHandler                       0x1a002634   Section        0  main.o(i.M0APP_IRQHandler)
    i.M0Image_Boot                           0x1a0026f0   Section        0  m0_img_ldr.o(i.M0Image_Boot)
    i.NVIC_ClearPendingIRQ                   0x1a002764   Section        0  main.o(i.NVIC_ClearPendingIRQ)
    NVIC_ClearPendingIRQ                     0x1a002765   Thumb Code    18  main.o(i.NVIC_ClearPendingIRQ)
    i.NVIC_EnableIRQ                         0x1a00277c   Section        0  main.o(i.NVIC_EnableIRQ)
    NVIC_EnableIRQ                           0x1a00277d   Thumb Code    22  main.o(i.NVIC_EnableIRQ)
    i.SystemCoreClockUpdate                  0x1a002794   Section        0  chip_18xx_43xx.o(i.SystemCoreClockUpdate)
    i.SystemInit                             0x1a0027a8   Section        0  sysinit.o(i.SystemInit)
    i.TIMER0_IRQHandler                      0x1a0027c4   Section        0  main.o(i.TIMER0_IRQHandler)
    i.TIMER1_IRQHandler                      0x1a00295c   Section        0  main.o(i.TIMER1_IRQHandler)
    i.__ARM_fpclassify                       0x1a002984   Section        0  fpclassify.o(i.__ARM_fpclassify)
    i.__ARM_fpclassifyf                      0x1a0029b4   Section        0  fpclassifyf.o(i.__ARM_fpclassifyf)
    i.__get_PRIMASK                          0x1a0029da   Section        0  main.o(i.__get_PRIMASK)
    __get_PRIMASK                            0x1a0029db   Thumb Code     6  main.o(i.__get_PRIMASK)
    i.__hardfp_powf                          0x1a0029e0   Section        0  powf.o(i.__hardfp_powf)
    i.__mathlib_flt_divzero                  0x1a003044   Section        0  funder.o(i.__mathlib_flt_divzero)
    i.__mathlib_flt_infnan2                  0x1a003058   Section        0  funder.o(i.__mathlib_flt_infnan2)
    i.__mathlib_flt_invalid                  0x1a003060   Section        0  funder.o(i.__mathlib_flt_invalid)
    i.__mathlib_flt_overflow                 0x1a003070   Section        0  funder.o(i.__mathlib_flt_overflow)
    i.__mathlib_flt_underflow                0x1a003080   Section        0  funder.o(i.__mathlib_flt_underflow)
    i._is_digit                              0x1a003090   Section        0  __printf_wp.o(i._is_digit)
    i._sys_exit                              0x1a00309e   Section        0  board.o(i._sys_exit)
    i.boot_M0App                             0x1a0030a4   Section        0  main.o(i.boot_M0App)
    boot_M0App                               0x1a0030a5   Thumb Code    32  main.o(i.boot_M0App)
    i.calc_pi                                0x1a00310c   Section        0  main.o(i.calc_pi)
    i.clock_counter_value                    0x1a003180   Section        0  main.o(i.clock_counter_value)
    clock_counter_value                      0x1a003181   Thumb Code     6  main.o(i.clock_counter_value)
    i.debug                                  0x1a00318c   Section        0  main.o(i.debug)
    debug                                    0x1a00318d   Thumb Code   100  main.o(i.debug)
    i.fpuInit                                0x1a003200   Section        0  fpu_init.o(i.fpuInit)
    i.idle                                   0x1a00323c   Section        0  main.o(i.idle)
    i.init_mutex                             0x1a003368   Section        0  main.o(i.init_mutex)
    init_mutex                               0x1a003369   Thumb Code    18  main.o(i.init_mutex)
    i.ipc_send_signal                        0x1a00337a   Section        0  ipc_msg.o(i.ipc_send_signal)
    ipc_send_signal                          0x1a00337b   Thumb Code     8  ipc_msg.o(i.ipc_send_signal)
    i.ipcex_register_callback                0x1a003384   Section        0  ipc_example.o(i.ipcex_register_callback)
    i.ipcex_updateGblVal                     0x1a003398   Section        0  ipc_example.o(i.ipcex_updateGblVal)
    ipcex_updateGblVal                       0x1a003399   Thumb Code    40  ipc_example.o(i.ipcex_updateGblVal)
    i.lock_mutex                             0x1a0033c8   Section        0  main.o(i.lock_mutex)
    lock_mutex                               0x1a0033c9   Thumb Code    40  main.o(i.lock_mutex)
    i.main                                   0x1a0033f0   Section        0  main.o(i.main)
    i.notify_event                           0x1a003c78   Section        0  main.o(i.notify_event)
    notify_event                             0x1a003c79   Thumb Code     8  main.o(i.notify_event)
    i.pll_calc_divs                          0x1a003c80   Section        0  clock_18xx_43xx.o(i.pll_calc_divs)
    pll_calc_divs                            0x1a003c81   Thumb Code   152  clock_18xx_43xx.o(i.pll_calc_divs)
    i.pll_get_frac                           0x1a003d20   Section        0  clock_18xx_43xx.o(i.pll_get_frac)
    pll_get_frac                             0x1a003d21   Thumb Code   184  clock_18xx_43xx.o(i.pll_get_frac)
    i.print                                  0x1a003ddc   Section        0  main.o(i.print)
    print                                    0x1a003ddd   Thumb Code    74  main.o(i.print)
    i.print_menu                             0x1a003e30   Section        0  main.o(i.print_menu)
    print_menu                               0x1a003e31   Thumb Code    58  main.o(i.print_menu)
    i.setup_board                            0x1a003fb8   Section        0  main.o(i.setup_board)
    setup_board                              0x1a003fb9   Thumb Code    12  main.o(i.setup_board)
    i.setup_clock_counter                    0x1a003fc4   Section        0  main.o(i.setup_clock_counter)
    setup_clock_counter                      0x1a003fc5   Thumb Code    50  main.o(i.setup_clock_counter)
    i.setup_request_timer                    0x1a004000   Section        0  main.o(i.setup_request_timer)
    setup_request_timer                      0x1a004001   Thumb Code    86  main.o(i.setup_request_timer)
    i.setup_system_timer                     0x1a00405c   Section        0  main.o(i.setup_system_timer)
    setup_system_timer                       0x1a00405d   Thumb Code    88  main.o(i.setup_system_timer)
    i.setup_uart                             0x1a0040b8   Section        0  main.o(i.setup_uart)
    setup_uart                               0x1a0040b9   Thumb Code    42  main.o(i.setup_uart)
    i.shutdown_M0App                         0x1a0040e8   Section        0  main.o(i.shutdown_M0App)
    shutdown_M0App                           0x1a0040e9   Thumb Code    16  main.o(i.shutdown_M0App)
    i.start_request_timer                    0x1a004120   Section        0  main.o(i.start_request_timer)
    start_request_timer                      0x1a004121   Thumb Code    10  main.o(i.start_request_timer)
    i.start_system_timer                     0x1a004130   Section        0  main.o(i.start_system_timer)
    start_system_timer                       0x1a004131   Thumb Code    10  main.o(i.start_system_timer)
    i.stop_request_timer                     0x1a004140   Section        0  main.o(i.stop_request_timer)
    stop_request_timer                       0x1a004141   Thumb Code    10  main.o(i.stop_request_timer)
    i.stop_system_timer                      0x1a004150   Section        0  main.o(i.stop_system_timer)
    stop_system_timer                        0x1a004151   Thumb Code    10  main.o(i.stop_system_timer)
    i.unlock_mutex                           0x1a004160   Section        0  main.o(i.unlock_mutex)
    unlock_mutex                             0x1a004161   Thumb Code     8  main.o(i.unlock_mutex)
    i.wait_event                             0x1a004168   Section        0  main.o(i.wait_event)
    wait_event                               0x1a004169   Thumb Code    28  main.o(i.wait_event)
    locale$$code                             0x1a0041a0   Section       44  lc_numeric_c.o(locale$$code)
    locale$$code                             0x1a0041cc   Section       44  lc_ctype_c.o(locale$$code)
    x$fpl$dretinf                            0x1a0041f8   Section       12  dretinf.o(x$fpl$dretinf)
    $v0                                      0x1a0041f8   Number         0  dretinf.o(x$fpl$dretinf)
    x$fpl$f2d                                0x1a004204   Section       86  f2d.o(x$fpl$f2d)
    $v0                                      0x1a004204   Number         0  f2d.o(x$fpl$f2d)
    x$fpl$fnaninf                            0x1a00425a   Section      140  fnaninf.o(x$fpl$fnaninf)
    $v0                                      0x1a00425a   Number         0  fnaninf.o(x$fpl$fnaninf)
    x$fpl$fpinit                             0x1a0042e6   Section       10  fpinit.o(x$fpl$fpinit)
    $v0                                      0x1a0042e6   Number         0  fpinit.o(x$fpl$fpinit)
    x$fpl$printf1                            0x1a0042f0   Section        4  printf1.o(x$fpl$printf1)
    $v0                                      0x1a0042f0   Number         0  printf1.o(x$fpl$printf1)
    .constdata                               0x1a0042f4   Section       80  main.o(.constdata)
    x$fpl$usenofp                            0x1a0042f4   Section        0  usenofp.o(x$fpl$usenofp)
    .constdata                               0x1a004344   Section        4  board.o(.constdata)
    .constdata                               0x1a004348   Section        4  board.o(.constdata)
    .constdata                               0x1a00434c   Section        6  board.o(.constdata)
    gpioLEDBits                              0x1a00434c   Data           6  board.o(.constdata)
    .constdata                               0x1a004352   Section       64  board_sysinit.o(.constdata)
    InitClkStates                            0x1a004352   Data          12  board_sysinit.o(.constdata)
    pinmuxing                                0x1a00435e   Data          52  board_sysinit.o(.constdata)
    .constdata                               0x1a004392   Section      108  clock_18xx_43xx.o(.constdata)
    periph_to_base                           0x1a004392   Data         108  clock_18xx_43xx.o(.constdata)
    .constdata                               0x1a0043fe   Section       16  uart_18xx_43xx.o(.constdata)
    UART_PClock                              0x1a0043fe   Data           8  uart_18xx_43xx.o(.constdata)
    UART_BClock                              0x1a004406   Data           8  uart_18xx_43xx.o(.constdata)
    .constdata                               0x1a00440e   Section       72  sysinit_18xx_43xx.o(.constdata)
    InitClkStates                            0x1a00440e   Data          72  sysinit_18xx_43xx.o(.constdata)
    .constdata                               0x1a004458   Section      320  powf.o(.constdata)
    table                                    0x1a004458   Data         128  powf.o(.constdata)
    powersof2to1over16top                    0x1a0044d8   Data          64  powf.o(.constdata)
    powersof2to1over16bot                    0x1a004518   Data          64  powf.o(.constdata)
    powersof2to1over16all                    0x1a004558   Data          64  powf.o(.constdata)
    .constdata                               0x1a004598   Section        8  _printf_wctomb.o(.constdata)
    initial_mbstate                          0x1a004598   Data           8  _printf_wctomb.o(.constdata)
    .constdata                               0x1a0045a0   Section       40  _printf_hex_int_ll_ptr.o(.constdata)
    uc_hextab                                0x1a0045a0   Data          20  _printf_hex_int_ll_ptr.o(.constdata)
    lc_hextab                                0x1a0045b4   Data          20  _printf_hex_int_ll_ptr.o(.constdata)
    .constdata                               0x1a0045c8   Section       17  __printf_flags_ss_wp.o(.constdata)
    maptable                                 0x1a0045c8   Data          17  __printf_flags_ss_wp.o(.constdata)
    .constdata                               0x1a0045dc   Section      148  bigflt0.o(.constdata)
    tenpwrs_x                                0x1a0045dc   Data          60  bigflt0.o(.constdata)
    tenpwrs_i                                0x1a004618   Data          64  bigflt0.o(.constdata)
    .conststring                             0x1a004670   Section      123  ipc_msg.o(.conststring)
    locale$$data                             0x1a00470c   Section       28  lc_numeric_c.o(locale$$data)
    __lcnum_c_name                           0x1a004710   Data           2  lc_numeric_c.o(locale$$data)
    __lcnum_c_start                          0x1a004718   Data           0  lc_numeric_c.o(locale$$data)
    __lcnum_c_point                          0x1a004724   Data           0  lc_numeric_c.o(locale$$data)
    __lcnum_c_thousands                      0x1a004726   Data           0  lc_numeric_c.o(locale$$data)
    __lcnum_c_grouping                       0x1a004727   Data           0  lc_numeric_c.o(locale$$data)
    locale$$data                             0x1a004728   Section      272  lc_ctype_c.o(locale$$data)
    __lcnum_c_end                            0x1a004728   Data           0  lc_numeric_c.o(locale$$data)
    __lcctype_c_name                         0x1a00472c   Data           2  lc_ctype_c.o(locale$$data)
    __lcctype_c_start                        0x1a004734   Data           0  lc_ctype_c.o(locale$$data)
    __lcctype_c_end                          0x1a004838   Data           0  lc_ctype_c.o(locale$$data)

    Global Symbols

    Symbol Name                              Value     Ov Type        Size  Object(Section)

    BuildAttributes$$THM_ISAv4$E$P$D$K$B$S$7EM$VFPi3$EXTD16$VFPS$VFMA$PE$A:L22UL41UL21$X:L11$S22US41US21$IEEE1$IW$USESV6$~STKCKD$USESV7$~SHL$OTIME$ROPI$IEEEX$EBA8$UX$STANDARDLIB$REQ8$PRES8$EABIv2 0x00000000   Number         0  anon$$obj.o ABSOLUTE
    __ARM_use_no_argv                        0x00000000   Number         0  main.o ABSOLUTE
    _printf_flags                            0x00000000   Number         0  printf_stubs.o ABSOLUTE
    _printf_return_value                     0x00000000   Number         0  printf_stubs.o ABSOLUTE
    _printf_sizespec                         0x00000000   Number         0  printf_stubs.o ABSOLUTE
    _printf_widthprec                        0x00000000   Number         0  printf_stubs.o ABSOLUTE
    __ARM_exceptions_init                     - Undefined Weak Reference
    __alloca_initialize                       - Undefined Weak Reference
    __arm_preinit_                            - Undefined Weak Reference
    __cpp_initialize__aeabi_                  - Undefined Weak Reference
    __cxa_finalize                            - Undefined Weak Reference
    __sigvec_lookup                           - Undefined Weak Reference
    _atexit_init                              - Undefined Weak Reference
    _call_atexit_fns                          - Undefined Weak Reference
    _clock_init                               - Undefined Weak Reference
    _fp_trap_init                             - Undefined Weak Reference
    _fp_trap_shutdown                         - Undefined Weak Reference
    _get_lc_collate                           - Undefined Weak Reference
    _get_lc_monetary                          - Undefined Weak Reference
    _get_lc_time                              - Undefined Weak Reference
    _getenv_init                              - Undefined Weak Reference
    _handle_redirection                       - Undefined Weak Reference
    _init_alloc                               - Undefined Weak Reference
    _init_user_alloc                          - Undefined Weak Reference
    _initio                                   - Undefined Weak Reference
    _printf_fp_hex                            - Undefined Weak Reference
    _printf_mbtowc                            - Undefined Weak Reference
    _printf_wc                                - Undefined Weak Reference
    _rand_init                                - Undefined Weak Reference
    _signal_finish                            - Undefined Weak Reference
    _signal_init                              - Undefined Weak Reference
    _terminate_alloc                          - Undefined Weak Reference
    _terminate_user_alloc                     - Undefined Weak Reference
    _terminateio                              - Undefined Weak Reference
    IPC_EventHandler                         0x10000004   Data           4  ipc_msg.o(.data)
    SystemCoreClock                          0x10000070   Data           4  chip_18xx_43xx.o(.data)
    __libspace_start                         0x100003ec   Data          96  libspace.o(.bss)
    __temporary_stack_top$libspace           0x1000044c   Data           0  libspace.o(.bss)
    __Vectors                                0x1a000000   Data           4  keil_startup_lpc18xx43xx.o(RESET)
    __main                                   0x1a000115   Thumb Code     8  __main.o(!!!main)
    __scatterload                            0x1a00011d   Thumb Code     0  __scatter.o(!!!scatter)
    __scatterload_rt2                        0x1a00011d   Thumb Code    44  __scatter.o(!!!scatter)
    __scatterload_rt2_thumb_only             0x1a00011d   Thumb Code     0  __scatter.o(!!!scatter)
    __scatterload_null                       0x1a00012b   Thumb Code     0  __scatter.o(!!!scatter)
    __scatterload_copy                       0x1a000151   Thumb Code    26  __scatter_copy.o(!!handler_copy)
    __scatterload_zeroinit                   0x1a00016d   Thumb Code    28  __scatter_zi.o(!!handler_zi)
    _printf_n                                0x1a000189   Thumb Code     0  _printf_n.o(.ARM.Collect$$_printf_percent$$00000001)
    _printf_percent                          0x1a000189   Thumb Code     0  _printf_percent.o(.ARM.Collect$$_printf_percent$$00000000)
    _printf_p                                0x1a00018f   Thumb Code     0  _printf_p.o(.ARM.Collect$$_printf_percent$$00000002)
    _printf_f                                0x1a000195   Thumb Code     0  _printf_f.o(.ARM.Collect$$_printf_percent$$00000003)
    _printf_e                                0x1a00019b   Thumb Code     0  _printf_e.o(.ARM.Collect$$_printf_percent$$00000004)
    _printf_g                                0x1a0001a1   Thumb Code     0  _printf_g.o(.ARM.Collect$$_printf_percent$$00000005)
    _printf_a                                0x1a0001a7   Thumb Code     0  _printf_a.o(.ARM.Collect$$_printf_percent$$00000006)
    _printf_ll                               0x1a0001ad   Thumb Code     0  _printf_ll.o(.ARM.Collect$$_printf_percent$$00000007)
    _printf_i                                0x1a0001b7   Thumb Code     0  _printf_i.o(.ARM.Collect$$_printf_percent$$00000008)
    _printf_d                                0x1a0001bd   Thumb Code     0  _printf_d.o(.ARM.Collect$$_printf_percent$$00000009)
    _printf_u                                0x1a0001c3   Thumb Code     0  _printf_u.o(.ARM.Collect$$_printf_percent$$0000000A)
    _printf_o                                0x1a0001c9   Thumb Code     0  _printf_o.o(.ARM.Collect$$_printf_percent$$0000000B)
    _printf_x                                0x1a0001cf   Thumb Code     0  _printf_x.o(.ARM.Collect$$_printf_percent$$0000000C)
    _printf_lli                              0x1a0001d5   Thumb Code     0  _printf_lli.o(.ARM.Collect$$_printf_percent$$0000000D)
    _printf_lld                              0x1a0001db   Thumb Code     0  _printf_lld.o(.ARM.Collect$$_printf_percent$$0000000E)
    _printf_llu                              0x1a0001e1   Thumb Code     0  _printf_llu.o(.ARM.Collect$$_printf_percent$$0000000F)
    _printf_llo                              0x1a0001e7   Thumb Code     0  _printf_llo.o(.ARM.Collect$$_printf_percent$$00000010)
    _printf_llx                              0x1a0001ed   Thumb Code     0  _printf_llx.o(.ARM.Collect$$_printf_percent$$00000011)
    _printf_l                                0x1a0001f3   Thumb Code     0  _printf_l.o(.ARM.Collect$$_printf_percent$$00000012)
    _printf_c                                0x1a0001fd   Thumb Code     0  _printf_c.o(.ARM.Collect$$_printf_percent$$00000013)
    _printf_s                                0x1a000203   Thumb Code     0  _printf_s.o(.ARM.Collect$$_printf_percent$$00000014)
    _printf_lc                               0x1a000209   Thumb Code     0  _printf_lc.o(.ARM.Collect$$_printf_percent$$00000015)
    _printf_ls                               0x1a00020f   Thumb Code     0  _printf_ls.o(.ARM.Collect$$_printf_percent$$00000016)
    _printf_percent_end                      0x1a000215   Thumb Code     0  _printf_percent_end.o(.ARM.Collect$$_printf_percent$$00000017)
    __rt_lib_init                            0x1a000219   Thumb Code     0  libinit.o(.ARM.Collect$$libinit$$00000000)
    __rt_lib_init_fp_1                       0x1a00021b   Thumb Code     0  libinit2.o(.ARM.Collect$$libinit$$00000001)
    __rt_lib_init_heap_1                     0x1a00021f   Thumb Code     0  libinit2.o(.ARM.Collect$$libinit$$0000000A)
    __rt_lib_init_lc_common                  0x1a00021f   Thumb Code     0  libinit2.o(.ARM.Collect$$libinit$$0000000F)
    __rt_lib_init_preinit_1                  0x1a00021f   Thumb Code     0  libinit2.o(.ARM.Collect$$libinit$$00000004)
    __rt_lib_init_rand_1                     0x1a00021f   Thumb Code     0  libinit2.o(.ARM.Collect$$libinit$$0000000E)
    __rt_lib_init_user_alloc_1               0x1a00021f   Thumb Code     0  libinit2.o(.ARM.Collect$$libinit$$0000000C)
    __rt_lib_init_lc_collate_1               0x1a000225   Thumb Code     0  libinit2.o(.ARM.Collect$$libinit$$00000011)
    __rt_lib_init_lc_ctype_2                 0x1a000225   Thumb Code     0  libinit2.o(.ARM.Collect$$libinit$$00000012)
    __rt_lib_init_lc_ctype_1                 0x1a000231   Thumb Code     0  libinit2.o(.ARM.Collect$$libinit$$00000013)
    __rt_lib_init_lc_monetary_1              0x1a000231   Thumb Code     0  libinit2.o(.ARM.Collect$$libinit$$00000015)
    __rt_lib_init_lc_numeric_2               0x1a000231   Thumb Code     0  libinit2.o(.ARM.Collect$$libinit$$00000016)
    __rt_lib_init_alloca_1                   0x1a00023b   Thumb Code     0  libinit2.o(.ARM.Collect$$libinit$$0000002E)
    __rt_lib_init_argv_1                     0x1a00023b   Thumb Code     0  libinit2.o(.ARM.Collect$$libinit$$0000002C)
    __rt_lib_init_atexit_1                   0x1a00023b   Thumb Code     0  libinit2.o(.ARM.Collect$$libinit$$0000001B)
    __rt_lib_init_clock_1                    0x1a00023b   Thumb Code     0  libinit2.o(.ARM.Collect$$libinit$$00000021)
    __rt_lib_init_cpp_1                      0x1a00023b   Thumb Code     0  libinit2.o(.ARM.Collect$$libinit$$00000032)
    __rt_lib_init_exceptions_1               0x1a00023b   Thumb Code     0  libinit2.o(.ARM.Collect$$libinit$$00000030)
    __rt_lib_init_fp_trap_1                  0x1a00023b   Thumb Code     0  libinit2.o(.ARM.Collect$$libinit$$0000001F)
    __rt_lib_init_getenv_1                   0x1a00023b   Thumb Code     0  libinit2.o(.ARM.Collect$$libinit$$00000023)
    __rt_lib_init_lc_numeric_1               0x1a00023b   Thumb Code     0  libinit2.o(.ARM.Collect$$libinit$$00000017)
    __rt_lib_init_lc_time_1                  0x1a00023b   Thumb Code     0  libinit2.o(.ARM.Collect$$libinit$$00000019)
    __rt_lib_init_return                     0x1a00023b   Thumb Code     0  libinit2.o(.ARM.Collect$$libinit$$00000033)
    __rt_lib_init_signal_1                   0x1a00023b   Thumb Code     0  libinit2.o(.ARM.Collect$$libinit$$0000001D)
    __rt_lib_init_stdio_1                    0x1a00023b   Thumb Code     0  libinit2.o(.ARM.Collect$$libinit$$00000025)
    __rt_lib_shutdown                        0x1a00023d   Thumb Code     0  libshutdown.o(.ARM.Collect$$libshutdown$$00000000)
    __rt_lib_shutdown_cpp_1                  0x1a00023f   Thumb Code     0  libshutdown2.o(.ARM.Collect$$libshutdown$$00000002)
    __rt_lib_shutdown_fp_trap_1              0x1a00023f   Thumb Code     0  libshutdown2.o(.ARM.Collect$$libshutdown$$00000007)
    __rt_lib_shutdown_heap_1                 0x1a00023f   Thumb Code     0  libshutdown2.o(.ARM.Collect$$libshutdown$$0000000F)
    __rt_lib_shutdown_return                 0x1a00023f   Thumb Code     0  libshutdown2.o(.ARM.Collect$$libshutdown$$00000010)
    __rt_lib_shutdown_signal_1               0x1a00023f   Thumb Code     0  libshutdown2.o(.ARM.Collect$$libshutdown$$0000000A)
    __rt_lib_shutdown_stdio_1                0x1a00023f   Thumb Code     0  libshutdown2.o(.ARM.Collect$$libshutdown$$00000004)
    __rt_lib_shutdown_user_alloc_1           0x1a00023f   Thumb Code     0  libshutdown2.o(.ARM.Collect$$libshutdown$$0000000C)
    __rt_entry                               0x1a000241   Thumb Code     0  __rtentry.o(.ARM.Collect$$rtentry$$00000000)
    __rt_entry_presh_1                       0x1a000241   Thumb Code     0  __rtentry2.o(.ARM.Collect$$rtentry$$00000002)
    __rt_entry_sh                            0x1a000241   Thumb Code     0  __rtentry4.o(.ARM.Collect$$rtentry$$00000004)
    __rt_entry_li                            0x1a000247   Thumb Code     0  __rtentry2.o(.ARM.Collect$$rtentry$$0000000A)
    __rt_entry_postsh_1                      0x1a000247   Thumb Code     0  __rtentry2.o(.ARM.Collect$$rtentry$$00000009)
    __rt_entry_main                          0x1a00024b   Thumb Code     0  __rtentry2.o(.ARM.Collect$$rtentry$$0000000D)
    __rt_entry_postli_1                      0x1a00024b   Thumb Code     0  __rtentry2.o(.ARM.Collect$$rtentry$$0000000C)
    __rt_exit                                0x1a000253   Thumb Code     0  rtexit.o(.ARM.Collect$$rtexit$$00000000)
    __rt_exit_ls                             0x1a000255   Thumb Code     0  rtexit2.o(.ARM.Collect$$rtexit$$00000003)
    __rt_exit_prels_1                        0x1a000255   Thumb Code     0  rtexit2.o(.ARM.Collect$$rtexit$$00000002)
    __rt_exit_exit                           0x1a000259   Thumb Code     0  rtexit2.o(.ARM.Collect$$rtexit$$00000004)
    Reset_Handler                            0x1a000261   Thumb Code     8  keil_startup_lpc18xx43xx.o(.text)
    NMI_Handler                              0x1a000269   Thumb Code     2  keil_startup_lpc18xx43xx.o(.text)
    HardFault_Handler                        0x1a00026b   Thumb Code     2  keil_startup_lpc18xx43xx.o(.text)
    MemManage_Handler                        0x1a00026d   Thumb Code     2  keil_startup_lpc18xx43xx.o(.text)
    BusFault_Handler                         0x1a00026f   Thumb Code     2  keil_startup_lpc18xx43xx.o(.text)
    UsageFault_Handler                       0x1a000271   Thumb Code     2  keil_startup_lpc18xx43xx.o(.text)
    SVC_Handler                              0x1a000273   Thumb Code     2  keil_startup_lpc18xx43xx.o(.text)
    DebugMon_Handler                         0x1a000275   Thumb Code     2  keil_startup_lpc18xx43xx.o(.text)
    PendSV_Handler                           0x1a000277   Thumb Code     2  keil_startup_lpc18xx43xx.o(.text)
    SysTick_Handler                          0x1a000279   Thumb Code     2  keil_startup_lpc18xx43xx.o(.text)
    UnHandled_Vector                         0x1a00027b   Thumb Code     2  keil_startup_lpc18xx43xx.o(.text)
    ADC0_IRQHandler                          0x1a00027d   Thumb Code     0  keil_startup_lpc18xx43xx.o(.text)
    ADC1_IRQHandler                          0x1a00027d   Thumb Code     0  keil_startup_lpc18xx43xx.o(.text)
    ADCHS_IRQHandler                         0x1a00027d   Thumb Code     0  keil_startup_lpc18xx43xx.o(.text)
    ATIMER_IRQHandler                        0x1a00027d   Thumb Code     0  keil_startup_lpc18xx43xx.o(.text)
    CAN0_IRQHandler                          0x1a00027d   Thumb Code     0  keil_startup_lpc18xx43xx.o(.text)
    CAN1_IRQHandler                          0x1a00027d   Thumb Code     0  keil_startup_lpc18xx43xx.o(.text)
    DAC_IRQHandler                           0x1a00027d   Thumb Code     0  keil_startup_lpc18xx43xx.o(.text)
    DMA_IRQHandler                           0x1a00027d   Thumb Code     0  keil_startup_lpc18xx43xx.o(.text)
    ETH_IRQHandler                           0x1a00027d   Thumb Code     0  keil_startup_lpc18xx43xx.o(.text)
    EVRT_IRQHandler                          0x1a00027d   Thumb Code     0  keil_startup_lpc18xx43xx.o(.text)
    FLASH_EEPROM_IRQHandler                  0x1a00027d   Thumb Code     0  keil_startup_lpc18xx43xx.o(.text)
    GINT0_IRQHandler                         0x1a00027d   Thumb Code     0  keil_startup_lpc18xx43xx.o(.text)
    GINT1_IRQHandler                         0x1a00027d   Thumb Code     0  keil_startup_lpc18xx43xx.o(.text)
    GPIO0_IRQHandler                         0x1a00027d   Thumb Code     0  keil_startup_lpc18xx43xx.o(.text)
    GPIO1_IRQHandler                         0x1a00027d   Thumb Code     0  keil_startup_lpc18xx43xx.o(.text)
    GPIO2_IRQHandler                         0x1a00027d   Thumb Code     0  keil_startup_lpc18xx43xx.o(.text)
    GPIO3_IRQHandler                         0x1a00027d   Thumb Code     0  keil_startup_lpc18xx43xx.o(.text)
    GPIO4_IRQHandler                         0x1a00027d   Thumb Code     0  keil_startup_lpc18xx43xx.o(.text)
    GPIO5_IRQHandler                         0x1a00027d   Thumb Code     0  keil_startup_lpc18xx43xx.o(.text)
    GPIO6_IRQHandler                         0x1a00027d   Thumb Code     0  keil_startup_lpc18xx43xx.o(.text)
    GPIO7_IRQHandler                         0x1a00027d   Thumb Code     0  keil_startup_lpc18xx43xx.o(.text)
    I2C0_IRQHandler                          0x1a00027d   Thumb Code     0  keil_startup_lpc18xx43xx.o(.text)
    I2C1_IRQHandler                          0x1a00027d   Thumb Code     0  keil_startup_lpc18xx43xx.o(.text)
    I2S0_IRQHandler                          0x1a00027d   Thumb Code     0  keil_startup_lpc18xx43xx.o(.text)
    I2S1_IRQHandler                          0x1a00027d   Thumb Code     0  keil_startup_lpc18xx43xx.o(.text)
    LCD_IRQHandler                           0x1a00027d   Thumb Code     0  keil_startup_lpc18xx43xx.o(.text)
    M0SUB_IRQHandler                         0x1a00027d   Thumb Code     0  keil_startup_lpc18xx43xx.o(.text)
    MCPWM_IRQHandler                         0x1a00027d   Thumb Code     0  keil_startup_lpc18xx43xx.o(.text)
    QEI_IRQHandler                           0x1a00027d   Thumb Code     0  keil_startup_lpc18xx43xx.o(.text)
    RIT_IRQHandler                           0x1a00027d   Thumb Code     0  keil_startup_lpc18xx43xx.o(.text)
    RTC_IRQHandler                           0x1a00027d   Thumb Code     0  keil_startup_lpc18xx43xx.o(.text)
    SCT_IRQHandler                           0x1a00027d   Thumb Code     0  keil_startup_lpc18xx43xx.o(.text)
    SDIO_IRQHandler                          0x1a00027d   Thumb Code     0  keil_startup_lpc18xx43xx.o(.text)
    SGPIO_IRQHandler                         0x1a00027d   Thumb Code     0  keil_startup_lpc18xx43xx.o(.text)
    SPIFI_IRQHandler                         0x1a00027d   Thumb Code     0  keil_startup_lpc18xx43xx.o(.text)
    SPI_IRQHandler                           0x1a00027d   Thumb Code     0  keil_startup_lpc18xx43xx.o(.text)
    SSP0_IRQHandler                          0x1a00027d   Thumb Code     0  keil_startup_lpc18xx43xx.o(.text)
    SSP1_IRQHandler                          0x1a00027d   Thumb Code     0  keil_startup_lpc18xx43xx.o(.text)
    TIMER2_IRQHandler                        0x1a00027d   Thumb Code     0  keil_startup_lpc18xx43xx.o(.text)
    TIMER3_IRQHandler                        0x1a00027d   Thumb Code     0  keil_startup_lpc18xx43xx.o(.text)
    UART0_IRQHandler                         0x1a00027d   Thumb Code     0  keil_startup_lpc18xx43xx.o(.text)
    UART1_IRQHandler                         0x1a00027d   Thumb Code     0  keil_startup_lpc18xx43xx.o(.text)
    UART2_IRQHandler                         0x1a00027d   Thumb Code     0  keil_startup_lpc18xx43xx.o(.text)
    UART3_IRQHandler                         0x1a00027d   Thumb Code     0  keil_startup_lpc18xx43xx.o(.text)
    USB0_IRQHandler                          0x1a00027d   Thumb Code     0  keil_startup_lpc18xx43xx.o(.text)
    USB1_IRQHandler                          0x1a00027d   Thumb Code     0  keil_startup_lpc18xx43xx.o(.text)
    WDT_IRQHandler                           0x1a00027d   Thumb Code     0  keil_startup_lpc18xx43xx.o(.text)
    __user_initial_stackheap                 0x1a000281   Thumb Code     0  keil_startup_lpc18xx43xx.o(.text)
    __aeabi_uldivmod                         0x1a0002a1   Thumb Code     0  lludivv7m.o(.text)
    _ll_udiv                                 0x1a0002a1   Thumb Code   238  lludivv7m.o(.text)
    __c89vsprintf                            0x1a000391   Thumb Code    32  c89vsprintf.o(.text)
    strlen                                   0x1a0003b5   Thumb Code    62  strlen.o(.text)
    strcat                                   0x1a0003f3   Thumb Code    24  strcat.o(.text)
    __aeabi_memcpy                           0x1a00040b   Thumb Code     0  rt_memcpy_v6.o(.text)
    __rt_memcpy                              0x1a00040b   Thumb Code   138  rt_memcpy_v6.o(.text)
    _memcpy_lastbytes                        0x1a000471   Thumb Code     0  rt_memcpy_v6.o(.text)
    __aeabi_memcpy4                          0x1a000495   Thumb Code     0  rt_memcpy_w.o(.text)
    __aeabi_memcpy8                          0x1a000495   Thumb Code     0  rt_memcpy_w.o(.text)
    __rt_memcpy_w                            0x1a000495   Thumb Code   100  rt_memcpy_w.o(.text)
    _memcpy_lastbytes_aligned                0x1a0004dd   Thumb Code     0  rt_memcpy_w.o(.text)
    __aeabi_memclr4                          0x1a0004f9   Thumb Code     0  rt_memclr_w.o(.text)
    __aeabi_memclr8                          0x1a0004f9   Thumb Code     0  rt_memclr_w.o(.text)
    __rt_memclr_w                            0x1a0004f9   Thumb Code    78  rt_memclr_w.o(.text)
    _memset_w                                0x1a0004fd   Thumb Code     0  rt_memclr_w.o(.text)
    __use_two_region_memory                  0x1a000547   Thumb Code     2  heapauxi.o(.text)
    __rt_heap_escrow$2region                 0x1a000549   Thumb Code     2  heapauxi.o(.text)
    __rt_heap_expand$2region                 0x1a00054b   Thumb Code     2  heapauxi.o(.text)
    __read_errno                             0x1a00054d   Thumb Code    10  _rserrno.o(.text)
    __set_errno                              0x1a000557   Thumb Code    12  _rserrno.o(.text)
    _printf_pre_padding                      0x1a000563   Thumb Code    44  _printf_pad.o(.text)
    _printf_post_padding                     0x1a00058f   Thumb Code    34  _printf_pad.o(.text)
    _printf_truncate_signed                  0x1a0005b1   Thumb Code    18  _printf_truncate.o(.text)
    _printf_truncate_unsigned                0x1a0005c3   Thumb Code    18  _printf_truncate.o(.text)
    _printf_str                              0x1a0005d5   Thumb Code    82  _printf_str.o(.text)
    _printf_int_dec                          0x1a000629   Thumb Code   104  _printf_dec.o(.text)
    _printf_charcount                        0x1a0006a1   Thumb Code    40  _printf_charcount.o(.text)
    _printf_char_common                      0x1a0006d3   Thumb Code    32  _printf_char_common.o(.text)
    _sputc                                   0x1a0006f9   Thumb Code    10  _sputc.o(.text)
    _printf_wctomb                           0x1a000705   Thumb Code   182  _printf_wctomb.o(.text)
    _printf_longlong_dec                     0x1a0007c1   Thumb Code   108  _printf_longlong_dec.o(.text)
    _printf_longlong_oct                     0x1a00083d   Thumb Code    66  _printf_oct_int_ll.o(.text)
    _printf_int_oct                          0x1a00087f   Thumb Code    24  _printf_oct_int_ll.o(.text)
    _printf_ll_oct                           0x1a000897   Thumb Code    12  _printf_oct_int_ll.o(.text)
    _printf_longlong_hex                     0x1a0008ad   Thumb Code    86  _printf_hex_int_ll_ptr.o(.text)
    _printf_int_hex                          0x1a000903   Thumb Code    28  _printf_hex_int_ll_ptr.o(.text)
    _printf_ll_hex                           0x1a00091f   Thumb Code    12  _printf_hex_int_ll_ptr.o(.text)
    _printf_hex_ptr                          0x1a00092b   Thumb Code    18  _printf_hex_int_ll_ptr.o(.text)
    __printf                                 0x1a000941   Thumb Code   388  __printf_flags_ss_wp.o(.text)
    __aeabi_errno_addr                       0x1a000ac9   Thumb Code     8  rt_errno_addr_intlibspace.o(.text)
    __errno$intlibspace                      0x1a000ac9   Thumb Code     0  rt_errno_addr_intlibspace.o(.text)
    __rt_errno_addr$intlibspace              0x1a000ac9   Thumb Code     0  rt_errno_addr_intlibspace.o(.text)
    _ll_udiv10                               0x1a000ad1   Thumb Code   138  lludiv10.o(.text)
    _printf_int_common                       0x1a000b5b   Thumb Code   178  _printf_intcommon.o(.text)
    __lib_sel_fp_printf                      0x1a000c0d   Thumb Code     2  _printf_fp_dec.o(.text)
    _printf_fp_dec_real                      0x1a000dbf   Thumb Code   620  _printf_fp_dec.o(.text)
    _printf_cs_common                        0x1a00102b   Thumb Code    20  _printf_char.o(.text)
    _printf_char                             0x1a00103f   Thumb Code    16  _printf_char.o(.text)
    _printf_string                           0x1a00104f   Thumb Code     8  _printf_char.o(.text)
    _printf_lcs_common                       0x1a001057   Thumb Code    20  _printf_wchar.o(.text)
    _printf_wchar                            0x1a00106b   Thumb Code    16  _printf_wchar.o(.text)
    _printf_wstring                          0x1a00107b   Thumb Code     8  _printf_wchar.o(.text)
    _wcrtomb                                 0x1a001083   Thumb Code    64  _wcrtomb.o(.text)
    __user_libspace                          0x1a0010c5   Thumb Code     8  libspace.o(.text)
    __user_perproc_libspace                  0x1a0010c5   Thumb Code     0  libspace.o(.text)
    __user_perthread_libspace                0x1a0010c5   Thumb Code     0  libspace.o(.text)
    __user_setup_stackheap                   0x1a0010cd   Thumb Code    74  sys_stackheap_outer.o(.text)
    __rt_ctype_table                         0x1a001119   Thumb Code    16  rt_ctype_table.o(.text)
    __rt_locale                              0x1a001129   Thumb Code     8  rt_locale_intlibspace.o(.text)
    _printf_fp_infnan                        0x1a001131   Thumb Code   112  _printf_fp_infnan.o(.text)
    _btod_etento                             0x1a0011b1   Thumb Code   224  bigflt0.o(.text)
    exit                                     0x1a001295   Thumb Code    18  exit.o(.text)
    strcmp                                   0x1a0012a9   Thumb Code   128  strcmpv7m.o(.text)
    _btod_d2e                                0x1a001329   Thumb Code    62  btod.o(CL$$btod_d2e)
    _d2e_denorm_low                          0x1a001367   Thumb Code    70  btod.o(CL$$btod_d2e_denorm_low)
    _d2e_norm_op1                            0x1a0013ad   Thumb Code    96  btod.o(CL$$btod_d2e_norm_op1)
    __btod_div_common                        0x1a00140d   Thumb Code   696  btod.o(CL$$btod_div_common)
    _e2e                                     0x1a001745   Thumb Code   220  btod.o(CL$$btod_e2e)
    _btod_ediv                               0x1a001821   Thumb Code    42  btod.o(CL$$btod_ediv)
    _btod_emul                               0x1a00184b   Thumb Code    42  btod.o(CL$$btod_emul)
    __btod_mult_common                       0x1a001875   Thumb Code   580  btod.o(CL$$btod_mult_common)
    Board_Debug_Init                         0x1a001ac1   Thumb Code    36  board.o(i.Board_Debug_Init)
    Board_Init                               0x1a001ae9   Thumb Code    74  board.o(i.Board_Init)
    Board_SetupClocking                      0x1a001b41   Thumb Code    98  board_sysinit.o(i.Board_SetupClocking)
    Board_SetupMuxing                        0x1a001bb5   Thumb Code    40  board_sysinit.o(i.Board_SetupMuxing)
    Board_SystemInit                         0x1a001be5   Thumb Code    14  board_sysinit.o(i.Board_SystemInit)
    Board_UARTPutChar                        0x1a001bf5   Thumb Code    12  board.o(i.Board_UARTPutChar)
    Board_UARTPutSTR                         0x1a001c05   Thumb Code    20  board.o(i.Board_UARTPutSTR)
    Board_UART_Init                          0x1a001c19   Thumb Code    14  board.o(i.Board_UART_Init)
    Chip_Clock_CalcMainPLLValue              0x1a001c31   Thumb Code    98  clock_18xx_43xx.o(i.Chip_Clock_CalcMainPLLValue)
    Chip_Clock_Disable                       0x1a001ca1   Thumb Code    40  clock_18xx_43xx.o(i.Chip_Clock_Disable)
    Chip_Clock_Enable                        0x1a001ccd   Thumb Code    40  clock_18xx_43xx.o(i.Chip_Clock_Enable)
    Chip_Clock_EnableCrystal                 0x1a001cf9   Thumb Code    54  clock_18xx_43xx.o(i.Chip_Clock_EnableCrystal)
    Chip_Clock_EnableOpts                    0x1a001d3d   Thumb Code    46  clock_18xx_43xx.o(i.Chip_Clock_EnableOpts)
    Chip_Clock_GetBaseClock                  0x1a001d71   Thumb Code    26  clock_18xx_43xx.o(i.Chip_Clock_GetBaseClock)
    Chip_Clock_GetBaseClocktHz               0x1a001d91   Thumb Code    14  clock_18xx_43xx.o(i.Chip_Clock_GetBaseClocktHz)
    Chip_Clock_GetClockInputHz               0x1a001da1   Thumb Code   132  clock_18xx_43xx.o(i.Chip_Clock_GetClockInputHz)
    Chip_Clock_GetDividerDivisor             0x1a001e65   Thumb Code    18  clock_18xx_43xx.o(i.Chip_Clock_GetDividerDivisor)
    Chip_Clock_GetDividerSource              0x1a001e85   Thumb Code    22  clock_18xx_43xx.o(i.Chip_Clock_GetDividerSource)
    Chip_Clock_GetMainPLLHz                  0x1a001ea1   Thumb Code    84  clock_18xx_43xx.o(i.Chip_Clock_GetMainPLLHz)
    Chip_Clock_GetRate                       0x1a001efd   Thumb Code   112  clock_18xx_43xx.o(i.Chip_Clock_GetRate)
    Chip_Clock_SetBaseClock                  0x1a001f75   Thumb Code    48  clock_18xx_43xx.o(i.Chip_Clock_SetBaseClock)
    Chip_GPIO_Init                           0x1a001fd1   Thumb Code     2  gpio_18xx_43xx.o(i.Chip_GPIO_Init)
    Chip_SetupCoreClock                      0x1a00204d   Thumb Code   226  sysinit_18xx_43xx.o(i.Chip_SetupCoreClock)
    Chip_TIMER_Init                          0x1a002189   Thumb Code    14  timer_18xx_43xx.o(i.Chip_TIMER_Init)
    Chip_TIMER_Reset                         0x1a0021c3   Thumb Code    24  timer_18xx_43xx.o(i.Chip_TIMER_Reset)
    Chip_UART_CheckBusy                      0x1a0021f9   Thumb Code    14  uart_18xx_43xx.o(i.Chip_UART_CheckBusy)
    Chip_UART_DeInit                         0x1a002209   Thumb Code    24  uart_18xx_43xx.o(i.Chip_UART_DeInit)
    Chip_UART_Init                           0x1a002251   Thumb Code    66  uart_18xx_43xx.o(i.Chip_UART_Init)
    Chip_UART_Read                           0x1a00229d   Thumb Code    28  uart_18xx_43xx.o(i.Chip_UART_Read)
    Chip_UART_ReadBlocking                   0x1a0022b9   Thumb Code    36  uart_18xx_43xx.o(i.Chip_UART_ReadBlocking)
    Chip_UART_Send                           0x1a0022dd   Thumb Code    28  uart_18xx_43xx.o(i.Chip_UART_Send)
    Chip_UART_SendBlocking                   0x1a0022f9   Thumb Code    36  uart_18xx_43xx.o(i.Chip_UART_SendBlocking)
    Chip_UART_SetBaud                        0x1a00231d   Thumb Code    66  uart_18xx_43xx.o(i.Chip_UART_SetBaud)
    Chip_UART_SetBaudFDR                     0x1a002365   Thumb Code   200  uart_18xx_43xx.o(i.Chip_UART_SetBaudFDR)
    IPCEX_Init                               0x1a002431   Thumb Code    22  ipc_example.o(i.IPCEX_Init)
    IPC_initMsgQueue                         0x1a002459   Thumb Code    80  ipc_msg.o(i.IPC_initMsgQueue)
    IPC_popMsgTout                           0x1a00250d   Thumb Code   140  ipc_msg.o(i.IPC_popMsgTout)
    IPC_pushMsgTout                          0x1a0025a5   Thumb Code   132  ipc_msg.o(i.IPC_pushMsgTout)
    M0APP_IRQHandler                         0x1a002635   Thumb Code   102  main.o(i.M0APP_IRQHandler)
    M0Image_Boot                             0x1a0026f1   Thumb Code   112  m0_img_ldr.o(i.M0Image_Boot)
    SystemCoreClockUpdate                    0x1a002795   Thumb Code    14  chip_18xx_43xx.o(i.SystemCoreClockUpdate)
    SystemInit                               0x1a0027a9   Thumb Code    18  sysinit.o(i.SystemInit)
    TIMER0_IRQHandler                        0x1a0027c5   Thumb Code   258  main.o(i.TIMER0_IRQHandler)
    TIMER1_IRQHandler                        0x1a00295d   Thumb Code    32  main.o(i.TIMER1_IRQHandler)
    __ARM_fpclassify                         0x1a002985   Thumb Code    48  fpclassify.o(i.__ARM_fpclassify)
    __ARM_fpclassifyf                        0x1a0029b5   Thumb Code    38  fpclassifyf.o(i.__ARM_fpclassifyf)
    __hardfp_powf                            0x1a0029e1   Thumb Code  1606  powf.o(i.__hardfp_powf)
    __mathlib_powf                           0x1a0029e1   Thumb Code     0  powf.o(i.__hardfp_powf)
    __mathlib_flt_divzero                    0x1a003045   Thumb Code    14  funder.o(i.__mathlib_flt_divzero)
    __mathlib_flt_infnan2                    0x1a003059   Thumb Code     6  funder.o(i.__mathlib_flt_infnan2)
    __mathlib_flt_invalid                    0x1a003061   Thumb Code    10  funder.o(i.__mathlib_flt_invalid)
    __mathlib_flt_overflow                   0x1a003071   Thumb Code    10  funder.o(i.__mathlib_flt_overflow)
    __mathlib_flt_underflow                  0x1a003081   Thumb Code    10  funder.o(i.__mathlib_flt_underflow)
    _is_digit                                0x1a003091   Thumb Code    14  __printf_wp.o(i._is_digit)
    _sys_exit                                0x1a00309f   Thumb Code     4  board.o(i._sys_exit)
    calc_pi                                  0x1a00310d   Thumb Code   116  main.o(i.calc_pi)
    fpuInit                                  0x1a003201   Thumb Code    46  fpu_init.o(i.fpuInit)
    idle                                     0x1a00323d   Thumb Code   208  main.o(i.idle)
    ipcex_register_callback                  0x1a003385   Thumb Code    16  ipc_example.o(i.ipcex_register_callback)
    main                                     0x1a0033f1   Thumb Code  1980  main.o(i.main)
    _get_lc_numeric                          0x1a0041a1   Thumb Code    44  lc_numeric_c.o(locale$$code)
    _get_lc_ctype                            0x1a0041cd   Thumb Code    44  lc_ctype_c.o(locale$$code)
    __fpl_dretinf                            0x1a0041f9   Thumb Code    12  dretinf.o(x$fpl$dretinf)
    __aeabi_f2d                              0x1a004205   Thumb Code     0  f2d.o(x$fpl$f2d)
    _f2d                                     0x1a004205   Thumb Code    86  f2d.o(x$fpl$f2d)
    __fpl_fnaninf                            0x1a00425b   Thumb Code   140  fnaninf.o(x$fpl$fnaninf)
    _fp_init                                 0x1a0042e7   Thumb Code    10  fpinit.o(x$fpl$fpinit)
    __fplib_config_fpu_vfp                   0x1a0042ef   Thumb Code     0  fpinit.o(x$fpl$fpinit)
    __fplib_config_pureend_doubles           0x1a0042ef   Thumb Code     0  fpinit.o(x$fpl$fpinit)
    _printf_fp_dec                           0x1a0042f1   Thumb Code     4  printf1.o(x$fpl$printf1)
    __I$use$fp                               0x1a0042f4   Number         0  usenofp.o(x$fpl$usenofp)
    ExtRateIn                                0x1a004344   Data           4  board.o(.constdata)
    OscRateIn                                0x1a004348   Data           4  board.o(.constdata)
    Region$$Table$$Base                      0x1a0046ec   Number         0  anon$$obj.o(Region$$Table)
    Region$$Table$$Limit                     0x1a00470c   Number         0  anon$$obj.o(Region$$Table)
    __ctype                                  0x1a004735   Data           0  lc_ctype_c.o(locale$$data)



==============================================================================

Memory Map of the image

  Image Entry point : 0x1a000115

  Load Region LR_IROM1 (Base: 0x1a000000, Size: 0x000048b4, Max: 0x00080000, ABSOLUTE)

    Execution Region RW_IRAM1 (Exec base: 0x10000000, Load base: 0x1a004838, Size: 0x00000750, Max: 0x00008000, ABSOLUTE)

    Exec Addr    Load Addr    Size         Type   Attr      Idx    E Section Name        Object

    0x10000000   0x1a004838   0x00000020   Data   RW          283    .data               ipc_msg.o
    0x10000020   0x1a004858   0x00000004   Data   RW          375    .data               ipc_example.o
    0x10000024   0x1a00485c   0x0000004c   Data   RW          488    .data               main.o
    0x10000070   0x1a0048a8   0x00000004   Data   RW         1160    .data               lib_lpc_chip_43xx.lib(chip_18xx_43xx.o)
    0x10000074   0x1a0048ac   0x00000008   Data   RW         1416    .data               lib_lpc_chip_43xx.lib(clock_18xx_43xx.o)
    0x1000007c        -       0x00000370   Zero   RW          374    .bss                ipc_example.o
    0x100003ec        -       0x00000060   Zero   RW         2458    .bss                c_w.l(libspace.o)
    0x1000044c   0x1a0048b4   0x00000004   PAD
    0x10000450        -       0x00000000   Zero   RW            2    HEAP                keil_startup_lpc18xx43xx.o
    0x10000450        -       0x00000300   Zero   RW            1    STACK               keil_startup_lpc18xx43xx.o


    Execution Region ER_IROM1 (Exec base: 0x1a000000, Load base: 0x1a000000, Size: 0x00004838, Max: 0x00080000, ABSOLUTE)

    Exec Addr    Load Addr    Size         Type   Attr      Idx    E Section Name        Object

    0x1a000000   0x1a000000   0x00000114   Data   RO            3    RESET               keil_startup_lpc18xx43xx.o
    0x1a000114   0x1a000114   0x00000008   Code   RO         2279  * !!!main             c_w.l(__main.o)
    0x1a00011c   0x1a00011c   0x00000034   Code   RO         2642    !!!scatter          c_w.l(__scatter.o)
    0x1a000150   0x1a000150   0x0000001a   Code   RO         2644    !!handler_copy      c_w.l(__scatter_copy.o)
    0x1a00016a   0x1a00016a   0x00000002   PAD
    0x1a00016c   0x1a00016c   0x0000001c   Code   RO         2646    !!handler_zi        c_w.l(__scatter_zi.o)
    0x1a000188   0x1a000188   0x00000000   Code   RO         2385    .ARM.Collect$$_printf_percent$$00000000  c_w.l(_printf_percent.o)
    0x1a000188   0x1a000188   0x00000006   Code   RO         2374    .ARM.Collect$$_printf_percent$$00000001  c_w.l(_printf_n.o)
    0x1a00018e   0x1a00018e   0x00000006   Code   RO         2376    .ARM.Collect$$_printf_percent$$00000002  c_w.l(_printf_p.o)
    0x1a000194   0x1a000194   0x00000006   Code   RO         2381    .ARM.Collect$$_printf_percent$$00000003  c_w.l(_printf_f.o)
    0x1a00019a   0x1a00019a   0x00000006   Code   RO         2382    .ARM.Collect$$_printf_percent$$00000004  c_w.l(_printf_e.o)
    0x1a0001a0   0x1a0001a0   0x00000006   Code   RO         2383    .ARM.Collect$$_printf_percent$$00000005  c_w.l(_printf_g.o)
    0x1a0001a6   0x1a0001a6   0x00000006   Code   RO         2384    .ARM.Collect$$_printf_percent$$00000006  c_w.l(_printf_a.o)
    0x1a0001ac   0x1a0001ac   0x0000000a   Code   RO         2389    .ARM.Collect$$_printf_percent$$00000007  c_w.l(_printf_ll.o)
    0x1a0001b6   0x1a0001b6   0x00000006   Code   RO         2378    .ARM.Collect$$_printf_percent$$00000008  c_w.l(_printf_i.o)
    0x1a0001bc   0x1a0001bc   0x00000006   Code   RO         2379    .ARM.Collect$$_printf_percent$$00000009  c_w.l(_printf_d.o)
    0x1a0001c2   0x1a0001c2   0x00000006   Code   RO         2380    .ARM.Collect$$_printf_percent$$0000000A  c_w.l(_printf_u.o)
    0x1a0001c8   0x1a0001c8   0x00000006   Code   RO         2377    .ARM.Collect$$_printf_percent$$0000000B  c_w.l(_printf_o.o)
    0x1a0001ce   0x1a0001ce   0x00000006   Code   RO         2375    .ARM.Collect$$_printf_percent$$0000000C  c_w.l(_printf_x.o)
    0x1a0001d4   0x1a0001d4   0x00000006   Code   RO         2386    .ARM.Collect$$_printf_percent$$0000000D  c_w.l(_printf_lli.o)
    0x1a0001da   0x1a0001da   0x00000006   Code   RO         2387    .ARM.Collect$$_printf_percent$$0000000E  c_w.l(_printf_lld.o)
    0x1a0001e0   0x1a0001e0   0x00000006   Code   RO         2388    .ARM.Collect$$_printf_percent$$0000000F  c_w.l(_printf_llu.o)
    0x1a0001e6   0x1a0001e6   0x00000006   Code   RO         2393    .ARM.Collect$$_printf_percent$$00000010  c_w.l(_printf_llo.o)
    0x1a0001ec   0x1a0001ec   0x00000006   Code   RO         2394    .ARM.Collect$$_printf_percent$$00000011  c_w.l(_printf_llx.o)
    0x1a0001f2   0x1a0001f2   0x0000000a   Code   RO         2390    .ARM.Collect$$_printf_percent$$00000012  c_w.l(_printf_l.o)
    0x1a0001fc   0x1a0001fc   0x00000006   Code   RO         2372    .ARM.Collect$$_printf_percent$$00000013  c_w.l(_printf_c.o)
    0x1a000202   0x1a000202   0x00000006   Code   RO         2373    .ARM.Collect$$_printf_percent$$00000014  c_w.l(_printf_s.o)
    0x1a000208   0x1a000208   0x00000006   Code   RO         2391    .ARM.Collect$$_printf_percent$$00000015  c_w.l(_printf_lc.o)
    0x1a00020e   0x1a00020e   0x00000006   Code   RO         2392    .ARM.Collect$$_printf_percent$$00000016  c_w.l(_printf_ls.o)
    0x1a000214   0x1a000214   0x00000004   Code   RO         2454    .ARM.Collect$$_printf_percent$$00000017  c_w.l(_printf_percent_end.o)
    0x1a000218   0x1a000218   0x00000002   Code   RO         2510    .ARM.Collect$$libinit$$00000000  c_w.l(libinit.o)
    0x1a00021a   0x1a00021a   0x00000004   Code   RO         2526    .ARM.Collect$$libinit$$00000001  c_w.l(libinit2.o)
    0x1a00021e   0x1a00021e   0x00000000   Code   RO         2529    .ARM.Collect$$libinit$$00000004  c_w.l(libinit2.o)
    0x1a00021e   0x1a00021e   0x00000000   Code   RO         2532    .ARM.Collect$$libinit$$0000000A  c_w.l(libinit2.o)
    0x1a00021e   0x1a00021e   0x00000000   Code   RO         2534    .ARM.Collect$$libinit$$0000000C  c_w.l(libinit2.o)
    0x1a00021e   0x1a00021e   0x00000000   Code   RO         2536    .ARM.Collect$$libinit$$0000000E  c_w.l(libinit2.o)
    0x1a00021e   0x1a00021e   0x00000006   Code   RO         2537    .ARM.Collect$$libinit$$0000000F  c_w.l(libinit2.o)
    0x1a000224   0x1a000224   0x00000000   Code   RO         2539    .ARM.Collect$$libinit$$00000011  c_w.l(libinit2.o)
    0x1a000224   0x1a000224   0x0000000c   Code   RO         2540    .ARM.Collect$$libinit$$00000012  c_w.l(libinit2.o)
    0x1a000230   0x1a000230   0x00000000   Code   RO         2541    .ARM.Collect$$libinit$$00000013  c_w.l(libinit2.o)
    0x1a000230   0x1a000230   0x00000000   Code   RO         2543    .ARM.Collect$$libinit$$00000015  c_w.l(libinit2.o)
    0x1a000230   0x1a000230   0x0000000a   Code   RO         2544    .ARM.Collect$$libinit$$00000016  c_w.l(libinit2.o)
    0x1a00023a   0x1a00023a   0x00000000   Code   RO         2545    .ARM.Collect$$libinit$$00000017  c_w.l(libinit2.o)
    0x1a00023a   0x1a00023a   0x00000000   Code   RO         2547    .ARM.Collect$$libinit$$00000019  c_w.l(libinit2.o)
    0x1a00023a   0x1a00023a   0x00000000   Code   RO         2549    .ARM.Collect$$libinit$$0000001B  c_w.l(libinit2.o)
    0x1a00023a   0x1a00023a   0x00000000   Code   RO         2551    .ARM.Collect$$libinit$$0000001D  c_w.l(libinit2.o)
    0x1a00023a   0x1a00023a   0x00000000   Code   RO         2553    .ARM.Collect$$libinit$$0000001F  c_w.l(libinit2.o)
    0x1a00023a   0x1a00023a   0x00000000   Code   RO         2555    .ARM.Collect$$libinit$$00000021  c_w.l(libinit2.o)
    0x1a00023a   0x1a00023a   0x00000000   Code   RO         2557    .ARM.Collect$$libinit$$00000023  c_w.l(libinit2.o)
    0x1a00023a   0x1a00023a   0x00000000   Code   RO         2559    .ARM.Collect$$libinit$$00000025  c_w.l(libinit2.o)
    0x1a00023a   0x1a00023a   0x00000000   Code   RO         2563    .ARM.Collect$$libinit$$0000002C  c_w.l(libinit2.o)
    0x1a00023a   0x1a00023a   0x00000000   Code   RO         2565    .ARM.Collect$$libinit$$0000002E  c_w.l(libinit2.o)
    0x1a00023a   0x1a00023a   0x00000000   Code   RO         2567    .ARM.Collect$$libinit$$00000030  c_w.l(libinit2.o)
    0x1a00023a   0x1a00023a   0x00000000   Code   RO         2569    .ARM.Collect$$libinit$$00000032  c_w.l(libinit2.o)
    0x1a00023a   0x1a00023a   0x00000002   Code   RO         2570    .ARM.Collect$$libinit$$00000033  c_w.l(libinit2.o)
    0x1a00023c   0x1a00023c   0x00000002   Code   RO         2596    .ARM.Collect$$libshutdown$$00000000  c_w.l(libshutdown.o)
    0x1a00023e   0x1a00023e   0x00000000   Code   RO         2625    .ARM.Collect$$libshutdown$$00000002  c_w.l(libshutdown2.o)
    0x1a00023e   0x1a00023e   0x00000000   Code   RO         2627    .ARM.Collect$$libshutdown$$00000004  c_w.l(libshutdown2.o)
    0x1a00023e   0x1a00023e   0x00000000   Code   RO         2630    .ARM.Collect$$libshutdown$$00000007  c_w.l(libshutdown2.o)
    0x1a00023e   0x1a00023e   0x00000000   Code   RO         2633    .ARM.Collect$$libshutdown$$0000000A  c_w.l(libshutdown2.o)
    0x1a00023e   0x1a00023e   0x00000000   Code   RO         2635    .ARM.Collect$$libshutdown$$0000000C  c_w.l(libshutdown2.o)
    0x1a00023e   0x1a00023e   0x00000000   Code   RO         2638    .ARM.Collect$$libshutdown$$0000000F  c_w.l(libshutdown2.o)
    0x1a00023e   0x1a00023e   0x00000002   Code   RO         2639    .ARM.Collect$$libshutdown$$00000010  c_w.l(libshutdown2.o)
    0x1a000240   0x1a000240   0x00000000   Code   RO         2297    .ARM.Collect$$rtentry$$00000000  c_w.l(__rtentry.o)
    0x1a000240   0x1a000240   0x00000000   Code   RO         2421    .ARM.Collect$$rtentry$$00000002  c_w.l(__rtentry2.o)
    0x1a000240   0x1a000240   0x00000006   Code   RO         2433    .ARM.Collect$$rtentry$$00000004  c_w.l(__rtentry4.o)
    0x1a000246   0x1a000246   0x00000000   Code   RO         2423    .ARM.Collect$$rtentry$$00000009  c_w.l(__rtentry2.o)
    0x1a000246   0x1a000246   0x00000004   Code   RO         2424    .ARM.Collect$$rtentry$$0000000A  c_w.l(__rtentry2.o)
    0x1a00024a   0x1a00024a   0x00000000   Code   RO         2426    .ARM.Collect$$rtentry$$0000000C  c_w.l(__rtentry2.o)
    0x1a00024a   0x1a00024a   0x00000008   Code   RO         2427    .ARM.Collect$$rtentry$$0000000D  c_w.l(__rtentry2.o)
    0x1a000252   0x1a000252   0x00000002   Code   RO         2513    .ARM.Collect$$rtexit$$00000000  c_w.l(rtexit.o)
    0x1a000254   0x1a000254   0x00000000   Code   RO         2572    .ARM.Collect$$rtexit$$00000002  c_w.l(rtexit2.o)
    0x1a000254   0x1a000254   0x00000004   Code   RO         2573    .ARM.Collect$$rtexit$$00000003  c_w.l(rtexit2.o)
    0x1a000258   0x1a000258   0x00000006   Code   RO         2574    .ARM.Collect$$rtexit$$00000004  c_w.l(rtexit2.o)
    0x1a00025e   0x1a00025e   0x00000002   PAD
    0x1a000260   0x1a000260   0x00000040   Code   RO            4    .text               keil_startup_lpc18xx43xx.o
    0x1a0002a0   0x1a0002a0   0x000000ee   Code   RO         2263    .text               c_w.l(lludivv7m.o)
    0x1a00038e   0x1a00038e   0x00000002   PAD
    0x1a000390   0x1a000390   0x00000024   Code   RO         2265    .text               c_w.l(c89vsprintf.o)
    0x1a0003b4   0x1a0003b4   0x0000003e   Code   RO         2267    .text               c_w.l(strlen.o)
    0x1a0003f2   0x1a0003f2   0x00000018   Code   RO         2269    .text               c_w.l(strcat.o)
    0x1a00040a   0x1a00040a   0x0000008a   Code   RO         2271    .text               c_w.l(rt_memcpy_v6.o)
    0x1a000494   0x1a000494   0x00000064   Code   RO         2273    .text               c_w.l(rt_memcpy_w.o)
    0x1a0004f8   0x1a0004f8   0x0000004e   Code   RO         2275    .text               c_w.l(rt_memclr_w.o)
    0x1a000546   0x1a000546   0x00000006   Code   RO         2277    .text               c_w.l(heapauxi.o)
    0x1a00054c   0x1a00054c   0x00000016   Code   RO         2302    .text               c_w.l(_rserrno.o)
    0x1a000562   0x1a000562   0x0000004e   Code   RO         2306    .text               c_w.l(_printf_pad.o)
    0x1a0005b0   0x1a0005b0   0x00000024   Code   RO         2308    .text               c_w.l(_printf_truncate.o)
    0x1a0005d4   0x1a0005d4   0x00000052   Code   RO         2310    .text               c_w.l(_printf_str.o)
    0x1a000626   0x1a000626   0x00000002   PAD
    0x1a000628   0x1a000628   0x00000078   Code   RO         2312    .text               c_w.l(_printf_dec.o)
    0x1a0006a0   0x1a0006a0   0x00000028   Code   RO         2314    .text               c_w.l(_printf_charcount.o)
    0x1a0006c8   0x1a0006c8   0x00000030   Code   RO         2316    .text               c_w.l(_printf_char_common.o)
    0x1a0006f8   0x1a0006f8   0x0000000a   Code   RO         2318    .text               c_w.l(_sputc.o)
    0x1a000702   0x1a000702   0x00000002   PAD
    0x1a000704   0x1a000704   0x000000bc   Code   RO         2320    .text               c_w.l(_printf_wctomb.o)
    0x1a0007c0   0x1a0007c0   0x0000007c   Code   RO         2323    .text               c_w.l(_printf_longlong_dec.o)
    0x1a00083c   0x1a00083c   0x00000070   Code   RO         2329    .text               c_w.l(_printf_oct_int_ll.o)
    0x1a0008ac   0x1a0008ac   0x00000094   Code   RO         2349    .text               c_w.l(_printf_hex_int_ll_ptr.o)
    0x1a000940   0x1a000940   0x00000188   Code   RO         2369    .text               c_w.l(__printf_flags_ss_wp.o)
    0x1a000ac8   0x1a000ac8   0x00000008   Code   RO         2440    .text               c_w.l(rt_errno_addr_intlibspace.o)
    0x1a000ad0   0x1a000ad0   0x0000008a   Code   RO         2442    .text               c_w.l(lludiv10.o)
    0x1a000b5a   0x1a000b5a   0x000000b2   Code   RO         2444    .text               c_w.l(_printf_intcommon.o)
    0x1a000c0c   0x1a000c0c   0x0000041e   Code   RO         2446    .text               c_w.l(_printf_fp_dec.o)
    0x1a00102a   0x1a00102a   0x0000002c   Code   RO         2450    .text               c_w.l(_printf_char.o)
    0x1a001056   0x1a001056   0x0000002c   Code   RO         2452    .text               c_w.l(_printf_wchar.o)
    0x1a001082   0x1a001082   0x00000040   Code   RO         2455    .text               c_w.l(_wcrtomb.o)
    0x1a0010c2   0x1a0010c2   0x00000002   PAD
    0x1a0010c4   0x1a0010c4   0x00000008   Code   RO         2457    .text               c_w.l(libspace.o)
    0x1a0010cc   0x1a0010cc   0x0000004a   Code   RO         2460    .text               c_w.l(sys_stackheap_outer.o)
    0x1a001116   0x1a001116   0x00000002   PAD
    0x1a001118   0x1a001118   0x00000010   Code   RO         2462    .text               c_w.l(rt_ctype_table.o)
    0x1a001128   0x1a001128   0x00000008   Code   RO         2467    .text               c_w.l(rt_locale_intlibspace.o)
    0x1a001130   0x1a001130   0x00000080   Code   RO         2469    .text               c_w.l(_printf_fp_infnan.o)
    0x1a0011b0   0x1a0011b0   0x000000e4   Code   RO         2471    .text               c_w.l(bigflt0.o)
    0x1a001294   0x1a001294   0x00000012   Code   RO         2499    .text               c_w.l(exit.o)
    0x1a0012a6   0x1a0012a6   0x00000002   PAD
    0x1a0012a8   0x1a0012a8   0x00000080   Code   RO         2524    .text               c_w.l(strcmpv7m.o)
    0x1a001328   0x1a001328   0x0000003e   Code   RO         2474    CL$$btod_d2e        c_w.l(btod.o)
    0x1a001366   0x1a001366   0x00000046   Code   RO         2476    CL$$btod_d2e_denorm_low  c_w.l(btod.o)
    0x1a0013ac   0x1a0013ac   0x00000060   Code   RO         2475    CL$$btod_d2e_norm_op1  c_w.l(btod.o)
    0x1a00140c   0x1a00140c   0x00000338   Code   RO         2484    CL$$btod_div_common  c_w.l(btod.o)
    0x1a001744   0x1a001744   0x000000dc   Code   RO         2481    CL$$btod_e2e        c_w.l(btod.o)
    0x1a001820   0x1a001820   0x0000002a   Code   RO         2478    CL$$btod_ediv       c_w.l(btod.o)
    0x1a00184a   0x1a00184a   0x0000002a   Code   RO         2477    CL$$btod_emul       c_w.l(btod.o)
    0x1a001874   0x1a001874   0x00000244   Code   RO         2483    CL$$btod_mult_common  c_w.l(btod.o)
    0x1a001ab8   0x1a001ab8   0x00000008   Code   RO         1381    i.ABS               lib_lpc_chip_43xx.lib(clock_18xx_43xx.o)
    0x1a001ac0   0x1a001ac0   0x00000028   Code   RO          711    i.Board_Debug_Init  lib_lpc_board_nxp_lpcxpresso_4337.lib(board.o)
    0x1a001ae8   0x1a001ae8   0x00000058   Code   RO          714    i.Board_Init        lib_lpc_board_nxp_lpcxpresso_4337.lib(board.o)
    0x1a001b40   0x1a001b40   0x00000074   Code   RO         1099    i.Board_SetupClocking  lib_lpc_board_nxp_lpcxpresso_4337.lib(board_sysinit.o)
    0x1a001bb4   0x1a001bb4   0x00000030   Code   RO         1100    i.Board_SetupMuxing  lib_lpc_board_nxp_lpcxpresso_4337.lib(board_sysinit.o)
    0x1a001be4   0x1a001be4   0x0000000e   Code   RO         1101    i.Board_SystemInit  lib_lpc_board_nxp_lpcxpresso_4337.lib(board_sysinit.o)
    0x1a001bf2   0x1a001bf2   0x00000002   PAD
    0x1a001bf4   0x1a001bf4   0x00000010   Code   RO          724    i.Board_UARTPutChar  lib_lpc_board_nxp_lpcxpresso_4337.lib(board.o)
    0x1a001c04   0x1a001c04   0x00000014   Code   RO          725    i.Board_UARTPutSTR  lib_lpc_board_nxp_lpcxpresso_4337.lib(board.o)
    0x1a001c18   0x1a001c18   0x00000018   Code   RO          726    i.Board_UART_Init   lib_lpc_board_nxp_lpcxpresso_4337.lib(board.o)
    0x1a001c30   0x1a001c30   0x00000070   Code   RO         1382    i.Chip_Clock_CalcMainPLLValue  lib_lpc_chip_43xx.lib(clock_18xx_43xx.o)
    0x1a001ca0   0x1a001ca0   0x0000002c   Code   RO         1384    i.Chip_Clock_Disable  lib_lpc_chip_43xx.lib(clock_18xx_43xx.o)
    0x1a001ccc   0x1a001ccc   0x0000002c   Code   RO         1388    i.Chip_Clock_Enable  lib_lpc_chip_43xx.lib(clock_18xx_43xx.o)
    0x1a001cf8   0x1a001cf8   0x00000044   Code   RO         1390    i.Chip_Clock_EnableCrystal  lib_lpc_chip_43xx.lib(clock_18xx_43xx.o)
    0x1a001d3c   0x1a001d3c   0x00000034   Code   RO         1391    i.Chip_Clock_EnableOpts  lib_lpc_chip_43xx.lib(clock_18xx_43xx.o)
    0x1a001d70   0x1a001d70   0x00000020   Code   RO         1393    i.Chip_Clock_GetBaseClock  lib_lpc_chip_43xx.lib(clock_18xx_43xx.o)
    0x1a001d90   0x1a001d90   0x0000000e   Code   RO         1395    i.Chip_Clock_GetBaseClocktHz  lib_lpc_chip_43xx.lib(clock_18xx_43xx.o)
    0x1a001d9e   0x1a001d9e   0x00000002   PAD
    0x1a001da0   0x1a001da0   0x000000a0   Code   RO         1396    i.Chip_Clock_GetClockInputHz  lib_lpc_chip_43xx.lib(clock_18xx_43xx.o)
    0x1a001e40   0x1a001e40   0x00000022   Code   RO         1397    i.Chip_Clock_GetDivRate  lib_lpc_chip_43xx.lib(clock_18xx_43xx.o)
    0x1a001e62   0x1a001e62   0x00000002   PAD
    0x1a001e64   0x1a001e64   0x00000020   Code   RO         1398    i.Chip_Clock_GetDividerDivisor  lib_lpc_chip_43xx.lib(clock_18xx_43xx.o)
    0x1a001e84   0x1a001e84   0x0000001c   Code   RO         1399    i.Chip_Clock_GetDividerSource  lib_lpc_chip_43xx.lib(clock_18xx_43xx.o)
    0x1a001ea0   0x1a001ea0   0x0000005c   Code   RO         1401    i.Chip_Clock_GetMainPLLHz  lib_lpc_chip_43xx.lib(clock_18xx_43xx.o)
    0x1a001efc   0x1a001efc   0x00000078   Code   RO         1403    i.Chip_Clock_GetRate  lib_lpc_chip_43xx.lib(clock_18xx_43xx.o)
    0x1a001f74   0x1a001f74   0x00000038   Code   RO         1406    i.Chip_Clock_SetBaseClock  lib_lpc_chip_43xx.lib(clock_18xx_43xx.o)
    0x1a001fac   0x1a001fac   0x00000024   Code   RO         2006    i.Chip_Clock_SetupMainPLL  lib_lpc_chip_43xx.lib(sysinit_18xx_43xx.o)
    0x1a001fd0   0x1a001fd0   0x00000002   Code   RO         1858    i.Chip_GPIO_Init    lib_lpc_chip_43xx.lib(gpio_18xx_43xx.o)
    0x1a001fd2   0x1a001fd2   0x00000014   Code   RO          729    i.Chip_GPIO_SetPinDIROutput  lib_lpc_board_nxp_lpcxpresso_4337.lib(board.o)
    0x1a001fe6   0x1a001fe6   0x00000002   PAD
    0x1a001fe8   0x1a001fe8   0x00000010   Code   RO          235    i.Chip_RGU_ClearReset  m0_img_ldr.o
    0x1a001ff8   0x1a001ff8   0x00000024   Code   RO          449    i.Chip_RGU_InReset  main.o
    0x1a00201c   0x1a00201c   0x00000018   Code   RO          236    i.Chip_RGU_TriggerReset  m0_img_ldr.o
    0x1a002034   0x1a002034   0x00000018   Code   RO          450    i.Chip_RGU_TriggerReset  main.o
    0x1a00204c   0x1a00204c   0x000000f0   Code   RO         2007    i.Chip_SetupCoreClock  lib_lpc_chip_43xx.lib(sysinit_18xx_43xx.o)
    0x1a00213c   0x1a00213c   0x00000008   Code   RO          451    i.Chip_TIMER_ClearMatch  main.o
    0x1a002144   0x1a002144   0x0000000a   Code   RO          452    i.Chip_TIMER_Disable  main.o
    0x1a00214e   0x1a00214e   0x0000000a   Code   RO          453    i.Chip_TIMER_Enable  main.o
    0x1a002158   0x1a002158   0x00000030   Code   RO         1606    i.Chip_TIMER_GetClockIndex  lib_lpc_chip_43xx.lib(timer_18xx_43xx.o)
    0x1a002188   0x1a002188   0x0000000e   Code   RO         1607    i.Chip_TIMER_Init   lib_lpc_chip_43xx.lib(timer_18xx_43xx.o)
    0x1a002196   0x1a002196   0x00000012   Code   RO          454    i.Chip_TIMER_MatchEnableInt  main.o
    0x1a0021a8   0x1a0021a8   0x0000001a   Code   RO          455    i.Chip_TIMER_MatchPending  main.o
    0x1a0021c2   0x1a0021c2   0x00000018   Code   RO         1608    i.Chip_TIMER_Reset  lib_lpc_chip_43xx.lib(timer_18xx_43xx.o)
    0x1a0021da   0x1a0021da   0x00000014   Code   RO          456    i.Chip_TIMER_ResetOnMatchEnable  main.o
    0x1a0021ee   0x1a0021ee   0x0000000a   Code   RO          457    i.Chip_TIMER_SetMatch  main.o
    0x1a0021f8   0x1a0021f8   0x0000000e   Code   RO         1648    i.Chip_UART_CheckBusy  lib_lpc_chip_43xx.lib(uart_18xx_43xx.o)
    0x1a002206   0x1a002206   0x00000002   PAD
    0x1a002208   0x1a002208   0x0000001c   Code   RO         1649    i.Chip_UART_DeInit  lib_lpc_chip_43xx.lib(uart_18xx_43xx.o)
    0x1a002224   0x1a002224   0x0000002c   Code   RO         1651    i.Chip_UART_GetIndex  lib_lpc_chip_43xx.lib(uart_18xx_43xx.o)
    0x1a002250   0x1a002250   0x0000004c   Code   RO         1653    i.Chip_UART_Init    lib_lpc_chip_43xx.lib(uart_18xx_43xx.o)
    0x1a00229c   0x1a00229c   0x0000001c   Code   RO         1655    i.Chip_UART_Read    lib_lpc_chip_43xx.lib(uart_18xx_43xx.o)
    0x1a0022b8   0x1a0022b8   0x00000024   Code   RO         1656    i.Chip_UART_ReadBlocking  lib_lpc_chip_43xx.lib(uart_18xx_43xx.o)
    0x1a0022dc   0x1a0022dc   0x0000001c   Code   RO         1658    i.Chip_UART_Send    lib_lpc_chip_43xx.lib(uart_18xx_43xx.o)
    0x1a0022f8   0x1a0022f8   0x00000024   Code   RO         1659    i.Chip_UART_SendBlocking  lib_lpc_chip_43xx.lib(uart_18xx_43xx.o)
    0x1a00231c   0x1a00231c   0x00000048   Code   RO         1661    i.Chip_UART_SetBaud  lib_lpc_chip_43xx.lib(uart_18xx_43xx.o)
    0x1a002364   0x1a002364   0x000000cc   Code   RO         1662    i.Chip_UART_SetBaudFDR  lib_lpc_chip_43xx.lib(uart_18xx_43xx.o)
    0x1a002430   0x1a002430   0x00000020   Code   RO          366    i.IPCEX_Init        ipc_example.o
    0x1a002450   0x1a002450   0x00000008   Code   RO          274    i.IPC_EventHandler_sa  ipc_msg.o
    0x1a002458   0x1a002458   0x000000b4   Code   RO          275    i.IPC_initMsgQueue  ipc_msg.o
    0x1a00250c   0x1a00250c   0x00000098   Code   RO          278    i.IPC_popMsgTout    ipc_msg.o
    0x1a0025a4   0x1a0025a4   0x00000090   Code   RO          279    i.IPC_pushMsgTout   ipc_msg.o
    0x1a002634   0x1a002634   0x000000bc   Code   RO          458    i.M0APP_IRQHandler  main.o
    0x1a0026f0   0x1a0026f0   0x00000074   Code   RO          237    i.M0Image_Boot      m0_img_ldr.o
    0x1a002764   0x1a002764   0x00000018   Code   RO          459    i.NVIC_ClearPendingIRQ  main.o
    0x1a00277c   0x1a00277c   0x00000016   Code   RO          460    i.NVIC_EnableIRQ    main.o
    0x1a002792   0x1a002792   0x00000002   PAD
    0x1a002794   0x1a002794   0x00000014   Code   RO         1158    i.SystemCoreClockUpdate  lib_lpc_chip_43xx.lib(chip_18xx_43xx.o)
    0x1a0027a8   0x1a0027a8   0x0000001c   Code   RO           12    i.SystemInit        sysinit.o
    0x1a0027c4   0x1a0027c4   0x00000198   Code   RO          461    i.TIMER0_IRQHandler  main.o
    0x1a00295c   0x1a00295c   0x00000028   Code   RO          462    i.TIMER1_IRQHandler  main.o
    0x1a002984   0x1a002984   0x00000030   Code   RO         2511    i.__ARM_fpclassify  m_wm.l(fpclassify.o)
    0x1a0029b4   0x1a0029b4   0x00000026   Code   RO         2404    i.__ARM_fpclassifyf  m_wm.l(fpclassifyf.o)
    0x1a0029da   0x1a0029da   0x00000006   Code   RO          463    i.__get_PRIMASK     main.o
    0x1a0029e0   0x1a0029e0   0x00000664   Code   RO         2283    i.__hardfp_powf     m_wm.l(powf.o)
    0x1a003044   0x1a003044   0x00000014   Code   RO         2406    i.__mathlib_flt_divzero  m_wm.l(funder.o)
    0x1a003058   0x1a003058   0x00000006   Code   RO         2408    i.__mathlib_flt_infnan2  m_wm.l(funder.o)
    0x1a00305e   0x1a00305e   0x00000002   PAD
    0x1a003060   0x1a003060   0x00000010   Code   RO         2409    i.__mathlib_flt_invalid  m_wm.l(funder.o)
    0x1a003070   0x1a003070   0x00000010   Code   RO         2410    i.__mathlib_flt_overflow  m_wm.l(funder.o)
    0x1a003080   0x1a003080   0x00000010   Code   RO         2412    i.__mathlib_flt_underflow  m_wm.l(funder.o)
    0x1a003090   0x1a003090   0x0000000e   Code   RO         2362    i._is_digit         c_w.l(__printf_wp.o)
    0x1a00309e   0x1a00309e   0x00000004   Code   RO          731    i._sys_exit         lib_lpc_board_nxp_lpcxpresso_4337.lib(board.o)
    0x1a0030a2   0x1a0030a2   0x00000002   PAD
    0x1a0030a4   0x1a0030a4   0x00000068   Code   RO          464    i.boot_M0App        main.o
    0x1a00310c   0x1a00310c   0x00000074   Code   RO          465    i.calc_pi           main.o
    0x1a003180   0x1a003180   0x0000000c   Code   RO          466    i.clock_counter_value  main.o
    0x1a00318c   0x1a00318c   0x00000074   Code   RO          467    i.debug             main.o
    0x1a003200   0x1a003200   0x0000003c   Code   RO         1774    i.fpuInit           lib_lpc_chip_43xx.lib(fpu_init.o)
    0x1a00323c   0x1a00323c   0x0000012c   Code   RO          468    i.idle              main.o
    0x1a003368   0x1a003368   0x00000012   Code   RO          469    i.init_mutex        main.o
    0x1a00337a   0x1a00337a   0x00000008   Code   RO          281    i.ipc_send_signal   ipc_msg.o
    0x1a003382   0x1a003382   0x00000002   PAD
    0x1a003384   0x1a003384   0x00000014   Code   RO          370    i.ipcex_register_callback  ipc_example.o
    0x1a003398   0x1a003398   0x00000030   Code   RO          373    i.ipcex_updateGblVal  ipc_example.o
    0x1a0033c8   0x1a0033c8   0x00000028   Code   RO          470    i.lock_mutex        main.o
    0x1a0033f0   0x1a0033f0   0x00000888   Code   RO          471    i.main              main.o
    0x1a003c78   0x1a003c78   0x00000008   Code   RO          472    i.notify_event      main.o
    0x1a003c80   0x1a003c80   0x000000a0   Code   RO         1413    i.pll_calc_divs     lib_lpc_chip_43xx.lib(clock_18xx_43xx.o)
    0x1a003d20   0x1a003d20   0x000000bc   Code   RO         1414    i.pll_get_frac      lib_lpc_chip_43xx.lib(clock_18xx_43xx.o)
    0x1a003ddc   0x1a003ddc   0x00000054   Code   RO          473    i.print             main.o
    0x1a003e30   0x1a003e30   0x00000188   Code   RO          474    i.print_menu        main.o
    0x1a003fb8   0x1a003fb8   0x0000000c   Code   RO          475    i.setup_board       main.o
    0x1a003fc4   0x1a003fc4   0x0000003c   Code   RO          476    i.setup_clock_counter  main.o
    0x1a004000   0x1a004000   0x0000005c   Code   RO          477    i.setup_request_timer  main.o
    0x1a00405c   0x1a00405c   0x0000005c   Code   RO          478    i.setup_system_timer  main.o
    0x1a0040b8   0x1a0040b8   0x00000030   Code   RO          479    i.setup_uart        main.o
    0x1a0040e8   0x1a0040e8   0x00000038   Code   RO          480    i.shutdown_M0App    main.o
    0x1a004120   0x1a004120   0x00000010   Code   RO          481    i.start_request_timer  main.o
    0x1a004130   0x1a004130   0x00000010   Code   RO          482    i.start_system_timer  main.o
    0x1a004140   0x1a004140   0x00000010   Code   RO          483    i.stop_request_timer  main.o
    0x1a004150   0x1a004150   0x00000010   Code   RO          484    i.stop_system_timer  main.o
    0x1a004160   0x1a004160   0x00000008   Code   RO          485    i.unlock_mutex      main.o
    0x1a004168   0x1a004168   0x00000038   Code   RO          486    i.wait_event        main.o
    0x1a0041a0   0x1a0041a0   0x0000002c   Code   RO         2497    locale$$code        c_w.l(lc_numeric_c.o)
    0x1a0041cc   0x1a0041cc   0x0000002c   Code   RO         2518    locale$$code        c_w.l(lc_ctype_c.o)
    0x1a0041f8   0x1a0041f8   0x0000000c   Code   RO         2395    x$fpl$dretinf       fz_wm.l(dretinf.o)
    0x1a004204   0x1a004204   0x00000056   Code   RO         2281    x$fpl$f2d           fz_wm.l(f2d.o)
    0x1a00425a   0x1a00425a   0x0000008c   Code   RO         2397    x$fpl$fnaninf       fz_wm.l(fnaninf.o)
    0x1a0042e6   0x1a0042e6   0x0000000a   Code   RO         2584    x$fpl$fpinit        fz_wm.l(fpinit.o)
    0x1a0042f0   0x1a0042f0   0x00000004   Code   RO         2401    x$fpl$printf1       fz_wm.l(printf1.o)
    0x1a0042f4   0x1a0042f4   0x00000000   Code   RO         2403    x$fpl$usenofp       fz_wm.l(usenofp.o)
    0x1a0042f4   0x1a0042f4   0x00000050   Data   RO          487    .constdata          main.o
    0x1a004344   0x1a004344   0x00000004   Data   RO          736    .constdata          lib_lpc_board_nxp_lpcxpresso_4337.lib(board.o)
    0x1a004348   0x1a004348   0x00000004   Data   RO          737    .constdata          lib_lpc_board_nxp_lpcxpresso_4337.lib(board.o)
    0x1a00434c   0x1a00434c   0x00000006   Data   RO          738    .constdata          lib_lpc_board_nxp_lpcxpresso_4337.lib(board.o)
    0x1a004352   0x1a004352   0x00000040   Data   RO         1102    .constdata          lib_lpc_board_nxp_lpcxpresso_4337.lib(board_sysinit.o)
    0x1a004392   0x1a004392   0x0000006c   Data   RO         1415    .constdata          lib_lpc_chip_43xx.lib(clock_18xx_43xx.o)
    0x1a0043fe   0x1a0043fe   0x00000010   Data   RO         1665    .constdata          lib_lpc_chip_43xx.lib(uart_18xx_43xx.o)
    0x1a00440e   0x1a00440e   0x00000048   Data   RO         2011    .constdata          lib_lpc_chip_43xx.lib(sysinit_18xx_43xx.o)
    0x1a004456   0x1a004456   0x00000002   PAD
    0x1a004458   0x1a004458   0x00000140   Data   RO         2286    .constdata          m_wm.l(powf.o)
    0x1a004598   0x1a004598   0x00000008   Data   RO         2321    .constdata          c_w.l(_printf_wctomb.o)
    0x1a0045a0   0x1a0045a0   0x00000028   Data   RO         2350    .constdata          c_w.l(_printf_hex_int_ll_ptr.o)
    0x1a0045c8   0x1a0045c8   0x00000011   Data   RO         2370    .constdata          c_w.l(__printf_flags_ss_wp.o)
    0x1a0045d9   0x1a0045d9   0x00000003   PAD
    0x1a0045dc   0x1a0045dc   0x00000094   Data   RO         2472    .constdata          c_w.l(bigflt0.o)
    0x1a004670   0x1a004670   0x0000007b   Data   RO          282    .conststring        ipc_msg.o
    0x1a0046eb   0x1a0046eb   0x00000001   PAD
    0x1a0046ec   0x1a0046ec   0x00000020   Data   RO         2640    Region$$Table       anon$$obj.o
    0x1a00470c   0x1a00470c   0x0000001c   Data   RO         2496    locale$$data        c_w.l(lc_numeric_c.o)
    0x1a004728   0x1a004728   0x00000110   Data   RO         2517    locale$$data        c_w.l(lc_ctype_c.o)


==============================================================================

Image component sizes


      Code (inc. data)   RO Data    RW Data    ZI Data      Debug   Object Name

       100         22          0          4        880       2895   ipc_example.o
       492        124        123         32          0       5532   ipc_msg.o
        64         24        276          0        768        924   keil_startup_lpc18xx43xx.o
       156         14          0          0          0       5815   m0_img_ldr.o
      4712       1972         80         76          0      61821   main.o
        28         10          0          0          0       7733   sysinit.o

    ----------------------------------------------------------------------
      5556       2166        512        112       1648      84720   Object Totals
         0          0         32          0          0          0   (incl. Generated)
         4          0          1          0          0          0   (incl. Padding)

    ----------------------------------------------------------------------

      Code (inc. data)   RO Data    RW Data    ZI Data      Debug   Library Member Name

         8          0          0          0          0         68   __main.o
       392          4         17          0          0         92   __printf_flags_ss_wp.o
        14          0          0          0          0         68   __printf_wp.o
         0          0          0          0          0          0   __rtentry.o
        12          0          0          0          0          0   __rtentry2.o
         6          0          0          0          0          0   __rtentry4.o
        52          8          0          0          0          0   __scatter.o
        26          0          0          0          0          0   __scatter_copy.o
        28          0          0          0          0          0   __scatter_zi.o
         6          0          0          0          0          0   _printf_a.o
         6          0          0          0          0          0   _printf_c.o
        44          0          0          0          0        108   _printf_char.o
        48          6          0          0          0         96   _printf_char_common.o
        40          0          0          0          0         68   _printf_charcount.o
         6          0          0          0          0          0   _printf_d.o
       120         16          0          0          0         92   _printf_dec.o
         6          0          0          0          0          0   _printf_e.o
         6          0          0          0          0          0   _printf_f.o
      1054          0          0          0          0        216   _printf_fp_dec.o
       128         16          0          0          0         84   _printf_fp_infnan.o
         6          0          0          0          0          0   _printf_g.o
       148          4         40          0          0        160   _printf_hex_int_ll_ptr.o
         6          0          0          0          0          0   _printf_i.o
       178          0          0          0          0         88   _printf_intcommon.o
        10          0          0          0          0          0   _printf_l.o
         6          0          0          0          0          0   _printf_lc.o
        10          0          0          0          0          0   _printf_ll.o
         6          0          0          0          0          0   _printf_lld.o
         6          0          0          0          0          0   _printf_lli.o
         6          0          0          0          0          0   _printf_llo.o
         6          0          0          0          0          0   _printf_llu.o
         6          0          0          0          0          0   _printf_llx.o
       124         16          0          0          0         92   _printf_longlong_dec.o
         6          0          0          0          0          0   _printf_ls.o
         6          0          0          0          0          0   _printf_n.o
         6          0          0          0          0          0   _printf_o.o
       112         10          0          0          0        124   _printf_oct_int_ll.o
         6          0          0          0          0          0   _printf_p.o
        78          0          0          0          0        108   _printf_pad.o
         0          0          0          0          0          0   _printf_percent.o
         4          0          0          0          0          0   _printf_percent_end.o
         6          0          0          0          0          0   _printf_s.o
        82          0          0          0          0         80   _printf_str.o
        36          0          0          0          0         84   _printf_truncate.o
         6          0          0          0          0          0   _printf_u.o
        44          0          0          0          0        108   _printf_wchar.o
       188          6          8          0          0         92   _printf_wctomb.o
         6          0          0          0          0          0   _printf_x.o
        22          0          0          0          0        100   _rserrno.o
        10          0          0          0          0         68   _sputc.o
        64          0          0          0          0         92   _wcrtomb.o
       228          4        148          0          0         96   bigflt0.o
      1936        128          0          0          0        672   btod.o
        36          4          0          0          0         76   c89vsprintf.o
        18          0          0          0          0         80   exit.o
         6          0          0          0          0        152   heapauxi.o
        44         10        272          0          0         76   lc_ctype_c.o
        44         10         28          0          0         76   lc_numeric_c.o
         2          0          0          0          0          0   libinit.o
        34          0          0          0          0          0   libinit2.o
         2          0          0          0          0          0   libshutdown.o
         2          0          0          0          0          0   libshutdown2.o
         8          4          0          0         96         68   libspace.o
       138          0          0          0          0         80   lludiv10.o
       238          0          0          0          0        100   lludivv7m.o
        16          4          0          0          0         76   rt_ctype_table.o
         8          4          0          0          0         68   rt_errno_addr_intlibspace.o
         8          4          0          0          0         68   rt_locale_intlibspace.o
        78          0          0          0          0         80   rt_memclr_w.o
       138          0          0          0          0         68   rt_memcpy_v6.o
       100          0          0          0          0         80   rt_memcpy_w.o
         2          0          0          0          0          0   rtexit.o
        10          0          0          0          0          0   rtexit2.o
        24          0          0          0          0         68   strcat.o
       128          0          0          0          0         68   strcmpv7m.o
        62          0          0          0          0         76   strlen.o
        74          0          0          0          0         80   sys_stackheap_outer.o
        12          0          0          0          0        116   dretinf.o
        86          4          0          0          0        132   f2d.o
       140          4          0          0          0        132   fnaninf.o
        10          0          0          0          0        116   fpinit.o
         4          0          0          0          0        116   printf1.o
         0          0          0          0          0          0   usenofp.o
       212         32         14          0          0      30198   board.o
       178         26         64          0          0       7021   board_sysinit.o
        20          6          0          4          0      11218   chip_18xx_43xx.o
      1244        150        108          8          0      14266   clock_18xx_43xx.o
        60         14          0          0          0       1182   fpu_init.o
         2          0          0          0          0        473   gpio_18xx_43xx.o
       276         18         72          0          0       3102   sysinit_18xx_43xx.o
        86         14          0          0          0       1993   timer_18xx_43xx.o
       566         28         16          0          0      15576   uart_18xx_43xx.o
        48          0          0          0          0        124   fpclassify.o
        38          0          0          0          0        116   fpclassifyf.o
        74         24          0          0          0        580   funder.o
      1636        110        320          0          0        372   powf.o

    ----------------------------------------------------------------------
     11308        688       1112         12        100      91129   Library Totals
        30          0          5          0          4          0   (incl. Padding)

    ----------------------------------------------------------------------

      Code (inc. data)   RO Data    RW Data    ZI Data      Debug   Library Name

      6586        258        513          0         96       4296   c_w.l
       252          8          0          0          0        612   fz_wm.l
       390         58         78          0          0      37219   lib_lpc_board_nxp_lpcxpresso_4337.lib
      2254        230        196         12          0      47810   lib_lpc_chip_43xx.lib
      1796        134        320          0          0       1192   m_wm.l

    ----------------------------------------------------------------------
     11308        688       1112         12        100      91129   Library Totals

    ----------------------------------------------------------------------

==============================================================================


      Code (inc. data)   RO Data    RW Data    ZI Data      Debug   

     16864       2854       1624        124       1748     163509   Grand Totals
     16864       2854       1624        124       1748     163509   ELF Image Totals
     16864       2854       1624        124          0          0   ROM Totals

==============================================================================

    Total RO  Size (Code + RO Data)                18488 (  18.05kB)
    Total RW  Size (RW Data + ZI Data)              1872 (   1.83kB)
    Total ROM Size (Code + RO Data + RW Data)      18612 (  18.18kB)

==============================================================================

