Component: ARM Compiler 5.06 update 6 (build 750) Tool: armlink [4d35ed]

==============================================================================

Section Cross References

    main.o(i.DMA_IRQHandler) refers to gpdma_18xx_43xx.o(i.Chip_GPDMA_Interrupt) for Chip_GPDMA_Interrupt
    main.o(i.DMA_IRQHandler) refers to main.o(.data) for isDMATx
    main.o(i.SysTick_Handler) refers to main.o(.data) for tick_ct
    main.o(i.calc_pi) refers to powf.o(i.__hardfp_powf) for __hardfp_powf
    main.o(i.debug) refers to c89vsprintf.o(.text) for __c89vsprintf
    main.o(i.debug) refers to main.o(i.lock_mutex) for lock_mutex
    main.o(i.debug) refers to gpdma_18xx_43xx.o(i.Chip_GPDMA_Init) for Chip_GPDMA_Init
    main.o(i.debug) refers to main.o(i.NVIC_SetPriority) for NVIC_SetPriority
    main.o(i.debug) refers to main.o(i.NVIC_EnableIRQ) for NVIC_EnableIRQ
    main.o(i.debug) refers to gpdma_18xx_43xx.o(i.Chip_GPDMA_GetFreeChannel) for Chip_GPDMA_GetFreeChannel
    main.o(i.debug) refers to strlen.o(.text) for strlen
    main.o(i.debug) refers to gpdma_18xx_43xx.o(i.Chip_GPDMA_Transfer) for Chip_GPDMA_Transfer
    main.o(i.debug) refers to gpdma_18xx_43xx.o(i.Chip_GPDMA_DeInit) for Chip_GPDMA_DeInit
    main.o(i.debug) refers to main.o(i.unlock_mutex) for unlock_mutex
    main.o(i.debug) refers to main.o(.data) for dmaChannelNumTx
    main.o(i.idle) refers to main.o(i.Chip_TIMER_ReadCount) for Chip_TIMER_ReadCount
    main.o(i.idle) refers to f2d.o(x$fpl$f2d) for __aeabi_f2d
    main.o(i.idle) refers to main.o(i.debug) for debug
    main.o(i.idle) refers to main.o(.data) for l
    main.o(i.lock_mutex) refers to main.o(.data) for mutex
    main.o(i.main) refers to chip_18xx_43xx.o(i.SystemCoreClockUpdate) for SystemCoreClockUpdate
    main.o(i.main) refers to board.o(i.Board_Init) for Board_Init
    main.o(i.main) refers to uart_18xx_43xx.o(i.Chip_UART_Init) for Chip_UART_Init
    main.o(i.main) refers to uart_18xx_43xx.o(i.Chip_UART_SetBaud) for Chip_UART_SetBaud
    main.o(i.main) refers to m0_img_ldr.o(i.M0Image_Boot) for M0Image_Boot
    main.o(i.main) refers to main.o(i.debug) for debug
    main.o(i.main) refers to main.o(i.NVIC_SetPriority) for NVIC_SetPriority
    main.o(i.main) refers to main.o(i.NVIC_EnableIRQ) for NVIC_EnableIRQ
    main.o(i.main) refers to timer_18xx_43xx.o(i.Chip_TIMER_Init) for Chip_TIMER_Init
    main.o(i.main) refers to main.o(i.calc_pi) for calc_pi
    main.o(i.main) refers to main.o(i.idle) for idle
    main.o(i.main) refers to main.o(.data) for mutex
    main.o(i.main) refers to chip_18xx_43xx.o(.data) for SystemCoreClock
    main.o(i.unlock_mutex) refers to main.o(.data) for mutex
    keil_startup_lpc18xx43xx.o(STACK) refers (Special) to heapauxi.o(.text) for __use_two_region_memory
    keil_startup_lpc18xx43xx.o(HEAP) refers (Special) to heapauxi.o(.text) for __use_two_region_memory
    keil_startup_lpc18xx43xx.o(RESET) refers (Special) to heapauxi.o(.text) for __use_two_region_memory
    keil_startup_lpc18xx43xx.o(RESET) refers to keil_startup_lpc18xx43xx.o(STACK) for __initial_sp
    keil_startup_lpc18xx43xx.o(RESET) refers to keil_startup_lpc18xx43xx.o(.text) for Reset_Handler
    keil_startup_lpc18xx43xx.o(RESET) refers to main.o(i.SysTick_Handler) for SysTick_Handler
    keil_startup_lpc18xx43xx.o(RESET) refers to main.o(i.M0APP_IRQHandler) for M0APP_IRQHandler
    keil_startup_lpc18xx43xx.o(RESET) refers to main.o(i.DMA_IRQHandler) for DMA_IRQHandler
    keil_startup_lpc18xx43xx.o(.text) refers (Special) to heapauxi.o(.text) for __use_two_region_memory
    keil_startup_lpc18xx43xx.o(.text) refers to sysinit.o(i.SystemInit) for SystemInit
    keil_startup_lpc18xx43xx.o(.text) refers to __main.o(!!!main) for __main
    keil_startup_lpc18xx43xx.o(.text) refers to keil_startup_lpc18xx43xx.o(HEAP) for Heap_Mem
    keil_startup_lpc18xx43xx.o(.text) refers to keil_startup_lpc18xx43xx.o(STACK) for Stack_Mem
    sysinit.o(i.SystemInit) refers to fpu_init.o(i.fpuInit) for fpuInit
    sysinit.o(i.SystemInit) refers to board_sysinit.o(i.Board_SystemInit) for Board_SystemInit
    sysinit.o(i.SystemInit) refers to keil_startup_lpc18xx43xx.o(RESET) for __Vectors
    m0_img_ldr.o(i.M0Image_Boot) refers to m0_img_ldr.o(i.Chip_RGU_TriggerReset) for Chip_RGU_TriggerReset
    m0_img_ldr.o(i.M0Image_Boot) refers to clock_18xx_43xx.o(i.Chip_Clock_Enable) for Chip_Clock_Enable
    m0_img_ldr.o(i.M0Image_Boot) refers to m0_img_ldr.o(i.Chip_RGU_ClearReset) for Chip_RGU_ClearReset
    board.o(i.Board_Audio_Init) refers to clock_18xx_43xx.o(i.Chip_Clock_SetBaseClock) for Chip_Clock_SetBaseClock
    board.o(i.Board_Audio_Init) refers to wm8904.o(i.WM8904_Init) for WM8904_Init
    board.o(i.Board_Debug_Init) refers to board.o(i.Board_UART_Init) for Board_UART_Init
    board.o(i.Board_Debug_Init) refers to uart_18xx_43xx.o(i.Chip_UART_Init) for Chip_UART_Init
    board.o(i.Board_Debug_Init) refers to uart_18xx_43xx.o(i.Chip_UART_SetBaudFDR) for Chip_UART_SetBaudFDR
[...]
    .ARM.Collect$$libshutdown$$00000007      0x1a00023e   Section        0  libshutdown2.o(.ARM.Collect$$libshutdown$$00000007)
    .ARM.Collect$$libshutdown$$0000000A      0x1a00023e   Section        0  libshutdown2.o(.ARM.Collect$$libshutdown$$0000000A)
    .ARM.Collect$$libshutdown$$0000000C      0x1a00023e   Section        0  libshutdown2.o(.ARM.Collect$$libshutdown$$0000000C)
    .ARM.Collect$$libshutdown$$0000000F      0x1a00023e   Section        0  libshutdown2.o(.ARM.Collect$$libshutdown$$0000000F)
    .ARM.Collect$$libshutdown$$00000010      0x1a00023e   Section        2  libshutdown2.o(.ARM.Collect$$libshutdown$$00000010)
    .ARM.Collect$$rtentry$$00000000          0x1a000240   Section        0  __rtentry.o(.ARM.Collect$$rtentry$$00000000)
    .ARM.Collect$$rtentry$$00000002          0x1a000240   Section        0  __rtentry2.o(.ARM.Collect$$rtentry$$00000002)
    .ARM.Collect$$rtentry$$00000004          0x1a000240   Section        6  __rtentry4.o(.ARM.Collect$$rtentry$$00000004)
    .ARM.Collect$$rtentry$$00000009          0x1a000246   Section        0  __rtentry2.o(.ARM.Collect$$rtentry$$00000009)
    .ARM.Collect$$rtentry$$0000000A          0x1a000246   Section        4  __rtentry2.o(.ARM.Collect$$rtentry$$0000000A)
    .ARM.Collect$$rtentry$$0000000C          0x1a00024a   Section        0  __rtentry2.o(.ARM.Collect$$rtentry$$0000000C)
    .ARM.Collect$$rtentry$$0000000D          0x1a00024a   Section        8  __rtentry2.o(.ARM.Collect$$rtentry$$0000000D)
    .ARM.Collect$$rtexit$$00000000           0x1a000252   Section        2  rtexit.o(.ARM.Collect$$rtexit$$00000000)
    .ARM.Collect$$rtexit$$00000002           0x1a000254   Section        0  rtexit2.o(.ARM.Collect$$rtexit$$00000002)
    .ARM.Collect$$rtexit$$00000003           0x1a000254   Section        4  rtexit2.o(.ARM.Collect$$rtexit$$00000003)
    .ARM.Collect$$rtexit$$00000004           0x1a000258   Section        6  rtexit2.o(.ARM.Collect$$rtexit$$00000004)
    .text                                    0x1a000260   Section       64  keil_startup_lpc18xx43xx.o(.text)
    $v0                                      0x1a000260   Number         0  keil_startup_lpc18xx43xx.o(.text)
    .text                                    0x1a0002a0   Section      238  lludivv7m.o(.text)
    .text                                    0x1a000390   Section        0  c89vsprintf.o(.text)
    .text                                    0x1a0003b4   Section        0  strlen.o(.text)
    .text                                    0x1a0003f2   Section      100  rt_memcpy_w.o(.text)
    .text                                    0x1a000456   Section       78  rt_memclr_w.o(.text)
    .text                                    0x1a0004a4   Section        0  heapauxi.o(.text)
    .text                                    0x1a0004aa   Section        0  _rserrno.o(.text)
    .text                                    0x1a0004c0   Section        0  _printf_pad.o(.text)
    .text                                    0x1a00050e   Section        0  _printf_truncate.o(.text)
    .text                                    0x1a000532   Section        0  _printf_str.o(.text)
    .text                                    0x1a000584   Section        0  _printf_dec.o(.text)
    .text                                    0x1a0005fc   Section        0  _printf_charcount.o(.text)
    .text                                    0x1a000624   Section        0  _printf_char_common.o(.text)
    _printf_input_char                       0x1a000625   Thumb Code    10  _printf_char_common.o(.text)
    .text                                    0x1a000654   Section        0  _sputc.o(.text)
    .text                                    0x1a000660   Section        0  _printf_wctomb.o(.text)
    .text                                    0x1a00071c   Section        0  _printf_longlong_dec.o(.text)
    .text                                    0x1a000798   Section        0  _printf_oct_int_ll.o(.text)
    _printf_longlong_oct_internal            0x1a000799   Thumb Code     0  _printf_oct_int_ll.o(.text)
    .text                                    0x1a000808   Section        0  _printf_hex_int_ll_ptr.o(.text)
    _printf_hex_common                       0x1a000809   Thumb Code     0  _printf_hex_int_ll_ptr.o(.text)
    .text                                    0x1a00089c   Section        0  __printf_flags_ss_wp.o(.text)
    .text                                    0x1a000a24   Section        8  rt_errno_addr_intlibspace.o(.text)
    .text                                    0x1a000a2c   Section      138  lludiv10.o(.text)
    .text                                    0x1a000ab6   Section        0  _printf_intcommon.o(.text)
    .text                                    0x1a000b68   Section        0  _printf_fp_dec.o(.text)
    _fp_digits                               0x1a000b6b   Thumb Code   432  _printf_fp_dec.o(.text)
    .text                                    0x1a000f86   Section        0  _printf_char.o(.text)
    .text                                    0x1a000fb2   Section        0  _printf_wchar.o(.text)
    .text                                    0x1a000fde   Section        0  _wcrtomb.o(.text)
    .text                                    0x1a001020   Section        8  libspace.o(.text)
    .text                                    0x1a001028   Section       74  sys_stackheap_outer.o(.text)
    .text                                    0x1a001074   Section       16  rt_ctype_table.o(.text)
    .text                                    0x1a001084   Section        8  rt_locale_intlibspace.o(.text)
    .text                                    0x1a00108c   Section        0  _printf_fp_infnan.o(.text)
    .text                                    0x1a00110c   Section        0  bigflt0.o(.text)
    .text                                    0x1a0011f0   Section        0  exit.o(.text)
    .text                                    0x1a001204   Section      128  strcmpv7m.o(.text)
    CL$$btod_d2e                             0x1a001284   Section       62  btod.o(CL$$btod_d2e)
    CL$$btod_d2e_denorm_low                  0x1a0012c2   Section       70  btod.o(CL$$btod_d2e_denorm_low)
    CL$$btod_d2e_norm_op1                    0x1a001308   Section       96  btod.o(CL$$btod_d2e_norm_op1)
    CL$$btod_div_common                      0x1a001368   Section      824  btod.o(CL$$btod_div_common)
    CL$$btod_e2e                             0x1a0016a0   Section      220  btod.o(CL$$btod_e2e)
    CL$$btod_ediv                            0x1a00177c   Section       42  btod.o(CL$$btod_ediv)
    CL$$btod_emul                            0x1a0017a6   Section       42  btod.o(CL$$btod_emul)
    CL$$btod_mult_common                     0x1a0017d0   Section      580  btod.o(CL$$btod_mult_common)
    i.ABS                                    0x1a001a14   Section        0  clock_18xx_43xx.o(i.ABS)
    ABS                                      0x1a001a15   Thumb Code     8  clock_18xx_43xx.o(i.ABS)
    i.Board_Debug_Init                       0x1a001a1c   Section        0  board.o(i.Board_Debug_Init)
    i.Board_Init                             0x1a001a44   Section        0  board.o(i.Board_Init)
    i.Board_SetupClocking                    0x1a001a9c   Section        0  board_sysinit.o(i.Board_SetupClocking)
    i.Board_SetupMuxing                      0x1a001b10   Section        0  board_sysinit.o(i.Board_SetupMuxing)
    i.Board_SystemInit                       0x1a001b40   Section        0  board_sysinit.o(i.Board_SystemInit)
    i.Board_UART_Init                        0x1a001b50   Section        0  board.o(i.Board_UART_Init)
    i.Chip_Clock_CalcMainPLLValue            0x1a001b68   Section        0  clock_18xx_43xx.o(i.Chip_Clock_CalcMainPLLValue)
    i.Chip_Clock_Disable                     0x1a001bd8   Section        0  clock_18xx_43xx.o(i.Chip_Clock_Disable)
    i.Chip_Clock_Enable                      0x1a001c04   Section        0  clock_18xx_43xx.o(i.Chip_Clock_Enable)
    i.Chip_Clock_EnableCrystal               0x1a001c30   Section        0  clock_18xx_43xx.o(i.Chip_Clock_EnableCrystal)
    i.Chip_Clock_EnableOpts                  0x1a001c74   Section        0  clock_18xx_43xx.o(i.Chip_Clock_EnableOpts)
    i.Chip_Clock_GetBaseClock                0x1a001ca8   Section        0  clock_18xx_43xx.o(i.Chip_Clock_GetBaseClock)
    i.Chip_Clock_GetBaseClocktHz             0x1a001cc8   Section        0  clock_18xx_43xx.o(i.Chip_Clock_GetBaseClocktHz)
    i.Chip_Clock_GetClockInputHz             0x1a001cd8   Section        0  clock_18xx_43xx.o(i.Chip_Clock_GetClockInputHz)
    i.Chip_Clock_GetDivRate                  0x1a001d78   Section        0  clock_18xx_43xx.o(i.Chip_Clock_GetDivRate)
    Chip_Clock_GetDivRate                    0x1a001d79   Thumb Code    34  clock_18xx_43xx.o(i.Chip_Clock_GetDivRate)
    i.Chip_Clock_GetDividerDivisor           0x1a001d9c   Section        0  clock_18xx_43xx.o(i.Chip_Clock_GetDividerDivisor)
    i.Chip_Clock_GetDividerSource            0x1a001dbc   Section        0  clock_18xx_43xx.o(i.Chip_Clock_GetDividerSource)
    i.Chip_Clock_GetMainPLLHz                0x1a001dd8   Section        0  clock_18xx_43xx.o(i.Chip_Clock_GetMainPLLHz)
    i.Chip_Clock_GetRate                     0x1a001e34   Section        0  clock_18xx_43xx.o(i.Chip_Clock_GetRate)
    i.Chip_Clock_SetBaseClock                0x1a001eac   Section        0  clock_18xx_43xx.o(i.Chip_Clock_SetBaseClock)
    i.Chip_Clock_SetupMainPLL                0x1a001ee4   Section        0  sysinit_18xx_43xx.o(i.Chip_Clock_SetupMainPLL)
    Chip_Clock_SetupMainPLL                  0x1a001ee5   Thumb Code    32  sysinit_18xx_43xx.o(i.Chip_Clock_SetupMainPLL)
    i.Chip_GPDMA_ChannelCmd                  0x1a001f08   Section        0  gpdma_18xx_43xx.o(i.Chip_GPDMA_ChannelCmd)
    i.Chip_GPDMA_ClearIntPending             0x1a001f24   Section        0  gpdma_18xx_43xx.o(i.Chip_GPDMA_ClearIntPending)
    i.Chip_GPDMA_DeInit                      0x1a001f34   Section        0  gpdma_18xx_43xx.o(i.Chip_GPDMA_DeInit)
    i.Chip_GPDMA_GetFreeChannel              0x1a001f3c   Section        0  gpdma_18xx_43xx.o(i.Chip_GPDMA_GetFreeChannel)
    i.Chip_GPDMA_Init                        0x1a001f6c   Section        0  gpdma_18xx_43xx.o(i.Chip_GPDMA_Init)
    i.Chip_GPDMA_InitChannelCfg              0x1a001fa8   Section        0  gpdma_18xx_43xx.o(i.Chip_GPDMA_InitChannelCfg)
    i.Chip_GPDMA_IntGetStatus                0x1a00200c   Section        0  gpdma_18xx_43xx.o(i.Chip_GPDMA_IntGetStatus)
    i.Chip_GPDMA_Interrupt                   0x1a00203a   Section        0  gpdma_18xx_43xx.o(i.Chip_GPDMA_Interrupt)
    i.Chip_GPDMA_Transfer                    0x1a00207c   Section        0  gpdma_18xx_43xx.o(i.Chip_GPDMA_Transfer)
    i.Chip_GPIO_Init                         0x1a00210c   Section        0  gpio_18xx_43xx.o(i.Chip_GPIO_Init)
    i.Chip_GPIO_SetPinDIROutput              0x1a00210e   Section        0  board.o(i.Chip_GPIO_SetPinDIROutput)
    Chip_GPIO_SetPinDIROutput                0x1a00210f   Thumb Code    20  board.o(i.Chip_GPIO_SetPinDIROutput)
    i.Chip_RGU_ClearReset                    0x1a002124   Section        0  m0_img_ldr.o(i.Chip_RGU_ClearReset)
    Chip_RGU_ClearReset                      0x1a002125   Thumb Code    12  m0_img_ldr.o(i.Chip_RGU_ClearReset)
    i.Chip_RGU_TriggerReset                  0x1a002134   Section        0  m0_img_ldr.o(i.Chip_RGU_TriggerReset)
    Chip_RGU_TriggerReset                    0x1a002135   Thumb Code    18  m0_img_ldr.o(i.Chip_RGU_TriggerReset)
    i.Chip_SetupCoreClock                    0x1a00214c   Section        0  sysinit_18xx_43xx.o(i.Chip_SetupCoreClock)
    i.Chip_TIMER_GetClockIndex               0x1a00223c   Section        0  timer_18xx_43xx.o(i.Chip_TIMER_GetClockIndex)
    Chip_TIMER_GetClockIndex                 0x1a00223d   Thumb Code    34  timer_18xx_43xx.o(i.Chip_TIMER_GetClockIndex)
    i.Chip_TIMER_Init                        0x1a00226c   Section        0  timer_18xx_43xx.o(i.Chip_TIMER_Init)
    i.Chip_TIMER_ReadCount                   0x1a00227a   Section        0  main.o(i.Chip_TIMER_ReadCount)
    Chip_TIMER_ReadCount                     0x1a00227b   Thumb Code     6  main.o(i.Chip_TIMER_ReadCount)
    i.Chip_UART_GetIndex                     0x1a002280   Section        0  uart_18xx_43xx.o(i.Chip_UART_GetIndex)
    Chip_UART_GetIndex                       0x1a002281   Thumb Code    40  uart_18xx_43xx.o(i.Chip_UART_GetIndex)
    i.Chip_UART_Init                         0x1a0022ac   Section        0  uart_18xx_43xx.o(i.Chip_UART_Init)
    i.Chip_UART_SetBaud                      0x1a0022f8   Section        0  uart_18xx_43xx.o(i.Chip_UART_SetBaud)
    i.Chip_UART_SetBaudFDR                   0x1a002340   Section        0  uart_18xx_43xx.o(i.Chip_UART_SetBaudFDR)
    i.DMA_IRQHandler                         0x1a00240c   Section        0  main.o(i.DMA_IRQHandler)
    i.M0APP_IRQHandler                       0x1a00245c   Section        0  main.o(i.M0APP_IRQHandler)
    i.M0Image_Boot                           0x1a002468   Section        0  m0_img_ldr.o(i.M0Image_Boot)
    i.NVIC_EnableIRQ                         0x1a0024dc   Section        0  main.o(i.NVIC_EnableIRQ)
    NVIC_EnableIRQ                           0x1a0024dd   Thumb Code    22  main.o(i.NVIC_EnableIRQ)
    i.NVIC_SetPriority                       0x1a0024f4   Section        0  main.o(i.NVIC_SetPriority)
    NVIC_SetPriority                         0x1a0024f5   Thumb Code    32  main.o(i.NVIC_SetPriority)
    i.SysTick_Handler                        0x1a00251c   Section        0  main.o(i.SysTick_Handler)
    i.SystemCoreClockUpdate                  0x1a00252c   Section        0  chip_18xx_43xx.o(i.SystemCoreClockUpdate)
    i.SystemInit                             0x1a002540   Section        0  sysinit.o(i.SystemInit)
    i.__ARM_fpclassify                       0x1a00255c   Section        0  fpclassify.o(i.__ARM_fpclassify)
    i.__ARM_fpclassifyf                      0x1a00258c   Section        0  fpclassifyf.o(i.__ARM_fpclassifyf)
    i.__hardfp_powf                          0x1a0025b4   Section        0  powf.o(i.__hardfp_powf)
    i.__mathlib_flt_divzero                  0x1a002c18   Section        0  funder.o(i.__mathlib_flt_divzero)
    i.__mathlib_flt_infnan2                  0x1a002c2c   Section        0  funder.o(i.__mathlib_flt_infnan2)
    i.__mathlib_flt_invalid                  0x1a002c34   Section        0  funder.o(i.__mathlib_flt_invalid)
    i.__mathlib_flt_overflow                 0x1a002c44   Section        0  funder.o(i.__mathlib_flt_overflow)
    i.__mathlib_flt_underflow                0x1a002c54   Section        0  funder.o(i.__mathlib_flt_underflow)
    i._is_digit                              0x1a002c64   Section        0  __printf_wp.o(i._is_digit)
    i._sys_exit                              0x1a002c72   Section        0  board.o(i._sys_exit)
    i.calc_pi                                0x1a002c76   Section        0  main.o(i.calc_pi)
    i.configDMAMux                           0x1a002cec   Section        0  gpdma_18xx_43xx.o(i.configDMAMux)
    configDMAMux                             0x1a002ced   Thumb Code   220  gpdma_18xx_43xx.o(i.configDMAMux)
    i.debug                                  0x1a002dcc   Section        0  main.o(i.debug)
    debug                                    0x1a002dcd   Thumb Code   142  main.o(i.debug)
    i.fpuInit                                0x1a002e74   Section        0  fpu_init.o(i.fpuInit)
    i.idle                                   0x1a002eb0   Section        0  main.o(i.idle)
    i.lock_mutex                             0x1a003024   Section        0  main.o(i.lock_mutex)
    i.main                                   0x1a003044   Section        0  main.o(i.main)
    i.makeCtrlWord                           0x1a0031ac   Section        0  gpdma_18xx_43xx.o(i.makeCtrlWord)
    i.pll_calc_divs                          0x1a00323c   Section        0  clock_18xx_43xx.o(i.pll_calc_divs)
    pll_calc_divs                            0x1a00323d   Thumb Code   152  clock_18xx_43xx.o(i.pll_calc_divs)
    i.pll_get_frac                           0x1a0032dc   Section        0  clock_18xx_43xx.o(i.pll_get_frac)
    pll_get_frac                             0x1a0032dd   Thumb Code   184  clock_18xx_43xx.o(i.pll_get_frac)
    i.setupChannel                           0x1a003398   Section        0  gpdma_18xx_43xx.o(i.setupChannel)
    i.unlock_mutex                           0x1a003400   Section        0  main.o(i.unlock_mutex)
    locale$$code                             0x1a003418   Section       44  lc_numeric_c.o(locale$$code)
    locale$$code                             0x1a003444   Section       44  lc_ctype_c.o(locale$$code)
    x$fpl$dretinf                            0x1a003470   Section       12  dretinf.o(x$fpl$dretinf)
    $v0                                      0x1a003470   Number         0  dretinf.o(x$fpl$dretinf)
    x$fpl$f2d                                0x1a00347c   Section       86  f2d.o(x$fpl$f2d)
    $v0                                      0x1a00347c   Number         0  f2d.o(x$fpl$f2d)
    x$fpl$fnaninf                            0x1a0034d2   Section      140  fnaninf.o(x$fpl$fnaninf)
    $v0                                      0x1a0034d2   Number         0  fnaninf.o(x$fpl$fnaninf)
    x$fpl$fpinit                             0x1a00355e   Section       10  fpinit.o(x$fpl$fpinit)
    $v0                                      0x1a00355e   Number         0  fpinit.o(x$fpl$fpinit)
    x$fpl$printf1                            0x1a003568   Section        4  printf1.o(x$fpl$printf1)
    $v0                                      0x1a003568   Number         0  printf1.o(x$fpl$printf1)
    .constdata                               0x1a00356c   Section        4  board.o(.constdata)
    x$fpl$usenofp                            0x1a00356c   Section        0  usenofp.o(x$fpl$usenofp)
    .constdata                               0x1a003570   Section        4  board.o(.constdata)
    .constdata                               0x1a003574   Section        6  board.o(.constdata)
    gpioLEDBits                              0x1a003574   Data           6  board.o(.constdata)
    .constdata                               0x1a00357a   Section       64  board_sysinit.o(.constdata)
    InitClkStates                            0x1a00357a   Data          12  board_sysinit.o(.constdata)
    pinmuxing                                0x1a003586   Data          52  board_sysinit.o(.constdata)
    .constdata                               0x1a0035ba   Section      108  clock_18xx_43xx.o(.constdata)
    periph_to_base                           0x1a0035ba   Data         108  clock_18xx_43xx.o(.constdata)
    .constdata                               0x1a003626   Section       60  gpdma_18xx_43xx.o(.constdata)
    GPDMA_LUTPerBurst                        0x1a003626   Data          30  gpdma_18xx_43xx.o(.constdata)
    GPDMA_LUTPerWid                          0x1a003644   Data          30  gpdma_18xx_43xx.o(.constdata)
    .constdata                               0x1a003662   Section       16  uart_18xx_43xx.o(.constdata)
    UART_PClock                              0x1a003662   Data           8  uart_18xx_43xx.o(.constdata)
    UART_BClock                              0x1a00366a   Data           8  uart_18xx_43xx.o(.constdata)
    .constdata                               0x1a003672   Section       72  sysinit_18xx_43xx.o(.constdata)
    InitClkStates                            0x1a003672   Data          72  sysinit_18xx_43xx.o(.constdata)
    .constdata                               0x1a0036bc   Section      320  powf.o(.constdata)
    table                                    0x1a0036bc   Data         128  powf.o(.constdata)
    powersof2to1over16top                    0x1a00373c   Data          64  powf.o(.constdata)
    powersof2to1over16bot                    0x1a00377c   Data          64  powf.o(.constdata)
    powersof2to1over16all                    0x1a0037bc   Data          64  powf.o(.constdata)
    .constdata                               0x1a0037fc   Section        8  _printf_wctomb.o(.constdata)
    initial_mbstate                          0x1a0037fc   Data           8  _printf_wctomb.o(.constdata)
    .constdata                               0x1a003804   Section       40  _printf_hex_int_ll_ptr.o(.constdata)
    uc_hextab                                0x1a003804   Data          20  _printf_hex_int_ll_ptr.o(.constdata)
    lc_hextab                                0x1a003818   Data          20  _printf_hex_int_ll_ptr.o(.constdata)
    .constdata                               0x1a00382c   Section       17  __printf_flags_ss_wp.o(.constdata)
    maptable                                 0x1a00382c   Data          17  __printf_flags_ss_wp.o(.constdata)
    .constdata                               0x1a003840   Section      148  bigflt0.o(.constdata)
    tenpwrs_x                                0x1a003840   Data          60  bigflt0.o(.constdata)
    tenpwrs_i                                0x1a00387c   Data          64  bigflt0.o(.constdata)
    locale$$data                             0x1a0038f4   Section       28  lc_numeric_c.o(locale$$data)
    __lcnum_c_name                           0x1a0038f8   Data           2  lc_numeric_c.o(locale$$data)
    __lcnum_c_start                          0x1a003900   Data           0  lc_numeric_c.o(locale$$data)
    __lcnum_c_point                          0x1a00390c   Data           0  lc_numeric_c.o(locale$$data)
    __lcnum_c_thousands                      0x1a00390e   Data           0  lc_numeric_c.o(locale$$data)
    __lcnum_c_grouping                       0x1a00390f   Data           0  lc_numeric_c.o(locale$$data)
    locale$$data                             0x1a003910   Section      272  lc_ctype_c.o(locale$$data)
    __lcnum_c_end                            0x1a003910   Data           0  lc_numeric_c.o(locale$$data)
    __lcctype_c_name                         0x1a003914   Data           2  lc_ctype_c.o(locale$$data)
    __lcctype_c_start                        0x1a00391c   Data           0  lc_ctype_c.o(locale$$data)
    __lcctype_c_end                          0x1a003a20   Data           0  lc_ctype_c.o(locale$$data)

    Global Symbols

    Symbol Name                              Value     Ov Type        Size  Object(Section)

    BuildAttributes$$THM_ISAv4$E$P$D$K$B$S$7EM$VFPi3$EXTD16$VFPS$VFMA$PE$A:L22UL41UL21$X:L11$S22US41US21$IEEE1$IW$USESV6$~STKCKD$USESV7$~SHL$OTIME$ROPI$IEEEX$EBA8$UX$STANDARDLIB$REQ8$PRES8$EABIv2 0x00000000   Number         0  anon$$obj.o ABSOLUTE
    __ARM_use_no_argv                        0x00000000   Number         0  main.o ABSOLUTE
    _printf_flags                            0x00000000   Number         0  printf_stubs.o ABSOLUTE
    _printf_return_value                     0x00000000   Number         0  printf_stubs.o ABSOLUTE
    _printf_sizespec                         0x00000000   Number         0  printf_stubs.o ABSOLUTE
    _printf_widthprec                        0x00000000   Number         0  printf_stubs.o ABSOLUTE
    __ARM_exceptions_init                     - Undefined Weak Reference
    __alloca_initialize                       - Undefined Weak Reference
    __arm_preinit_                            - Undefined Weak Reference
    __cpp_initialize__aeabi_                  - Undefined Weak Reference
    __cxa_finalize                            - Undefined Weak Reference
    __sigvec_lookup                           - Undefined Weak Reference
    _atexit_init                              - Undefined Weak Reference
    _call_atexit_fns                          - Undefined Weak Reference
    _clock_init                               - Undefined Weak Reference
    _fp_trap_init                             - Undefined Weak Reference
    _fp_trap_shutdown                         - Undefined Weak Reference
    _get_lc_collate                           - Undefined Weak Reference
    _get_lc_monetary                          - Undefined Weak Reference
    _get_lc_time                              - Undefined Weak Reference
    _getenv_init                              - Undefined Weak Reference
    _handle_redirection                       - Undefined Weak Reference
    _init_alloc                               - Undefined Weak Reference
    _init_user_alloc                          - Undefined Weak Reference
    _initio                                   - Undefined Weak Reference
    _printf_fp_hex                            - Undefined Weak Reference
    _printf_mbtowc                            - Undefined Weak Reference
    _printf_wc                                - Undefined Weak Reference
    _rand_init                                - Undefined Weak Reference
    _signal_finish                            - Undefined Weak Reference
    _signal_init                              - Undefined Weak Reference
    _terminate_alloc                          - Undefined Weak Reference
    _terminate_user_alloc                     - Undefined Weak Reference
    _terminateio                              - Undefined Weak Reference
    SystemCoreClock                          0x10000030   Data           4  chip_18xx_43xx.o(.data)
    __libspace_start                         0x100000bc   Data          96  libspace.o(.bss)
    __temporary_stack_top$libspace           0x1000011c   Data           0  libspace.o(.bss)
    __Vectors                                0x1a000000   Data           4  keil_startup_lpc18xx43xx.o(RESET)
    __main                                   0x1a000115   Thumb Code     8  __main.o(!!!main)
    __scatterload                            0x1a00011d   Thumb Code     0  __scatter.o(!!!scatter)
    __scatterload_rt2                        0x1a00011d   Thumb Code    44  __scatter.o(!!!scatter)
    __scatterload_rt2_thumb_only             0x1a00011d   Thumb Code     0  __scatter.o(!!!scatter)
    __scatterload_null                       0x1a00012b   Thumb Code     0  __scatter.o(!!!scatter)
    __scatterload_copy                       0x1a000151   Thumb Code    26  __scatter_copy.o(!!handler_copy)
    __scatterload_zeroinit                   0x1a00016d   Thumb Code    28  __scatter_zi.o(!!handler_zi)
    _printf_n                                0x1a000189   Thumb Code     0  _printf_n.o(.ARM.Collect$$_printf_percent$$00000001)
    _printf_percent                          0x1a000189   Thumb Code     0  _printf_percent.o(.ARM.Collect$$_printf_percent$$00000000)
    _printf_p                                0x1a00018f   Thumb Code     0  _printf_p.o(.ARM.Collect$$_printf_percent$$00000002)
    _printf_f                                0x1a000195   Thumb Code     0  _printf_f.o(.ARM.Collect$$_printf_percent$$00000003)
    _printf_e                                0x1a00019b   Thumb Code     0  _printf_e.o(.ARM.Collect$$_printf_percent$$00000004)
    _printf_g                                0x1a0001a1   Thumb Code     0  _printf_g.o(.ARM.Collect$$_printf_percent$$00000005)
    _printf_a                                0x1a0001a7   Thumb Code     0  _printf_a.o(.ARM.Collect$$_printf_percent$$00000006)
    _printf_ll                               0x1a0001ad   Thumb Code     0  _printf_ll.o(.ARM.Collect$$_printf_percent$$00000007)
    _printf_i                                0x1a0001b7   Thumb Code     0  _printf_i.o(.ARM.Collect$$_printf_percent$$00000008)
    _printf_d                                0x1a0001bd   Thumb Code     0  _printf_d.o(.ARM.Collect$$_printf_percent$$00000009)
    _printf_u                                0x1a0001c3   Thumb Code     0  _printf_u.o(.ARM.Collect$$_printf_percent$$0000000A)
    _printf_o                                0x1a0001c9   Thumb Code     0  _printf_o.o(.ARM.Collect$$_printf_percent$$0000000B)
    _printf_x                                0x1a0001cf   Thumb Code     0  _printf_x.o(.ARM.Collect$$_printf_percent$$0000000C)
    _printf_lli                              0x1a0001d5   Thumb Code     0  _printf_lli.o(.ARM.Collect$$_printf_percent$$0000000D)
    _printf_lld                              0x1a0001db   Thumb Code     0  _printf_lld.o(.ARM.Collect$$_printf_percent$$0000000E)
    _printf_llu                              0x1a0001e1   Thumb Code     0  _printf_llu.o(.ARM.Collect$$_printf_percent$$0000000F)
    _printf_llo                              0x1a0001e7   Thumb Code     0  _printf_llo.o(.ARM.Collect$$_printf_percent$$00000010)
    _printf_llx                              0x1a0001ed   Thumb Code     0  _printf_llx.o(.ARM.Collect$$_printf_percent$$00000011)
    _printf_l                                0x1a0001f3   Thumb Code     0  _printf_l.o(.ARM.Collect$$_printf_percent$$00000012)
    _printf_c                                0x1a0001fd   Thumb Code     0  _printf_c.o(.ARM.Collect$$_printf_percent$$00000013)
    _printf_s                                0x1a000203   Thumb Code     0  _printf_s.o(.ARM.Collect$$_printf_percent$$00000014)
    _printf_lc                               0x1a000209   Thumb Code     0  _printf_lc.o(.ARM.Collect$$_printf_percent$$00000015)
    _printf_ls                               0x1a00020f   Thumb Code     0  _printf_ls.o(.ARM.Collect$$_printf_percent$$00000016)
    _printf_percent_end                      0x1a000215   Thumb Code     0  _printf_percent_end.o(.ARM.Collect$$_printf_percent$$00000017)
    __rt_lib_init                            0x1a000219   Thumb Code     0  libinit.o(.ARM.Collect$$libinit$$00000000)
    __rt_lib_init_fp_1                       0x1a00021b   Thumb Code     0  libinit2.o(.ARM.Collect$$libinit$$00000001)
    __rt_lib_init_heap_1                     0x1a00021f   Thumb Code     0  libinit2.o(.ARM.Collect$$libinit$$0000000A)
    __rt_lib_init_lc_common                  0x1a00021f   Thumb Code     0  libinit2.o(.ARM.Collect$$libinit$$0000000F)
    __rt_lib_init_preinit_1                  0x1a00021f   Thumb Code     0  libinit2.o(.ARM.Collect$$libinit$$00000004)
    __rt_lib_init_rand_1                     0x1a00021f   Thumb Code     0  libinit2.o(.ARM.Collect$$libinit$$0000000E)
    __rt_lib_init_user_alloc_1               0x1a00021f   Thumb Code     0  libinit2.o(.ARM.Collect$$libinit$$0000000C)
    __rt_lib_init_lc_collate_1               0x1a000225   Thumb Code     0  libinit2.o(.ARM.Collect$$libinit$$00000011)
    __rt_lib_init_lc_ctype_2                 0x1a000225   Thumb Code     0  libinit2.o(.ARM.Collect$$libinit$$00000012)
    __rt_lib_init_lc_ctype_1                 0x1a000231   Thumb Code     0  libinit2.o(.ARM.Collect$$libinit$$00000013)
    __rt_lib_init_lc_monetary_1              0x1a000231   Thumb Code     0  libinit2.o(.ARM.Collect$$libinit$$00000015)
    __rt_lib_init_lc_numeric_2               0x1a000231   Thumb Code     0  libinit2.o(.ARM.Collect$$libinit$$00000016)
    __rt_lib_init_alloca_1                   0x1a00023b   Thumb Code     0  libinit2.o(.ARM.Collect$$libinit$$0000002E)
    __rt_lib_init_argv_1                     0x1a00023b   Thumb Code     0  libinit2.o(.ARM.Collect$$libinit$$0000002C)
    __rt_lib_init_atexit_1                   0x1a00023b   Thumb Code     0  libinit2.o(.ARM.Collect$$libinit$$0000001B)
    __rt_lib_init_clock_1                    0x1a00023b   Thumb Code     0  libinit2.o(.ARM.Collect$$libinit$$00000021)
    __rt_lib_init_cpp_1                      0x1a00023b   Thumb Code     0  libinit2.o(.ARM.Collect$$libinit$$00000032)
    __rt_lib_init_exceptions_1               0x1a00023b   Thumb Code     0  libinit2.o(.ARM.Collect$$libinit$$00000030)
    __rt_lib_init_fp_trap_1                  0x1a00023b   Thumb Code     0  libinit2.o(.ARM.Collect$$libinit$$0000001F)
    __rt_lib_init_getenv_1                   0x1a00023b   Thumb Code     0  libinit2.o(.ARM.Collect$$libinit$$00000023)
    __rt_lib_init_lc_numeric_1               0x1a00023b   Thumb Code     0  libinit2.o(.ARM.Collect$$libinit$$00000017)
    __rt_lib_init_lc_time_1                  0x1a00023b   Thumb Code     0  libinit2.o(.ARM.Collect$$libinit$$00000019)
    __rt_lib_init_return                     0x1a00023b   Thumb Code     0  libinit2.o(.ARM.Collect$$libinit$$00000033)
    __rt_lib_init_signal_1                   0x1a00023b   Thumb Code     0  libinit2.o(.ARM.Collect$$libinit$$0000001D)
    __rt_lib_init_stdio_1                    0x1a00023b   Thumb Code     0  libinit2.o(.ARM.Collect$$libinit$$00000025)
    __rt_lib_shutdown                        0x1a00023d   Thumb Code     0  libshutdown.o(.ARM.Collect$$libshutdown$$00000000)
    __rt_lib_shutdown_cpp_1                  0x1a00023f   Thumb Code     0  libshutdown2.o(.ARM.Collect$$libshutdown$$00000002)
    __rt_lib_shutdown_fp_trap_1              0x1a00023f   Thumb Code     0  libshutdown2.o(.ARM.Collect$$libshutdown$$00000007)
    __rt_lib_shutdown_heap_1                 0x1a00023f   Thumb Code     0  libshutdown2.o(.ARM.Collect$$libshutdown$$0000000F)
    __rt_lib_shutdown_return                 0x1a00023f   Thumb Code     0  libshutdown2.o(.ARM.Collect$$libshutdown$$00000010)
    __rt_lib_shutdown_signal_1               0x1a00023f   Thumb Code     0  libshutdown2.o(.ARM.Collect$$libshutdown$$0000000A)
    __rt_lib_shutdown_stdio_1                0x1a00023f   Thumb Code     0  libshutdown2.o(.ARM.Collect$$libshutdown$$00000004)
    __rt_lib_shutdown_user_alloc_1           0x1a00023f   Thumb Code     0  libshutdown2.o(.ARM.Collect$$libshutdown$$0000000C)
    __rt_entry                               0x1a000241   Thumb Code     0  __rtentry.o(.ARM.Collect$$rtentry$$00000000)
    __rt_entry_presh_1                       0x1a000241   Thumb Code     0  __rtentry2.o(.ARM.Collect$$rtentry$$00000002)
    __rt_entry_sh                            0x1a000241   Thumb Code     0  __rtentry4.o(.ARM.Collect$$rtentry$$00000004)
    __rt_entry_li                            0x1a000247   Thumb Code     0  __rtentry2.o(.ARM.Collect$$rtentry$$0000000A)
    __rt_entry_postsh_1                      0x1a000247   Thumb Code     0  __rtentry2.o(.ARM.Collect$$rtentry$$00000009)
    __rt_entry_main                          0x1a00024b   Thumb Code     0  __rtentry2.o(.ARM.Collect$$rtentry$$0000000D)
    __rt_entry_postli_1                      0x1a00024b   Thumb Code     0  __rtentry2.o(.ARM.Collect$$rtentry$$0000000C)
    __rt_exit                                0x1a000253   Thumb Code     0  rtexit.o(.ARM.Collect$$rtexit$$00000000)
    __rt_exit_ls                             0x1a000255   Thumb Code     0  rtexit2.o(.ARM.Collect$$rtexit$$00000003)
    __rt_exit_prels_1                        0x1a000255   Thumb Code     0  rtexit2.o(.ARM.Collect$$rtexit$$00000002)
    __rt_exit_exit                           0x1a000259   Thumb Code     0  rtexit2.o(.ARM.Collect$$rtexit$$00000004)
    Reset_Handler                            0x1a000261   Thumb Code     8  keil_startup_lpc18xx43xx.o(.text)
    NMI_Handler                              0x1a000269   Thumb Code     2  keil_startup_lpc18xx43xx.o(.text)
    HardFault_Handler                        0x1a00026b   Thumb Code     2  keil_startup_lpc18xx43xx.o(.text)
    MemManage_Handler                        0x1a00026d   Thumb Code     2  keil_startup_lpc18xx43xx.o(.text)
    BusFault_Handler                         0x1a00026f   Thumb Code     2  keil_startup_lpc18xx43xx.o(.text)
    UsageFault_Handler                       0x1a000271   Thumb Code     2  keil_startup_lpc18xx43xx.o(.text)
    SVC_Handler                              0x1a000273   Thumb Code     2  keil_startup_lpc18xx43xx.o(.text)
    DebugMon_Handler                         0x1a000275   Thumb Code     2  keil_startup_lpc18xx43xx.o(.text)
    PendSV_Handler                           0x1a000277   Thumb Code     2  keil_startup_lpc18xx43xx.o(.text)
    UnHandled_Vector                         0x1a00027b   Thumb Code     2  keil_startup_lpc18xx43xx.o(.text)
    ADC0_IRQHandler                          0x1a00027d   Thumb Code     0  keil_startup_lpc18xx43xx.o(.text)
    ADC1_IRQHandler                          0x1a00027d   Thumb Code     0  keil_startup_lpc18xx43xx.o(.text)
    ADCHS_IRQHandler                         0x1a00027d   Thumb Code     0  keil_startup_lpc18xx43xx.o(.text)
    ATIMER_IRQHandler                        0x1a00027d   Thumb Code     0  keil_startup_lpc18xx43xx.o(.text)
    CAN0_IRQHandler                          0x1a00027d   Thumb Code     0  keil_startup_lpc18xx43xx.o(.text)
    CAN1_IRQHandler                          0x1a00027d   Thumb Code     0  keil_startup_lpc18xx43xx.o(.text)
    DAC_IRQHandler                           0x1a00027d   Thumb Code     0  keil_startup_lpc18xx43xx.o(.text)
    ETH_IRQHandler                           0x1a00027d   Thumb Code     0  keil_startup_lpc18xx43xx.o(.text)
    EVRT_IRQHandler                          0x1a00027d   Thumb Code     0  keil_startup_lpc18xx43xx.o(.text)
    FLASH_EEPROM_IRQHandler                  0x1a00027d   Thumb Code     0  keil_startup_lpc18xx43xx.o(.text)
    GINT0_IRQHandler                         0x1a00027d   Thumb Code     0  keil_startup_lpc18xx43xx.o(.text)
    GINT1_IRQHandler                         0x1a00027d   Thumb Code     0  keil_startup_lpc18xx43xx.o(.text)
    GPIO0_IRQHandler                         0x1a00027d   Thumb Code     0  keil_startup_lpc18xx43xx.o(.text)
    GPIO1_IRQHandler                         0x1a00027d   Thumb Code     0  keil_startup_lpc18xx43xx.o(.text)
    GPIO2_IRQHandler                         0x1a00027d   Thumb Code     0  keil_startup_lpc18xx43xx.o(.text)
    GPIO3_IRQHandler                         0x1a00027d   Thumb Code     0  keil_startup_lpc18xx43xx.o(.text)
    GPIO4_IRQHandler                         0x1a00027d   Thumb Code     0  keil_startup_lpc18xx43xx.o(.text)
    GPIO5_IRQHandler                         0x1a00027d   Thumb Code     0  keil_startup_lpc18xx43xx.o(.text)
    GPIO6_IRQHandler                         0x1a00027d   Thumb Code     0  keil_startup_lpc18xx43xx.o(.text)
    GPIO7_IRQHandler                         0x1a00027d   Thumb Code     0  keil_startup_lpc18xx43xx.o(.text)
    I2C0_IRQHandler                          0x1a00027d   Thumb Code     0  keil_startup_lpc18xx43xx.o(.text)
    I2C1_IRQHandler                          0x1a00027d   Thumb Code     0  keil_startup_lpc18xx43xx.o(.text)
    I2S0_IRQHandler                          0x1a00027d   Thumb Code     0  keil_startup_lpc18xx43xx.o(.text)
    I2S1_IRQHandler                          0x1a00027d   Thumb Code     0  keil_startup_lpc18xx43xx.o(.text)
    LCD_IRQHandler                           0x1a00027d   Thumb Code     0  keil_startup_lpc18xx43xx.o(.text)
    M0SUB_IRQHandler                         0x1a00027d   Thumb Code     0  keil_startup_lpc18xx43xx.o(.text)
    MCPWM_IRQHandler                         0x1a00027d   Thumb Code     0  keil_startup_lpc18xx43xx.o(.text)
    QEI_IRQHandler                           0x1a00027d   Thumb Code     0  keil_startup_lpc18xx43xx.o(.text)
    RIT_IRQHandler                           0x1a00027d   Thumb Code     0  keil_startup_lpc18xx43xx.o(.text)
    RTC_IRQHandler                           0x1a00027d   Thumb Code     0  keil_startup_lpc18xx43xx.o(.text)
    SCT_IRQHandler                           0x1a00027d   Thumb Code     0  keil_startup_lpc18xx43xx.o(.text)
    SDIO_IRQHandler                          0x1a00027d   Thumb Code     0  keil_startup_lpc18xx43xx.o(.text)
    SGPIO_IRQHandler                         0x1a00027d   Thumb Code     0  keil_startup_lpc18xx43xx.o(.text)
    SPIFI_IRQHandler                         0x1a00027d   Thumb Code     0  keil_startup_lpc18xx43xx.o(.text)
    SPI_IRQHandler                           0x1a00027d   Thumb Code     0  keil_startup_lpc18xx43xx.o(.text)
    SSP0_IRQHandler                          0x1a00027d   Thumb Code     0  keil_startup_lpc18xx43xx.o(.text)
    SSP1_IRQHandler                          0x1a00027d   Thumb Code     0  keil_startup_lpc18xx43xx.o(.text)
    TIMER0_IRQHandler                        0x1a00027d   Thumb Code     0  keil_startup_lpc18xx43xx.o(.text)
    TIMER1_IRQHandler                        0x1a00027d   Thumb Code     0  keil_startup_lpc18xx43xx.o(.text)
    TIMER2_IRQHandler                        0x1a00027d   Thumb Code     0  keil_startup_lpc18xx43xx.o(.text)
    TIMER3_IRQHandler                        0x1a00027d   Thumb Code     0  keil_startup_lpc18xx43xx.o(.text)
    UART0_IRQHandler                         0x1a00027d   Thumb Code     0  keil_startup_lpc18xx43xx.o(.text)
    UART1_IRQHandler                         0x1a00027d   Thumb Code     0  keil_startup_lpc18xx43xx.o(.text)
    UART2_IRQHandler                         0x1a00027d   Thumb Code     0  keil_startup_lpc18xx43xx.o(.text)
    UART3_IRQHandler                         0x1a00027d   Thumb Code     0  keil_startup_lpc18xx43xx.o(.text)
    USB0_IRQHandler                          0x1a00027d   Thumb Code     0  keil_startup_lpc18xx43xx.o(.text)
    USB1_IRQHandler                          0x1a00027d   Thumb Code     0  keil_startup_lpc18xx43xx.o(.text)
    WDT_IRQHandler                           0x1a00027d   Thumb Code     0  keil_startup_lpc18xx43xx.o(.text)
    __user_initial_stackheap                 0x1a000281   Thumb Code     0  keil_startup_lpc18xx43xx.o(.text)
    __aeabi_uldivmod                         0x1a0002a1   Thumb Code     0  lludivv7m.o(.text)
    _ll_udiv                                 0x1a0002a1   Thumb Code   238  lludivv7m.o(.text)
    __c89vsprintf                            0x1a000391   Thumb Code    32  c89vsprintf.o(.text)
    strlen                                   0x1a0003b5   Thumb Code    62  strlen.o(.text)
    __aeabi_memcpy4                          0x1a0003f3   Thumb Code     0  rt_memcpy_w.o(.text)
    __aeabi_memcpy8                          0x1a0003f3   Thumb Code     0  rt_memcpy_w.o(.text)
    __rt_memcpy_w                            0x1a0003f3   Thumb Code   100  rt_memcpy_w.o(.text)
    _memcpy_lastbytes_aligned                0x1a00043b   Thumb Code     0  rt_memcpy_w.o(.text)
    __aeabi_memclr4                          0x1a000457   Thumb Code     0  rt_memclr_w.o(.text)
    __aeabi_memclr8                          0x1a000457   Thumb Code     0  rt_memclr_w.o(.text)
    __rt_memclr_w                            0x1a000457   Thumb Code    78  rt_memclr_w.o(.text)
    _memset_w                                0x1a00045b   Thumb Code     0  rt_memclr_w.o(.text)
    __use_two_region_memory                  0x1a0004a5   Thumb Code     2  heapauxi.o(.text)
    __rt_heap_escrow$2region                 0x1a0004a7   Thumb Code     2  heapauxi.o(.text)
    __rt_heap_expand$2region                 0x1a0004a9   Thumb Code     2  heapauxi.o(.text)
    __read_errno                             0x1a0004ab   Thumb Code    10  _rserrno.o(.text)
    __set_errno                              0x1a0004b5   Thumb Code    12  _rserrno.o(.text)
    _printf_pre_padding                      0x1a0004c1   Thumb Code    44  _printf_pad.o(.text)
    _printf_post_padding                     0x1a0004ed   Thumb Code    34  _printf_pad.o(.text)
    _printf_truncate_signed                  0x1a00050f   Thumb Code    18  _printf_truncate.o(.text)
    _printf_truncate_unsigned                0x1a000521   Thumb Code    18  _printf_truncate.o(.text)
    _printf_str                              0x1a000533   Thumb Code    82  _printf_str.o(.text)
    _printf_int_dec                          0x1a000585   Thumb Code   104  _printf_dec.o(.text)
    _printf_charcount                        0x1a0005fd   Thumb Code    40  _printf_charcount.o(.text)
    _printf_char_common                      0x1a00062f   Thumb Code    32  _printf_char_common.o(.text)
    _sputc                                   0x1a000655   Thumb Code    10  _sputc.o(.text)
    _printf_wctomb                           0x1a000661   Thumb Code   182  _printf_wctomb.o(.text)
    _printf_longlong_dec                     0x1a00071d   Thumb Code   108  _printf_longlong_dec.o(.text)
    _printf_longlong_oct                     0x1a000799   Thumb Code    66  _printf_oct_int_ll.o(.text)
    _printf_int_oct                          0x1a0007db   Thumb Code    24  _printf_oct_int_ll.o(.text)
    _printf_ll_oct                           0x1a0007f3   Thumb Code    12  _printf_oct_int_ll.o(.text)
    _printf_longlong_hex                     0x1a000809   Thumb Code    86  _printf_hex_int_ll_ptr.o(.text)
    _printf_int_hex                          0x1a00085f   Thumb Code    28  _printf_hex_int_ll_ptr.o(.text)
    _printf_ll_hex                           0x1a00087b   Thumb Code    12  _printf_hex_int_ll_ptr.o(.text)
    _printf_hex_ptr                          0x1a000887   Thumb Code    18  _printf_hex_int_ll_ptr.o(.text)
    __printf                                 0x1a00089d   Thumb Code   388  __printf_flags_ss_wp.o(.text)
    __aeabi_errno_addr                       0x1a000a25   Thumb Code     8  rt_errno_addr_intlibspace.o(.text)
    __errno$intlibspace                      0x1a000a25   Thumb Code     0  rt_errno_addr_intlibspace.o(.text)
    __rt_errno_addr$intlibspace              0x1a000a25   Thumb Code     0  rt_errno_addr_intlibspace.o(.text)
    _ll_udiv10                               0x1a000a2d   Thumb Code   138  lludiv10.o(.text)
    _printf_int_common                       0x1a000ab7   Thumb Code   178  _printf_intcommon.o(.text)
    __lib_sel_fp_printf                      0x1a000b69   Thumb Code     2  _printf_fp_dec.o(.text)
    _printf_fp_dec_real                      0x1a000d1b   Thumb Code   620  _printf_fp_dec.o(.text)
    _printf_cs_common                        0x1a000f87   Thumb Code    20  _printf_char.o(.text)
    _printf_char                             0x1a000f9b   Thumb Code    16  _printf_char.o(.text)
    _printf_string                           0x1a000fab   Thumb Code     8  _printf_char.o(.text)
    _printf_lcs_common                       0x1a000fb3   Thumb Code    20  _printf_wchar.o(.text)
    _printf_wchar                            0x1a000fc7   Thumb Code    16  _printf_wchar.o(.text)
    _printf_wstring                          0x1a000fd7   Thumb Code     8  _printf_wchar.o(.text)
    _wcrtomb                                 0x1a000fdf   Thumb Code    64  _wcrtomb.o(.text)
    __user_libspace                          0x1a001021   Thumb Code     8  libspace.o(.text)
    __user_perproc_libspace                  0x1a001021   Thumb Code     0  libspace.o(.text)
    __user_perthread_libspace                0x1a001021   Thumb Code     0  libspace.o(.text)
    __user_setup_stackheap                   0x1a001029   Thumb Code    74  sys_stackheap_outer.o(.text)
    __rt_ctype_table                         0x1a001075   Thumb Code    16  rt_ctype_table.o(.text)
    __rt_locale                              0x1a001085   Thumb Code     8  rt_locale_intlibspace.o(.text)
    _printf_fp_infnan                        0x1a00108d   Thumb Code   112  _printf_fp_infnan.o(.text)
    _btod_etento                             0x1a00110d   Thumb Code   224  bigflt0.o(.text)
    exit                                     0x1a0011f1   Thumb Code    18  exit.o(.text)
    strcmp                                   0x1a001205   Thumb Code   128  strcmpv7m.o(.text)
    _btod_d2e                                0x1a001285   Thumb Code    62  btod.o(CL$$btod_d2e)
    _d2e_denorm_low                          0x1a0012c3   Thumb Code    70  btod.o(CL$$btod_d2e_denorm_low)
    _d2e_norm_op1                            0x1a001309   Thumb Code    96  btod.o(CL$$btod_d2e_norm_op1)
    __btod_div_common                        0x1a001369   Thumb Code   696  btod.o(CL$$btod_div_common)
    _e2e                                     0x1a0016a1   Thumb Code   220  btod.o(CL$$btod_e2e)
    _btod_ediv                               0x1a00177d   Thumb Code    42  btod.o(CL$$btod_ediv)
    _btod_emul                               0x1a0017a7   Thumb Code    42  btod.o(CL$$btod_emul)
    __btod_mult_common                       0x1a0017d1   Thumb Code   580  btod.o(CL$$btod_mult_common)
    Board_Debug_Init                         0x1a001a1d   Thumb Code    36  board.o(i.Board_Debug_Init)
    Board_Init                               0x1a001a45   Thumb Code    74  board.o(i.Board_Init)
    Board_SetupClocking                      0x1a001a9d   Thumb Code    98  board_sysinit.o(i.Board_SetupClocking)
    Board_SetupMuxing                        0x1a001b11   Thumb Code    40  board_sysinit.o(i.Board_SetupMuxing)
    Board_SystemInit                         0x1a001b41   Thumb Code    14  board_sysinit.o(i.Board_SystemInit)
    Board_UART_Init                          0x1a001b51   Thumb Code    14  board.o(i.Board_UART_Init)
    Chip_Clock_CalcMainPLLValue              0x1a001b69   Thumb Code    98  clock_18xx_43xx.o(i.Chip_Clock_CalcMainPLLValue)
    Chip_Clock_Disable                       0x1a001bd9   Thumb Code    40  clock_18xx_43xx.o(i.Chip_Clock_Disable)
    Chip_Clock_Enable                        0x1a001c05   Thumb Code    40  clock_18xx_43xx.o(i.Chip_Clock_Enable)
    Chip_Clock_EnableCrystal                 0x1a001c31   Thumb Code    54  clock_18xx_43xx.o(i.Chip_Clock_EnableCrystal)
    Chip_Clock_EnableOpts                    0x1a001c75   Thumb Code    46  clock_18xx_43xx.o(i.Chip_Clock_EnableOpts)
    Chip_Clock_GetBaseClock                  0x1a001ca9   Thumb Code    26  clock_18xx_43xx.o(i.Chip_Clock_GetBaseClock)
    Chip_Clock_GetBaseClocktHz               0x1a001cc9   Thumb Code    14  clock_18xx_43xx.o(i.Chip_Clock_GetBaseClocktHz)
    Chip_Clock_GetClockInputHz               0x1a001cd9   Thumb Code   132  clock_18xx_43xx.o(i.Chip_Clock_GetClockInputHz)
    Chip_Clock_GetDividerDivisor             0x1a001d9d   Thumb Code    18  clock_18xx_43xx.o(i.Chip_Clock_GetDividerDivisor)
    Chip_Clock_GetDividerSource              0x1a001dbd   Thumb Code    22  clock_18xx_43xx.o(i.Chip_Clock_GetDividerSource)
    Chip_Clock_GetMainPLLHz                  0x1a001dd9   Thumb Code    84  clock_18xx_43xx.o(i.Chip_Clock_GetMainPLLHz)
    Chip_Clock_GetRate                       0x1a001e35   Thumb Code   112  clock_18xx_43xx.o(i.Chip_Clock_GetRate)
    Chip_Clock_SetBaseClock                  0x1a001ead   Thumb Code    48  clock_18xx_43xx.o(i.Chip_Clock_SetBaseClock)
    Chip_GPDMA_ChannelCmd                    0x1a001f09   Thumb Code    28  gpdma_18xx_43xx.o(i.Chip_GPDMA_ChannelCmd)
    Chip_GPDMA_ClearIntPending               0x1a001f25   Thumb Code    16  gpdma_18xx_43xx.o(i.Chip_GPDMA_ClearIntPending)
    Chip_GPDMA_DeInit                        0x1a001f35   Thumb Code     6  gpdma_18xx_43xx.o(i.Chip_GPDMA_DeInit)
    Chip_GPDMA_GetFreeChannel                0x1a001f3d   Thumb Code    44  gpdma_18xx_43xx.o(i.Chip_GPDMA_GetFreeChannel)
    Chip_GPDMA_Init                          0x1a001f6d   Thumb Code    56  gpdma_18xx_43xx.o(i.Chip_GPDMA_Init)
    Chip_GPDMA_InitChannelCfg                0x1a001fa9   Thumb Code    94  gpdma_18xx_43xx.o(i.Chip_GPDMA_InitChannelCfg)
    Chip_GPDMA_IntGetStatus                  0x1a00200d   Thumb Code    46  gpdma_18xx_43xx.o(i.Chip_GPDMA_IntGetStatus)
    Chip_GPDMA_Interrupt                     0x1a00203b   Thumb Code    66  gpdma_18xx_43xx.o(i.Chip_GPDMA_Interrupt)
    Chip_GPDMA_Transfer                      0x1a00207d   Thumb Code   140  gpdma_18xx_43xx.o(i.Chip_GPDMA_Transfer)
    Chip_GPIO_Init                           0x1a00210d   Thumb Code     2  gpio_18xx_43xx.o(i.Chip_GPIO_Init)
    Chip_SetupCoreClock                      0x1a00214d   Thumb Code   226  sysinit_18xx_43xx.o(i.Chip_SetupCoreClock)
    Chip_TIMER_Init                          0x1a00226d   Thumb Code    14  timer_18xx_43xx.o(i.Chip_TIMER_Init)
    Chip_UART_Init                           0x1a0022ad   Thumb Code    66  uart_18xx_43xx.o(i.Chip_UART_Init)
    Chip_UART_SetBaud                        0x1a0022f9   Thumb Code    66  uart_18xx_43xx.o(i.Chip_UART_SetBaud)
    Chip_UART_SetBaudFDR                     0x1a002341   Thumb Code   200  uart_18xx_43xx.o(i.Chip_UART_SetBaudFDR)
    DMA_IRQHandler                           0x1a00240d   Thumb Code    54  main.o(i.DMA_IRQHandler)
    M0APP_IRQHandler                         0x1a00245d   Thumb Code     8  main.o(i.M0APP_IRQHandler)
    M0Image_Boot                             0x1a002469   Thumb Code   112  m0_img_ldr.o(i.M0Image_Boot)
    SysTick_Handler                          0x1a00251d   Thumb Code    12  main.o(i.SysTick_Handler)
    SystemCoreClockUpdate                    0x1a00252d   Thumb Code    14  chip_18xx_43xx.o(i.SystemCoreClockUpdate)
    SystemInit                               0x1a002541   Thumb Code    18  sysinit.o(i.SystemInit)
    __ARM_fpclassify                         0x1a00255d   Thumb Code    48  fpclassify.o(i.__ARM_fpclassify)
    __ARM_fpclassifyf                        0x1a00258d   Thumb Code    38  fpclassifyf.o(i.__ARM_fpclassifyf)
    __hardfp_powf                            0x1a0025b5   Thumb Code  1606  powf.o(i.__hardfp_powf)
    __mathlib_powf                           0x1a0025b5   Thumb Code     0  powf.o(i.__hardfp_powf)
    __mathlib_flt_divzero                    0x1a002c19   Thumb Code    14  funder.o(i.__mathlib_flt_divzero)
    __mathlib_flt_infnan2                    0x1a002c2d   Thumb Code     6  funder.o(i.__mathlib_flt_infnan2)
    __mathlib_flt_invalid                    0x1a002c35   Thumb Code    10  funder.o(i.__mathlib_flt_invalid)
    __mathlib_flt_overflow                   0x1a002c45   Thumb Code    10  funder.o(i.__mathlib_flt_overflow)
    __mathlib_flt_underflow                  0x1a002c55   Thumb Code    10  funder.o(i.__mathlib_flt_underflow)
    _is_digit                                0x1a002c65   Thumb Code    14  __printf_wp.o(i._is_digit)
    _sys_exit                                0x1a002c73   Thumb Code     4  board.o(i._sys_exit)
    calc_pi                                  0x1a002c77   Thumb Code   116  main.o(i.calc_pi)
    fpuInit                                  0x1a002e75   Thumb Code    46  fpu_init.o(i.fpuInit)
    idle                                     0x1a002eb1   Thumb Code   272  main.o(i.idle)
    lock_mutex                               0x1a003025   Thumb Code    28  main.o(i.lock_mutex)
    main                                     0x1a003045   Thumb Code   258  main.o(i.main)
    makeCtrlWord                             0x1a0031ad   Thumb Code   140  gpdma_18xx_43xx.o(i.makeCtrlWord)
    setupChannel                             0x1a003399   Thumb Code   104  gpdma_18xx_43xx.o(i.setupChannel)
    unlock_mutex                             0x1a003401   Thumb Code    18  main.o(i.unlock_mutex)
    _get_lc_numeric                          0x1a003419   Thumb Code    44  lc_numeric_c.o(locale$$code)
    _get_lc_ctype                            0x1a003445   Thumb Code    44  lc_ctype_c.o(locale$$code)
    __fpl_dretinf                            0x1a003471   Thumb Code    12  dretinf.o(x$fpl$dretinf)
    __aeabi_f2d                              0x1a00347d   Thumb Code     0  f2d.o(x$fpl$f2d)
    _f2d                                     0x1a00347d   Thumb Code    86  f2d.o(x$fpl$f2d)
    __fpl_fnaninf                            0x1a0034d3   Thumb Code   140  fnaninf.o(x$fpl$fnaninf)
    _fp_init                                 0x1a00355f   Thumb Code    10  fpinit.o(x$fpl$fpinit)
    __fplib_config_fpu_vfp                   0x1a003567   Thumb Code     0  fpinit.o(x$fpl$fpinit)
    __fplib_config_pureend_doubles           0x1a003567   Thumb Code     0  fpinit.o(x$fpl$fpinit)
    _printf_fp_dec                           0x1a003569   Thumb Code     4  printf1.o(x$fpl$printf1)
    ExtRateIn                                0x1a00356c   Data           4  board.o(.constdata)
    __I$use$fp                               0x1a00356c   Number         0  usenofp.o(x$fpl$usenofp)
    OscRateIn                                0x1a003570   Data           4  board.o(.constdata)
    Region$$Table$$Base                      0x1a0038d4   Number         0  anon$$obj.o(Region$$Table)
    Region$$Table$$Limit                     0x1a0038f4   Number         0  anon$$obj.o(Region$$Table)
    __ctype                                  0x1a00391d   Data           0  lc_ctype_c.o(locale$$data)



==============================================================================

Memory Map of the image

  Image Entry point : 0x1a000115

  Load Region LR_IROM1 (Base: 0x1a000000, Size: 0x00003adc, Max: 0x00080000, ABSOLUTE)

    Execution Region RW_IRAM1 (Exec base: 0x10000000, Load base: 0x1a003a20, Size: 0x00000420, Max: 0x00008000, ABSOLUTE)

    Exec Addr    Load Addr    Size         Type   Attr      Idx    E Section Name        Object

    0x10000000   0x1a003a20   0x0000002d   Data   RW           15    .data               main.o
    0x1000002d   0x1a003a4d   0x00000003   PAD
    0x10000030   0x1a003a50   0x00000004   Data   RW          843    .data               lib_lpc_chip_43xx.lib(chip_18xx_43xx.o)
    0x10000034   0x1a003a54   0x00000008   Data   RW         1099    .data               lib_lpc_chip_43xx.lib(clock_18xx_43xx.o)
    0x1000003c   0x1a003a5c   0x00000080   Data   RW         1303    .data               lib_lpc_chip_43xx.lib(gpdma_18xx_43xx.o)
    0x100000bc        -       0x00000060   Zero   RW         2247    .bss                c_w.l(libspace.o)
    0x1000011c   0x1a003adc   0x00000004   PAD
    0x10000120        -       0x00000000   Zero   RW          309    HEAP                keil_startup_lpc18xx43xx.o
    0x10000120        -       0x00000300   Zero   RW          308    STACK               keil_startup_lpc18xx43xx.o


    Execution Region ER_IROM1 (Exec base: 0x1a000000, Load base: 0x1a000000, Size: 0x00003a20, Max: 0x00080000, ABSOLUTE)

    Exec Addr    Load Addr    Size         Type   Attr      Idx    E Section Name        Object

    0x1a000000   0x1a000000   0x00000114   Data   RO          310    RESET               keil_startup_lpc18xx43xx.o
    0x1a000114   0x1a000114   0x00000008   Code   RO         2068  * !!!main             c_w.l(__main.o)
    0x1a00011c   0x1a00011c   0x00000034   Code   RO         2431    !!!scatter          c_w.l(__scatter.o)
    0x1a000150   0x1a000150   0x0000001a   Code   RO         2433    !!handler_copy      c_w.l(__scatter_copy.o)
    0x1a00016a   0x1a00016a   0x00000002   PAD
    0x1a00016c   0x1a00016c   0x0000001c   Code   RO         2435    !!handler_zi        c_w.l(__scatter_zi.o)
    0x1a000188   0x1a000188   0x00000000   Code   RO         2174    .ARM.Collect$$_printf_percent$$00000000  c_w.l(_printf_percent.o)
    0x1a000188   0x1a000188   0x00000006   Code   RO         2163    .ARM.Collect$$_printf_percent$$00000001  c_w.l(_printf_n.o)
    0x1a00018e   0x1a00018e   0x00000006   Code   RO         2165    .ARM.Collect$$_printf_percent$$00000002  c_w.l(_printf_p.o)
    0x1a000194   0x1a000194   0x00000006   Code   RO         2170    .ARM.Collect$$_printf_percent$$00000003  c_w.l(_printf_f.o)
    0x1a00019a   0x1a00019a   0x00000006   Code   RO         2171    .ARM.Collect$$_printf_percent$$00000004  c_w.l(_printf_e.o)
    0x1a0001a0   0x1a0001a0   0x00000006   Code   RO         2172    .ARM.Collect$$_printf_percent$$00000005  c_w.l(_printf_g.o)
    0x1a0001a6   0x1a0001a6   0x00000006   Code   RO         2173    .ARM.Collect$$_printf_percent$$00000006  c_w.l(_printf_a.o)
    0x1a0001ac   0x1a0001ac   0x0000000a   Code   RO         2178    .ARM.Collect$$_printf_percent$$00000007  c_w.l(_printf_ll.o)
    0x1a0001b6   0x1a0001b6   0x00000006   Code   RO         2167    .ARM.Collect$$_printf_percent$$00000008  c_w.l(_printf_i.o)
    0x1a0001bc   0x1a0001bc   0x00000006   Code   RO         2168    .ARM.Collect$$_printf_percent$$00000009  c_w.l(_printf_d.o)
    0x1a0001c2   0x1a0001c2   0x00000006   Code   RO         2169    .ARM.Collect$$_printf_percent$$0000000A  c_w.l(_printf_u.o)
    0x1a0001c8   0x1a0001c8   0x00000006   Code   RO         2166    .ARM.Collect$$_printf_percent$$0000000B  c_w.l(_printf_o.o)
    0x1a0001ce   0x1a0001ce   0x00000006   Code   RO         2164    .ARM.Collect$$_printf_percent$$0000000C  c_w.l(_printf_x.o)
    0x1a0001d4   0x1a0001d4   0x00000006   Code   RO         2175    .ARM.Collect$$_printf_percent$$0000000D  c_w.l(_printf_lli.o)
    0x1a0001da   0x1a0001da   0x00000006   Code   RO         2176    .ARM.Collect$$_printf_percent$$0000000E  c_w.l(_printf_lld.o)
    0x1a0001e0   0x1a0001e0   0x00000006   Code   RO         2177    .ARM.Collect$$_printf_percent$$0000000F  c_w.l(_printf_llu.o)
    0x1a0001e6   0x1a0001e6   0x00000006   Code   RO         2182    .ARM.Collect$$_printf_percent$$00000010  c_w.l(_printf_llo.o)
    0x1a0001ec   0x1a0001ec   0x00000006   Code   RO         2183    .ARM.Collect$$_printf_percent$$00000011  c_w.l(_printf_llx.o)
    0x1a0001f2   0x1a0001f2   0x0000000a   Code   RO         2179    .ARM.Collect$$_printf_percent$$00000012  c_w.l(_printf_l.o)
    0x1a0001fc   0x1a0001fc   0x00000006   Code   RO         2161    .ARM.Collect$$_printf_percent$$00000013  c_w.l(_printf_c.o)
    0x1a000202   0x1a000202   0x00000006   Code   RO         2162    .ARM.Collect$$_printf_percent$$00000014  c_w.l(_printf_s.o)
    0x1a000208   0x1a000208   0x00000006   Code   RO         2180    .ARM.Collect$$_printf_percent$$00000015  c_w.l(_printf_lc.o)
    0x1a00020e   0x1a00020e   0x00000006   Code   RO         2181    .ARM.Collect$$_printf_percent$$00000016  c_w.l(_printf_ls.o)
    0x1a000214   0x1a000214   0x00000004   Code   RO         2243    .ARM.Collect$$_printf_percent$$00000017  c_w.l(_printf_percent_end.o)
    0x1a000218   0x1a000218   0x00000002   Code   RO         2299    .ARM.Collect$$libinit$$00000000  c_w.l(libinit.o)
    0x1a00021a   0x1a00021a   0x00000004   Code   RO         2315    .ARM.Collect$$libinit$$00000001  c_w.l(libinit2.o)
    0x1a00021e   0x1a00021e   0x00000000   Code   RO         2318    .ARM.Collect$$libinit$$00000004  c_w.l(libinit2.o)
    0x1a00021e   0x1a00021e   0x00000000   Code   RO         2321    .ARM.Collect$$libinit$$0000000A  c_w.l(libinit2.o)
    0x1a00021e   0x1a00021e   0x00000000   Code   RO         2323    .ARM.Collect$$libinit$$0000000C  c_w.l(libinit2.o)
    0x1a00021e   0x1a00021e   0x00000000   Code   RO         2325    .ARM.Collect$$libinit$$0000000E  c_w.l(libinit2.o)
    0x1a00021e   0x1a00021e   0x00000006   Code   RO         2326    .ARM.Collect$$libinit$$0000000F  c_w.l(libinit2.o)
    0x1a000224   0x1a000224   0x00000000   Code   RO         2328    .ARM.Collect$$libinit$$00000011  c_w.l(libinit2.o)
    0x1a000224   0x1a000224   0x0000000c   Code   RO         2329    .ARM.Collect$$libinit$$00000012  c_w.l(libinit2.o)
    0x1a000230   0x1a000230   0x00000000   Code   RO         2330    .ARM.Collect$$libinit$$00000013  c_w.l(libinit2.o)
    0x1a000230   0x1a000230   0x00000000   Code   RO         2332    .ARM.Collect$$libinit$$00000015  c_w.l(libinit2.o)
    0x1a000230   0x1a000230   0x0000000a   Code   RO         2333    .ARM.Collect$$libinit$$00000016  c_w.l(libinit2.o)
    0x1a00023a   0x1a00023a   0x00000000   Code   RO         2334    .ARM.Collect$$libinit$$00000017  c_w.l(libinit2.o)
    0x1a00023a   0x1a00023a   0x00000000   Code   RO         2336    .ARM.Collect$$libinit$$00000019  c_w.l(libinit2.o)
    0x1a00023a   0x1a00023a   0x00000000   Code   RO         2338    .ARM.Collect$$libinit$$0000001B  c_w.l(libinit2.o)
    0x1a00023a   0x1a00023a   0x00000000   Code   RO         2340    .ARM.Collect$$libinit$$0000001D  c_w.l(libinit2.o)
    0x1a00023a   0x1a00023a   0x00000000   Code   RO         2342    .ARM.Collect$$libinit$$0000001F  c_w.l(libinit2.o)
    0x1a00023a   0x1a00023a   0x00000000   Code   RO         2344    .ARM.Collect$$libinit$$00000021  c_w.l(libinit2.o)
    0x1a00023a   0x1a00023a   0x00000000   Code   RO         2346    .ARM.Collect$$libinit$$00000023  c_w.l(libinit2.o)
    0x1a00023a   0x1a00023a   0x00000000   Code   RO         2348    .ARM.Collect$$libinit$$00000025  c_w.l(libinit2.o)
    0x1a00023a   0x1a00023a   0x00000000   Code   RO         2352    .ARM.Collect$$libinit$$0000002C  c_w.l(libinit2.o)
    0x1a00023a   0x1a00023a   0x00000000   Code   RO         2354    .ARM.Collect$$libinit$$0000002E  c_w.l(libinit2.o)
    0x1a00023a   0x1a00023a   0x00000000   Code   RO         2356    .ARM.Collect$$libinit$$00000030  c_w.l(libinit2.o)
    0x1a00023a   0x1a00023a   0x00000000   Code   RO         2358    .ARM.Collect$$libinit$$00000032  c_w.l(libinit2.o)
    0x1a00023a   0x1a00023a   0x00000002   Code   RO         2359    .ARM.Collect$$libinit$$00000033  c_w.l(libinit2.o)
    0x1a00023c   0x1a00023c   0x00000002   Code   RO         2385    .ARM.Collect$$libshutdown$$00000000  c_w.l(libshutdown.o)
    0x1a00023e   0x1a00023e   0x00000000   Code   RO         2414    .ARM.Collect$$libshutdown$$00000002  c_w.l(libshutdown2.o)
    0x1a00023e   0x1a00023e   0x00000000   Code   RO         2416    .ARM.Collect$$libshutdown$$00000004  c_w.l(libshutdown2.o)
    0x1a00023e   0x1a00023e   0x00000000   Code   RO         2419    .ARM.Collect$$libshutdown$$00000007  c_w.l(libshutdown2.o)
    0x1a00023e   0x1a00023e   0x00000000   Code   RO         2422    .ARM.Collect$$libshutdown$$0000000A  c_w.l(libshutdown2.o)
    0x1a00023e   0x1a00023e   0x00000000   Code   RO         2424    .ARM.Collect$$libshutdown$$0000000C  c_w.l(libshutdown2.o)
    0x1a00023e   0x1a00023e   0x00000000   Code   RO         2427    .ARM.Collect$$libshutdown$$0000000F  c_w.l(libshutdown2.o)
    0x1a00023e   0x1a00023e   0x00000002   Code   RO         2428    .ARM.Collect$$libshutdown$$00000010  c_w.l(libshutdown2.o)
    0x1a000240   0x1a000240   0x00000000   Code   RO         2086    .ARM.Collect$$rtentry$$00000000  c_w.l(__rtentry.o)
    0x1a000240   0x1a000240   0x00000000   Code   RO         2210    .ARM.Collect$$rtentry$$00000002  c_w.l(__rtentry2.o)
    0x1a000240   0x1a000240   0x00000006   Code   RO         2222    .ARM.Collect$$rtentry$$00000004  c_w.l(__rtentry4.o)
    0x1a000246   0x1a000246   0x00000000   Code   RO         2212    .ARM.Collect$$rtentry$$00000009  c_w.l(__rtentry2.o)
    0x1a000246   0x1a000246   0x00000004   Code   RO         2213    .ARM.Collect$$rtentry$$0000000A  c_w.l(__rtentry2.o)
    0x1a00024a   0x1a00024a   0x00000000   Code   RO         2215    .ARM.Collect$$rtentry$$0000000C  c_w.l(__rtentry2.o)
    0x1a00024a   0x1a00024a   0x00000008   Code   RO         2216    .ARM.Collect$$rtentry$$0000000D  c_w.l(__rtentry2.o)
    0x1a000252   0x1a000252   0x00000002   Code   RO         2302    .ARM.Collect$$rtexit$$00000000  c_w.l(rtexit.o)
    0x1a000254   0x1a000254   0x00000000   Code   RO         2361    .ARM.Collect$$rtexit$$00000002  c_w.l(rtexit2.o)
    0x1a000254   0x1a000254   0x00000004   Code   RO         2362    .ARM.Collect$$rtexit$$00000003  c_w.l(rtexit2.o)
    0x1a000258   0x1a000258   0x00000006   Code   RO         2363    .ARM.Collect$$rtexit$$00000004  c_w.l(rtexit2.o)
    0x1a00025e   0x1a00025e   0x00000002   PAD
    0x1a000260   0x1a000260   0x00000040   Code   RO          311    .text               keil_startup_lpc18xx43xx.o
    0x1a0002a0   0x1a0002a0   0x000000ee   Code   RO         2054    .text               c_w.l(lludivv7m.o)
    0x1a00038e   0x1a00038e   0x00000002   PAD
    0x1a000390   0x1a000390   0x00000024   Code   RO         2056    .text               c_w.l(c89vsprintf.o)
    0x1a0003b4   0x1a0003b4   0x0000003e   Code   RO         2058    .text               c_w.l(strlen.o)
    0x1a0003f2   0x1a0003f2   0x00000064   Code   RO         2062    .text               c_w.l(rt_memcpy_w.o)
    0x1a000456   0x1a000456   0x0000004e   Code   RO         2064    .text               c_w.l(rt_memclr_w.o)
    0x1a0004a4   0x1a0004a4   0x00000006   Code   RO         2066    .text               c_w.l(heapauxi.o)
    0x1a0004aa   0x1a0004aa   0x00000016   Code   RO         2091    .text               c_w.l(_rserrno.o)
    0x1a0004c0   0x1a0004c0   0x0000004e   Code   RO         2095    .text               c_w.l(_printf_pad.o)
    0x1a00050e   0x1a00050e   0x00000024   Code   RO         2097    .text               c_w.l(_printf_truncate.o)
    0x1a000532   0x1a000532   0x00000052   Code   RO         2099    .text               c_w.l(_printf_str.o)
    0x1a000584   0x1a000584   0x00000078   Code   RO         2101    .text               c_w.l(_printf_dec.o)
    0x1a0005fc   0x1a0005fc   0x00000028   Code   RO         2103    .text               c_w.l(_printf_charcount.o)
    0x1a000624   0x1a000624   0x00000030   Code   RO         2105    .text               c_w.l(_printf_char_common.o)
    0x1a000654   0x1a000654   0x0000000a   Code   RO         2107    .text               c_w.l(_sputc.o)
    0x1a00065e   0x1a00065e   0x00000002   PAD
    0x1a000660   0x1a000660   0x000000bc   Code   RO         2109    .text               c_w.l(_printf_wctomb.o)
    0x1a00071c   0x1a00071c   0x0000007c   Code   RO         2112    .text               c_w.l(_printf_longlong_dec.o)
    0x1a000798   0x1a000798   0x00000070   Code   RO         2118    .text               c_w.l(_printf_oct_int_ll.o)
    0x1a000808   0x1a000808   0x00000094   Code   RO         2138    .text               c_w.l(_printf_hex_int_ll_ptr.o)
    0x1a00089c   0x1a00089c   0x00000188   Code   RO         2158    .text               c_w.l(__printf_flags_ss_wp.o)
    0x1a000a24   0x1a000a24   0x00000008   Code   RO         2229    .text               c_w.l(rt_errno_addr_intlibspace.o)
    0x1a000a2c   0x1a000a2c   0x0000008a   Code   RO         2231    .text               c_w.l(lludiv10.o)
    0x1a000ab6   0x1a000ab6   0x000000b2   Code   RO         2233    .text               c_w.l(_printf_intcommon.o)
    0x1a000b68   0x1a000b68   0x0000041e   Code   RO         2235    .text               c_w.l(_printf_fp_dec.o)
    0x1a000f86   0x1a000f86   0x0000002c   Code   RO         2239    .text               c_w.l(_printf_char.o)
    0x1a000fb2   0x1a000fb2   0x0000002c   Code   RO         2241    .text               c_w.l(_printf_wchar.o)
    0x1a000fde   0x1a000fde   0x00000040   Code   RO         2244    .text               c_w.l(_wcrtomb.o)
    0x1a00101e   0x1a00101e   0x00000002   PAD
    0x1a001020   0x1a001020   0x00000008   Code   RO         2246    .text               c_w.l(libspace.o)
    0x1a001028   0x1a001028   0x0000004a   Code   RO         2249    .text               c_w.l(sys_stackheap_outer.o)
    0x1a001072   0x1a001072   0x00000002   PAD
    0x1a001074   0x1a001074   0x00000010   Code   RO         2251    .text               c_w.l(rt_ctype_table.o)
    0x1a001084   0x1a001084   0x00000008   Code   RO         2256    .text               c_w.l(rt_locale_intlibspace.o)
    0x1a00108c   0x1a00108c   0x00000080   Code   RO         2258    .text               c_w.l(_printf_fp_infnan.o)
    0x1a00110c   0x1a00110c   0x000000e4   Code   RO         2260    .text               c_w.l(bigflt0.o)
    0x1a0011f0   0x1a0011f0   0x00000012   Code   RO         2288    .text               c_w.l(exit.o)
    0x1a001202   0x1a001202   0x00000002   PAD
    0x1a001204   0x1a001204   0x00000080   Code   RO         2313    .text               c_w.l(strcmpv7m.o)
    0x1a001284   0x1a001284   0x0000003e   Code   RO         2263    CL$$btod_d2e        c_w.l(btod.o)
    0x1a0012c2   0x1a0012c2   0x00000046   Code   RO         2265    CL$$btod_d2e_denorm_low  c_w.l(btod.o)
    0x1a001308   0x1a001308   0x00000060   Code   RO         2264    CL$$btod_d2e_norm_op1  c_w.l(btod.o)
    0x1a001368   0x1a001368   0x00000338   Code   RO         2273    CL$$btod_div_common  c_w.l(btod.o)
    0x1a0016a0   0x1a0016a0   0x000000dc   Code   RO         2270    CL$$btod_e2e        c_w.l(btod.o)
    0x1a00177c   0x1a00177c   0x0000002a   Code   RO         2267    CL$$btod_ediv       c_w.l(btod.o)
    0x1a0017a6   0x1a0017a6   0x0000002a   Code   RO         2266    CL$$btod_emul       c_w.l(btod.o)
    0x1a0017d0   0x1a0017d0   0x00000244   Code   RO         2272    CL$$btod_mult_common  c_w.l(btod.o)
    0x1a001a14   0x1a001a14   0x00000008   Code   RO         1064    i.ABS               lib_lpc_chip_43xx.lib(clock_18xx_43xx.o)
    0x1a001a1c   0x1a001a1c   0x00000028   Code   RO          394    i.Board_Debug_Init  lib_lpc_board_nxp_lpcxpresso_4337.lib(board.o)
    0x1a001a44   0x1a001a44   0x00000058   Code   RO          397    i.Board_Init        lib_lpc_board_nxp_lpcxpresso_4337.lib(board.o)
    0x1a001a9c   0x1a001a9c   0x00000074   Code   RO          782    i.Board_SetupClocking  lib_lpc_board_nxp_lpcxpresso_4337.lib(board_sysinit.o)
    0x1a001b10   0x1a001b10   0x00000030   Code   RO          783    i.Board_SetupMuxing  lib_lpc_board_nxp_lpcxpresso_4337.lib(board_sysinit.o)
    0x1a001b40   0x1a001b40   0x0000000e   Code   RO          784    i.Board_SystemInit  lib_lpc_board_nxp_lpcxpresso_4337.lib(board_sysinit.o)
    0x1a001b4e   0x1a001b4e   0x00000002   PAD
    0x1a001b50   0x1a001b50   0x00000018   Code   RO          409    i.Board_UART_Init   lib_lpc_board_nxp_lpcxpresso_4337.lib(board.o)
    0x1a001b68   0x1a001b68   0x00000070   Code   RO         1065    i.Chip_Clock_CalcMainPLLValue  lib_lpc_chip_43xx.lib(clock_18xx_43xx.o)
    0x1a001bd8   0x1a001bd8   0x0000002c   Code   RO         1067    i.Chip_Clock_Disable  lib_lpc_chip_43xx.lib(clock_18xx_43xx.o)
    0x1a001c04   0x1a001c04   0x0000002c   Code   RO         1071    i.Chip_Clock_Enable  lib_lpc_chip_43xx.lib(clock_18xx_43xx.o)
    0x1a001c30   0x1a001c30   0x00000044   Code   RO         1073    i.Chip_Clock_EnableCrystal  lib_lpc_chip_43xx.lib(clock_18xx_43xx.o)
    0x1a001c74   0x1a001c74   0x00000034   Code   RO         1074    i.Chip_Clock_EnableOpts  lib_lpc_chip_43xx.lib(clock_18xx_43xx.o)
    0x1a001ca8   0x1a001ca8   0x00000020   Code   RO         1076    i.Chip_Clock_GetBaseClock  lib_lpc_chip_43xx.lib(clock_18xx_43xx.o)
    0x1a001cc8   0x1a001cc8   0x0000000e   Code   RO         1078    i.Chip_Clock_GetBaseClocktHz  lib_lpc_chip_43xx.lib(clock_18xx_43xx.o)
    0x1a001cd6   0x1a001cd6   0x00000002   PAD
    0x1a001cd8   0x1a001cd8   0x000000a0   Code   RO         1079    i.Chip_Clock_GetClockInputHz  lib_lpc_chip_43xx.lib(clock_18xx_43xx.o)
    0x1a001d78   0x1a001d78   0x00000022   Code   RO         1080    i.Chip_Clock_GetDivRate  lib_lpc_chip_43xx.lib(clock_18xx_43xx.o)
    0x1a001d9a   0x1a001d9a   0x00000002   PAD
    0x1a001d9c   0x1a001d9c   0x00000020   Code   RO         1081    i.Chip_Clock_GetDividerDivisor  lib_lpc_chip_43xx.lib(clock_18xx_43xx.o)
    0x1a001dbc   0x1a001dbc   0x0000001c   Code   RO         1082    i.Chip_Clock_GetDividerSource  lib_lpc_chip_43xx.lib(clock_18xx_43xx.o)
    0x1a001dd8   0x1a001dd8   0x0000005c   Code   RO         1084    i.Chip_Clock_GetMainPLLHz  lib_lpc_chip_43xx.lib(clock_18xx_43xx.o)
    0x1a001e34   0x1a001e34   0x00000078   Code   RO         1086    i.Chip_Clock_GetRate  lib_lpc_chip_43xx.lib(clock_18xx_43xx.o)
    0x1a001eac   0x1a001eac   0x00000038   Code   RO         1089    i.Chip_Clock_SetBaseClock  lib_lpc_chip_43xx.lib(clock_18xx_43xx.o)
    0x1a001ee4   0x1a001ee4   0x00000024   Code   RO         1794    i.Chip_Clock_SetupMainPLL  lib_lpc_chip_43xx.lib(sysinit_18xx_43xx.o)
    0x1a001f08   0x1a001f08   0x0000001c   Code   RO         1287    i.Chip_GPDMA_ChannelCmd  lib_lpc_chip_43xx.lib(gpdma_18xx_43xx.o)
    0x1a001f24   0x1a001f24   0x00000010   Code   RO         1288    i.Chip_GPDMA_ClearIntPending  lib_lpc_chip_43xx.lib(gpdma_18xx_43xx.o)
    0x1a001f34   0x1a001f34   0x00000006   Code   RO         1289    i.Chip_GPDMA_DeInit  lib_lpc_chip_43xx.lib(gpdma_18xx_43xx.o)
    0x1a001f3a   0x1a001f3a   0x00000002   PAD
    0x1a001f3c   0x1a001f3c   0x00000030   Code   RO         1290    i.Chip_GPDMA_GetFreeChannel  lib_lpc_chip_43xx.lib(gpdma_18xx_43xx.o)
    0x1a001f6c   0x1a001f6c   0x0000003c   Code   RO         1291    i.Chip_GPDMA_Init   lib_lpc_chip_43xx.lib(gpdma_18xx_43xx.o)
    0x1a001fa8   0x1a001fa8   0x00000064   Code   RO         1292    i.Chip_GPDMA_InitChannelCfg  lib_lpc_chip_43xx.lib(gpdma_18xx_43xx.o)
    0x1a00200c   0x1a00200c   0x0000002e   Code   RO         1293    i.Chip_GPDMA_IntGetStatus  lib_lpc_chip_43xx.lib(gpdma_18xx_43xx.o)
    0x1a00203a   0x1a00203a   0x00000042   Code   RO         1294    i.Chip_GPDMA_Interrupt  lib_lpc_chip_43xx.lib(gpdma_18xx_43xx.o)
    0x1a00207c   0x1a00207c   0x00000090   Code   RO         1298    i.Chip_GPDMA_Transfer  lib_lpc_chip_43xx.lib(gpdma_18xx_43xx.o)
    0x1a00210c   0x1a00210c   0x00000002   Code   RO         1646    i.Chip_GPIO_Init    lib_lpc_chip_43xx.lib(gpio_18xx_43xx.o)
    0x1a00210e   0x1a00210e   0x00000014   Code   RO          412    i.Chip_GPIO_SetPinDIROutput  lib_lpc_board_nxp_lpcxpresso_4337.lib(board.o)
    0x1a002122   0x1a002122   0x00000002   PAD
    0x1a002124   0x1a002124   0x00000010   Code   RO          355    i.Chip_RGU_ClearReset  m0_img_ldr.o
    0x1a002134   0x1a002134   0x00000018   Code   RO          356    i.Chip_RGU_TriggerReset  m0_img_ldr.o
    0x1a00214c   0x1a00214c   0x000000f0   Code   RO         1795    i.Chip_SetupCoreClock  lib_lpc_chip_43xx.lib(sysinit_18xx_43xx.o)
    0x1a00223c   0x1a00223c   0x00000030   Code   RO         1394    i.Chip_TIMER_GetClockIndex  lib_lpc_chip_43xx.lib(timer_18xx_43xx.o)
    0x1a00226c   0x1a00226c   0x0000000e   Code   RO         1395    i.Chip_TIMER_Init   lib_lpc_chip_43xx.lib(timer_18xx_43xx.o)
    0x1a00227a   0x1a00227a   0x00000006   Code   RO            3    i.Chip_TIMER_ReadCount  main.o
    0x1a002280   0x1a002280   0x0000002c   Code   RO         1439    i.Chip_UART_GetIndex  lib_lpc_chip_43xx.lib(uart_18xx_43xx.o)
    0x1a0022ac   0x1a0022ac   0x0000004c   Code   RO         1441    i.Chip_UART_Init    lib_lpc_chip_43xx.lib(uart_18xx_43xx.o)
    0x1a0022f8   0x1a0022f8   0x00000048   Code   RO         1449    i.Chip_UART_SetBaud  lib_lpc_chip_43xx.lib(uart_18xx_43xx.o)
    0x1a002340   0x1a002340   0x000000cc   Code   RO         1450    i.Chip_UART_SetBaudFDR  lib_lpc_chip_43xx.lib(uart_18xx_43xx.o)
    0x1a00240c   0x1a00240c   0x00000050   Code   RO            4    i.DMA_IRQHandler    main.o
    0x1a00245c   0x1a00245c   0x0000000c   Code   RO            5    i.M0APP_IRQHandler  main.o
    0x1a002468   0x1a002468   0x00000074   Code   RO          357    i.M0Image_Boot      m0_img_ldr.o
    0x1a0024dc   0x1a0024dc   0x00000016   Code   RO            6    i.NVIC_EnableIRQ    main.o
    0x1a0024f2   0x1a0024f2   0x00000002   PAD
    0x1a0024f4   0x1a0024f4   0x00000028   Code   RO            7    i.NVIC_SetPriority  main.o
    0x1a00251c   0x1a00251c   0x00000010   Code   RO            8    i.SysTick_Handler   main.o
    0x1a00252c   0x1a00252c   0x00000014   Code   RO          841    i.SystemCoreClockUpdate  lib_lpc_chip_43xx.lib(chip_18xx_43xx.o)
    0x1a002540   0x1a002540   0x0000001c   Code   RO          317    i.SystemInit        sysinit.o
    0x1a00255c   0x1a00255c   0x00000030   Code   RO         2300    i.__ARM_fpclassify  m_wm.l(fpclassify.o)
    0x1a00258c   0x1a00258c   0x00000026   Code   RO         2193    i.__ARM_fpclassifyf  m_wm.l(fpclassifyf.o)
    0x1a0025b2   0x1a0025b2   0x00000002   PAD
    0x1a0025b4   0x1a0025b4   0x00000664   Code   RO         2072    i.__hardfp_powf     m_wm.l(powf.o)
    0x1a002c18   0x1a002c18   0x00000014   Code   RO         2195    i.__mathlib_flt_divzero  m_wm.l(funder.o)
    0x1a002c2c   0x1a002c2c   0x00000006   Code   RO         2197    i.__mathlib_flt_infnan2  m_wm.l(funder.o)
    0x1a002c32   0x1a002c32   0x00000002   PAD
    0x1a002c34   0x1a002c34   0x00000010   Code   RO         2198    i.__mathlib_flt_invalid  m_wm.l(funder.o)
    0x1a002c44   0x1a002c44   0x00000010   Code   RO         2199    i.__mathlib_flt_overflow  m_wm.l(funder.o)
    0x1a002c54   0x1a002c54   0x00000010   Code   RO         2201    i.__mathlib_flt_underflow  m_wm.l(funder.o)
    0x1a002c64   0x1a002c64   0x0000000e   Code   RO         2151    i._is_digit         c_w.l(__printf_wp.o)
    0x1a002c72   0x1a002c72   0x00000004   Code   RO          414    i._sys_exit         lib_lpc_board_nxp_lpcxpresso_4337.lib(board.o)
    0x1a002c76   0x1a002c76   0x00000074   Code   RO            9    i.calc_pi           main.o
    0x1a002cea   0x1a002cea   0x00000002   PAD
    0x1a002cec   0x1a002cec   0x000000e0   Code   RO         1299    i.configDMAMux      lib_lpc_chip_43xx.lib(gpdma_18xx_43xx.o)
    0x1a002dcc   0x1a002dcc   0x000000a8   Code   RO           10    i.debug             main.o
    0x1a002e74   0x1a002e74   0x0000003c   Code   RO         1562    i.fpuInit           lib_lpc_chip_43xx.lib(fpu_init.o)
    0x1a002eb0   0x1a002eb0   0x00000174   Code   RO           11    i.idle              main.o
    0x1a003024   0x1a003024   0x00000020   Code   RO           12    i.lock_mutex        main.o
    0x1a003044   0x1a003044   0x00000168   Code   RO           13    i.main              main.o
    0x1a0031ac   0x1a0031ac   0x00000090   Code   RO         1300    i.makeCtrlWord      lib_lpc_chip_43xx.lib(gpdma_18xx_43xx.o)
    0x1a00323c   0x1a00323c   0x000000a0   Code   RO         1096    i.pll_calc_divs     lib_lpc_chip_43xx.lib(clock_18xx_43xx.o)
    0x1a0032dc   0x1a0032dc   0x000000bc   Code   RO         1097    i.pll_get_frac      lib_lpc_chip_43xx.lib(clock_18xx_43xx.o)
    0x1a003398   0x1a003398   0x00000068   Code   RO         1301    i.setupChannel      lib_lpc_chip_43xx.lib(gpdma_18xx_43xx.o)
    0x1a003400   0x1a003400   0x00000018   Code   RO           14    i.unlock_mutex      main.o
    0x1a003418   0x1a003418   0x0000002c   Code   RO         2286    locale$$code        c_w.l(lc_numeric_c.o)
    0x1a003444   0x1a003444   0x0000002c   Code   RO         2307    locale$$code        c_w.l(lc_ctype_c.o)
    0x1a003470   0x1a003470   0x0000000c   Code   RO         2184    x$fpl$dretinf       fz_wm.l(dretinf.o)
    0x1a00347c   0x1a00347c   0x00000056   Code   RO         2070    x$fpl$f2d           fz_wm.l(f2d.o)
    0x1a0034d2   0x1a0034d2   0x0000008c   Code   RO         2186    x$fpl$fnaninf       fz_wm.l(fnaninf.o)
    0x1a00355e   0x1a00355e   0x0000000a   Code   RO         2373    x$fpl$fpinit        fz_wm.l(fpinit.o)
    0x1a003568   0x1a003568   0x00000004   Code   RO         2190    x$fpl$printf1       fz_wm.l(printf1.o)
    0x1a00356c   0x1a00356c   0x00000000   Code   RO         2192    x$fpl$usenofp       fz_wm.l(usenofp.o)
    0x1a00356c   0x1a00356c   0x00000004   Data   RO          419    .constdata          lib_lpc_board_nxp_lpcxpresso_4337.lib(board.o)
    0x1a003570   0x1a003570   0x00000004   Data   RO          420    .constdata          lib_lpc_board_nxp_lpcxpresso_4337.lib(board.o)
    0x1a003574   0x1a003574   0x00000006   Data   RO          421    .constdata          lib_lpc_board_nxp_lpcxpresso_4337.lib(board.o)
    0x1a00357a   0x1a00357a   0x00000040   Data   RO          785    .constdata          lib_lpc_board_nxp_lpcxpresso_4337.lib(board_sysinit.o)
    0x1a0035ba   0x1a0035ba   0x0000006c   Data   RO         1098    .constdata          lib_lpc_chip_43xx.lib(clock_18xx_43xx.o)
    0x1a003626   0x1a003626   0x0000003c   Data   RO         1302    .constdata          lib_lpc_chip_43xx.lib(gpdma_18xx_43xx.o)
    0x1a003662   0x1a003662   0x00000010   Data   RO         1453    .constdata          lib_lpc_chip_43xx.lib(uart_18xx_43xx.o)
    0x1a003672   0x1a003672   0x00000048   Data   RO         1799    .constdata          lib_lpc_chip_43xx.lib(sysinit_18xx_43xx.o)
    0x1a0036ba   0x1a0036ba   0x00000002   PAD
    0x1a0036bc   0x1a0036bc   0x00000140   Data   RO         2075    .constdata          m_wm.l(powf.o)
    0x1a0037fc   0x1a0037fc   0x00000008   Data   RO         2110    .constdata          c_w.l(_printf_wctomb.o)
    0x1a003804   0x1a003804   0x00000028   Data   RO         2139    .constdata          c_w.l(_printf_hex_int_ll_ptr.o)
    0x1a00382c   0x1a00382c   0x00000011   Data   RO         2159    .constdata          c_w.l(__printf_flags_ss_wp.o)
    0x1a00383d   0x1a00383d   0x00000003   PAD
    0x1a003840   0x1a003840   0x00000094   Data   RO         2261    .constdata          c_w.l(bigflt0.o)
    0x1a0038d4   0x1a0038d4   0x00000020   Data   RO         2429    Region$$Table       anon$$obj.o
    0x1a0038f4   0x1a0038f4   0x0000001c   Data   RO         2285    locale$$data        c_w.l(lc_numeric_c.o)
    0x1a003910   0x1a003910   0x00000110   Data   RO         2306    locale$$data        c_w.l(lc_ctype_c.o)


==============================================================================

Image component sizes


      Code (inc. data)   RO Data    RW Data    ZI Data      Debug   Object Name

        64         24        276          0        768        924   keil_startup_lpc18xx43xx.o
       156         14          0          0          0       5111   m0_img_ldr.o
      1248        280          0         45          0      53549   main.o
        28         10          0          0          0        541   sysinit.o

    ----------------------------------------------------------------------
      1500        328        308         48        768      60125   Object Totals
         0          0         32          0          0          0   (incl. Generated)
         4          0          0          3          0          0   (incl. Padding)

    ----------------------------------------------------------------------

      Code (inc. data)   RO Data    RW Data    ZI Data      Debug   Library Member Name

         8          0          0          0          0         68   __main.o
       392          4         17          0          0         92   __printf_flags_ss_wp.o
        14          0          0          0          0         68   __printf_wp.o
         0          0          0          0          0          0   __rtentry.o
        12          0          0          0          0          0   __rtentry2.o
         6          0          0          0          0          0   __rtentry4.o
        52          8          0          0          0          0   __scatter.o
        26          0          0          0          0          0   __scatter_copy.o
        28          0          0          0          0          0   __scatter_zi.o
         6          0          0          0          0          0   _printf_a.o
         6          0          0          0          0          0   _printf_c.o
        44          0          0          0          0        108   _printf_char.o
        48          6          0          0          0         96   _printf_char_common.o
        40          0          0          0          0         68   _printf_charcount.o
         6          0          0          0          0          0   _printf_d.o
       120         16          0          0          0         92   _printf_dec.o
         6          0          0          0          0          0   _printf_e.o
         6          0          0          0          0          0   _printf_f.o
      1054          0          0          0          0        216   _printf_fp_dec.o
       128         16          0          0          0         84   _printf_fp_infnan.o
         6          0          0          0          0          0   _printf_g.o
       148          4         40          0          0        160   _printf_hex_int_ll_ptr.o
         6          0          0          0          0          0   _printf_i.o
       178          0          0          0          0         88   _printf_intcommon.o
        10          0          0          0          0          0   _printf_l.o
         6          0          0          0          0          0   _printf_lc.o
        10          0          0          0          0          0   _printf_ll.o
         6          0          0          0          0          0   _printf_lld.o
         6          0          0          0          0          0   _printf_lli.o
         6          0          0          0          0          0   _printf_llo.o
         6          0          0          0          0          0   _printf_llu.o
         6          0          0          0          0          0   _printf_llx.o
       124         16          0          0          0         92   _printf_longlong_dec.o
         6          0          0          0          0          0   _printf_ls.o
         6          0          0          0          0          0   _printf_n.o
         6          0          0          0          0          0   _printf_o.o
       112         10          0          0          0        124   _printf_oct_int_ll.o
         6          0          0          0          0          0   _printf_p.o
        78          0          0          0          0        108   _printf_pad.o
         0          0          0          0          0          0   _printf_percent.o
         4          0          0          0          0          0   _printf_percent_end.o
         6          0          0          0          0          0   _printf_s.o
        82          0          0          0          0         80   _printf_str.o
        36          0          0          0          0         84   _printf_truncate.o
         6          0          0          0          0          0   _printf_u.o
        44          0          0          0          0        108   _printf_wchar.o
       188          6          8          0          0         92   _printf_wctomb.o
         6          0          0          0          0          0   _printf_x.o
        22          0          0          0          0        100   _rserrno.o
        10          0          0          0          0         68   _sputc.o
        64          0          0          0          0         92   _wcrtomb.o
       228          4        148          0          0         96   bigflt0.o
      1936        128          0          0          0        672   btod.o
        36          4          0          0          0         76   c89vsprintf.o
        18          0          0          0          0         80   exit.o
         6          0          0          0          0        152   heapauxi.o
        44         10        272          0          0         76   lc_ctype_c.o
        44         10         28          0          0         76   lc_numeric_c.o
         2          0          0          0          0          0   libinit.o
        34          0          0          0          0          0   libinit2.o
         2          0          0          0          0          0   libshutdown.o
         2          0          0          0          0          0   libshutdown2.o
         8          4          0          0         96         68   libspace.o
       138          0          0          0          0         80   lludiv10.o
       238          0          0          0          0        100   lludivv7m.o
        16          4          0          0          0         76   rt_ctype_table.o
         8          4          0          0          0         68   rt_errno_addr_intlibspace.o
         8          4          0          0          0         68   rt_locale_intlibspace.o
        78          0          0          0          0         80   rt_memclr_w.o
       100          0          0          0          0         80   rt_memcpy_w.o
         2          0          0          0          0          0   rtexit.o
        10          0          0          0          0          0   rtexit2.o
       128          0          0          0          0         68   strcmpv7m.o
        62          0          0          0          0         76   strlen.o
        74          0          0          0          0         80   sys_stackheap_outer.o
        12          0          0          0          0        116   dretinf.o
        86          4          0          0          0        132   f2d.o
       140          4          0          0          0        132   fnaninf.o
        10          0          0          0          0        116   fpinit.o
         4          0          0          0          0        116   printf1.o
         0          0          0          0          0          0   usenofp.o
       176         28         14          0          0      29047   board.o
       178         26         64          0          0       7021   board_sysinit.o
        20          6          0          4          0      15342   chip_18xx_43xx.o
      1244        150        108          8          0      14266   clock_18xx_43xx.o
        60         14          0          0          0       1182   fpu_init.o
       986         78         60        128          0       9882   gpdma_18xx_43xx.o
         2          0          0          0          0        473   gpio_18xx_43xx.o
       276         18         72          0          0       3102   sysinit_18xx_43xx.o
        62         14          0          0          0       1450   timer_18xx_43xx.o
       396         24         16          0          0      11349   uart_18xx_43xx.o
        48          0          0          0          0        124   fpclassify.o
        38          0          0          0          0        116   fpclassifyf.o
        74         24          0          0          0        580   funder.o
      1636        110        320          0          0        372   powf.o

    ----------------------------------------------------------------------
     11900        758       1172        140        100      99078   Library Totals
        28          0          5          0          4          0   (incl. Padding)

    ----------------------------------------------------------------------

      Code (inc. data)   RO Data    RW Data    ZI Data      Debug   Library Name

      6424        258        513          0         96       4160   c_w.l
       252          8          0          0          0        612   fz_wm.l
       354         54         78          0          0      36068   lib_lpc_board_nxp_lpcxpresso_4337.lib
      3046        304        256        140          0      57046   lib_lpc_chip_43xx.lib
      1796        134        320          0          0       1192   m_wm.l

    ----------------------------------------------------------------------
     11900        758       1172        140        100      99078   Library Totals

    ----------------------------------------------------------------------

==============================================================================


      Code (inc. data)   RO Data    RW Data    ZI Data      Debug   

     13400       1086       1480        188        868     150067   Grand Totals
     13400       1086       1480        188        868     150067   ELF Image Totals
     13400       1086       1480        188          0          0   ROM Totals

==============================================================================

    Total RO  Size (Code + RO Data)                14880 (  14.53kB)
    Total RW  Size (RW Data + ZI Data)              1056 (   1.03kB)
    Total ROM Size (Code + RO Data + RW Data)      15068 (  14.71kB)

==============================================================================

