<html>
<body>
<pre>
<h1>µVision Build Log</h1>
<h2>Tool Versions:</h2>
IDE-Version: µVision V5.26.2.0
Copyright (C) 2018 ARM Ltd and ARM Germany GmbH. All rights reserved.
License Information:  ,  , LIC=9N0WF-6V99X-GNPA5-GPPU4-XMR3S-1J9YW
 
Tool Versions:
Toolchain:       MDK-ARM Professional  Version: 5.26.2.0
Toolchain Path:  C:\Keil_v5\ARM\ARMCC\Bin
C Compiler:      Armcc.exe V5.06 update 6 (build 750)
Assembler:       Armasm.exe V5.06 update 6 (build 750)
Linker/Locator:  ArmLink.exe V5.06 update 6 (build 750)
Library Manager: ArmAr.exe V5.06 update 6 (build 750)
Hex Converter:   FromElf.exe V5.06 update 6 (build 750)
CPU DLL:         SARMCM3.DLL V5.26.2.0
Dialog DLL:      DARMCM1.DLL V1.19.1.0
Target DLL:      Segger\JL2CM3.dll V2.99.31.0
Dialog DLL:      TARMCM1.DLL V1.14.0.0
 
<h2>Project:</h2>
C:\LPCxpresso43S37\Exam\m0app\m0app.uvprojx
Project File Date:  05/22/2019

<h2>Output:</h2>
*** Using Compiler 'V5.06 update 6 (build 750)', folder: 'C:\Keil_v5\ARM\ARMCC\Bin'
Rebuild target 'm0'
assembling keil_startup_lpc43xx_m0app.s...
compiling main.c...
main.c(32): warning:  #550-D: variable "is_prime"  was set but never used
  static int is_prime = 0;
main.c(33): warning:  #177-D: variable "prime_test_3"  was declared but never referenced
  static uint32_t prime_test_3 = 101;
main.c(35): warning:  #177-D: variable "prime_test_5"  was declared but never referenced
  static uint32_t prime_test_5 = 10007; //Using about 80%
main.c(36): warning:  #177-D: variable "prime_test_6"  was declared but never referenced
  static uint32_t prime_test_6 = 100003; //Using about 99%
main.c(37): warning:  #177-D: variable "prime_test_7"  was declared but never referenced
  static uint32_t prime_test_7 = 1000003;
main.c: 5 warnings, 0 errors
compiling sysinit.c...
compiling m0_img_ldr.c...
compiling ipc_example.c...
compiling ipc_msg.c...
linking...
Program Size: Code=9692 RO-data=1044 RW-data=108 ZI-data=2516  
".\Objects\m0app.axf" - 0 Error(s), 5 Warning(s).

<h2>Software Packages used:</h2>

Package Vendor: Keil
                http://www.keil.com/pack/Keil.LPC4300_DFP.2.8.0.pack
                Keil.LPC4300_DFP.2.8.0
                NXP LPC4300 Series Device Support, Drivers and Examples

<h2>Collection of Component include folders:</h2>
  .\RTE\_m0
  C:\Keil_v5\ARM\PACK\Keil\LPC4300_DFP\2.8.0\Device\Include

<h2>Collection of Component Files used:</h2>
Build Time Elapsed:  00:00:01
</pre>
</body>
</html>
