Component: ARM Compiler 5.06 update 6 (build 750) Tool: armlink [4d35ed]

==============================================================================

Section Cross References

    system_lpc43xx.o(i.DisableSourceClk) refers to scu.o(i.scu_pinmux) for scu_pinmux
    system_lpc43xx.o(i.EnableSourceClk) refers to scu.o(i.scu_pinmux) for scu_pinmux
    system_lpc43xx.o(i.GetClockFrequency) refers to system_lpc43xx.o(i.__ARM_common_switch8) for __ARM_common_switch8
    system_lpc43xx.o(i.GetClockFrequency) refers to system_lpc43xx.o(.data) for .data
    system_lpc43xx.o(i.SetClock) refers to system_lpc43xx.o(i.EnableSourceClk) for EnableSourceClk
    system_lpc43xx.o(i.SetClock) refers to system_lpc43xx.o(i.GetClockFrequency) for GetClockFrequency
    system_lpc43xx.o(i.SetClock) refers to system_lpc43xx.o(i.__ARM_common_switch8) for __ARM_common_switch8
    system_lpc43xx.o(i.SetClock) refers to system_lpc43xx.o(.data) for .data
    system_lpc43xx.o(i.SetPL160M) refers to system_lpc43xx.o(i.EnableSourceClk) for EnableSourceClk
    system_lpc43xx.o(i.SetPL160M) refers to system_lpc43xx.o(i.__ARM_common_switch8) for __ARM_common_switch8
    system_lpc43xx.o(i.SetPL160M) refers to system_lpc43xx.o(i.DisableSourceClk) for DisableSourceClk
    system_lpc43xx.o(i.SetPL160M) refers to system_lpc43xx.o(.data) for .data
    system_lpc43xx.o(i.SetPLLUSB) refers to system_lpc43xx.o(.data) for .data
    system_lpc43xx.o(i.SystemInit) refers to system_lpc43xx.o(.data) for .data
    startup_lpc43xx_m0.o(RESET) refers to startup_lpc43xx_m0.o(STACK) for __initial_sp
    startup_lpc43xx_m0.o(RESET) refers to startup_lpc43xx_m0.o(.text) for Reset_Handler
    startup_lpc43xx_m0.o(RESET) refers to ipc_int.o(i.IPC_Master2Slave_IRQHandler) for IPC_Master2Slave_IRQHandler
    startup_lpc43xx_m0.o(RESET) refers to main.o(i.RIT_WDT_IRQHandler) for RIT_WDT_IRQHandler
    startup_lpc43xx_m0.o(.text) refers to entry.o(.ARM.Collect$$$$00000000) for __main
    ipc_int.o(i.IPC_Master2Slave_IRQHandler) refers to ipc_int.o(.data) for .data
    ipc_int.o(i.IPC_Slave2Master_IRQHandler) refers to ipc_int.o(.data) for .data
    ipc_int.o(i.IPC_downloadSlaveImage) refers to ipc_int.o(i.IPC_haltSlave) for IPC_haltSlave
    ipc_int.o(i.IPC_masterInitInterrupt) refers to ipc_int.o(i.NVIC_SetPriority) for NVIC_SetPriority
    ipc_int.o(i.IPC_masterInitInterrupt) refers to ipc_int.o(.data) for .data
    ipc_int.o(i.IPC_resetIntFlag) refers to ipc_int.o(.data) for .data
    ipc_int.o(i.IPC_slaveInitInterrupt) refers to ipc_int.o(i.NVIC_SetPriority) for NVIC_SetPriority
    ipc_int.o(i.IPC_slaveInitInterrupt) refers to ipc_int.o(.data) for .data
    main.o(i.RIT_WDT_IRQHandler) refers to main.o(.data) for .data
    main.o(i.main) refers to main.o(i.vIOInit) for vIOInit
    main.o(i.main) refers to ipc_int.o(i.IPC_slaveInitInterrupt) for IPC_slaveInitInterrupt
    main.o(i.main) refers to ipc_int.o(i.IPC_sendInterrupt) for IPC_sendInterrupt
    main.o(i.main) refers to ipc_int.o(i.IPC_resetIntFlag) for IPC_resetIntFlag
    main.o(i.main) refers to slave_interrupt_callback.o(i.slaveInterruptCallback) for slaveInterruptCallback
    main.o(i.main) refers to main.o(.data) for .data
    main.o(i.main) refers to ipc_int.o(.data) for intFlag
    main.o(i.vIOInit) refers to scu.o(i.scu_pinmux) for scu_pinmux
    entry.o(.ARM.Collect$$$$00000000) refers (Special) to entry10a.o(.ARM.Collect$$$$0000000D) for __rt_final_cpp
    entry.o(.ARM.Collect$$$$00000000) refers (Special) to entry11a.o(.ARM.Collect$$$$0000000F) for __rt_final_exit
    entry.o(.ARM.Collect$$$$00000000) refers (Special) to entry7b.o(.ARM.Collect$$$$00000008) for _main_clock
    entry.o(.ARM.Collect$$$$00000000) refers (Special) to entry8b.o(.ARM.Collect$$$$0000000A) for _main_cpp_init
    entry.o(.ARM.Collect$$$$00000000) refers (Special) to entry9a.o(.ARM.Collect$$$$0000000B) for _main_init
    entry.o(.ARM.Collect$$$$00000000) refers (Special) to entry5.o(.ARM.Collect$$$$00000004) for _main_scatterload
    entry.o(.ARM.Collect$$$$00000000) refers (Special) to entry2.o(.ARM.Collect$$$$00000001) for _main_stk
    entry2.o(.ARM.Collect$$$$00000001) refers to entry2.o(.ARM.Collect$$$$00002712) for __lit__00000000
    entry2.o(.ARM.Collect$$$$00002712) refers to startup_lpc43xx_m0.o(STACK) for __initial_sp
    entry2.o(__vectab_stack_and_reset_area) refers to startup_lpc43xx_m0.o(STACK) for __initial_sp
    entry2.o(__vectab_stack_and_reset_area) refers to entry.o(.ARM.Collect$$$$00000000) for __main
    entry5.o(.ARM.Collect$$$$00000004) refers to init.o(.text) for __scatterload
    entry9a.o(.ARM.Collect$$$$0000000B) refers to main.o(i.main) for main
    entry9b.o(.ARM.Collect$$$$0000000C) refers to main.o(i.main) for main
    init.o(.text) refers to entry5.o(.ARM.Collect$$$$00000004) for __main_after_scatterload


==============================================================================

Removing Unused input sections from the image.

    Removing system_lpc43xx.o(.emb_text), (8 bytes).
    Removing system_lpc43xx.o(i.DisableSourceClk), (92 bytes).
    Removing system_lpc43xx.o(i.EnableSourceClk), (104 bytes).
    Removing system_lpc43xx.o(i.GetClockFrequency), (108 bytes).
    Removing system_lpc43xx.o(i.SetClock), (428 bytes).
    Removing system_lpc43xx.o(i.SetPL160M), (156 bytes).
    Removing system_lpc43xx.o(i.SetPLLUSB), (84 bytes).
    Removing system_lpc43xx.o(i.SystemInit), (60 bytes).
    Removing system_lpc43xx.o(.data), (144 bytes).
    Removing system_lpc43xx.o(.data), (4 bytes).
    Removing system_lpc43xx.o(.data), (4 bytes).
    Removing scu.o(.emb_text), (8 bytes).
    Removing startup_lpc43xx_m0.o(HEAP), (0 bytes).
    Removing ipc_int.o(.emb_text), (8 bytes).
    Removing ipc_int.o(i.IPC_Slave2Master_IRQHandler), (28 bytes).
    Removing ipc_int.o(i.IPC_downloadSlaveImage), (40 bytes).
    Removing ipc_int.o(i.IPC_haltSlave), (44 bytes).
    Removing ipc_int.o(i.IPC_masterInitInterrupt), (56 bytes).
    Removing ipc_int.o(i.IPC_startSlave), (44 bytes).
    Removing slave_interrupt_callback.o(.emb_text), (8 bytes).
    Removing main.o(.emb_text), (8 bytes).
    Removing main.o(i.initRiTimer), (32 bytes).
    Removing system_lpc43xx.o(i.__ARM_common_switch8), (26 bytes).

23 unused section(s) (total 1494 bytes) removed from the image.

==============================================================================

Image Symbol Table

    Local Symbols

    Symbol Name                              Value     Ov Type        Size  Object(Section)

    RESET                                    0x00000000   Section      192  startup_lpc43xx_m0.o(RESET)
    ../clib/microlib/init/entry.s            0x00000000   Number         0  entry7b.o ABSOLUTE
    ../clib/microlib/init/entry.s            0x00000000   Number         0  entry10a.o ABSOLUTE
    ../clib/microlib/init/entry.s            0x00000000   Number         0  entry11a.o ABSOLUTE
    ../clib/microlib/init/entry.s            0x00000000   Number         0  entry10b.o ABSOLUTE
    ../clib/microlib/init/entry.s            0x00000000   Number         0  entry9b.o ABSOLUTE
    ../clib/microlib/init/entry.s            0x00000000   Number         0  entry.o ABSOLUTE
    ../clib/microlib/init/entry.s            0x00000000   Number         0  entry2.o ABSOLUTE
    ../clib/microlib/init/entry.s            0x00000000   Number         0  entry9a.o ABSOLUTE
    ../clib/microlib/init/entry.s            0x00000000   Number         0  entry5.o ABSOLUTE
    ../clib/microlib/init/entry.s            0x00000000   Number         0  entry8b.o ABSOLUTE
    ../clib/microlib/init/entry.s            0x00000000   Number         0  entry8a.o ABSOLUTE
    ../clib/microlib/init/entry.s            0x00000000   Number         0  entry7a.o ABSOLUTE
    ../clib/microlib/init/entry.s            0x00000000   Number         0  entry11b.o ABSOLUTE
    ..\..\..\common\core_cm0.c               0x00000000   Number         0  core_cm0.o ABSOLUTE
    ..\..\..\common\scu.c                    0x00000000   Number         0  scu.o ABSOLUTE
    ..\..\..\common\system_LPC43xx.c         0x00000000   Number         0  system_lpc43xx.o ABSOLUTE
    ..\..\api\interrupt\src\ipc_int.c        0x00000000   Number         0  ipc_int.o ABSOLUTE
    ..\\..\\..\\common\\scu.c                0x00000000   Number         0  scu.o ABSOLUTE
    ..\\..\\..\\common\\system_LPC43xx.c     0x00000000   Number         0  system_lpc43xx.o ABSOLUTE
    ..\\..\\api\\interrupt\\src\\ipc_int.c   0x00000000   Number         0  ipc_int.o ABSOLUTE
    ..\platform\startup_LPC43xx_M0.s         0x00000000   Number         0  startup_lpc43xx_m0.o ABSOLUTE
    M0_rpc\\slave_interrupt_callback.c       0x00000000   Number         0  slave_interrupt_callback.o ABSOLUTE
    M0_rpc\slave_interrupt_callback.c        0x00000000   Number         0  slave_interrupt_callback.o ABSOLUTE
    dc.s                                     0x00000000   Number         0  dc.o ABSOLUTE
    handlers.s                               0x00000000   Number         0  handlers.o ABSOLUTE
    init.s                                   0x00000000   Number         0  init.o ABSOLUTE
    main.c                                   0x00000000   Number         0  main.o ABSOLUTE
    main.c                                   0x00000000   Number         0  main.o ABSOLUTE
    .ARM.Collect$$$$00000000                 0x000000c0   Section        0  entry.o(.ARM.Collect$$$$00000000)
    .ARM.Collect$$$$00000001                 0x000000c0   Section        4  entry2.o(.ARM.Collect$$$$00000001)
    .ARM.Collect$$$$00000004                 0x000000c4   Section        4  entry5.o(.ARM.Collect$$$$00000004)
    .ARM.Collect$$$$00000008                 0x000000c8   Section        0  entry7b.o(.ARM.Collect$$$$00000008)
    .ARM.Collect$$$$0000000A                 0x000000c8   Section        0  entry8b.o(.ARM.Collect$$$$0000000A)
    .ARM.Collect$$$$0000000B                 0x000000c8   Section        8  entry9a.o(.ARM.Collect$$$$0000000B)
    .ARM.Collect$$$$0000000D                 0x000000d0   Section        0  entry10a.o(.ARM.Collect$$$$0000000D)
    .ARM.Collect$$$$0000000F                 0x000000d0   Section        0  entry11a.o(.ARM.Collect$$$$0000000F)
    .ARM.Collect$$$$00002712                 0x000000d0   Section        4  entry2.o(.ARM.Collect$$$$00002712)
    __lit__00000000                          0x000000d0   Data           4  entry2.o(.ARM.Collect$$$$00002712)
    .text                                    0x000000d4   Section       28  startup_lpc43xx_m0.o(.text)
    .text                                    0x000000f0   Section       36  init.o(.text)
    i.IPC_Master2Slave_IRQHandler            0x00000114   Section        0  ipc_int.o(i.IPC_Master2Slave_IRQHandler)
    i.IPC_resetIntFlag                       0x00000130   Section        0  ipc_int.o(i.IPC_resetIntFlag)
    i.IPC_sendInterrupt                      0x0000014c   Section        0  ipc_int.o(i.IPC_sendInterrupt)
    i.IPC_slaveInitInterrupt                 0x00000154   Section        0  ipc_int.o(i.IPC_slaveInitInterrupt)
    i.NVIC_SetPriority                       0x0000018c   Section        0  ipc_int.o(i.NVIC_SetPriority)
    NVIC_SetPriority                         0x0000018d   Thumb Code    60  ipc_int.o(i.NVIC_SetPriority)
    i.RIT_WDT_IRQHandler                     0x000001d0   Section        0  main.o(i.RIT_WDT_IRQHandler)
    i.__scatterload_copy                     0x000001f8   Section       14  handlers.o(i.__scatterload_copy)
    i.__scatterload_null                     0x00000206   Section        2  handlers.o(i.__scatterload_null)
    i.__scatterload_zeroinit                 0x00000208   Section       14  handlers.o(i.__scatterload_zeroinit)
    i.main                                   0x00000218   Section        0  main.o(i.main)
    i.scu_pinmux                             0x00000278   Section        0  scu.o(i.scu_pinmux)
    i.slaveInterruptCallback                 0x00000290   Section        0  slave_interrupt_callback.o(i.slaveInterruptCallback)
    i.vIOInit                                0x00000294   Section        0  main.o(i.vIOInit)
    .data                                    0x00008000   Section       12  ipc_int.o(.data)
    slaveIntCallback                         0x00008004   Data           4  ipc_int.o(.data)
    masterIntCallback                        0x00008008   Data           4  ipc_int.o(.data)
    .data                                    0x0000800c   Section       12  main.o(.data)
    u32Milliseconds                          0x0000800c   Data           4  main.o(.data)
    sendResponse                             0x00008010   Data           4  main.o(.data)
    counter                                  0x00008014   Data           4  main.o(.data)
    STACK                                    0x00008018   Section     1024  startup_lpc43xx_m0.o(STACK)

    Global Symbols

    Symbol Name                              Value     Ov Type        Size  Object(Section)

    BuildAttributes$$THM_ISAv3M$S$PE$A:L22$X:L11$S22$IEEE1$IW$USESV6$~STKCKD$USESV7$~SHL$OSPACE$EBA8$MICROLIB$REQ8$PRES8$EABIv2 0x00000000   Number         0  anon$$obj.o ABSOLUTE
    __ARM_use_no_argv                        0x00000000   Number         0  main.o ABSOLUTE
    __Vectors                                0x00000000   Data           4  startup_lpc43xx_m0.o(RESET)
    __cpp_initialize__aeabi_                  - Undefined Weak Reference
    __cxa_finalize                            - Undefined Weak Reference
    __decompress                              - Undefined Weak Reference
    _clock_init                               - Undefined Weak Reference
    _microlib_exit                            - Undefined Weak Reference
    __main                                   0x000000c1   Thumb Code     0  entry.o(.ARM.Collect$$$$00000000)
    _main_stk                                0x000000c1   Thumb Code     0  entry2.o(.ARM.Collect$$$$00000001)
    _main_scatterload                        0x000000c5   Thumb Code     0  entry5.o(.ARM.Collect$$$$00000004)
    __main_after_scatterload                 0x000000c9   Thumb Code     0  entry5.o(.ARM.Collect$$$$00000004)
    _main_clock                              0x000000c9   Thumb Code     0  entry7b.o(.ARM.Collect$$$$00000008)
    _main_cpp_init                           0x000000c9   Thumb Code     0  entry8b.o(.ARM.Collect$$$$0000000A)
    _main_init                               0x000000c9   Thumb Code     0  entry9a.o(.ARM.Collect$$$$0000000B)
    __rt_final_cpp                           0x000000d1   Thumb Code     0  entry10a.o(.ARM.Collect$$$$0000000D)
    __rt_final_exit                          0x000000d1   Thumb Code     0  entry11a.o(.ARM.Collect$$$$0000000F)
    Reset_Handler                            0x000000d5   Thumb Code     4  startup_lpc43xx_m0.o(.text)
    NMI_Handler                              0x000000d9   Thumb Code     2  startup_lpc43xx_m0.o(.text)
    HardFault_Handler                        0x000000db   Thumb Code     2  startup_lpc43xx_m0.o(.text)
    vPortSVCHandler                          0x000000dd   Thumb Code     2  startup_lpc43xx_m0.o(.text)
    SVC_Handler                              0x000000df   Thumb Code     2  startup_lpc43xx_m0.o(.text)
    xPortPendSVHandler                       0x000000e1   Thumb Code     2  startup_lpc43xx_m0.o(.text)
    PendSV_Handler                           0x000000e3   Thumb Code     2  startup_lpc43xx_m0.o(.text)
    xPortSysTickHandler                      0x000000e5   Thumb Code     2  startup_lpc43xx_m0.o(.text)
    xPortRiTimerHandler                      0x000000e7   Thumb Code     2  startup_lpc43xx_m0.o(.text)
    SysTick_Handler                          0x000000e9   Thumb Code     2  startup_lpc43xx_m0.o(.text)
    ADC0_IRQHandler                          0x000000eb   Thumb Code     0  startup_lpc43xx_m0.o(.text)
    ADC1_IRQHandler                          0x000000eb   Thumb Code     0  startup_lpc43xx_m0.o(.text)
    ATIMER_FLASH_EEPROM_IRQHandler           0x000000eb   Thumb Code     0  startup_lpc43xx_m0.o(.text)
    CAN0_IRQHandler                          0x000000eb   Thumb Code     0  startup_lpc43xx_m0.o(.text)
    DMA_IRQHandler                           0x000000eb   Thumb Code     0  startup_lpc43xx_m0.o(.text)
    ETH_IRQHandler                           0x000000eb   Thumb Code     0  startup_lpc43xx_m0.o(.text)
    EVRT_IRQHandler                          0x000000eb   Thumb Code     0  startup_lpc43xx_m0.o(.text)
    GINT1_IRQHandler                         0x000000eb   Thumb Code     0  startup_lpc43xx_m0.o(.text)
    GPIO4_IRQHandler                         0x000000eb   Thumb Code     0  startup_lpc43xx_m0.o(.text)
    I2C0_I2C1_IRQHandler                     0x000000eb   Thumb Code     0  startup_lpc43xx_m0.o(.text)
    I2S0_I2S1_QEI_IRQHandler                 0x000000eb   Thumb Code     0  startup_lpc43xx_m0.o(.text)
    LCD_IRQHandler                           0x000000eb   Thumb Code     0  startup_lpc43xx_m0.o(.text)
    M4_IRQHandler                            0x000000eb   Thumb Code     0  startup_lpc43xx_m0.o(.text)
    MCPWM_IRQHandler                         0x000000eb   Thumb Code     0  startup_lpc43xx_m0.o(.text)
    RTC_IRQHandler                           0x000000eb   Thumb Code     0  startup_lpc43xx_m0.o(.text)
    SCT_IRQHandler                           0x000000eb   Thumb Code     0  startup_lpc43xx_m0.o(.text)
    SDIO_IRQHandler                          0x000000eb   Thumb Code     0  startup_lpc43xx_m0.o(.text)
    SGPIO_IRQHandler                         0x000000eb   Thumb Code     0  startup_lpc43xx_m0.o(.text)
    SPIFI_VADC_IRQHandler                    0x000000eb   Thumb Code     0  startup_lpc43xx_m0.o(.text)
    SPI_DAC_IRQHandler                       0x000000eb   Thumb Code     0  startup_lpc43xx_m0.o(.text)
    SSP0_SSP1_IRQHandler                     0x000000eb   Thumb Code     0  startup_lpc43xx_m0.o(.text)
    TIMER0_IRQHandler                        0x000000eb   Thumb Code     0  startup_lpc43xx_m0.o(.text)
    TIMER3_IRQHandler                        0x000000eb   Thumb Code     0  startup_lpc43xx_m0.o(.text)
    UART0_IRQHandler                         0x000000eb   Thumb Code     0  startup_lpc43xx_m0.o(.text)
    UART1_IRQHandler                         0x000000eb   Thumb Code     0  startup_lpc43xx_m0.o(.text)
    UART2_CAN1_IRQHandler                    0x000000eb   Thumb Code     0  startup_lpc43xx_m0.o(.text)
    UART3_IRQHandler                         0x000000eb   Thumb Code     0  startup_lpc43xx_m0.o(.text)
    USB0_IRQHandler                          0x000000eb   Thumb Code     0  startup_lpc43xx_m0.o(.text)
    USB1_IRQHandler                          0x000000eb   Thumb Code     0  startup_lpc43xx_m0.o(.text)
    __scatterload                            0x000000f1   Thumb Code    28  init.o(.text)
    __scatterload_rt2                        0x000000f1   Thumb Code     0  init.o(.text)
    IPC_Master2Slave_IRQHandler              0x00000115   Thumb Code    20  ipc_int.o(i.IPC_Master2Slave_IRQHandler)
    IPC_resetIntFlag                         0x00000131   Thumb Code    24  ipc_int.o(i.IPC_resetIntFlag)
    IPC_sendInterrupt                        0x0000014d   Thumb Code     8  ipc_int.o(i.IPC_sendInterrupt)
    IPC_slaveInitInterrupt                   0x00000155   Thumb Code    40  ipc_int.o(i.IPC_slaveInitInterrupt)
    RIT_WDT_IRQHandler                       0x000001d1   Thumb Code    32  main.o(i.RIT_WDT_IRQHandler)
    __scatterload_copy                       0x000001f9   Thumb Code    14  handlers.o(i.__scatterload_copy)
    __scatterload_null                       0x00000207   Thumb Code     2  handlers.o(i.__scatterload_null)
    __scatterload_zeroinit                   0x00000209   Thumb Code    14  handlers.o(i.__scatterload_zeroinit)
    main                                     0x00000219   Thumb Code    72  main.o(i.main)
    scu_pinmux                               0x00000279   Thumb Code    18  scu.o(i.scu_pinmux)
    slaveInterruptCallback                   0x00000291   Thumb Code     2  slave_interrupt_callback.o(i.slaveInterruptCallback)
    vIOInit                                  0x00000295   Thumb Code    26  main.o(i.vIOInit)
    Region$$Table$$Base                      0x000002b4   Number         0  anon$$obj.o(Region$$Table)
    Region$$Table$$Limit                     0x000002d4   Number         0  anon$$obj.o(Region$$Table)
    intFlag                                  0x00008000   Data           1  ipc_int.o(.data)
    __initial_sp                             0x00008418   Data           0  startup_lpc43xx_m0.o(STACK)



==============================================================================

Memory Map of the image

  Image Entry point : 0x000000c1

  Load Region LR_IROM1 (Base: 0x00000000, Size: 0x000002ec, Max: 0x00008000, ABSOLUTE)

    Execution Region ER_IROM1 (Exec base: 0x00000000, Load base: 0x00000000, Size: 0x000002d4, Max: 0x00008000, ABSOLUTE)

    Exec Addr    Load Addr    Size         Type   Attr      Idx    E Section Name        Object

    0x00000000   0x00000000   0x000000c0   Data   RO          126    RESET               startup_lpc43xx_m0.o
    0x000000c0   0x000000c0   0x00000000   Code   RO          283  * .ARM.Collect$$$$00000000  mc_p.l(entry.o)
    0x000000c0   0x000000c0   0x00000004   Code   RO          286    .ARM.Collect$$$$00000001  mc_p.l(entry2.o)
    0x000000c4   0x000000c4   0x00000004   Code   RO          289    .ARM.Collect$$$$00000004  mc_p.l(entry5.o)
    0x000000c8   0x000000c8   0x00000000   Code   RO          291    .ARM.Collect$$$$00000008  mc_p.l(entry7b.o)
    0x000000c8   0x000000c8   0x00000000   Code   RO          293    .ARM.Collect$$$$0000000A  mc_p.l(entry8b.o)
    0x000000c8   0x000000c8   0x00000008   Code   RO          294    .ARM.Collect$$$$0000000B  mc_p.l(entry9a.o)
    0x000000d0   0x000000d0   0x00000000   Code   RO          296    .ARM.Collect$$$$0000000D  mc_p.l(entry10a.o)
    0x000000d0   0x000000d0   0x00000000   Code   RO          298    .ARM.Collect$$$$0000000F  mc_p.l(entry11a.o)
    0x000000d0   0x000000d0   0x00000004   Code   RO          287    .ARM.Collect$$$$00002712  mc_p.l(entry2.o)
    0x000000d4   0x000000d4   0x0000001c   Code   RO          127    .text               startup_lpc43xx_m0.o
    0x000000f0   0x000000f0   0x00000024   Code   RO          300    .text               mc_p.l(init.o)
    0x00000114   0x00000114   0x0000001c   Code   RO          132    i.IPC_Master2Slave_IRQHandler  ipc_int.o
    0x00000130   0x00000130   0x0000001c   Code   RO          137    i.IPC_resetIntFlag  ipc_int.o
    0x0000014c   0x0000014c   0x00000008   Code   RO          138    i.IPC_sendInterrupt  ipc_int.o
    0x00000154   0x00000154   0x00000038   Code   RO          139    i.IPC_slaveInitInterrupt  ipc_int.o
    0x0000018c   0x0000018c   0x00000044   Code   RO          141    i.NVIC_SetPriority  ipc_int.o
    0x000001d0   0x000001d0   0x00000028   Code   RO          242    i.RIT_WDT_IRQHandler  main.o
    0x000001f8   0x000001f8   0x0000000e   Code   RO          304    i.__scatterload_copy  mc_p.l(handlers.o)
    0x00000206   0x00000206   0x00000002   Code   RO          305    i.__scatterload_null  mc_p.l(handlers.o)
    0x00000208   0x00000208   0x0000000e   Code   RO          306    i.__scatterload_zeroinit  mc_p.l(handlers.o)
    0x00000216   0x00000216   0x00000002   PAD
    0x00000218   0x00000218   0x00000060   Code   RO          244    i.main              main.o
    0x00000278   0x00000278   0x00000018   Code   RO          105    i.scu_pinmux        scu.o
    0x00000290   0x00000290   0x00000002   Code   RO          219    i.slaveInterruptCallback  slave_interrupt_callback.o
    0x00000292   0x00000292   0x00000002   PAD
    0x00000294   0x00000294   0x00000020   Code   RO          245    i.vIOInit           main.o
    0x000002b4   0x000002b4   0x00000020   Data   RO          302    Region$$Table       anon$$obj.o


    Execution Region ER_IRAM1 (Exec base: 0x00008000, Load base: 0x000002d4, Size: 0x00000418, Max: 0x00002000, ABSOLUTE)

    Exec Addr    Load Addr    Size         Type   Attr      Idx    E Section Name        Object

    0x00008000   0x000002d4   0x0000000c   Data   RW          142    .data               ipc_int.o
    0x0000800c   0x000002e0   0x0000000c   Data   RW          246    .data               main.o
    0x00008018        -       0x00000400   Zero   RW          124    STACK               startup_lpc43xx_m0.o


    Execution Region ER_IRAM_BUFFERS (Exec base: 0x20004000, Load base: 0x000002ec, Size: 0x00000000, Max: 0x00004000, ABSOLUTE)

    **** No section assigned to this execution region ****


==============================================================================

Image component sizes


      Code (inc. data)   RO Data    RW Data    ZI Data      Debug   Object Name

       188         36          0         12          0      11876   ipc_int.o
       168         38          0         12          0       1906   main.o
        24          6          0          0          0        605   scu.o
         2          0          0          0          0        445   slave_interrupt_callback.o
        28          4        192          0       1024        800   startup_lpc43xx_m0.o
         0          0          0          0          0       5416   system_lpc43xx.o

    ----------------------------------------------------------------------
       412         84        224         24       1024      21048   Object Totals
         0          0         32          0          0          0   (incl. Generated)
         2          0          0          0          0          0   (incl. Padding)

    ----------------------------------------------------------------------

      Code (inc. data)   RO Data    RW Data    ZI Data      Debug   Library Member Name

         0          0          0          0          0          0   entry.o
         0          0          0          0          0          0   entry10a.o
         0          0          0          0          0          0   entry11a.o
         8          4          0          0          0          0   entry2.o
         4          0          0          0          0          0   entry5.o
         0          0          0          0          0          0   entry7b.o
         0          0          0          0          0          0   entry8b.o
         8          4          0          0          0          0   entry9a.o
        30          0          0          0          0          0   handlers.o
        36          8          0          0          0         68   init.o

    ----------------------------------------------------------------------
        88         16          0          0          0         68   Library Totals
         2          0          0          0          0          0   (incl. Padding)

    ----------------------------------------------------------------------

      Code (inc. data)   RO Data    RW Data    ZI Data      Debug   Library Name

        86         16          0          0          0         68   mc_p.l

    ----------------------------------------------------------------------
        88         16          0          0          0         68   Library Totals

    ----------------------------------------------------------------------

==============================================================================


      Code (inc. data)   RO Data    RW Data    ZI Data      Debug   

       500        100        224         24       1024      21004   Grand Totals
       500        100        224         24       1024      21004   ELF Image Totals
       500        100        224         24          0          0   ROM Totals

==============================================================================

    Total RO  Size (Code + RO Data)                  724 (   0.71kB)
    Total RW  Size (RW Data + ZI Data)              1048 (   1.02kB)
    Total ROM Size (Code + RO Data + RW Data)        748 (   0.73kB)

==============================================================================

