<html>
<body>
<pre>
<h1>µVision Build Log</h1>
<h2>Tool Versions:</h2>
IDE-Version: µVision V5.26.2.0
Copyright (C) 2018 ARM Ltd and ARM Germany GmbH. All rights reserved.
License Information:  ,  , LIC=9N0WF-6V99X-GNPA5-GPPU4-XMR3S-1J9YW
 
Tool Versions:
Toolchain:       MDK-ARM Professional  Version: 5.26.2.0
Toolchain Path:  C:\Keil_v5\ARM\ARMCC\Bin
C Compiler:      Armcc.exe V5.06 update 6 (build 750)
Assembler:       Armasm.exe V5.06 update 6 (build 750)
Linker/Locator:  ArmLink.exe V5.06 update 6 (build 750)
Library Manager: ArmAr.exe V5.06 update 6 (build 750)
Hex Converter:   FromElf.exe V5.06 update 6 (build 750)
CPU DLL:         SARMCM3.DLL V5.26.2.0
Dialog DLL:      DARMCM1.DLL V1.19.1.0
Target DLL:      ULP2CM3.DLL V2.210.14.0
Dialog DLL:      TARMCM1.DLL V1.14.0.0
 
<h2>Project:</h2>
C:\LPCxpresso43S37\Exam\IPC\ipc v4\IPC\m4_m0_ipc_int\M0\M0.uvproj
Project File Date:  05/22/2019

<h2>Output:</h2>
*** Using Compiler 'V5.06 update 6 (build 750)', folder: 'C:\Keil_v5\ARM\ARMCC\Bin'
Rebuild Project 'M0' - Target 'LPC43xx_M0_RAM'
assembling startup_LPC43xx_M0.s...
compiling core_cm0.c...
compiling slave_interrupt_callback.c...
compiling scu.c...
compiling main.c...
C:\LPCxpresso43S37\Exam\IPC\ipc v4\IPC\m4_m0_ipc_int\platform\platform_check.h(4): warning:  #1215-D: #warning directive: "************ PLATFORM CONFIG ************"
  #warning "************ PLATFORM CONFIG ************"
C:\LPCxpresso43S37\Exam\IPC\ipc v4\IPC\m4_m0_ipc_int\platform\platform_check.h(8): warning:  #1215-D: #warning directive: "*** Building for HITEX LPC4350EVA platform ***"	
  	#warning "*** Building for HITEX LPC4350EVA platform ***"	
C:\LPCxpresso43S37\Exam\IPC\ipc v4\IPC\m4_m0_ipc_int\platform\platform_check.h(15): warning:  #1215-D: #warning directive: "Building for LPC43xx device"	
  	#warning "Building for LPC43xx device"	
C:\LPCxpresso43S37\Exam\IPC\ipc v4\IPC\m4_m0_ipc_int\platform\platform_check.h(60): warning:  #1215-D: #warning directive: "Building with external flash support: NO"
  	#warning "Building with external flash support: NO"
C:\LPCxpresso43S37\Exam\IPC\ipc v4\IPC\m4_m0_ipc_int\platform\platform_check.h(66): warning:  #1215-D: #warning directive: "Building with external static memory support: NO"
  	#warning "Building with external static memory support: NO"
C:\LPCxpresso43S37\Exam\IPC\ipc v4\IPC\m4_m0_ipc_int\platform\platform_check.h(72): warning:  #1215-D: #warning directive: "Building for external dynamic memory support: NO"
  	#warning "Building for external dynamic memory support: NO"
C:\LPCxpresso43S37\Exam\IPC\ipc v4\IPC\m4_m0_ipc_int\platform\platform_check.h(75): warning:  #1215-D: #warning directive: "************ PLATFORM CONFIG ************"
  #warning "************ PLATFORM CONFIG ************"
main.c: 7 warnings, 0 errors
compiling ipc_int.c...
compiling system_LPC43xx.c...
linking...
Program Size: Code=500 RO-data=224 RW-data=24 ZI-data=1024  
FromELF: creating hex file...
After Build - User command #1: fromelf --cadcombined --output="..\M4\M0_image\CM0_image.c" ".\RAM\CM0_RAM.axf"
".\RAM\CM0_RAM.axf" - 0 Error(s), 7 Warning(s).
Build Time Elapsed:  00:00:00
</pre>
</body>
</html>
