Component: ARM Compiler 5.06 update 6 (build 750) Tool: armlink [4d35ed]

==============================================================================

Section Cross References

    main.o(.text) refers to aeabi_sdiv.o(.text) for __aeabi_uidivmod
    main.o(.text) refers to ipc_msg.o(.text) for IPC_popMsgTout
    main.o(.text) refers to fflti.o(.text) for __aeabi_ui2f
    main.o(.text) refers to fdiv.o(.text) for __aeabi_fdiv
    main.o(.text) refers to fmul.o(x$fpl$fmul) for __aeabi_fmul
    main.o(.text) refers to f2d.o(.text) for __aeabi_f2d
    main.o(.text) refers to chip_18xx_43xx.o(i.SystemCoreClockUpdate) for SystemCoreClockUpdate
    main.o(.text) refers to ipc_example.o(.text) for IPCEX_Init
    main.o(.text) refers to timer_18xx_43xx.o(i.Chip_TIMER_Init) for Chip_TIMER_Init
    main.o(.text) refers to clock_18xx_43xx.o(i.Chip_Clock_GetRate) for Chip_Clock_GetRate
    main.o(.text) refers to timer_18xx_43xx.o(i.Chip_TIMER_Reset) for Chip_TIMER_Reset
    main.o(.text) refers to main.o(.data) for mutex
    keil_startup_lpc43xx_m0app.o(STACK) refers (Special) to heapauxi.o(.text) for __use_two_region_memory
    keil_startup_lpc43xx_m0app.o(HEAP) refers (Special) to heapauxi.o(.text) for __use_two_region_memory
    keil_startup_lpc43xx_m0app.o(RESET) refers (Special) to heapauxi.o(.text) for __use_two_region_memory
    keil_startup_lpc43xx_m0app.o(RESET) refers to keil_startup_lpc43xx_m0app.o(STACK) for __initial_sp
    keil_startup_lpc43xx_m0app.o(RESET) refers to keil_startup_lpc43xx_m0app.o(.text) for Reset_Handler
    keil_startup_lpc43xx_m0app.o(RESET) refers to main.o(.text) for M4_IRQHandler
    keil_startup_lpc43xx_m0app.o(.text) refers (Special) to heapauxi.o(.text) for __use_two_region_memory
    keil_startup_lpc43xx_m0app.o(.text) refers to sysinit.o(.text) for SystemInit
    keil_startup_lpc43xx_m0app.o(.text) refers to __main.o(!!!main) for __main
    keil_startup_lpc43xx_m0app.o(.text) refers to keil_startup_lpc43xx_m0app.o(HEAP) for Heap_Mem
    keil_startup_lpc43xx_m0app.o(.text) refers to keil_startup_lpc43xx_m0app.o(STACK) for Stack_Mem
    ipc_example.o(.text) refers to ipc_msg.o(.text) for IPC_popMsgTout
    ipc_example.o(.text) refers to ipc_example.o(.bss) for ipcex_callback_lookup
    ipc_example.o(.text) refers to ipc_example.o(.data) for gblUpdateFn
    ipc_msg.o(.text) refers to board.o(i.Board_UARTPutSTR) for Board_UARTPutSTR
    ipc_msg.o(.text) refers to rt_memclr.o(.text) for __aeabi_memclr4
    ipc_msg.o(.text) refers to rt_memcpy.o(.text) for __aeabi_memcpy
    ipc_msg.o(.text) refers to ipc_msg.o(.data) for q_ipc
    ipc_msg.o(.data) refers to ipc_msg.o(.conststring) for .conststring
    m0_img_ldr.o(.text) refers to clock_18xx_43xx.o(i.Chip_Clock_Enable) for Chip_Clock_Enable
    board.o(i.Board_Audio_Init) refers to board.o(i.Chip_SCU_PinMuxSet) for Chip_SCU_PinMuxSet
    board.o(i.Board_Audio_Init) refers to clock_18xx_43xx.o(i.Chip_Clock_SetBaseClock) for Chip_Clock_SetBaseClock
    board.o(i.Board_Audio_Init) refers to wm8904.o(i.WM8904_Init) for WM8904_Init
    board.o(i.Board_Buttons_Init) refers to board.o(i.Chip_SCU_PinMuxSet) for Chip_SCU_PinMuxSet
    board.o(i.Board_Debug_Init) refers to board.o(i.Board_UART_Init) for Board_UART_Init
    board.o(i.Board_Debug_Init) refers to uart_18xx_43xx.o(i.Chip_UART_Init) for Chip_UART_Init
    board.o(i.Board_Debug_Init) refers to uart_18xx_43xx.o(i.Chip_UART_SetBaudFDR) for Chip_UART_SetBaudFDR
    board.o(i.Board_ENET_GetMacADDR) refers to rt_memcpy.o(.text) for __aeabi_memcpy
    board.o(i.Board_I2C_Init) refers to board.o(i.Chip_SCU_PinMuxSet) for Chip_SCU_PinMuxSet
    board.o(i.Board_Init) refers to board.o(i.Board_Debug_Init) for Board_Debug_Init
    board.o(i.Board_Init) refers to gpio_18xx_43xx.o(i.Chip_GPIO_Init) for Chip_GPIO_Init
    board.o(i.Board_Init) refers to board.o(i.Chip_GPIO_SetPinDIROutput) for Chip_GPIO_SetPinDIROutput
    board.o(i.Board_Init) refers to board.o(.constdata) for .constdata
    board.o(i.Board_LCD_Init) refers to board.o(i.Board_SSP_Init) for Board_SSP_Init
    board.o(i.Board_LCD_Init) refers to board.o(i.Chip_SCU_PinMuxSet) for Chip_SCU_PinMuxSet
    board.o(i.Board_LCD_Init) refers to board.o(i.Chip_GPIO_SetPinDIROutput) for Chip_GPIO_SetPinDIROutput
    board.o(i.Board_LCD_Init) refers to ssp_18xx_43xx.o(i.Chip_SSP_Init) for Chip_SSP_Init
    board.o(i.Board_LCD_Init) refers to ssp_18xx_43xx.o(i.Chip_SSP_SetBitRate) for Chip_SSP_SetBitRate
    board.o(i.Board_LCD_Init) refers to board.o(.data) for .data
    board.o(i.Board_LCD_WriteData) refers to ssp_18xx_43xx.o(i.Chip_SSP_WriteFrames_Blocking) for Chip_SSP_WriteFrames_Blocking
    board.o(i.Board_LCD_WriteData) refers to board.o(.data) for .data
    board.o(i.Board_LED_Set) refers to board.o(.constdata) for .constdata
    board.o(i.Board_LED_Test) refers to board.o(i.Chip_GPIO_GetPinState) for Chip_GPIO_GetPinState
    board.o(i.Board_LED_Test) refers to board.o(.constdata) for .constdata
[...]
    ssp_18xx_43xx.o(i.Chip_SSP_SetBitRate) refers to ssp_18xx_43xx.o(i.Chip_SSP_GetPeriphClockIndex) for Chip_SSP_GetPeriphClockIndex
    ssp_18xx_43xx.o(i.Chip_SSP_SetBitRate) refers to clock_18xx_43xx.o(i.Chip_Clock_GetRate) for Chip_Clock_GetRate
    ssp_18xx_43xx.o(i.Chip_SSP_SetBitRate) refers to aeabi_sdiv.o(.text) for __aeabi_uidivmod
    ssp_18xx_43xx.o(i.Chip_SSP_SetBitRate) refers to ssp_18xx_43xx.o(i.Chip_SSP_SetClockRate) for Chip_SSP_SetClockRate
    ssp_18xx_43xx.o(i.Chip_SSP_WriteFrames_Blocking) refers to ssp_18xx_43xx.o(i.Chip_SSP_GetStatus) for Chip_SSP_GetStatus
    ssp_18xx_43xx.o(i.Chip_SSP_WriteFrames_Blocking) refers to ssp_18xx_43xx.o(i.Chip_SSP_GetRawIntStatus) for Chip_SSP_GetRawIntStatus
    ssp_18xx_43xx.o(i.SSP_Read1BFifo) refers to ssp_18xx_43xx.o(i.Chip_SSP_GetStatus) for Chip_SSP_GetStatus
    ssp_18xx_43xx.o(i.SSP_Read2BFifo) refers to ssp_18xx_43xx.o(i.Chip_SSP_GetStatus) for Chip_SSP_GetStatus
    uart_18xx_43xx.o(i.Chip_UART_DeInit) refers to uart_18xx_43xx.o(i.Chip_UART_GetIndex) for Chip_UART_GetIndex
    uart_18xx_43xx.o(i.Chip_UART_DeInit) refers to clock_18xx_43xx.o(i.Chip_Clock_Disable) for Chip_Clock_Disable
    uart_18xx_43xx.o(i.Chip_UART_DeInit) refers to uart_18xx_43xx.o(.constdata) for .constdata
    uart_18xx_43xx.o(i.Chip_UART_GetABEOStatus) refers to uart_18xx_43xx.o(.data) for .data
    uart_18xx_43xx.o(i.Chip_UART_IRQRBHandler) refers to uart_18xx_43xx.o(i.Chip_UART_TXIntHandlerRB) for Chip_UART_TXIntHandlerRB
    uart_18xx_43xx.o(i.Chip_UART_IRQRBHandler) refers to uart_18xx_43xx.o(i.RingBuffer_IsEmpty) for RingBuffer_IsEmpty
    uart_18xx_43xx.o(i.Chip_UART_IRQRBHandler) refers to uart_18xx_43xx.o(i.Chip_UART_RXIntHandlerRB) for Chip_UART_RXIntHandlerRB
    uart_18xx_43xx.o(i.Chip_UART_IRQRBHandler) refers to uart_18xx_43xx.o(.data) for .data
    uart_18xx_43xx.o(i.Chip_UART_Init) refers to uart_18xx_43xx.o(i.Chip_UART_GetIndex) for Chip_UART_GetIndex
    uart_18xx_43xx.o(i.Chip_UART_Init) refers to clock_18xx_43xx.o(i.Chip_Clock_EnableOpts) for Chip_Clock_EnableOpts
    uart_18xx_43xx.o(i.Chip_UART_Init) refers to uart_18xx_43xx.o(.constdata) for .constdata
    uart_18xx_43xx.o(i.Chip_UART_RXIntHandlerRB) refers to ring_buffer.o(i.RingBuffer_Insert) for RingBuffer_Insert
    uart_18xx_43xx.o(i.Chip_UART_ReadBlocking) refers to uart_18xx_43xx.o(i.Chip_UART_Read) for Chip_UART_Read
    uart_18xx_43xx.o(i.Chip_UART_ReadRB) refers to ring_buffer.o(i.RingBuffer_PopMult) for RingBuffer_PopMult
    uart_18xx_43xx.o(i.Chip_UART_SendBlocking) refers to uart_18xx_43xx.o(i.Chip_UART_Send) for Chip_UART_Send
    uart_18xx_43xx.o(i.Chip_UART_SendRB) refers to ring_buffer.o(i.RingBuffer_InsertMult) for RingBuffer_InsertMult
    uart_18xx_43xx.o(i.Chip_UART_SendRB) refers to uart_18xx_43xx.o(i.Chip_UART_TXIntHandlerRB) for Chip_UART_TXIntHandlerRB
    uart_18xx_43xx.o(i.Chip_UART_SetBaud) refers to uart_18xx_43xx.o(i.Chip_UART_GetIndex) for Chip_UART_GetIndex
    uart_18xx_43xx.o(i.Chip_UART_SetBaud) refers to clock_18xx_43xx.o(i.Chip_Clock_GetRate) for Chip_Clock_GetRate
    uart_18xx_43xx.o(i.Chip_UART_SetBaud) refers to aeabi_sdiv.o(.text) for __aeabi_uidivmod
    uart_18xx_43xx.o(i.Chip_UART_SetBaud) refers to uart_18xx_43xx.o(.constdata) for .constdata
    uart_18xx_43xx.o(i.Chip_UART_SetBaudFDR) refers to uart_18xx_43xx.o(i.Chip_UART_GetIndex) for Chip_UART_GetIndex
    uart_18xx_43xx.o(i.Chip_UART_SetBaudFDR) refers to clock_18xx_43xx.o(i.Chip_Clock_GetRate) for Chip_Clock_GetRate
    uart_18xx_43xx.o(i.Chip_UART_SetBaudFDR) refers to llmul.o(.text) for __aeabi_lmul
    uart_18xx_43xx.o(i.Chip_UART_SetBaudFDR) refers to lludiv.o(.text) for __aeabi_uldivmod
    uart_18xx_43xx.o(i.Chip_UART_SetBaudFDR) refers to aeabi_sdiv.o(.text) for __aeabi_uidivmod
    uart_18xx_43xx.o(i.Chip_UART_SetBaudFDR) refers to uart_18xx_43xx.o(.constdata) for .constdata
    uart_18xx_43xx.o(i.Chip_UART_TXIntHandlerRB) refers to ring_buffer.o(i.RingBuffer_Pop) for RingBuffer_Pop
    uart_18xx_43xx.o(i.Chip_UART_TXIntHandlerRB) refers to uart_18xx_43xx.o(i.RingBuffer_IsEmpty) for RingBuffer_IsEmpty
    ring_buffer.o(i.RingBuffer_Insert) refers to ring_buffer.o(i.RingBuffer_IsFull) for RingBuffer_IsFull
    ring_buffer.o(i.RingBuffer_Insert) refers to rt_memcpy.o(.text) for __aeabi_memcpy
    ring_buffer.o(i.RingBuffer_InsertMult) refers to ring_buffer.o(i.RingBuffer_IsFull) for RingBuffer_IsFull
    ring_buffer.o(i.RingBuffer_InsertMult) refers to rt_memcpy.o(.text) for __aeabi_memcpy
    ring_buffer.o(i.RingBuffer_Pop) refers to ring_buffer.o(i.RingBuffer_IsEmpty) for RingBuffer_IsEmpty
    ring_buffer.o(i.RingBuffer_Pop) refers to rt_memcpy.o(.text) for __aeabi_memcpy
    ring_buffer.o(i.RingBuffer_PopMult) refers to ring_buffer.o(i.RingBuffer_IsEmpty) for RingBuffer_IsEmpty
    ring_buffer.o(i.RingBuffer_PopMult) refers to rt_memcpy.o(.text) for __aeabi_memcpy
    i2c_18xx_43xx.o(i.Chip_I2C_DeInit) refers to clock_18xx_43xx.o(i.Chip_Clock_Disable) for Chip_Clock_Disable
    i2c_18xx_43xx.o(i.Chip_I2C_DeInit) refers to i2c_18xx_43xx.o(.data) for .data
    i2c_18xx_43xx.o(i.Chip_I2C_Disable) refers to i2c_18xx_43xx.o(.data) for .data
    i2c_18xx_43xx.o(i.Chip_I2C_EventHandler) refers to i2c_18xx_43xx.o(.data) for .data
    i2c_18xx_43xx.o(i.Chip_I2C_EventHandlerPolling) refers to i2c_18xx_43xx.o(i.Chip_I2C_IsStateChanged) for Chip_I2C_IsStateChanged
    i2c_18xx_43xx.o(i.Chip_I2C_EventHandlerPolling) refers to i2c_18xx_43xx.o(i.Chip_I2C_MasterStateHandler) for Chip_I2C_MasterStateHandler
    i2c_18xx_43xx.o(i.Chip_I2C_EventHandlerPolling) refers to i2c_18xx_43xx.o(.data) for .data
    i2c_18xx_43xx.o(i.Chip_I2C_GetClockRate) refers to i2c_18xx_43xx.o(i.getClkRate) for getClkRate
    i2c_18xx_43xx.o(i.Chip_I2C_GetClockRate) refers to aeabi_sdiv.o(.text) for __aeabi_uidivmod
    i2c_18xx_43xx.o(i.Chip_I2C_GetClockRate) refers to i2c_18xx_43xx.o(.data) for .data
    i2c_18xx_43xx.o(i.Chip_I2C_GetMasterEventHandler) refers to i2c_18xx_43xx.o(.data) for .data
    i2c_18xx_43xx.o(i.Chip_I2C_Init) refers to clock_18xx_43xx.o(i.Chip_Clock_Enable) for Chip_Clock_Enable
    i2c_18xx_43xx.o(i.Chip_I2C_Init) refers to i2c_18xx_43xx.o(.data) for .data
    i2c_18xx_43xx.o(i.Chip_I2C_IsMasterActive) refers to i2c_18xx_43xx.o(i.getCurState) for getCurState
    i2c_18xx_43xx.o(i.Chip_I2C_IsMasterActive) refers to i2c_18xx_43xx.o(.data) for .data
    i2c_18xx_43xx.o(i.Chip_I2C_IsStateChanged) refers to i2c_18xx_43xx.o(.data) for .data
    i2c_18xx_43xx.o(i.Chip_I2C_MasterCmdRead) refers to rt_memclr.o(.text) for __aeabi_memclr4
    i2c_18xx_43xx.o(i.Chip_I2C_MasterCmdRead) refers to i2c_18xx_43xx.o(i.Chip_I2C_MasterTransfer) for Chip_I2C_MasterTransfer
    i2c_18xx_43xx.o(i.Chip_I2C_MasterRead) refers to rt_memclr.o(.text) for __aeabi_memclr4
    i2c_18xx_43xx.o(i.Chip_I2C_MasterRead) refers to i2c_18xx_43xx.o(i.Chip_I2C_MasterTransfer) for Chip_I2C_MasterTransfer
    i2c_18xx_43xx.o(i.Chip_I2C_MasterSend) refers to rt_memclr.o(.text) for __aeabi_memclr4
    i2c_18xx_43xx.o(i.Chip_I2C_MasterSend) refers to i2c_18xx_43xx.o(i.Chip_I2C_MasterTransfer) for Chip_I2C_MasterTransfer
    i2c_18xx_43xx.o(i.Chip_I2C_MasterStateHandler) refers to i2c_18xx_43xx.o(i.handleMasterXferState) for handleMasterXferState
    i2c_18xx_43xx.o(i.Chip_I2C_MasterStateHandler) refers to i2c_18xx_43xx.o(.data) for .data
    i2c_18xx_43xx.o(i.Chip_I2C_MasterTransfer) refers to i2c_18xx_43xx.o(.data) for .data
    i2c_18xx_43xx.o(i.Chip_I2C_SetClockRate) refers to i2c_18xx_43xx.o(i.getClkRate) for getClkRate
    i2c_18xx_43xx.o(i.Chip_I2C_SetClockRate) refers to aeabi_sdiv.o(.text) for __aeabi_uidivmod
    i2c_18xx_43xx.o(i.Chip_I2C_SetClockRate) refers to i2c_18xx_43xx.o(.data) for .data
    i2c_18xx_43xx.o(i.Chip_I2C_SetMasterEventHandler) refers to i2c_18xx_43xx.o(.data) for .data
    i2c_18xx_43xx.o(i.Chip_I2C_SlaveSetup) refers to i2c_18xx_43xx.o(.data) for .data
    i2c_18xx_43xx.o(i.Chip_I2C_SlaveSetup) refers to i2c_18xx_43xx.o(.bss) for .bss
    i2c_18xx_43xx.o(i.Chip_I2C_SlaveStateHandler) refers to i2c_18xx_43xx.o(i.getSlaveIndex) for getSlaveIndex
    i2c_18xx_43xx.o(i.Chip_I2C_SlaveStateHandler) refers to i2c_18xx_43xx.o(i.handleSlaveXferState) for handleSlaveXferState
    i2c_18xx_43xx.o(i.Chip_I2C_SlaveStateHandler) refers to i2c_18xx_43xx.o(.data) for .data
    i2c_18xx_43xx.o(i.Chip_I2C_SlaveStateHandler) refers to i2c_18xx_43xx.o(.bss) for .bss
    i2c_18xx_43xx.o(i.getClkRate) refers to clock_18xx_43xx.o(i.Chip_Clock_GetRate) for Chip_Clock_GetRate
    i2c_18xx_43xx.o(i.getClkRate) refers to i2c_18xx_43xx.o(.data) for .data
    i2c_18xx_43xx.o(i.getSlaveIndex) refers to i2c_18xx_43xx.o(i.lookupSlaveIndex) for lookupSlaveIndex
    i2c_18xx_43xx.o(i.handleMasterXferState) refers to clock_18xx_43xx.o(i.__ARM_common_switch8) for __ARM_common_switch8
    i2c_18xx_43xx.o(i.handleSlaveXferState) refers to clock_18xx_43xx.o(i.__ARM_common_switch8) for __ARM_common_switch8
    i2c_18xx_43xx.o(i.lookupSlaveIndex) refers to i2c_18xx_43xx.o(i.isSlaveAddrMatching) for isSlaveAddrMatching
    i2c_18xx_43xx.o(.data) refers to i2c_18xx_43xx.o(i.Chip_I2C_EventHandler) for Chip_I2C_EventHandler
    rt_memcpy.o(.text) refers to rt_memcpy.o(.emb_text) for __aeabi_memcpy4
    __main.o(!!!main) refers to __rtentry.o(.ARM.Collect$$rtentry$$00000000) for __rt_entry
    f2d.o(.text) refers (Special) to usenofp.o(x$fpl$usenofp) for __I$use$fp
    fdiv.o(.text) refers (Special) to usenofp.o(x$fpl$usenofp) for __I$use$fp
    fdiv.o(.text) refers to fdiv.o(.constdata) for .constdata
    fdiv.o(.constdata) refers (Special) to usenofp.o(x$fpl$usenofp) for __I$use$fp
    fflti.o(.text) refers (Special) to usenofp.o(x$fpl$usenofp) for __I$use$fp
    fmul.o(x$fpl$fmul) refers (Special) to usenofp.o(x$fpl$usenofp) for __I$use$fp
    __rtentry.o(.ARM.Collect$$rtentry$$00000000) refers (Special) to __rtentry2.o(.ARM.Collect$$rtentry$$0000000A) for __rt_entry_li
    __rtentry.o(.ARM.Collect$$rtentry$$00000000) refers (Special) to __rtentry2.o(.ARM.Collect$$rtentry$$0000000D) for __rt_entry_main
    __rtentry.o(.ARM.Collect$$rtentry$$00000000) refers (Special) to __rtentry2.o(.ARM.Collect$$rtentry$$0000000C) for __rt_entry_postli_1
    __rtentry.o(.ARM.Collect$$rtentry$$00000000) refers (Special) to __rtentry2.o(.ARM.Collect$$rtentry$$00000009) for __rt_entry_postsh_1
    __rtentry.o(.ARM.Collect$$rtentry$$00000000) refers (Special) to __rtentry2.o(.ARM.Collect$$rtentry$$00000002) for __rt_entry_presh_1
    __rtentry.o(.ARM.Collect$$rtentry$$00000000) refers (Special) to __rtentry4.o(.ARM.Collect$$rtentry$$00000004) for __rt_entry_sh
    aeabi_idiv0_sigfpe.o(.text) refers to rt_div0.o(.text) for __rt_div0
    aeabi_ldiv0_sigfpe.o(.text) refers to rt_div0.o(.text) for __rt_div0
    __rtentry2.o(.ARM.Collect$$rtentry$$00000008) refers to boardinit2.o(.text) for _platform_post_stackheap_init
    __rtentry2.o(.ARM.Collect$$rtentry$$0000000A) refers to libinit.o(.ARM.Collect$$libinit$$00000000) for __rt_lib_init
    __rtentry2.o(.ARM.Collect$$rtentry$$0000000B) refers to boardinit3.o(.text) for _platform_post_lib_init
    __rtentry2.o(.ARM.Collect$$rtentry$$0000000D) refers to main.o(.text) for main
    __rtentry2.o(.ARM.Collect$$rtentry$$0000000D) refers to exit.o(.text) for exit
    __rtentry2.o(.ARM.exidx) refers to __rtentry2.o(.ARM.Collect$$rtentry$$00000001) for .ARM.Collect$$rtentry$$00000001
    __rtentry2.o(.ARM.exidx) refers to __rtentry2.o(.ARM.Collect$$rtentry$$00000008) for .ARM.Collect$$rtentry$$00000008
    __rtentry2.o(.ARM.exidx) refers to __rtentry2.o(.ARM.Collect$$rtentry$$0000000A) for .ARM.Collect$$rtentry$$0000000A
    __rtentry2.o(.ARM.exidx) refers to __rtentry2.o(.ARM.Collect$$rtentry$$0000000B) for .ARM.Collect$$rtentry$$0000000B
    __rtentry2.o(.ARM.exidx) refers to __rtentry2.o(.ARM.Collect$$rtentry$$0000000D) for .ARM.Collect$$rtentry$$0000000D
    __rtentry4.o(.ARM.Collect$$rtentry$$00000004) refers to sys_stackheap_outer.o(.text) for __user_setup_stackheap
    __rtentry4.o(.ARM.exidx) refers to __rtentry4.o(.ARM.Collect$$rtentry$$00000004) for .ARM.Collect$$rtentry$$00000004
    rt_div0.o(.text) refers to defsig_fpe_outer.o(.text) for __rt_SIGFPE
    sys_stackheap_outer.o(.text) refers to libspace.o(.text) for __user_perproc_libspace
    sys_stackheap_outer.o(.text) refers to keil_startup_lpc43xx_m0app.o(.text) for __user_initial_stackheap
    sys_stackheap_outer.o(__vectab_stack_and_reset_area) refers to tempstk.o(.text) for __temporary_stack_top
    sys_stackheap_outer.o(__vectab_stack_and_reset_area) refers to __main.o(!!!main) for __main
    exit.o(.text) refers to rtexit.o(.ARM.Collect$$rtexit$$00000000) for __rt_exit
    defsig_fpe_outer.o(.text) refers to defsig_fpe_inner.o(.text) for __rt_SIGFPE_inner
    defsig_fpe_outer.o(.text) refers to defsig_exit.o(.text) for __sig_exit
    defsig_fpe_formal.o(.text) refers to rt_raise.o(.text) for __rt_raise
    libinit.o(.ARM.Collect$$libinit$$00000000) refers (Special) to libinit2.o(.ARM.Collect$$libinit$$0000002E) for __rt_lib_init_alloca_1
    libinit.o(.ARM.Collect$$libinit$$00000000) refers (Special) to libinit2.o(.ARM.Collect$$libinit$$0000002C) for __rt_lib_init_argv_1
    libinit.o(.ARM.Collect$$libinit$$00000000) refers (Special) to libinit2.o(.ARM.Collect$$libinit$$0000001B) for __rt_lib_init_atexit_1
    libinit.o(.ARM.Collect$$libinit$$00000000) refers (Special) to libinit2.o(.ARM.Collect$$libinit$$00000021) for __rt_lib_init_clock_1
    libinit.o(.ARM.Collect$$libinit$$00000000) refers (Special) to libinit2.o(.ARM.Collect$$libinit$$00000032) for __rt_lib_init_cpp_1
    libinit.o(.ARM.Collect$$libinit$$00000000) refers (Special) to libinit2.o(.ARM.Collect$$libinit$$00000030) for __rt_lib_init_exceptions_1
    libinit.o(.ARM.Collect$$libinit$$00000000) refers (Special) to libinit2.o(.ARM.Collect$$libinit$$00000002) for __rt_lib_init_fp_1
    libinit.o(.ARM.Collect$$libinit$$00000000) refers (Special) to libinit2.o(.ARM.Collect$$libinit$$0000001F) for __rt_lib_init_fp_trap_1
    libinit.o(.ARM.Collect$$libinit$$00000000) refers (Special) to libinit2.o(.ARM.Collect$$libinit$$00000023) for __rt_lib_init_getenv_1
    libinit.o(.ARM.Collect$$libinit$$00000000) refers (Special) to libinit2.o(.ARM.Collect$$libinit$$0000000A) for __rt_lib_init_heap_1
    libinit.o(.ARM.Collect$$libinit$$00000000) refers (Special) to libinit2.o(.ARM.Collect$$libinit$$00000011) for __rt_lib_init_lc_collate_1
    libinit.o(.ARM.Collect$$libinit$$00000000) refers (Special) to libinit2.o(.ARM.Collect$$libinit$$00000013) for __rt_lib_init_lc_ctype_1
    libinit.o(.ARM.Collect$$libinit$$00000000) refers (Special) to libinit2.o(.ARM.Collect$$libinit$$00000015) for __rt_lib_init_lc_monetary_1
    libinit.o(.ARM.Collect$$libinit$$00000000) refers (Special) to libinit2.o(.ARM.Collect$$libinit$$00000017) for __rt_lib_init_lc_numeric_1
    libinit.o(.ARM.Collect$$libinit$$00000000) refers (Special) to libinit2.o(.ARM.Collect$$libinit$$00000019) for __rt_lib_init_lc_time_1
    libinit.o(.ARM.Collect$$libinit$$00000000) refers (Special) to libinit2.o(.ARM.Collect$$libinit$$00000004) for __rt_lib_init_preinit_1
    libinit.o(.ARM.Collect$$libinit$$00000000) refers (Special) to libinit2.o(.ARM.Collect$$libinit$$0000000E) for __rt_lib_init_rand_1
    libinit.o(.ARM.Collect$$libinit$$00000000) refers (Special) to libinit2.o(.ARM.Collect$$libinit$$00000033) for __rt_lib_init_return
    libinit.o(.ARM.Collect$$libinit$$00000000) refers (Special) to libinit2.o(.ARM.Collect$$libinit$$0000001D) for __rt_lib_init_signal_1
    libinit.o(.ARM.Collect$$libinit$$00000000) refers (Special) to libinit2.o(.ARM.Collect$$libinit$$00000025) for __rt_lib_init_stdio_1
    libinit.o(.ARM.Collect$$libinit$$00000000) refers (Special) to libinit2.o(.ARM.Collect$$libinit$$0000000C) for __rt_lib_init_user_alloc_1
    libspace.o(.text) refers to libspace.o(.bss) for __libspace_start
    rtexit.o(.ARM.Collect$$rtexit$$00000000) refers (Special) to rtexit2.o(.ARM.Collect$$rtexit$$00000004) for __rt_exit_exit
    rtexit.o(.ARM.Collect$$rtexit$$00000000) refers (Special) to rtexit2.o(.ARM.Collect$$rtexit$$00000003) for __rt_exit_ls
    rtexit.o(.ARM.Collect$$rtexit$$00000000) refers (Special) to rtexit2.o(.ARM.Collect$$rtexit$$00000002) for __rt_exit_prels_1
    rtexit.o(.ARM.exidx) refers (Special) to rtexit2.o(.ARM.Collect$$rtexit$$00000004) for __rt_exit_exit
    rtexit.o(.ARM.exidx) refers (Special) to rtexit2.o(.ARM.Collect$$rtexit$$00000003) for __rt_exit_ls
    rtexit.o(.ARM.exidx) refers (Special) to rtexit2.o(.ARM.Collect$$rtexit$$00000002) for __rt_exit_prels_1
    rtexit.o(.ARM.exidx) refers to rtexit.o(.ARM.Collect$$rtexit$$00000000) for .ARM.Collect$$rtexit$$00000000
    rt_raise.o(.text) refers to __raise.o(.text) for __raise
    rt_raise.o(.text) refers to board.o(i._sys_exit) for _sys_exit
    defsig_exit.o(.text) refers to board.o(i._sys_exit) for _sys_exit
    defsig_fpe_inner.o(.text) refers to defsig_general.o(.text) for __default_signal_display
    libinit2.o(.ARM.Collect$$libinit$$00000010) refers to libinit2.o(.ARM.Collect$$libinit$$0000000F) for .ARM.Collect$$libinit$$0000000F
    libinit2.o(.ARM.Collect$$libinit$$00000012) refers to libinit2.o(.ARM.Collect$$libinit$$0000000F) for .ARM.Collect$$libinit$$0000000F
    libinit2.o(.ARM.Collect$$libinit$$00000014) refers to libinit2.o(.ARM.Collect$$libinit$$0000000F) for .ARM.Collect$$libinit$$0000000F
    libinit2.o(.ARM.Collect$$libinit$$00000016) refers to libinit2.o(.ARM.Collect$$libinit$$0000000F) for .ARM.Collect$$libinit$$0000000F
    libinit2.o(.ARM.Collect$$libinit$$00000018) refers to libinit2.o(.ARM.Collect$$libinit$$0000000F) for .ARM.Collect$$libinit$$0000000F
    libinit2.o(.ARM.Collect$$libinit$$00000026) refers to argv_veneer.o(.text) for __ARM_argv_veneer
    libinit2.o(.ARM.Collect$$libinit$$00000027) refers to argv_veneer.o(.text) for __ARM_argv_veneer
    rtexit2.o(.ARM.Collect$$rtexit$$00000003) refers to libshutdown.o(.ARM.Collect$$libshutdown$$00000000) for __rt_lib_shutdown
    rtexit2.o(.ARM.Collect$$rtexit$$00000004) refers to board.o(i._sys_exit) for _sys_exit
    rtexit2.o(.ARM.exidx) refers to rtexit2.o(.ARM.Collect$$rtexit$$00000001) for .ARM.Collect$$rtexit$$00000001
    rtexit2.o(.ARM.exidx) refers to rtexit2.o(.ARM.Collect$$rtexit$$00000003) for .ARM.Collect$$rtexit$$00000003
    rtexit2.o(.ARM.exidx) refers to rtexit2.o(.ARM.Collect$$rtexit$$00000004) for .ARM.Collect$$rtexit$$00000004
    __raise.o(.text) refers to defsig.o(CL$$defsig) for __default_signal_handler
    defsig_general.o(.text) refers to sys_wrch.o(.text) for _ttywrch
    sys_wrch.o(.text) refers (Special) to use_no_semi.o(.text) for __I$use$semihosting
    sys_wrch.o(.text) refers (Special) to indicate_semi.o(.text) for __semihosting_library_function
    defsig.o(CL$$defsig) refers to defsig_fpe_inner.o(.text) for __rt_SIGFPE_inner
    defsig.o(CL$$defsig) refers to defsig_rtmem_inner.o(.text) for __rt_SIGRTMEM_inner
    _get_argv_nomalloc.o(.text) refers (Special) to hrguard.o(.text) for __heap_region$guard
    _get_argv_nomalloc.o(.text) refers to defsig_rtmem_outer.o(.text) for __rt_SIGRTMEM
    _get_argv_nomalloc.o(.text) refers to sys_command.o(.text) for _sys_command_string
    libshutdown.o(.ARM.Collect$$libshutdown$$00000000) refers (Special) to libshutdown2.o(.ARM.Collect$$libshutdown$$00000002) for __rt_lib_shutdown_cpp_1
    libshutdown.o(.ARM.Collect$$libshutdown$$00000000) refers (Special) to libshutdown2.o(.ARM.Collect$$libshutdown$$00000007) for __rt_lib_shutdown_fp_trap_1
    libshutdown.o(.ARM.Collect$$libshutdown$$00000000) refers (Special) to libshutdown2.o(.ARM.Collect$$libshutdown$$0000000F) for __rt_lib_shutdown_heap_1
    libshutdown.o(.ARM.Collect$$libshutdown$$00000000) refers (Special) to libshutdown2.o(.ARM.Collect$$libshutdown$$00000010) for __rt_lib_shutdown_return
    libshutdown.o(.ARM.Collect$$libshutdown$$00000000) refers (Special) to libshutdown2.o(.ARM.Collect$$libshutdown$$0000000A) for __rt_lib_shutdown_signal_1
    libshutdown.o(.ARM.Collect$$libshutdown$$00000000) refers (Special) to libshutdown2.o(.ARM.Collect$$libshutdown$$00000004) for __rt_lib_shutdown_stdio_1
    libshutdown.o(.ARM.Collect$$libshutdown$$00000000) refers (Special) to libshutdown2.o(.ARM.Collect$$libshutdown$$0000000C) for __rt_lib_shutdown_user_alloc_1
    sys_command.o(.text) refers (Special) to use_no_semi.o(.text) for __I$use$semihosting
    sys_command.o(.text) refers (Special) to indicate_semi.o(.text) for __semihosting_library_function
    defsig_abrt_inner.o(.text) refers to defsig_general.o(.text) for __default_signal_display
    defsig_rtred_inner.o(.text) refers to defsig_general.o(.text) for __default_signal_display
    defsig_rtmem_inner.o(.text) refers to defsig_general.o(.text) for __default_signal_display
    defsig_rtmem_outer.o(.text) refers to defsig_rtmem_inner.o(.text) for __rt_SIGRTMEM_inner
    defsig_rtmem_outer.o(.text) refers to defsig_exit.o(.text) for __sig_exit
    defsig_rtmem_formal.o(.text) refers to rt_raise.o(.text) for __rt_raise
    defsig_stak_inner.o(.text) refers to defsig_general.o(.text) for __default_signal_display
    defsig_pvfn_inner.o(.text) refers to defsig_general.o(.text) for __default_signal_display
    defsig_cppl_inner.o(.text) refers to defsig_general.o(.text) for __default_signal_display
    defsig_segv_inner.o(.text) refers to defsig_general.o(.text) for __default_signal_display
    defsig_other.o(.text) refers to defsig_general.o(.text) for __default_signal_display


==============================================================================

Removing Unused input sections from the image.

    Removing main.o(.rev16_text), (4 bytes).
    Removing main.o(.revsh_text), (4 bytes).
    Removing sysinit.o(.rev16_text), (4 bytes).
    Removing sysinit.o(.revsh_text), (4 bytes).
    Removing ipc_example.o(.rev16_text), (4 bytes).
    Removing ipc_example.o(.revsh_text), (4 bytes).
    Removing ipc_msg.o(.rev16_text), (4 bytes).
    Removing ipc_msg.o(.revsh_text), (4 bytes).
    Removing m0_img_ldr.o(.rev16_text), (4 bytes).
    Removing m0_img_ldr.o(.revsh_text), (4 bytes).
    Removing m0_img_ldr.o(.text), (156 bytes).
    Removing board.o(.rev16_text), (4 bytes).
    Removing board.o(.revsh_text), (4 bytes).
    Removing board.o(i.Board_Audio_Init), (100 bytes).
    Removing board.o(i.Board_Buttons_Init), (28 bytes).
    Removing board.o(i.Board_DAC_Init), (16 bytes).
    Removing board.o(i.Board_Debug_Init), (40 bytes).
    Removing board.o(i.Board_ENET_GetMacADDR), (28 bytes).
    Removing board.o(i.Board_I2C_Init), (44 bytes).
    Removing board.o(i.Board_Init), (76 bytes).
    Removing board.o(i.Board_Joystick_Init), (2 bytes).
    Removing board.o(i.Board_LCD_Init), (120 bytes).
    Removing board.o(i.Board_LCD_WriteData), (36 bytes).
    Removing board.o(i.Board_LED_Set), (40 bytes).
    Removing board.o(i.Board_LED_Test), (40 bytes).
    Removing board.o(i.Board_LED_Toggle), (20 bytes).
    Removing board.o(i.Board_SDMMC_Init), (76 bytes).
    Removing board.o(i.Board_SSP_Init), (88 bytes).
    Removing board.o(i.Board_UARTGetChar), (24 bytes).
    Removing board.o(i.Board_UART_Init), (24 bytes).
    Removing board.o(i.Buttons_GetStatus), (28 bytes).
    Removing board.o(i.Chip_GPIO_GetPinState), (14 bytes).
    Removing board.o(i.Chip_GPIO_SetPinDIROutput), (22 bytes).
    Removing board.o(i.Chip_SCU_PinMuxSet), (20 bytes).
    Removing board.o(i.Joystick_GetStatus), (4 bytes).
    Removing board.o(i._sys_open), (4 bytes).
    Removing board.o(i.ferror), (6 bytes).
    Removing board.o(i.fgetc), (8 bytes).
    Removing board.o(i.fputc), (12 bytes).
    Removing board.o(.constdata), (6 bytes).
    Removing board.o(.data), (4 bytes).
    Removing board.o(.data), (4 bytes).
    Removing board.o(.data), (4 bytes).
    Removing board.o(.data), (4 bytes).
    Removing chip_18xx_43xx.o(.rev16_text), (4 bytes).
    Removing chip_18xx_43xx.o(.revsh_text), (4 bytes).
    Removing chip_18xx_43xx.o(i.Chip_USB0_Init), (52 bytes).
    Removing chip_18xx_43xx.o(i.Chip_USB1_Init), (68 bytes).
    Removing chip_18xx_43xx.o(i.Chip_USB_PllSetup), (52 bytes).
    Removing chip_18xx_43xx.o(.constdata), (20 bytes).
    Removing clock_18xx_43xx.o(.rev16_text), (4 bytes).
    Removing clock_18xx_43xx.o(.revsh_text), (4 bytes).
    Removing clock_18xx_43xx.o(i.ABS), (8 bytes).
    Removing clock_18xx_43xx.o(i.Chip_Clock_CalcMainPLLValue), (124 bytes).
    Removing clock_18xx_43xx.o(i.Chip_Clock_ClearPowerDown), (20 bytes).
    Removing clock_18xx_43xx.o(i.Chip_Clock_Disable), (48 bytes).
    Removing clock_18xx_43xx.o(i.Chip_Clock_DisableBaseClock), (24 bytes).
    Removing clock_18xx_43xx.o(i.Chip_Clock_DisableCrystal), (16 bytes).
    Removing clock_18xx_43xx.o(i.Chip_Clock_DisablePLL), (20 bytes).
    Removing clock_18xx_43xx.o(i.Chip_Clock_EnableBaseClock), (24 bytes).
    Removing clock_18xx_43xx.o(i.Chip_Clock_EnableCrystal), (68 bytes).
    Removing clock_18xx_43xx.o(i.Chip_Clock_EnableOpts), (60 bytes).
    Removing clock_18xx_43xx.o(i.Chip_Clock_EnablePLL), (20 bytes).
    Removing clock_18xx_43xx.o(i.Chip_Clock_GetBaseClockOpts), (52 bytes).
    Removing clock_18xx_43xx.o(i.Chip_Clock_GetEMCRate), (40 bytes).
    Removing clock_18xx_43xx.o(i.Chip_Clock_GetPLLStatus), (16 bytes).
    Removing clock_18xx_43xx.o(i.Chip_Clock_IsBaseClockEnabled), (28 bytes).
    Removing clock_18xx_43xx.o(i.Chip_Clock_RTCEnable), (24 bytes).
    Removing clock_18xx_43xx.o(i.Chip_Clock_SetBaseClock), (60 bytes).
    Removing clock_18xx_43xx.o(i.Chip_Clock_SetDivider), (68 bytes).
    Removing clock_18xx_43xx.o(i.Chip_Clock_SetupMainPLLHz), (156 bytes).
    Removing clock_18xx_43xx.o(i.Chip_Clock_SetupMainPLLMult), (144 bytes).
    Removing clock_18xx_43xx.o(i.Chip_Clock_SetupPLL), (52 bytes).
    Removing clock_18xx_43xx.o(i.Chip_Clock_StartPowerDown), (20 bytes).
    Removing clock_18xx_43xx.o(i.Chip_Clock_TestMainPLLMultiplier), (24 bytes).
    Removing clock_18xx_43xx.o(i.pll_calc_divs), (176 bytes).
    Removing clock_18xx_43xx.o(i.pll_get_frac), (180 bytes).
    Removing timer_18xx_43xx.o(.rev16_text), (4 bytes).
    Removing timer_18xx_43xx.o(.revsh_text), (4 bytes).
    Removing timer_18xx_43xx.o(i.Chip_TIMER_DeInit), (12 bytes).
    Removing timer_18xx_43xx.o(i.Chip_TIMER_ExtMatchControlSet), (34 bytes).
    Removing wm8904.o(.rev16_text), (4 bytes).
    Removing wm8904.o(.revsh_text), (4 bytes).
    Removing wm8904.o(i.WM8904_Init), (96 bytes).
    Removing wm8904.o(i.WM8904_MultiRegWrite), (70 bytes).
    Removing wm8904.o(i.WM8904_REG_Read), (34 bytes).
    Removing wm8904.o(i.WM8904_REG_VerifyMult), (56 bytes).
    Removing wm8904.o(i.WM8904_REG_Write), (24 bytes).
    Removing wm8904.o(i.WM8904_REG_WriteVerify), (28 bytes).
    Removing wm8904.o(.constdata), (8 bytes).
    Removing wm8904.o(.constdata), (120 bytes).
    Removing wm8904.o(.constdata), (16 bytes).
    Removing gpio_18xx_43xx.o(.rev16_text), (4 bytes).
    Removing gpio_18xx_43xx.o(.revsh_text), (4 bytes).
    Removing gpio_18xx_43xx.o(i.Chip_GPIO_DeInit), (2 bytes).
    Removing gpio_18xx_43xx.o(i.Chip_GPIO_Init), (2 bytes).
    Removing ssp_18xx_43xx.o(.rev16_text), (4 bytes).
    Removing ssp_18xx_43xx.o(.revsh_text), (4 bytes).
    Removing ssp_18xx_43xx.o(i.Chip_SSP_DeInit), (34 bytes).
    Removing ssp_18xx_43xx.o(i.Chip_SSP_GetClockIndex), (20 bytes).
    Removing ssp_18xx_43xx.o(i.Chip_SSP_GetPeriphClockIndex), (24 bytes).
    Removing ssp_18xx_43xx.o(i.Chip_SSP_GetRawIntStatus), (10 bytes).
    Removing ssp_18xx_43xx.o(i.Chip_SSP_GetStatus), (10 bytes).
    Removing ssp_18xx_43xx.o(i.Chip_SSP_Init), (56 bytes).
    Removing ssp_18xx_43xx.o(i.Chip_SSP_Int_FlushData), (42 bytes).
    Removing ssp_18xx_43xx.o(i.Chip_SSP_Int_RWFrames16Bits), (86 bytes).
    Removing ssp_18xx_43xx.o(i.Chip_SSP_Int_RWFrames8Bits), (86 bytes).
    Removing ssp_18xx_43xx.o(i.Chip_SSP_RWFrames_Blocking), (188 bytes).
    Removing ssp_18xx_43xx.o(i.Chip_SSP_ReadFrames_Blocking), (208 bytes).
    Removing ssp_18xx_43xx.o(i.Chip_SSP_SetBitRate), (66 bytes).
    Removing ssp_18xx_43xx.o(i.Chip_SSP_SetClockRate), (22 bytes).
    Removing ssp_18xx_43xx.o(i.Chip_SSP_SetMaster), (20 bytes).
    Removing ssp_18xx_43xx.o(i.Chip_SSP_WriteFrames_Blocking), (198 bytes).
    Removing ssp_18xx_43xx.o(i.SSP_Read1BFifo), (48 bytes).
    Removing ssp_18xx_43xx.o(i.SSP_Read2BFifo), (48 bytes).
    Removing ssp_18xx_43xx.o(i.SSP_Write1BFifo), (24 bytes).
    Removing ssp_18xx_43xx.o(i.SSP_Write2BFifo), (28 bytes).
    Removing uart_18xx_43xx.o(.rev16_text), (4 bytes).
    Removing uart_18xx_43xx.o(.revsh_text), (4 bytes).
    Removing uart_18xx_43xx.o(i.Chip_UART_ABCmd), (56 bytes).
    Removing uart_18xx_43xx.o(i.Chip_UART_CheckBusy), (14 bytes).
    Removing uart_18xx_43xx.o(i.Chip_UART_DeInit), (28 bytes).
    Removing uart_18xx_43xx.o(i.Chip_UART_GetABEOStatus), (12 bytes).
    Removing uart_18xx_43xx.o(i.Chip_UART_GetIndex), (48 bytes).
    Removing uart_18xx_43xx.o(i.Chip_UART_IRQRBHandler), (112 bytes).
    Removing uart_18xx_43xx.o(i.Chip_UART_Init), (76 bytes).
    Removing uart_18xx_43xx.o(i.Chip_UART_RXIntHandlerRB), (28 bytes).
    Removing uart_18xx_43xx.o(i.Chip_UART_Read), (28 bytes).
    Removing uart_18xx_43xx.o(i.Chip_UART_ReadBlocking), (36 bytes).
    Removing uart_18xx_43xx.o(i.Chip_UART_ReadRB), (16 bytes).
    Removing uart_18xx_43xx.o(i.Chip_UART_Send), (28 bytes).
    Removing uart_18xx_43xx.o(i.Chip_UART_SendBlocking), (36 bytes).
    Removing uart_18xx_43xx.o(i.Chip_UART_SendRB), (62 bytes).
    Removing uart_18xx_43xx.o(i.Chip_UART_SetBaud), (72 bytes).
    Removing uart_18xx_43xx.o(i.Chip_UART_SetBaudFDR), (208 bytes).
    Removing uart_18xx_43xx.o(i.Chip_UART_TXIntHandlerRB), (52 bytes).
    Removing uart_18xx_43xx.o(i.RingBuffer_IsEmpty), (16 bytes).
    Removing uart_18xx_43xx.o(.constdata), (16 bytes).
    Removing uart_18xx_43xx.o(.data), (1 bytes).
    Removing ring_buffer.o(i.RingBuffer_Init), (14 bytes).
    Removing ring_buffer.o(i.RingBuffer_Insert), (50 bytes).
    Removing ring_buffer.o(i.RingBuffer_InsertMult), (130 bytes).
    Removing ring_buffer.o(i.RingBuffer_IsEmpty), (16 bytes).
    Removing ring_buffer.o(i.RingBuffer_IsFull), (20 bytes).
    Removing ring_buffer.o(i.RingBuffer_Pop), (50 bytes).
    Removing ring_buffer.o(i.RingBuffer_PopMult), (128 bytes).
    Removing i2c_18xx_43xx.o(.rev16_text), (4 bytes).
    Removing i2c_18xx_43xx.o(.revsh_text), (4 bytes).
    Removing i2c_18xx_43xx.o(i.Chip_I2C_DeInit), (28 bytes).
    Removing i2c_18xx_43xx.o(i.Chip_I2C_Disable), (20 bytes).
    Removing i2c_18xx_43xx.o(i.Chip_I2C_EventHandler), (28 bytes).
    Removing i2c_18xx_43xx.o(i.Chip_I2C_EventHandlerPolling), (52 bytes).
    Removing i2c_18xx_43xx.o(i.Chip_I2C_GetClockRate), (36 bytes).
    Removing i2c_18xx_43xx.o(i.Chip_I2C_GetMasterEventHandler), (16 bytes).
    Removing i2c_18xx_43xx.o(i.Chip_I2C_Init), (32 bytes).
    Removing i2c_18xx_43xx.o(i.Chip_I2C_IsMasterActive), (32 bytes).
    Removing i2c_18xx_43xx.o(i.Chip_I2C_IsStateChanged), (20 bytes).
    Removing i2c_18xx_43xx.o(i.Chip_I2C_MasterCmdRead), (56 bytes).
    Removing i2c_18xx_43xx.o(i.Chip_I2C_MasterRead), (48 bytes).
    Removing i2c_18xx_43xx.o(i.Chip_I2C_MasterSend), (48 bytes).
    Removing i2c_18xx_43xx.o(i.Chip_I2C_MasterStateHandler), (44 bytes).
    Removing i2c_18xx_43xx.o(i.Chip_I2C_MasterTransfer), (100 bytes).
    Removing i2c_18xx_43xx.o(i.Chip_I2C_SetClockRate), (44 bytes).
    Removing i2c_18xx_43xx.o(i.Chip_I2C_SetMasterEventHandler), (36 bytes).
    Removing i2c_18xx_43xx.o(i.Chip_I2C_SlaveSetup), (112 bytes).
    Removing i2c_18xx_43xx.o(i.Chip_I2C_SlaveStateHandler), (100 bytes).
    Removing i2c_18xx_43xx.o(i.getClkRate), (24 bytes).
    Removing i2c_18xx_43xx.o(i.getCurState), (8 bytes).
    Removing i2c_18xx_43xx.o(i.getSlaveIndex), (50 bytes).
    Removing i2c_18xx_43xx.o(i.handleMasterXferState), (192 bytes).
    Removing i2c_18xx_43xx.o(i.handleSlaveXferState), (154 bytes).
    Removing i2c_18xx_43xx.o(i.isSlaveAddrMatching), (20 bytes).
    Removing i2c_18xx_43xx.o(i.lookupSlaveIndex), (96 bytes).
    Removing i2c_18xx_43xx.o(.bss), (80 bytes).
    Removing i2c_18xx_43xx.o(.data), (56 bytes).

175 unused section(s) (total 7479 bytes) removed from the image.

==============================================================================

Image Symbol Table

    Local Symbols

    Symbol Name                              Value     Ov Type        Size  Object(Section)

    ../clib/angel/boardlib.s                 0x00000000   Number         0  boardinit3.o ABSOLUTE
    ../clib/angel/boardlib.s                 0x00000000   Number         0  boardshut.o ABSOLUTE
    ../clib/angel/boardlib.s                 0x00000000   Number         0  boardinit2.o ABSOLUTE
    ../clib/angel/boardlib.s                 0x00000000   Number         0  boardinit1.o ABSOLUTE
    ../clib/angel/handlers.s                 0x00000000   Number         0  __scatter_zi.o ABSOLUTE
    ../clib/angel/handlers.s                 0x00000000   Number         0  __scatter_copy.o ABSOLUTE
    ../clib/angel/kernel.s                   0x00000000   Number         0  rtexit2.o ABSOLUTE
    ../clib/angel/kernel.s                   0x00000000   Number         0  rtexit.o ABSOLUTE
    ../clib/angel/kernel.s                   0x00000000   Number         0  __rtentry.o ABSOLUTE
    ../clib/angel/kernel.s                   0x00000000   Number         0  __rtentry2.o ABSOLUTE
    ../clib/angel/kernel.s                   0x00000000   Number         0  __rtentry4.o ABSOLUTE
    ../clib/angel/rt.s                       0x00000000   Number         0  rt_raise.o ABSOLUTE
    ../clib/angel/rt.s                       0x00000000   Number         0  aeabi_idiv0_sigfpe.o ABSOLUTE
    ../clib/angel/rt.s                       0x00000000   Number         0  aeabi_ldiv0.o ABSOLUTE
    ../clib/angel/rt.s                       0x00000000   Number         0  aeabi_ldiv0_sigfpe.o ABSOLUTE
    ../clib/angel/rt.s                       0x00000000   Number         0  rt_div0.o ABSOLUTE
    ../clib/angel/rt.s                       0x00000000   Number         0  aeabi_idiv0.o ABSOLUTE
    ../clib/angel/scatterp.s                 0x00000000   Number         0  __scatter.o ABSOLUTE
    ../clib/angel/startup.s                  0x00000000   Number         0  __main.o ABSOLUTE
    ../clib/angel/sys.s                      0x00000000   Number         0  sys_stackheap_outer.o ABSOLUTE
    ../clib/angel/sys.s                      0x00000000   Number         0  use_no_semi.o ABSOLUTE
    ../clib/angel/sys.s                      0x00000000   Number         0  tempstk.o ABSOLUTE
    ../clib/angel/sys.s                      0x00000000   Number         0  libspace.o ABSOLUTE
    ../clib/angel/sys.s                      0x00000000   Number         0  indicate_semi.o ABSOLUTE
    ../clib/angel/sysapp.c                   0x00000000   Number         0  sys_wrch.o ABSOLUTE
    ../clib/angel/sysapp.c                   0x00000000   Number         0  sys_command.o ABSOLUTE
    ../clib/armsys.c                         0x00000000   Number         0  no_argv.o ABSOLUTE
    ../clib/armsys.c                         0x00000000   Number         0  _get_argv_nomalloc.o ABSOLUTE
    ../clib/armsys.c                         0x00000000   Number         0  argv_veneer.o ABSOLUTE
    ../clib/division.c                       0x00000000   Number         0  lludiv.o ABSOLUTE
    ../clib/division.s                       0x00000000   Number         0  aeabi_sdiv.o ABSOLUTE
    ../clib/division.s                       0x00000000   Number         0  aeabi_sdiv_div0.o ABSOLUTE
    ../clib/heapalloc.c                      0x00000000   Number         0  hrguard.o ABSOLUTE
    ../clib/heapaux.c                        0x00000000   Number         0  heapauxi.o ABSOLUTE
    ../clib/libinit.s                        0x00000000   Number         0  libinit.o ABSOLUTE
    ../clib/libinit.s                        0x00000000   Number         0  libshutdown2.o ABSOLUTE
    ../clib/libinit.s                        0x00000000   Number         0  libshutdown.o ABSOLUTE
    ../clib/libinit.s                        0x00000000   Number         0  libinit2.o ABSOLUTE
    ../clib/longlong.c                       0x00000000   Number         0  llmul.o ABSOLUTE
    ../clib/memcpset.c                       0x00000000   Number         0  rt_memcpy.o ABSOLUTE
    ../clib/memcpset.c                       0x00000000   Number         0  rt_memcpy.o ABSOLUTE
    ../clib/memcpset.c                       0x00000000   Number         0  rt_memclr.o ABSOLUTE
    ../clib/signal.c                         0x00000000   Number         0  __raise.o ABSOLUTE
    ../clib/signal.c                         0x00000000   Number         0  defsig_segv_inner.o ABSOLUTE
    ../clib/signal.c                         0x00000000   Number         0  defsig_rtred_inner.o ABSOLUTE
    ../clib/signal.c                         0x00000000   Number         0  defsig_cppl_inner.o ABSOLUTE
    ../clib/signal.c                         0x00000000   Number         0  defsig_pvfn_inner.o ABSOLUTE
    ../clib/signal.c                         0x00000000   Number         0  defsig_stak_inner.o ABSOLUTE
    ../clib/signal.c                         0x00000000   Number         0  defsig_rtmem_formal.o ABSOLUTE
    ../clib/signal.c                         0x00000000   Number         0  defsig_rtmem_outer.o ABSOLUTE
    ../clib/signal.c                         0x00000000   Number         0  defsig_rtmem_inner.o ABSOLUTE
    ../clib/signal.c                         0x00000000   Number         0  defsig_fpe_formal.o ABSOLUTE
    ../clib/signal.c                         0x00000000   Number         0  defsig_other.o ABSOLUTE
    ../clib/signal.c                         0x00000000   Number         0  defsig_abrt_inner.o ABSOLUTE
    ../clib/signal.c                         0x00000000   Number         0  defsig_general.o ABSOLUTE
    ../clib/signal.c                         0x00000000   Number         0  defsig_fpe_inner.o ABSOLUTE
    ../clib/signal.c                         0x00000000   Number         0  defsig_exit.o ABSOLUTE
    ../clib/signal.c                         0x00000000   Number         0  defsig_fpe_outer.o ABSOLUTE
    ../clib/signal.s                         0x00000000   Number         0  defsig.o ABSOLUTE
    ../clib/stdlib.c                         0x00000000   Number         0  exit.o ABSOLUTE
    ../fplib/cfplib/f2d.c                    0x00000000   Number         0  f2d.o ABSOLUTE
    ../fplib/cfplib/fdiv.c                   0x00000000   Number         0  fdiv.o ABSOLUTE
    ../fplib/cfplib/fflt.c                   0x00000000   Number         0  fflti.o ABSOLUTE
    ../fplib/cfplib/fpinit.c                 0x00000000   Number         0  fpinit.o ABSOLUTE
    ../fplib/fmul6m.s                        0x00000000   Number         0  fmul.o ABSOLUTE
    ../fplib/usenofp.s                       0x00000000   Number         0  usenofp.o ABSOLUTE
    ..\..\board_common\wm8904.c              0x00000000   Number         0  wm8904.o ABSOLUTE
    ..\\..\\board_common\\wm8904.c           0x00000000   Number         0  wm8904.o ABSOLUTE
    ..\\multicore_common\\ipc_example.c      0x00000000   Number         0  ipc_example.o ABSOLUTE
    ..\\multicore_common\\ipc_msg.c          0x00000000   Number         0  ipc_msg.o ABSOLUTE
    ..\\multicore_common\\m0_img_ldr.c       0x00000000   Number         0  m0_img_ldr.o ABSOLUTE
    ..\\startup_code\\sysinit.c              0x00000000   Number         0  sysinit.o ABSOLUTE
    ..\chip_common\ring_buffer.c             0x00000000   Number         0  ring_buffer.o ABSOLUTE
    ..\multicore_common\ipc_example.c        0x00000000   Number         0  ipc_example.o ABSOLUTE
    ..\multicore_common\ipc_msg.c            0x00000000   Number         0  ipc_msg.o ABSOLUTE
    ..\multicore_common\m0_img_ldr.c         0x00000000   Number         0  m0_img_ldr.o ABSOLUTE
    ..\startup_code\keil_startup_lpc43xx_m0app.s 0x00000000   Number         0  keil_startup_lpc43xx_m0app.o ABSOLUTE
    ..\startup_code\sysinit.c                0x00000000   Number         0  sysinit.o ABSOLUTE
    board.c                                  0x00000000   Number         0  board.o ABSOLUTE
    board.c                                  0x00000000   Number         0  board.o ABSOLUTE
    chip_18xx_43xx.c                         0x00000000   Number         0  chip_18xx_43xx.o ABSOLUTE
    chip_18xx_43xx.c                         0x00000000   Number         0  chip_18xx_43xx.o ABSOLUTE
    clock_18xx_43xx.c                        0x00000000   Number         0  clock_18xx_43xx.o ABSOLUTE
    clock_18xx_43xx.c                        0x00000000   Number         0  clock_18xx_43xx.o ABSOLUTE
    dc.s                                     0x00000000   Number         0  dc.o ABSOLUTE
    gpio_18xx_43xx.c                         0x00000000   Number         0  gpio_18xx_43xx.o ABSOLUTE
    gpio_18xx_43xx.c                         0x00000000   Number         0  gpio_18xx_43xx.o ABSOLUTE
    i2c_18xx_43xx.c                          0x00000000   Number         0  i2c_18xx_43xx.o ABSOLUTE
    i2c_18xx_43xx.c                          0x00000000   Number         0  i2c_18xx_43xx.o ABSOLUTE
    main.c                                   0x00000000   Number         0  main.o ABSOLUTE
    main.c                                   0x00000000   Number         0  main.o ABSOLUTE
    ssp_18xx_43xx.c                          0x00000000   Number         0  ssp_18xx_43xx.o ABSOLUTE
    ssp_18xx_43xx.c                          0x00000000   Number         0  ssp_18xx_43xx.o ABSOLUTE
    timer_18xx_43xx.c                        0x00000000   Number         0  timer_18xx_43xx.o ABSOLUTE
    timer_18xx_43xx.c                        0x00000000   Number         0  timer_18xx_43xx.o ABSOLUTE
    uart_18xx_43xx.c                         0x00000000   Number         0  uart_18xx_43xx.o ABSOLUTE
    uart_18xx_43xx.c                         0x00000000   Number         0  uart_18xx_43xx.o ABSOLUTE
    .data                                    0x10080000   Section       68  main.o(.data)
    mutex                                    0x10080000   Data           4  main.o(.data)
    shared_msg                               0x10080004   Data           4  main.o(.data)
    previous_pid                             0x10080008   Data           2  main.o(.data)
    previous_data                            0x1008000c   Data           4  main.o(.data)
    l                                        0x10080010   Data           4  main.o(.data)
    WorkingTime                              0x10080014   Data           4  main.o(.data)
    SleepingTime                             0x10080018   Data           4  main.o(.data)
    LastTime                                 0x1008001c   Data           4  main.o(.data)
    m4_handler_LastTime                      0x10080020   Data           4  main.o(.data)
    is_prime                                 0x10080024   Data           4  main.o(.data)
    prime_test_3                             0x10080028   Data           4  main.o(.data)
    prime_test_4                             0x1008002c   Data           4  main.o(.data)
    prime_test_5                             0x10080030   Data           4  main.o(.data)
    prime_test_6                             0x10080034   Data           4  main.o(.data)
    prime_test_7                             0x10080038   Data           4  main.o(.data)
    prime_test_8                             0x1008003c   Data           4  main.o(.data)
    tick_ct                                  0x10080040   Data           4  main.o(.data)
    .data                                    0x10080044   Section        4  ipc_example.o(.data)
    gblUpdateFn                              0x10080044   Data           4  ipc_example.o(.data)
    .data                                    0x10080048   Section       32  ipc_msg.o(.data)
    q_ipc                                    0x10080048   Data           4  ipc_msg.o(.data)
    ipc_errstr                               0x10080050   Data          24  ipc_msg.o(.data)
    .data                                    0x10080068   Section        4  chip_18xx_43xx.o(.data)
    .data                                    0x1008006c   Section        8  clock_18xx_43xx.o(.data)
    audio_usb_pll_freq                       0x1008006c   Data           8  clock_18xx_43xx.o(.data)
    .bss                                     0x10080074   Section      880  ipc_example.o(.bss)
    ipcex_callback_lookup                    0x10080074   Data          80  ipc_example.o(.bss)
    ipcex_queue                              0x100800c4   Data         768  ipc_example.o(.bss)
    gblCfg                                   0x100803c4   Data          32  ipc_example.o(.bss)
    .bss                                     0x100803e4   Section       96  libspace.o(.bss)
    HEAP                                     0x10080448   Section      512  keil_startup_lpc43xx_m0app.o(HEAP)
    Heap_Mem                                 0x10080448   Data         512  keil_startup_lpc43xx_m0app.o(HEAP)
    STACK                                    0x10080648   Section     1024  keil_startup_lpc43xx_m0app.o(STACK)
    Stack_Mem                                0x10080648   Data        1024  keil_startup_lpc43xx_m0app.o(STACK)
    __initial_sp                             0x10080a48   Data           0  keil_startup_lpc43xx_m0app.o(STACK)
    RESET                                    0x1b000000   Section      192  keil_startup_lpc43xx_m0app.o(RESET)
    !!!main                                  0x1b0000c0   Section        8  __main.o(!!!main)
    !!!scatter                               0x1b0000c8   Section       60  __scatter.o(!!!scatter)
    !!handler_copy                           0x1b000104   Section       26  __scatter_copy.o(!!handler_copy)
    !!handler_zi                             0x1b000120   Section       28  __scatter_zi.o(!!handler_zi)
    .ARM.Collect$$libinit$$00000000          0x1b00013c   Section        2  libinit.o(.ARM.Collect$$libinit$$00000000)
    .ARM.Collect$$libinit$$00000002          0x1b00013e   Section        0  libinit2.o(.ARM.Collect$$libinit$$00000002)
    .ARM.Collect$$libinit$$00000004          0x1b00013e   Section        0  libinit2.o(.ARM.Collect$$libinit$$00000004)
    .ARM.Collect$$libinit$$0000000A          0x1b00013e   Section        0  libinit2.o(.ARM.Collect$$libinit$$0000000A)
    .ARM.Collect$$libinit$$0000000C          0x1b00013e   Section        0  libinit2.o(.ARM.Collect$$libinit$$0000000C)
    .ARM.Collect$$libinit$$0000000E          0x1b00013e   Section        0  libinit2.o(.ARM.Collect$$libinit$$0000000E)
    .ARM.Collect$$libinit$$00000011          0x1b00013e   Section        0  libinit2.o(.ARM.Collect$$libinit$$00000011)
    .ARM.Collect$$libinit$$00000013          0x1b00013e   Section        0  libinit2.o(.ARM.Collect$$libinit$$00000013)
    .ARM.Collect$$libinit$$00000015          0x1b00013e   Section        0  libinit2.o(.ARM.Collect$$libinit$$00000015)
    .ARM.Collect$$libinit$$00000017          0x1b00013e   Section        0  libinit2.o(.ARM.Collect$$libinit$$00000017)
    .ARM.Collect$$libinit$$00000019          0x1b00013e   Section        0  libinit2.o(.ARM.Collect$$libinit$$00000019)
    .ARM.Collect$$libinit$$0000001B          0x1b00013e   Section        0  libinit2.o(.ARM.Collect$$libinit$$0000001B)
    .ARM.Collect$$libinit$$0000001D          0x1b00013e   Section        0  libinit2.o(.ARM.Collect$$libinit$$0000001D)
    .ARM.Collect$$libinit$$0000001F          0x1b00013e   Section        0  libinit2.o(.ARM.Collect$$libinit$$0000001F)
    .ARM.Collect$$libinit$$00000021          0x1b00013e   Section        0  libinit2.o(.ARM.Collect$$libinit$$00000021)
    .ARM.Collect$$libinit$$00000023          0x1b00013e   Section        0  libinit2.o(.ARM.Collect$$libinit$$00000023)
    .ARM.Collect$$libinit$$00000025          0x1b00013e   Section        0  libinit2.o(.ARM.Collect$$libinit$$00000025)
    .ARM.Collect$$libinit$$0000002C          0x1b00013e   Section        0  libinit2.o(.ARM.Collect$$libinit$$0000002C)
    .ARM.Collect$$libinit$$0000002E          0x1b00013e   Section        0  libinit2.o(.ARM.Collect$$libinit$$0000002E)
    .ARM.Collect$$libinit$$00000030          0x1b00013e   Section        0  libinit2.o(.ARM.Collect$$libinit$$00000030)
    .ARM.Collect$$libinit$$00000032          0x1b00013e   Section        0  libinit2.o(.ARM.Collect$$libinit$$00000032)
    .ARM.Collect$$libinit$$00000033          0x1b00013e   Section        2  libinit2.o(.ARM.Collect$$libinit$$00000033)
    .ARM.Collect$$libshutdown$$00000000      0x1b000140   Section        2  libshutdown.o(.ARM.Collect$$libshutdown$$00000000)
    .ARM.Collect$$libshutdown$$00000002      0x1b000142   Section        0  libshutdown2.o(.ARM.Collect$$libshutdown$$00000002)
    .ARM.Collect$$libshutdown$$00000004      0x1b000142   Section        0  libshutdown2.o(.ARM.Collect$$libshutdown$$00000004)
    .ARM.Collect$$libshutdown$$00000007      0x1b000142   Section        0  libshutdown2.o(.ARM.Collect$$libshutdown$$00000007)
    .ARM.Collect$$libshutdown$$0000000A      0x1b000142   Section        0  libshutdown2.o(.ARM.Collect$$libshutdown$$0000000A)
    .ARM.Collect$$libshutdown$$0000000C      0x1b000142   Section        0  libshutdown2.o(.ARM.Collect$$libshutdown$$0000000C)
    .ARM.Collect$$libshutdown$$0000000F      0x1b000142   Section        0  libshutdown2.o(.ARM.Collect$$libshutdown$$0000000F)
    .ARM.Collect$$libshutdown$$00000010      0x1b000142   Section        2  libshutdown2.o(.ARM.Collect$$libshutdown$$00000010)
    .ARM.Collect$$rtentry$$00000000          0x1b000144   Section        0  __rtentry.o(.ARM.Collect$$rtentry$$00000000)
    .ARM.Collect$$rtentry$$00000002          0x1b000144   Section        0  __rtentry2.o(.ARM.Collect$$rtentry$$00000002)
    .ARM.Collect$$rtentry$$00000004          0x1b000144   Section        6  __rtentry4.o(.ARM.Collect$$rtentry$$00000004)
    .ARM.Collect$$rtentry$$00000009          0x1b00014a   Section        0  __rtentry2.o(.ARM.Collect$$rtentry$$00000009)
    .ARM.Collect$$rtentry$$0000000A          0x1b00014a   Section        4  __rtentry2.o(.ARM.Collect$$rtentry$$0000000A)
    .ARM.Collect$$rtentry$$0000000C          0x1b00014e   Section        0  __rtentry2.o(.ARM.Collect$$rtentry$$0000000C)
    .ARM.Collect$$rtentry$$0000000D          0x1b00014e   Section        8  __rtentry2.o(.ARM.Collect$$rtentry$$0000000D)
    .ARM.Collect$$rtexit$$00000000           0x1b000156   Section        2  rtexit.o(.ARM.Collect$$rtexit$$00000000)
    .ARM.Collect$$rtexit$$00000002           0x1b000158   Section        0  rtexit2.o(.ARM.Collect$$rtexit$$00000002)
    .ARM.Collect$$rtexit$$00000003           0x1b000158   Section        4  rtexit2.o(.ARM.Collect$$rtexit$$00000003)
    .ARM.Collect$$rtexit$$00000004           0x1b00015c   Section        6  rtexit2.o(.ARM.Collect$$rtexit$$00000004)
    .emb_text                                0x1b000164   Section       56  rt_memcpy.o(.emb_text)
    .text                                    0x1b00019c   Section        0  main.o(.text)
    Chip_RGU_InReset                         0x1b00019d   Thumb Code    32  main.o(.text)
    lock_mutex                               0x1b0001bd   Thumb Code    98  main.o(.text)
    unlock_mutex                             0x1b00021f   Thumb Code    32  main.o(.text)
    debug                                    0x1b0002e1   Thumb Code     2  main.o(.text)
    NVIC_EnableIRQ                           0x1b0004a9   Thumb Code    14  main.o(.text)
    Chip_RGU_TriggerReset                    0x1b0004b7   Thumb Code    20  main.o(.text)
    Chip_TIMER_Enable                        0x1b0004cb   Thumb Code    10  main.o(.text)
    Chip_TIMER_ReadCount                     0x1b0004d5   Thumb Code     6  main.o(.text)
    .text                                    0x1b000578   Section       68  keil_startup_lpc43xx_m0app.o(.text)
    .text                                    0x1b0005bc   Section        0  sysinit.o(.text)
    .text                                    0x1b0005c0   Section        0  ipc_example.o(.text)
    ipcex_dispatch_task                      0x1b0005c1   Thumb Code    64  ipc_example.o(.text)
    ipcex_updateGblVal                       0x1b000601   Thumb Code    42  ipc_example.o(.text)
    .text                                    0x1b0006e8   Section        0  ipc_msg.o(.text)
    ipc_send_signal                          0x1b0006e9   Thumb Code     8  ipc_msg.o(.text)
    IPC_EventHandler_sa                      0x1b0006f1   Thumb Code     8  ipc_msg.o(.text)
    .text                                    0x1b000904   Section        0  rt_memcpy.o(.text)
    .text                                    0x1b000986   Section        0  rt_memclr.o(.text)
    .text                                    0x1b0009c6   Section      346  aeabi_sdiv.o(.text)
    .text                                    0x1b000b20   Section        0  heapauxi.o(.text)
    .text                                    0x1b000b28   Section        0  f2d.o(.text)
    .text                                    0x1b000b7c   Section        0  fdiv.o(.text)
    .text                                    0x1b000cdc   Section        0  fflti.o(.text)
    .text                                    0x1b000d3a   Section       62  sys_stackheap_outer.o(.text)
    .text                                    0x1b000d78   Section        0  exit.o(.text)
    .text                                    0x1b000d88   Section        8  libspace.o(.text)
    i.Board_UARTPutChar                      0x1b000d90   Section        0  board.o(i.Board_UARTPutChar)
    i.Board_UARTPutSTR                       0x1b000da0   Section        0  board.o(i.Board_UARTPutSTR)
    i.Chip_Clock_Enable                      0x1b000db4   Section        0  clock_18xx_43xx.o(i.Chip_Clock_Enable)
    i.Chip_Clock_GetBaseClock                0x1b000de0   Section        0  clock_18xx_43xx.o(i.Chip_Clock_GetBaseClock)
    i.Chip_Clock_GetBaseClocktHz             0x1b000e00   Section        0  clock_18xx_43xx.o(i.Chip_Clock_GetBaseClocktHz)
    i.Chip_Clock_GetClockInputHz             0x1b000e0c   Section        0  clock_18xx_43xx.o(i.Chip_Clock_GetClockInputHz)
    i.Chip_Clock_GetDivRate                  0x1b000ea8   Section        0  clock_18xx_43xx.o(i.Chip_Clock_GetDivRate)
    Chip_Clock_GetDivRate                    0x1b000ea9   Thumb Code    34  clock_18xx_43xx.o(i.Chip_Clock_GetDivRate)
    i.Chip_Clock_GetDividerDivisor           0x1b000ecc   Section        0  clock_18xx_43xx.o(i.Chip_Clock_GetDividerDivisor)
    i.Chip_Clock_GetDividerSource            0x1b000eec   Section        0  clock_18xx_43xx.o(i.Chip_Clock_GetDividerSource)
    i.Chip_Clock_GetMainPLLHz                0x1b000f08   Section        0  clock_18xx_43xx.o(i.Chip_Clock_GetMainPLLHz)
    i.Chip_Clock_GetRate                     0x1b000f70   Section        0  clock_18xx_43xx.o(i.Chip_Clock_GetRate)
    i.Chip_TIMER_GetClockIndex               0x1b000fe4   Section        0  timer_18xx_43xx.o(i.Chip_TIMER_GetClockIndex)
    Chip_TIMER_GetClockIndex                 0x1b000fe5   Thumb Code    34  timer_18xx_43xx.o(i.Chip_TIMER_GetClockIndex)
    i.Chip_TIMER_Init                        0x1b001014   Section        0  timer_18xx_43xx.o(i.Chip_TIMER_Init)
    i.Chip_TIMER_Reset                       0x1b001020   Section        0  timer_18xx_43xx.o(i.Chip_TIMER_Reset)
    i.SystemCoreClockUpdate                  0x1b001038   Section        0  chip_18xx_43xx.o(i.SystemCoreClockUpdate)
    i.__ARM_common_switch8                   0x1b00104c   Section        0  clock_18xx_43xx.o(i.__ARM_common_switch8)
    i._sys_exit                              0x1b001066   Section        0  board.o(i._sys_exit)
    x$fpl$fmul                               0x1b00106c   Section      176  fmul.o(x$fpl$fmul)
    .constdata                               0x1b00111c   Section        4  board.o(.constdata)
    x$fpl$usenofp                            0x1b00111c   Section        0  usenofp.o(x$fpl$usenofp)
    .constdata                               0x1b001120   Section        4  board.o(.constdata)
    .constdata                               0x1b001124   Section      108  clock_18xx_43xx.o(.constdata)
    periph_to_base                           0x1b001124   Data         108  clock_18xx_43xx.o(.constdata)
    .constdata                               0x1b001190   Section       64  fdiv.o(.constdata)
    fdiv_tab                                 0x1b001190   Data          64  fdiv.o(.constdata)
    .conststring                             0x1b0011d0   Section      123  ipc_msg.o(.conststring)

    Global Symbols

    Symbol Name                              Value     Ov Type        Size  Object(Section)

    BuildAttributes$$THM_ISAv3M$S$PE$A:L22$X:L11$S22$IEEE1$IW$USESV6$~STKCKD$USESV7$~SHL$OSPACE$ROPI$EBA8$UX$STANDARDLIB$REQ8$PRES8$EABIv2 0x00000000   Number         0  anon$$obj.o ABSOLUTE
    __ARM_use_no_argv                        0x00000000   Number         0  main.o ABSOLUTE
    __ARM_exceptions_init                     - Undefined Weak Reference
    __alloca_initialize                       - Undefined Weak Reference
    __arm_preinit_                            - Undefined Weak Reference
    __cpp_initialize__aeabi_                  - Undefined Weak Reference
    __cxa_finalize                            - Undefined Weak Reference
    __rt_locale                               - Undefined Weak Reference
    __sigvec_lookup                           - Undefined Weak Reference
    _atexit_init                              - Undefined Weak Reference
    _call_atexit_fns                          - Undefined Weak Reference
    _clock_init                               - Undefined Weak Reference
    _fp_trap_init                             - Undefined Weak Reference
    _fp_trap_shutdown                         - Undefined Weak Reference
    _get_lc_collate                           - Undefined Weak Reference
    _get_lc_ctype                             - Undefined Weak Reference
    _get_lc_monetary                          - Undefined Weak Reference
    _get_lc_numeric                           - Undefined Weak Reference
    _get_lc_time                              - Undefined Weak Reference
    _getenv_init                              - Undefined Weak Reference
    _handle_redirection                       - Undefined Weak Reference
    _init_alloc                               - Undefined Weak Reference
    _init_user_alloc                          - Undefined Weak Reference
    _initio                                   - Undefined Weak Reference
    _rand_init                                - Undefined Weak Reference
    _signal_finish                            - Undefined Weak Reference
    _signal_init                              - Undefined Weak Reference
    _terminate_alloc                          - Undefined Weak Reference
    _terminate_user_alloc                     - Undefined Weak Reference
    _terminateio                              - Undefined Weak Reference
    IPC_EventHandler                         0x1008004c   Data           4  ipc_msg.o(.data)
    SystemCoreClock                          0x10080068   Data           4  chip_18xx_43xx.o(.data)
    __libspace_start                         0x100803e4   Data          96  libspace.o(.bss)
    __temporary_stack_top$libspace           0x10080444   Data           0  libspace.o(.bss)
    __Vectors                                0x1b000000   Data           4  keil_startup_lpc43xx_m0app.o(RESET)
    __main                                   0x1b0000c1   Thumb Code     8  __main.o(!!!main)
    __scatterload                            0x1b0000c9   Thumb Code     0  __scatter.o(!!!scatter)
    __scatterload_rt2                        0x1b0000c9   Thumb Code    52  __scatter.o(!!!scatter)
    __scatterload_rt2_thumb_only             0x1b0000c9   Thumb Code     0  __scatter.o(!!!scatter)
    __scatterload_null                       0x1b0000d9   Thumb Code     0  __scatter.o(!!!scatter)
    __scatterload_copy                       0x1b000105   Thumb Code    26  __scatter_copy.o(!!handler_copy)
    __scatterload_zeroinit                   0x1b000121   Thumb Code    28  __scatter_zi.o(!!handler_zi)
    __rt_lib_init                            0x1b00013d   Thumb Code     0  libinit.o(.ARM.Collect$$libinit$$00000000)
    __rt_lib_init_alloca_1                   0x1b00013f   Thumb Code     0  libinit2.o(.ARM.Collect$$libinit$$0000002E)
    __rt_lib_init_argv_1                     0x1b00013f   Thumb Code     0  libinit2.o(.ARM.Collect$$libinit$$0000002C)
    __rt_lib_init_atexit_1                   0x1b00013f   Thumb Code     0  libinit2.o(.ARM.Collect$$libinit$$0000001B)
    __rt_lib_init_clock_1                    0x1b00013f   Thumb Code     0  libinit2.o(.ARM.Collect$$libinit$$00000021)
    __rt_lib_init_cpp_1                      0x1b00013f   Thumb Code     0  libinit2.o(.ARM.Collect$$libinit$$00000032)
    __rt_lib_init_exceptions_1               0x1b00013f   Thumb Code     0  libinit2.o(.ARM.Collect$$libinit$$00000030)
    __rt_lib_init_fp_1                       0x1b00013f   Thumb Code     0  libinit2.o(.ARM.Collect$$libinit$$00000002)
    __rt_lib_init_fp_trap_1                  0x1b00013f   Thumb Code     0  libinit2.o(.ARM.Collect$$libinit$$0000001F)
    __rt_lib_init_getenv_1                   0x1b00013f   Thumb Code     0  libinit2.o(.ARM.Collect$$libinit$$00000023)
    __rt_lib_init_heap_1                     0x1b00013f   Thumb Code     0  libinit2.o(.ARM.Collect$$libinit$$0000000A)
    __rt_lib_init_lc_collate_1               0x1b00013f   Thumb Code     0  libinit2.o(.ARM.Collect$$libinit$$00000011)
    __rt_lib_init_lc_ctype_1                 0x1b00013f   Thumb Code     0  libinit2.o(.ARM.Collect$$libinit$$00000013)
    __rt_lib_init_lc_monetary_1              0x1b00013f   Thumb Code     0  libinit2.o(.ARM.Collect$$libinit$$00000015)
    __rt_lib_init_lc_numeric_1               0x1b00013f   Thumb Code     0  libinit2.o(.ARM.Collect$$libinit$$00000017)
    __rt_lib_init_lc_time_1                  0x1b00013f   Thumb Code     0  libinit2.o(.ARM.Collect$$libinit$$00000019)
    __rt_lib_init_preinit_1                  0x1b00013f   Thumb Code     0  libinit2.o(.ARM.Collect$$libinit$$00000004)
    __rt_lib_init_rand_1                     0x1b00013f   Thumb Code     0  libinit2.o(.ARM.Collect$$libinit$$0000000E)
    __rt_lib_init_return                     0x1b00013f   Thumb Code     0  libinit2.o(.ARM.Collect$$libinit$$00000033)
    __rt_lib_init_signal_1                   0x1b00013f   Thumb Code     0  libinit2.o(.ARM.Collect$$libinit$$0000001D)
    __rt_lib_init_stdio_1                    0x1b00013f   Thumb Code     0  libinit2.o(.ARM.Collect$$libinit$$00000025)
    __rt_lib_init_user_alloc_1               0x1b00013f   Thumb Code     0  libinit2.o(.ARM.Collect$$libinit$$0000000C)
    __rt_lib_shutdown                        0x1b000141   Thumb Code     0  libshutdown.o(.ARM.Collect$$libshutdown$$00000000)
    __rt_lib_shutdown_cpp_1                  0x1b000143   Thumb Code     0  libshutdown2.o(.ARM.Collect$$libshutdown$$00000002)
    __rt_lib_shutdown_fp_trap_1              0x1b000143   Thumb Code     0  libshutdown2.o(.ARM.Collect$$libshutdown$$00000007)
    __rt_lib_shutdown_heap_1                 0x1b000143   Thumb Code     0  libshutdown2.o(.ARM.Collect$$libshutdown$$0000000F)
    __rt_lib_shutdown_return                 0x1b000143   Thumb Code     0  libshutdown2.o(.ARM.Collect$$libshutdown$$00000010)
    __rt_lib_shutdown_signal_1               0x1b000143   Thumb Code     0  libshutdown2.o(.ARM.Collect$$libshutdown$$0000000A)
    __rt_lib_shutdown_stdio_1                0x1b000143   Thumb Code     0  libshutdown2.o(.ARM.Collect$$libshutdown$$00000004)
    __rt_lib_shutdown_user_alloc_1           0x1b000143   Thumb Code     0  libshutdown2.o(.ARM.Collect$$libshutdown$$0000000C)
    __rt_entry                               0x1b000145   Thumb Code     0  __rtentry.o(.ARM.Collect$$rtentry$$00000000)
    __rt_entry_presh_1                       0x1b000145   Thumb Code     0  __rtentry2.o(.ARM.Collect$$rtentry$$00000002)
    __rt_entry_sh                            0x1b000145   Thumb Code     0  __rtentry4.o(.ARM.Collect$$rtentry$$00000004)
    __rt_entry_li                            0x1b00014b   Thumb Code     0  __rtentry2.o(.ARM.Collect$$rtentry$$0000000A)
    __rt_entry_postsh_1                      0x1b00014b   Thumb Code     0  __rtentry2.o(.ARM.Collect$$rtentry$$00000009)
    __rt_entry_main                          0x1b00014f   Thumb Code     0  __rtentry2.o(.ARM.Collect$$rtentry$$0000000D)
    __rt_entry_postli_1                      0x1b00014f   Thumb Code     0  __rtentry2.o(.ARM.Collect$$rtentry$$0000000C)
    __rt_exit                                0x1b000157   Thumb Code     0  rtexit.o(.ARM.Collect$$rtexit$$00000000)
    __rt_exit_ls                             0x1b000159   Thumb Code     0  rtexit2.o(.ARM.Collect$$rtexit$$00000003)
    __rt_exit_prels_1                        0x1b000159   Thumb Code     0  rtexit2.o(.ARM.Collect$$rtexit$$00000002)
    __rt_exit_exit                           0x1b00015d   Thumb Code     0  rtexit2.o(.ARM.Collect$$rtexit$$00000004)
    __aeabi_memcpy4                          0x1b000165   Thumb Code    56  rt_memcpy.o(.emb_text)
    __aeabi_memcpy8                          0x1b000165   Thumb Code     0  rt_memcpy.o(.emb_text)
    check_prime                              0x1b00023f   Thumb Code    36  main.o(.text)
    M4_IRQHandler                            0x1b000263   Thumb Code    76  main.o(.text)
    TIMER3_IRQHandler                        0x1b0002af   Thumb Code    50  main.o(.text)
    idle                                     0x1b0002e3   Thumb Code   152  main.o(.text)
    main                                     0x1b00037b   Thumb Code   302  main.o(.text)
    Reset_Handler                            0x1b000579   Thumb Code     8  keil_startup_lpc43xx_m0app.o(.text)
    NMI_Handler                              0x1b000581   Thumb Code     2  keil_startup_lpc43xx_m0app.o(.text)
    HardFault_Handler                        0x1b000583   Thumb Code     2  keil_startup_lpc43xx_m0app.o(.text)
    MemManage_Handler                        0x1b000585   Thumb Code     2  keil_startup_lpc43xx_m0app.o(.text)
    BusFault_Handler                         0x1b000587   Thumb Code     2  keil_startup_lpc43xx_m0app.o(.text)
    UsageFault_Handler                       0x1b000589   Thumb Code     2  keil_startup_lpc43xx_m0app.o(.text)
    SVC_Handler                              0x1b00058b   Thumb Code     2  keil_startup_lpc43xx_m0app.o(.text)
    DebugMon_Handler                         0x1b00058d   Thumb Code     2  keil_startup_lpc43xx_m0app.o(.text)
    PendSV_Handler                           0x1b00058f   Thumb Code     2  keil_startup_lpc43xx_m0app.o(.text)
    SysTick_Handler                          0x1b000591   Thumb Code     2  keil_startup_lpc43xx_m0app.o(.text)
    UnHandled_Vector                         0x1b000593   Thumb Code     2  keil_startup_lpc43xx_m0app.o(.text)
    ADC0_IRQHandler                          0x1b000595   Thumb Code     0  keil_startup_lpc43xx_m0app.o(.text)
    ADC1_IRQHandler                          0x1b000595   Thumb Code     0  keil_startup_lpc43xx_m0app.o(.text)
    CAN0_IRQHandler                          0x1b000595   Thumb Code     0  keil_startup_lpc43xx_m0app.o(.text)
    DMA_IRQHandler                           0x1b000595   Thumb Code     0  keil_startup_lpc43xx_m0app.o(.text)
    ETH_IRQHandler                           0x1b000595   Thumb Code     0  keil_startup_lpc43xx_m0app.o(.text)
    EVRT_IRQHandler                          0x1b000595   Thumb Code     0  keil_startup_lpc43xx_m0app.o(.text)
    FLASH_EEPROM_ATIMER_IRQHandler           0x1b000595   Thumb Code     0  keil_startup_lpc43xx_m0app.o(.text)
    GINT1_IRQHandler                         0x1b000595   Thumb Code     0  keil_startup_lpc43xx_m0app.o(.text)
    GPIO4_IRQHandler                         0x1b000595   Thumb Code     0  keil_startup_lpc43xx_m0app.o(.text)
    I2C0_IRQHandler                          0x1b000595   Thumb Code     0  keil_startup_lpc43xx_m0app.o(.text)
    I2S0_I2S1_QEI_IRQHandler                 0x1b000595   Thumb Code     0  keil_startup_lpc43xx_m0app.o(.text)
    LCD_IRQHandler                           0x1b000595   Thumb Code     0  keil_startup_lpc43xx_m0app.o(.text)
    M0SUB_IRQHandler                         0x1b000595   Thumb Code     0  keil_startup_lpc43xx_m0app.o(.text)
    MCPWM_IRQHandler                         0x1b000595   Thumb Code     0  keil_startup_lpc43xx_m0app.o(.text)
    RIT_WDT_IRQHandler                       0x1b000595   Thumb Code     0  keil_startup_lpc43xx_m0app.o(.text)
    RTC_IRQHandler                           0x1b000595   Thumb Code     0  keil_startup_lpc43xx_m0app.o(.text)
    SCT_IRQHandler                           0x1b000595   Thumb Code     0  keil_startup_lpc43xx_m0app.o(.text)
    SDIO_IRQHandler                          0x1b000595   Thumb Code     0  keil_startup_lpc43xx_m0app.o(.text)
    SGPIO_IRQHandler                         0x1b000595   Thumb Code     0  keil_startup_lpc43xx_m0app.o(.text)
    SPIFI_ADCHS_IRQHandler                   0x1b000595   Thumb Code     0  keil_startup_lpc43xx_m0app.o(.text)
    SPI_DAC_IRQHandler                       0x1b000595   Thumb Code     0  keil_startup_lpc43xx_m0app.o(.text)
    SSP0_SSP1_IRQHandler                     0x1b000595   Thumb Code     0  keil_startup_lpc43xx_m0app.o(.text)
    TIMER0_IRQHandler                        0x1b000595   Thumb Code     0  keil_startup_lpc43xx_m0app.o(.text)
    UART0_IRQHandler                         0x1b000595   Thumb Code     0  keil_startup_lpc43xx_m0app.o(.text)
    UART1_IRQHandler                         0x1b000595   Thumb Code     0  keil_startup_lpc43xx_m0app.o(.text)
    UART2_CAN1_IRQHandler                    0x1b000595   Thumb Code     0  keil_startup_lpc43xx_m0app.o(.text)
    UART3_IRQHandler                         0x1b000595   Thumb Code     0  keil_startup_lpc43xx_m0app.o(.text)
    USB0_IRQHandler                          0x1b000595   Thumb Code     0  keil_startup_lpc43xx_m0app.o(.text)
    USB1_IRQHandler                          0x1b000595   Thumb Code     0  keil_startup_lpc43xx_m0app.o(.text)
    __user_initial_stackheap                 0x1b000599   Thumb Code     0  keil_startup_lpc43xx_m0app.o(.text)
    SystemInit                               0x1b0005bd   Thumb Code     2  sysinit.o(.text)
    ipcex_register_callback                  0x1b00062b   Thumb Code    16  ipc_example.o(.text)
    ipcex_tasks                              0x1b00063b   Thumb Code    10  ipc_example.o(.text)
    IPCEX_Init                               0x1b000645   Thumb Code    22  ipc_example.o(.text)
    ipcex_setGblVal                          0x1b00065b   Thumb Code    94  ipc_example.o(.text)
    ipcex_getGblVal                          0x1b0006b9   Thumb Code    18  ipc_example.o(.text)
    ipcex_gblRegisterFn                      0x1b0006cb   Thumb Code    10  ipc_example.o(.text)
    IPC_msgNotify                            0x1b0006f9   Thumb Code     8  ipc_msg.o(.text)
    IPC_initMsgQueue                         0x1b000701   Thumb Code    90  ipc_msg.o(.text)
    IPC_pushMsgTout                          0x1b00075b   Thumb Code   128  ipc_msg.o(.text)
    IPC_popMsgTout                           0x1b0007db   Thumb Code   142  ipc_msg.o(.text)
    IPC_msgPending                           0x1b000869   Thumb Code    32  ipc_msg.o(.text)
    IPC_strerror                             0x1b000889   Thumb Code    18  ipc_msg.o(.text)
    __aeabi_memcpy                           0x1b000905   Thumb Code   130  rt_memcpy.o(.text)
    __rt_memcpy                              0x1b000905   Thumb Code     0  rt_memcpy.o(.text)
    _memset_w                                0x1b000987   Thumb Code    26  rt_memclr.o(.text)
    _memset                                  0x1b0009a1   Thumb Code    30  rt_memclr.o(.text)
    __aeabi_memclr                           0x1b0009bf   Thumb Code     4  rt_memclr.o(.text)
    __rt_memclr                              0x1b0009bf   Thumb Code     0  rt_memclr.o(.text)
    __aeabi_memclr4                          0x1b0009c3   Thumb Code     0  rt_memclr.o(.text)
    __aeabi_memclr8                          0x1b0009c3   Thumb Code     0  rt_memclr.o(.text)
    __rt_memclr_w                            0x1b0009c3   Thumb Code     4  rt_memclr.o(.text)
    __aeabi_uidiv                            0x1b0009c7   Thumb Code     0  aeabi_sdiv.o(.text)
    __aeabi_uidivmod                         0x1b0009c7   Thumb Code    20  aeabi_sdiv.o(.text)
    __aeabi_idiv                             0x1b0009db   Thumb Code     0  aeabi_sdiv.o(.text)
    __aeabi_idivmod                          0x1b0009db   Thumb Code   326  aeabi_sdiv.o(.text)
    __use_two_region_memory                  0x1b000b21   Thumb Code     2  heapauxi.o(.text)
    __rt_heap_escrow$2region                 0x1b000b23   Thumb Code     2  heapauxi.o(.text)
    __rt_heap_expand$2region                 0x1b000b25   Thumb Code     2  heapauxi.o(.text)
    __aeabi_f2d                              0x1b000b29   Thumb Code     0  f2d.o(.text)
    _f2d                                     0x1b000b29   Thumb Code    80  f2d.o(.text)
    __aeabi_fdiv                             0x1b000b7d   Thumb Code     0  fdiv.o(.text)
    _fdiv                                    0x1b000b7d   Thumb Code   334  fdiv.o(.text)
    _frdiv                                   0x1b000ccb   Thumb Code     8  fdiv.o(.text)
    __aeabi_i2f_normalise                    0x1b000cdd   Thumb Code    72  fflti.o(.text)
    __aeabi_i2f                              0x1b000d25   Thumb Code    16  fflti.o(.text)
    _fflt                                    0x1b000d25   Thumb Code     0  fflti.o(.text)
    __aeabi_ui2f                             0x1b000d35   Thumb Code     6  fflti.o(.text)
    _ffltu                                   0x1b000d35   Thumb Code     0  fflti.o(.text)
    __user_setup_stackheap                   0x1b000d3b   Thumb Code    62  sys_stackheap_outer.o(.text)
    exit                                     0x1b000d79   Thumb Code    16  exit.o(.text)
    __user_libspace                          0x1b000d89   Thumb Code     8  libspace.o(.text)
    __user_perproc_libspace                  0x1b000d89   Thumb Code     0  libspace.o(.text)
    __user_perthread_libspace                0x1b000d89   Thumb Code     0  libspace.o(.text)
    Board_UARTPutChar                        0x1b000d91   Thumb Code    12  board.o(i.Board_UARTPutChar)
    Board_UARTPutSTR                         0x1b000da1   Thumb Code    20  board.o(i.Board_UARTPutSTR)
    Chip_Clock_Enable                        0x1b000db5   Thumb Code    36  clock_18xx_43xx.o(i.Chip_Clock_Enable)
    Chip_Clock_GetBaseClock                  0x1b000de1   Thumb Code    26  clock_18xx_43xx.o(i.Chip_Clock_GetBaseClock)
    Chip_Clock_GetBaseClocktHz               0x1b000e01   Thumb Code    12  clock_18xx_43xx.o(i.Chip_Clock_GetBaseClocktHz)
    Chip_Clock_GetClockInputHz               0x1b000e0d   Thumb Code   126  clock_18xx_43xx.o(i.Chip_Clock_GetClockInputHz)
    Chip_Clock_GetDividerDivisor             0x1b000ecd   Thumb Code    18  clock_18xx_43xx.o(i.Chip_Clock_GetDividerDivisor)
    Chip_Clock_GetDividerSource              0x1b000eed   Thumb Code    22  clock_18xx_43xx.o(i.Chip_Clock_GetDividerSource)
    Chip_Clock_GetMainPLLHz                  0x1b000f09   Thumb Code    94  clock_18xx_43xx.o(i.Chip_Clock_GetMainPLLHz)
    Chip_Clock_GetRate                       0x1b000f71   Thumb Code   102  clock_18xx_43xx.o(i.Chip_Clock_GetRate)
    Chip_TIMER_Init                          0x1b001015   Thumb Code    12  timer_18xx_43xx.o(i.Chip_TIMER_Init)
    Chip_TIMER_Reset                         0x1b001021   Thumb Code    24  timer_18xx_43xx.o(i.Chip_TIMER_Reset)
    SystemCoreClockUpdate                    0x1b001039   Thumb Code    14  chip_18xx_43xx.o(i.SystemCoreClockUpdate)
    __ARM_common_switch8                     0x1b00104d   Thumb Code    26  clock_18xx_43xx.o(i.__ARM_common_switch8)
    _sys_exit                                0x1b001067   Thumb Code     4  board.o(i._sys_exit)
    __aeabi_fmul                             0x1b00106d   Thumb Code     0  fmul.o(x$fpl$fmul)
    _fmul                                    0x1b00106d   Thumb Code   172  fmul.o(x$fpl$fmul)
    ExtRateIn                                0x1b00111c   Data           4  board.o(.constdata)
    __I$use$fp                               0x1b00111c   Number         0  usenofp.o(x$fpl$usenofp)
    OscRateIn                                0x1b001120   Data           4  board.o(.constdata)
    Region$$Table$$Base                      0x1b00124c   Number         0  anon$$obj.o(Region$$Table)
    Region$$Table$$Limit                     0x1b00126c   Number         0  anon$$obj.o(Region$$Table)



==============================================================================

Memory Map of the image

  Image Entry point : 0x1b0000c1

  Load Region LR_IROM2 (Base: 0x1b000000, Size: 0x000012e0, Max: 0x00080000, ABSOLUTE)

    Execution Region RW_IRAM1 (Exec base: 0x10080000, Load base: 0x1b00126c, Size: 0x00000a48, Max: 0x00008000, ABSOLUTE)

    Exec Addr    Load Addr    Size         Type   Attr      Idx    E Section Name        Object

    0x10080000   0x1b00126c   0x00000044   Data   RW            4    .data               main.o
    0x10080044   0x1b0012b0   0x00000004   Data   RW          290    .data               ipc_example.o
    0x10080048   0x1b0012b4   0x00000020   Data   RW          351    .data               ipc_msg.o
    0x10080068   0x1b0012d4   0x00000004   Data   RW          804    .data               lib_lpc_chip_43xx_m0.lib(chip_18xx_43xx.o)
    0x1008006c   0x1b0012d8   0x00000008   Data   RW         1053    .data               lib_lpc_chip_43xx_m0.lib(clock_18xx_43xx.o)
    0x10080074        -       0x00000370   Zero   RW          289    .bss                ipc_example.o
    0x100803e4        -       0x00000060   Zero   RW         1922    .bss                c_p.l(libspace.o)
    0x10080444   0x1b0012e0   0x00000004   PAD
    0x10080448        -       0x00000200   Zero   RW          244    HEAP                keil_startup_lpc43xx_m0app.o
    0x10080648        -       0x00000400   Zero   RW          243    STACK               keil_startup_lpc43xx_m0app.o


    Execution Region ER_IROM2 (Exec base: 0x1b000000, Load base: 0x1b000000, Size: 0x0000126c, Max: 0x00080000, ABSOLUTE)

    Exec Addr    Load Addr    Size         Type   Attr      Idx    E Section Name        Object

    0x1b000000   0x1b000000   0x000000c0   Data   RO          245    RESET               keil_startup_lpc43xx_m0app.o
    0x1b0000c0   0x1b0000c0   0x00000008   Code   RO         1868  * !!!main             c_p.l(__main.o)
    0x1b0000c8   0x1b0000c8   0x0000003c   Code   RO         2049    !!!scatter          c_p.l(__scatter.o)
    0x1b000104   0x1b000104   0x0000001a   Code   RO         2051    !!handler_copy      c_p.l(__scatter_copy.o)
    0x1b00011e   0x1b00011e   0x00000002   PAD
    0x1b000120   0x1b000120   0x0000001c   Code   RO         2053    !!handler_zi        c_p.l(__scatter_zi.o)
    0x1b00013c   0x1b00013c   0x00000002   Code   RO         1920    .ARM.Collect$$libinit$$00000000  c_p.l(libinit.o)
    0x1b00013e   0x1b00013e   0x00000000   Code   RO         1934    .ARM.Collect$$libinit$$00000002  c_p.l(libinit2.o)
    0x1b00013e   0x1b00013e   0x00000000   Code   RO         1936    .ARM.Collect$$libinit$$00000004  c_p.l(libinit2.o)
    0x1b00013e   0x1b00013e   0x00000000   Code   RO         1939    .ARM.Collect$$libinit$$0000000A  c_p.l(libinit2.o)
    0x1b00013e   0x1b00013e   0x00000000   Code   RO         1941    .ARM.Collect$$libinit$$0000000C  c_p.l(libinit2.o)
    0x1b00013e   0x1b00013e   0x00000000   Code   RO         1943    .ARM.Collect$$libinit$$0000000E  c_p.l(libinit2.o)
    0x1b00013e   0x1b00013e   0x00000000   Code   RO         1946    .ARM.Collect$$libinit$$00000011  c_p.l(libinit2.o)
    0x1b00013e   0x1b00013e   0x00000000   Code   RO         1948    .ARM.Collect$$libinit$$00000013  c_p.l(libinit2.o)
    0x1b00013e   0x1b00013e   0x00000000   Code   RO         1950    .ARM.Collect$$libinit$$00000015  c_p.l(libinit2.o)
    0x1b00013e   0x1b00013e   0x00000000   Code   RO         1952    .ARM.Collect$$libinit$$00000017  c_p.l(libinit2.o)
    0x1b00013e   0x1b00013e   0x00000000   Code   RO         1954    .ARM.Collect$$libinit$$00000019  c_p.l(libinit2.o)
    0x1b00013e   0x1b00013e   0x00000000   Code   RO         1956    .ARM.Collect$$libinit$$0000001B  c_p.l(libinit2.o)
    0x1b00013e   0x1b00013e   0x00000000   Code   RO         1958    .ARM.Collect$$libinit$$0000001D  c_p.l(libinit2.o)
    0x1b00013e   0x1b00013e   0x00000000   Code   RO         1960    .ARM.Collect$$libinit$$0000001F  c_p.l(libinit2.o)
    0x1b00013e   0x1b00013e   0x00000000   Code   RO         1962    .ARM.Collect$$libinit$$00000021  c_p.l(libinit2.o)
    0x1b00013e   0x1b00013e   0x00000000   Code   RO         1964    .ARM.Collect$$libinit$$00000023  c_p.l(libinit2.o)
    0x1b00013e   0x1b00013e   0x00000000   Code   RO         1966    .ARM.Collect$$libinit$$00000025  c_p.l(libinit2.o)
    0x1b00013e   0x1b00013e   0x00000000   Code   RO         1970    .ARM.Collect$$libinit$$0000002C  c_p.l(libinit2.o)
    0x1b00013e   0x1b00013e   0x00000000   Code   RO         1972    .ARM.Collect$$libinit$$0000002E  c_p.l(libinit2.o)
    0x1b00013e   0x1b00013e   0x00000000   Code   RO         1974    .ARM.Collect$$libinit$$00000030  c_p.l(libinit2.o)
    0x1b00013e   0x1b00013e   0x00000000   Code   RO         1976    .ARM.Collect$$libinit$$00000032  c_p.l(libinit2.o)
    0x1b00013e   0x1b00013e   0x00000002   Code   RO         1977    .ARM.Collect$$libinit$$00000033  c_p.l(libinit2.o)
    0x1b000140   0x1b000140   0x00000002   Code   RO         2003    .ARM.Collect$$libshutdown$$00000000  c_p.l(libshutdown.o)
    0x1b000142   0x1b000142   0x00000000   Code   RO         2032    .ARM.Collect$$libshutdown$$00000002  c_p.l(libshutdown2.o)
    0x1b000142   0x1b000142   0x00000000   Code   RO         2034    .ARM.Collect$$libshutdown$$00000004  c_p.l(libshutdown2.o)
    0x1b000142   0x1b000142   0x00000000   Code   RO         2037    .ARM.Collect$$libshutdown$$00000007  c_p.l(libshutdown2.o)
    0x1b000142   0x1b000142   0x00000000   Code   RO         2040    .ARM.Collect$$libshutdown$$0000000A  c_p.l(libshutdown2.o)
    0x1b000142   0x1b000142   0x00000000   Code   RO         2042    .ARM.Collect$$libshutdown$$0000000C  c_p.l(libshutdown2.o)
    0x1b000142   0x1b000142   0x00000000   Code   RO         2045    .ARM.Collect$$libshutdown$$0000000F  c_p.l(libshutdown2.o)
    0x1b000142   0x1b000142   0x00000002   Code   RO         2046    .ARM.Collect$$libshutdown$$00000010  c_p.l(libshutdown2.o)
    0x1b000144   0x1b000144   0x00000000   Code   RO         1879    .ARM.Collect$$rtentry$$00000000  c_p.l(__rtentry.o)
    0x1b000144   0x1b000144   0x00000000   Code   RO         1890    .ARM.Collect$$rtentry$$00000002  c_p.l(__rtentry2.o)
    0x1b000144   0x1b000144   0x00000006   Code   RO         1902    .ARM.Collect$$rtentry$$00000004  c_p.l(__rtentry4.o)
    0x1b00014a   0x1b00014a   0x00000000   Code   RO         1892    .ARM.Collect$$rtentry$$00000009  c_p.l(__rtentry2.o)
    0x1b00014a   0x1b00014a   0x00000004   Code   RO         1893    .ARM.Collect$$rtentry$$0000000A  c_p.l(__rtentry2.o)
    0x1b00014e   0x1b00014e   0x00000000   Code   RO         1895    .ARM.Collect$$rtentry$$0000000C  c_p.l(__rtentry2.o)
    0x1b00014e   0x1b00014e   0x00000008   Code   RO         1896    .ARM.Collect$$rtentry$$0000000D  c_p.l(__rtentry2.o)
    0x1b000156   0x1b000156   0x00000002   Code   RO         1925    .ARM.Collect$$rtexit$$00000000  c_p.l(rtexit.o)
    0x1b000158   0x1b000158   0x00000000   Code   RO         1979    .ARM.Collect$$rtexit$$00000002  c_p.l(rtexit2.o)
    0x1b000158   0x1b000158   0x00000004   Code   RO         1980    .ARM.Collect$$rtexit$$00000003  c_p.l(rtexit2.o)
    0x1b00015c   0x1b00015c   0x00000006   Code   RO         1981    .ARM.Collect$$rtexit$$00000004  c_p.l(rtexit2.o)
    0x1b000162   0x1b000162   0x00000002   PAD
    0x1b000164   0x1b000164   0x00000038   Code   RO         1856    .emb_text           c_p.l(rt_memcpy.o)
    0x1b00019c   0x1b00019c   0x000003dc   Code   RO            3    .text               main.o
    0x1b000578   0x1b000578   0x00000044   Code   RO          246    .text               keil_startup_lpc43xx_m0app.o
    0x1b0005bc   0x1b0005bc   0x00000002   Code   RO          252    .text               sysinit.o
    0x1b0005be   0x1b0005be   0x00000002   PAD
    0x1b0005c0   0x1b0005c0   0x00000128   Code   RO          288    .text               ipc_example.o
    0x1b0006e8   0x1b0006e8   0x0000021c   Code   RO          349    .text               ipc_msg.o
    0x1b000904   0x1b000904   0x00000082   Code   RO         1857    .text               c_p.l(rt_memcpy.o)
    0x1b000986   0x1b000986   0x00000040   Code   RO         1860    .text               c_p.l(rt_memclr.o)
    0x1b0009c6   0x1b0009c6   0x0000015a   Code   RO         1862    .text               c_p.l(aeabi_sdiv.o)
    0x1b000b20   0x1b000b20   0x00000006   Code   RO         1866    .text               c_p.l(heapauxi.o)
    0x1b000b26   0x1b000b26   0x00000002   PAD
    0x1b000b28   0x1b000b28   0x00000054   Code   RO         1870    .text               fz_ps.l(f2d.o)
    0x1b000b7c   0x1b000b7c   0x00000160   Code   RO         1872    .text               fz_ps.l(fdiv.o)
    0x1b000cdc   0x1b000cdc   0x0000005e   Code   RO         1875    .text               fz_ps.l(fflti.o)
    0x1b000d3a   0x1b000d3a   0x0000003e   Code   RO         1906    .text               c_p.l(sys_stackheap_outer.o)
    0x1b000d78   0x1b000d78   0x00000010   Code   RO         1909    .text               c_p.l(exit.o)
    0x1b000d88   0x1b000d88   0x00000008   Code   RO         1921    .text               c_p.l(libspace.o)
    0x1b000d90   0x1b000d90   0x00000010   Code   RO          425    i.Board_UARTPutChar  lib_lpc_board_nxp_lpcxpresso_4337_m0.lib(board.o)
    0x1b000da0   0x1b000da0   0x00000014   Code   RO          426    i.Board_UARTPutSTR  lib_lpc_board_nxp_lpcxpresso_4337_m0.lib(board.o)
    0x1b000db4   0x1b000db4   0x0000002c   Code   RO         1025    i.Chip_Clock_Enable  lib_lpc_chip_43xx_m0.lib(clock_18xx_43xx.o)
    0x1b000de0   0x1b000de0   0x00000020   Code   RO         1030    i.Chip_Clock_GetBaseClock  lib_lpc_chip_43xx_m0.lib(clock_18xx_43xx.o)
    0x1b000e00   0x1b000e00   0x0000000c   Code   RO         1032    i.Chip_Clock_GetBaseClocktHz  lib_lpc_chip_43xx_m0.lib(clock_18xx_43xx.o)
    0x1b000e0c   0x1b000e0c   0x0000009c   Code   RO         1033    i.Chip_Clock_GetClockInputHz  lib_lpc_chip_43xx_m0.lib(clock_18xx_43xx.o)
    0x1b000ea8   0x1b000ea8   0x00000022   Code   RO         1034    i.Chip_Clock_GetDivRate  lib_lpc_chip_43xx_m0.lib(clock_18xx_43xx.o)
    0x1b000eca   0x1b000eca   0x00000002   PAD
    0x1b000ecc   0x1b000ecc   0x00000020   Code   RO         1035    i.Chip_Clock_GetDividerDivisor  lib_lpc_chip_43xx_m0.lib(clock_18xx_43xx.o)
    0x1b000eec   0x1b000eec   0x0000001c   Code   RO         1036    i.Chip_Clock_GetDividerSource  lib_lpc_chip_43xx_m0.lib(clock_18xx_43xx.o)
    0x1b000f08   0x1b000f08   0x00000068   Code   RO         1038    i.Chip_Clock_GetMainPLLHz  lib_lpc_chip_43xx_m0.lib(clock_18xx_43xx.o)
    0x1b000f70   0x1b000f70   0x00000074   Code   RO         1040    i.Chip_Clock_GetRate  lib_lpc_chip_43xx_m0.lib(clock_18xx_43xx.o)
    0x1b000fe4   0x1b000fe4   0x00000030   Code   RO         1245    i.Chip_TIMER_GetClockIndex  lib_lpc_chip_43xx_m0.lib(timer_18xx_43xx.o)
    0x1b001014   0x1b001014   0x0000000c   Code   RO         1246    i.Chip_TIMER_Init   lib_lpc_chip_43xx_m0.lib(timer_18xx_43xx.o)
    0x1b001020   0x1b001020   0x00000018   Code   RO         1247    i.Chip_TIMER_Reset  lib_lpc_chip_43xx_m0.lib(timer_18xx_43xx.o)
    0x1b001038   0x1b001038   0x00000014   Code   RO          802    i.SystemCoreClockUpdate  lib_lpc_chip_43xx_m0.lib(chip_18xx_43xx.o)
    0x1b00104c   0x1b00104c   0x0000001a   Code   RO         1225    i.__ARM_common_switch8  lib_lpc_chip_43xx_m0.lib(clock_18xx_43xx.o)
    0x1b001066   0x1b001066   0x00000004   Code   RO          433    i._sys_exit         lib_lpc_board_nxp_lpcxpresso_4337_m0.lib(board.o)
    0x1b00106a   0x1b00106a   0x00000002   PAD
    0x1b00106c   0x1b00106c   0x000000b0   Code   RO         1877    x$fpl$fmul          fz_ps.l(fmul.o)
    0x1b00111c   0x1b00111c   0x00000000   Code   RO         1888    x$fpl$usenofp       fz_ps.l(usenofp.o)
    0x1b00111c   0x1b00111c   0x00000004   Data   RO          438    .constdata          lib_lpc_board_nxp_lpcxpresso_4337_m0.lib(board.o)
    0x1b001120   0x1b001120   0x00000004   Data   RO          439    .constdata          lib_lpc_board_nxp_lpcxpresso_4337_m0.lib(board.o)
    0x1b001124   0x1b001124   0x0000006c   Data   RO         1052    .constdata          lib_lpc_chip_43xx_m0.lib(clock_18xx_43xx.o)
    0x1b001190   0x1b001190   0x00000040   Data   RO         1873    .constdata          fz_ps.l(fdiv.o)
    0x1b0011d0   0x1b0011d0   0x0000007b   Data   RO          350    .conststring        ipc_msg.o
    0x1b00124b   0x1b00124b   0x00000001   PAD
    0x1b00124c   0x1b00124c   0x00000020   Data   RO         2047    Region$$Table       anon$$obj.o


==============================================================================

Image component sizes


      Code (inc. data)   RO Data    RW Data    ZI Data      Debug   Object Name

       296         20          0          4        880       3513   ipc_example.o
       540        106        123         32          0       4295   ipc_msg.o
        68         28        192          0       1536        852   keil_startup_lpc43xx_m0app.o
       988        158          0         68          0      24359   main.o
         2          0          0          0          0        381   sysinit.o

    ----------------------------------------------------------------------
      1896        312        348        104       2416      33400   Object Totals
         0          0         32          0          0          0   (incl. Generated)
         2          0          1          0          0          0   (incl. Padding)

    ----------------------------------------------------------------------

      Code (inc. data)   RO Data    RW Data    ZI Data      Debug   Library Member Name

         8          0          0          0          0         68   __main.o
         0          0          0          0          0          0   __rtentry.o
        12          0          0          0          0          0   __rtentry2.o
         6          0          0          0          0          0   __rtentry4.o
        60          8          0          0          0          0   __scatter.o
        26          0          0          0          0          0   __scatter_copy.o
        28          0          0          0          0          0   __scatter_zi.o
       346          0          0          0          0         92   aeabi_sdiv.o
        16          0          0          0          0         68   exit.o
         6          0          0          0          0        136   heapauxi.o
         2          0          0          0          0          0   libinit.o
         2          0          0          0          0          0   libinit2.o
         2          0          0          0          0          0   libshutdown.o
         2          0          0          0          0          0   libshutdown2.o
         8          4          0          0         96         68   libspace.o
        64          0          0          0          0        108   rt_memclr.o
       186          0          0          0          0        144   rt_memcpy.o
         2          0          0          0          0          0   rtexit.o
        10          0          0          0          0          0   rtexit2.o
        62          0          0          0          0         80   sys_stackheap_outer.o
        84          4          0          0          0         60   f2d.o
       352         10         64          0          0         92   fdiv.o
        94          0          0          0          0         92   fflti.o
       176          4          0          0          0         80   fmul.o
         0          0          0          0          0          0   usenofp.o
        40          4          8          0          0      12118   board.o
        20          6          0          4          0       7218   chip_18xx_43xx.o
       584        108        108          8          0       7930   clock_18xx_43xx.o
        84         14          0          0          0       1813   timer_18xx_43xx.o

    ----------------------------------------------------------------------
      2292        162        180         12        100      30167   Library Totals
        10          0          0          0          4          0   (incl. Padding)

    ----------------------------------------------------------------------

      Code (inc. data)   RO Data    RW Data    ZI Data      Debug   Library Name

       848         12          0          0         96        764   c_p.l
       706         18         64          0          0        324   fz_ps.l
        40          4          8          0          0      12118   lib_lpc_board_nxp_lpcxpresso_4337_m0.lib
       688        128        108         12          0      16961   lib_lpc_chip_43xx_m0.lib

    ----------------------------------------------------------------------
      2292        162        180         12        100      30167   Library Totals

    ----------------------------------------------------------------------

==============================================================================


      Code (inc. data)   RO Data    RW Data    ZI Data      Debug   

      4188        474        528        116       2516      62403   Grand Totals
      4188        474        528        116       2516      62403   ELF Image Totals
      4188        474        528        116          0          0   ROM Totals

==============================================================================

    Total RO  Size (Code + RO Data)                 4716 (   4.61kB)
    Total RW  Size (RW Data + ZI Data)              2632 (   2.57kB)
    Total ROM Size (Code + RO Data + RW Data)       4832 (   4.72kB)

==============================================================================

