Component: ARM Compiler 5.06 update 6 (build 750) Tool: armlink [4d35ed]

==============================================================================

Section Cross References

    main.o(.text) refers to gpdma_18xx_43xx.o(i.Chip_GPDMA_Interrupt) for Chip_GPDMA_Interrupt
    main.o(.text) refers to c89vsprintf.o(.text) for __c89vsprintf
    main.o(.text) refers to gpdma_18xx_43xx.o(i.Chip_GPDMA_Init) for Chip_GPDMA_Init
    main.o(.text) refers to gpdma_18xx_43xx.o(i.Chip_GPDMA_GetFreeChannel) for Chip_GPDMA_GetFreeChannel
    main.o(.text) refers to strlen.o(.text) for strlen
    main.o(.text) refers to gpdma_18xx_43xx.o(i.Chip_GPDMA_Transfer) for Chip_GPDMA_Transfer
    main.o(.text) refers to gpdma_18xx_43xx.o(i.Chip_GPDMA_DeInit) for Chip_GPDMA_DeInit
    main.o(.text) refers to aeabi_sdiv.o(.text) for __aeabi_uidivmod
    main.o(.text) refers to chip_18xx_43xx.o(i.SystemCoreClockUpdate) for SystemCoreClockUpdate
    main.o(.text) refers to timer_18xx_43xx.o(i.Chip_TIMER_Init) for Chip_TIMER_Init
    main.o(.text) refers to board.o(i.Board_LED_Set) for Board_LED_Set
    main.o(.text) refers to main.o(.data) for isDMATx
    keil_startup_lpc43xx_m0app.o(STACK) refers (Special) to heapauxi.o(.text) for __use_two_region_memory
    keil_startup_lpc43xx_m0app.o(HEAP) refers (Special) to heapauxi.o(.text) for __use_two_region_memory
    keil_startup_lpc43xx_m0app.o(RESET) refers (Special) to heapauxi.o(.text) for __use_two_region_memory
    keil_startup_lpc43xx_m0app.o(RESET) refers to keil_startup_lpc43xx_m0app.o(STACK) for __initial_sp
    keil_startup_lpc43xx_m0app.o(RESET) refers to keil_startup_lpc43xx_m0app.o(.text) for Reset_Handler
    keil_startup_lpc43xx_m0app.o(RESET) refers to main.o(.text) for M4_IRQHandler
    keil_startup_lpc43xx_m0app.o(.text) refers (Special) to heapauxi.o(.text) for __use_two_region_memory
    keil_startup_lpc43xx_m0app.o(.text) refers to sysinit.o(.text) for SystemInit
    keil_startup_lpc43xx_m0app.o(.text) refers to __main.o(!!!main) for __main
    keil_startup_lpc43xx_m0app.o(.text) refers to keil_startup_lpc43xx_m0app.o(HEAP) for Heap_Mem
    keil_startup_lpc43xx_m0app.o(.text) refers to keil_startup_lpc43xx_m0app.o(STACK) for Stack_Mem
    board.o(i.Board_Audio_Init) refers to board.o(i.Chip_SCU_PinMuxSet) for Chip_SCU_PinMuxSet
    board.o(i.Board_Audio_Init) refers to clock_18xx_43xx.o(i.Chip_Clock_SetBaseClock) for Chip_Clock_SetBaseClock
    board.o(i.Board_Audio_Init) refers to wm8904.o(i.WM8904_Init) for WM8904_Init
    board.o(i.Board_Buttons_Init) refers to board.o(i.Chip_SCU_PinMuxSet) for Chip_SCU_PinMuxSet
    board.o(i.Board_Debug_Init) refers to board.o(i.Board_UART_Init) for Board_UART_Init
    board.o(i.Board_Debug_Init) refers to uart_18xx_43xx.o(i.Chip_UART_Init) for Chip_UART_Init
    board.o(i.Board_Debug_Init) refers to uart_18xx_43xx.o(i.Chip_UART_SetBaudFDR) for Chip_UART_SetBaudFDR
    board.o(i.Board_ENET_GetMacADDR) refers to rt_memcpy.o(.text) for __aeabi_memcpy
    board.o(i.Board_I2C_Init) refers to board.o(i.Chip_SCU_PinMuxSet) for Chip_SCU_PinMuxSet
    board.o(i.Board_Init) refers to board.o(i.Board_Debug_Init) for Board_Debug_Init
    board.o(i.Board_Init) refers to gpio_18xx_43xx.o(i.Chip_GPIO_Init) for Chip_GPIO_Init
    board.o(i.Board_Init) refers to board.o(i.Chip_GPIO_SetPinDIROutput) for Chip_GPIO_SetPinDIROutput
    board.o(i.Board_Init) refers to board.o(.constdata) for .constdata
    board.o(i.Board_LCD_Init) refers to board.o(i.Board_SSP_Init) for Board_SSP_Init
    board.o(i.Board_LCD_Init) refers to board.o(i.Chip_SCU_PinMuxSet) for Chip_SCU_PinMuxSet
    board.o(i.Board_LCD_Init) refers to board.o(i.Chip_GPIO_SetPinDIROutput) for Chip_GPIO_SetPinDIROutput
    board.o(i.Board_LCD_Init) refers to ssp_18xx_43xx.o(i.Chip_SSP_Init) for Chip_SSP_Init
    board.o(i.Board_LCD_Init) refers to ssp_18xx_43xx.o(i.Chip_SSP_SetBitRate) for Chip_SSP_SetBitRate
    board.o(i.Board_LCD_Init) refers to board.o(.data) for .data
    board.o(i.Board_LCD_WriteData) refers to ssp_18xx_43xx.o(i.Chip_SSP_WriteFrames_Blocking) for Chip_SSP_WriteFrames_Blocking
    board.o(i.Board_LCD_WriteData) refers to board.o(.data) for .data
    board.o(i.Board_LED_Set) refers to board.o(.constdata) for .constdata
    board.o(i.Board_LED_Test) refers to board.o(i.Chip_GPIO_GetPinState) for Chip_GPIO_GetPinState
    board.o(i.Board_LED_Test) refers to board.o(.constdata) for .constdata
    board.o(i.Board_LED_Toggle) refers to board.o(i.Board_LED_Test) for Board_LED_Test
    board.o(i.Board_LED_Toggle) refers to board.o(i.Board_LED_Set) for Board_LED_Set
    board.o(i.Board_SDMMC_Init) refers to board.o(i.Chip_SCU_PinMuxSet) for Chip_SCU_PinMuxSet
    board.o(i.Board_SSP_Init) refers to board.o(i.Chip_SCU_PinMuxSet) for Chip_SCU_PinMuxSet
    board.o(i.Board_SSP_Init) refers to board.o(i.Chip_GPIO_SetPinDIROutput) for Chip_GPIO_SetPinDIROutput
    board.o(i.Board_UARTPutSTR) refers to board.o(i.Board_UARTPutChar) for Board_UARTPutChar
[...]
    ../clib/armsys.c                         0x00000000   Number         0  no_argv.o ABSOLUTE
    ../clib/armsys.c                         0x00000000   Number         0  argv_veneer.o ABSOLUTE
    ../clib/bigflt.c                         0x00000000   Number         0  bigflt0.o ABSOLUTE
    ../clib/btod.c                           0x00000000   Number         0  btod.o ABSOLUTE
    ../clib/division.c                       0x00000000   Number         0  lludiv10.o ABSOLUTE
    ../clib/division.c                       0x00000000   Number         0  lludiv.o ABSOLUTE
    ../clib/division.c                       0x00000000   Number         0  rtudiv10.o ABSOLUTE
    ../clib/division.s                       0x00000000   Number         0  aeabi_sdiv.o ABSOLUTE
    ../clib/division.s                       0x00000000   Number         0  aeabi_sdiv_div0.o ABSOLUTE
    ../clib/heapalloc.c                      0x00000000   Number         0  hrguard.o ABSOLUTE
    ../clib/heapaux.c                        0x00000000   Number         0  heapauxi.o ABSOLUTE
    ../clib/libinit.s                        0x00000000   Number         0  libshutdown2.o ABSOLUTE
    ../clib/libinit.s                        0x00000000   Number         0  libinit.o ABSOLUTE
    ../clib/libinit.s                        0x00000000   Number         0  libinit2.o ABSOLUTE
    ../clib/libinit.s                        0x00000000   Number         0  libshutdown.o ABSOLUTE
    ../clib/locale.c                         0x00000000   Number         0  _wcrtomb.o ABSOLUTE
    ../clib/locale.s                         0x00000000   Number         0  lc_numeric_c.o ABSOLUTE
    ../clib/locale.s                         0x00000000   Number         0  lc_ctype_c.o ABSOLUTE
    ../clib/longlong.c                       0x00000000   Number         0  llmul.o ABSOLUTE
    ../clib/memcpset.c                       0x00000000   Number         0  rt_memcpy.o ABSOLUTE
    ../clib/memcpset.c                       0x00000000   Number         0  rt_memclr.o ABSOLUTE
    ../clib/memcpset.c                       0x00000000   Number         0  rt_memcpy.o ABSOLUTE
    ../clib/misc.s                           0x00000000   Number         0  printf_stubs.o ABSOLUTE
    ../clib/printf.c                         0x00000000   Number         0  __printf_ss_wp.o ABSOLUTE
    ../clib/printf.c                         0x00000000   Number         0  __printf_flags_ss_wp.o ABSOLUTE
    ../clib/printf.c                         0x00000000   Number         0  _printf_intcommon.o ABSOLUTE
    ../clib/printf.c                         0x00000000   Number         0  _printf_hex_int_ptr.o ABSOLUTE
    ../clib/printf.c                         0x00000000   Number         0  c89vsprintf.o ABSOLUTE
    ../clib/printf.c                         0x00000000   Number         0  _printf_fp_infnan.o ABSOLUTE
    ../clib/printf.c                         0x00000000   Number         0  __printf.o ABSOLUTE
    ../clib/printf.c                         0x00000000   Number         0  _printf_pad.o ABSOLUTE
    ../clib/printf.c                         0x00000000   Number         0  _printf_truncate.o ABSOLUTE
    ../clib/printf.c                         0x00000000   Number         0  _printf_str.o ABSOLUTE
    ../clib/printf.c                         0x00000000   Number         0  _printf_dec.o ABSOLUTE
    ../clib/printf.c                         0x00000000   Number         0  _printf_wchar.o ABSOLUTE
    ../clib/printf.c                         0x00000000   Number         0  _printf_charcount.o ABSOLUTE
    ../clib/printf.c                         0x00000000   Number         0  _printf_char.o ABSOLUTE
    ../clib/printf.c                         0x00000000   Number         0  _printf_char_common.o ABSOLUTE
    ../clib/printf.c                         0x00000000   Number         0  __printf_nopercent.o ABSOLUTE
    ../clib/printf.c                         0x00000000   Number         0  _printf_fp_dec.o ABSOLUTE
    ../clib/printf.c                         0x00000000   Number         0  _sputc.o ABSOLUTE
    ../clib/printf.c                         0x00000000   Number         0  _printf_wctomb.o ABSOLUTE
    ../clib/printf.c                         0x00000000   Number         0  _printf_longlong_dec.o ABSOLUTE
    ../clib/printf.c                         0x00000000   Number         0  _printf_oct_ll.o ABSOLUTE
    ../clib/printf.c                         0x00000000   Number         0  _printf_oct_int.o ABSOLUTE
    ../clib/printf.c                         0x00000000   Number         0  _printf_oct_int_ll.o ABSOLUTE
    ../clib/printf.c                         0x00000000   Number         0  _printf_hex_ll.o ABSOLUTE
    ../clib/printf.c                         0x00000000   Number         0  _printf_hex_int.o ABSOLUTE
    ../clib/printf.c                         0x00000000   Number         0  _printf_hex_int_ll.o ABSOLUTE
    ../clib/printf.c                         0x00000000   Number         0  _printf_hex_ptr.o ABSOLUTE
    ../clib/printf.c                         0x00000000   Number         0  _printf_hex_ll_ptr.o ABSOLUTE
    ../clib/printf.c                         0x00000000   Number         0  _printf_hex_int_ll_ptr.o ABSOLUTE
    ../clib/printf.c                         0x00000000   Number         0  __printf_flags.o ABSOLUTE
    ../clib/printf.c                         0x00000000   Number         0  __printf_ss.o ABSOLUTE
    ../clib/printf.c                         0x00000000   Number         0  __printf_flags_ss.o ABSOLUTE
    ../clib/printf.c                         0x00000000   Number         0  __printf_wp.o ABSOLUTE
    ../clib/printf.c                         0x00000000   Number         0  __printf_flags_wp.o ABSOLUTE
    ../clib/printf_percent.s                 0x00000000   Number         0  _printf_percent.o ABSOLUTE
    ../clib/printf_percent.s                 0x00000000   Number         0  _printf_u.o ABSOLUTE
    ../clib/printf_percent.s                 0x00000000   Number         0  _printf_n.o ABSOLUTE
    ../clib/printf_percent.s                 0x00000000   Number         0  _printf_e.o ABSOLUTE
    ../clib/printf_percent.s                 0x00000000   Number         0  _printf_x.o ABSOLUTE
    ../clib/printf_percent.s                 0x00000000   Number         0  _printf_f.o ABSOLUTE
    ../clib/printf_percent.s                 0x00000000   Number         0  _printf_p.o ABSOLUTE
    ../clib/printf_percent.s                 0x00000000   Number         0  _printf_o.o ABSOLUTE
    ../clib/printf_percent.s                 0x00000000   Number         0  _printf_d.o ABSOLUTE
    ../clib/printf_percent.s                 0x00000000   Number         0  _printf_i.o ABSOLUTE
    ../clib/printf_percent.s                 0x00000000   Number         0  _printf_lli.o ABSOLUTE
    ../clib/printf_percent.s                 0x00000000   Number         0  _printf_lld.o ABSOLUTE
    ../clib/printf_percent.s                 0x00000000   Number         0  _printf_llu.o ABSOLUTE
    ../clib/printf_percent.s                 0x00000000   Number         0  _printf_ll.o ABSOLUTE
    ../clib/printf_percent.s                 0x00000000   Number         0  _printf_lc.o ABSOLUTE
    ../clib/printf_percent.s                 0x00000000   Number         0  _printf_ls.o ABSOLUTE
    ../clib/printf_percent.s                 0x00000000   Number         0  _printf_llo.o ABSOLUTE
    ../clib/printf_percent.s                 0x00000000   Number         0  _printf_g.o ABSOLUTE
    ../clib/printf_percent.s                 0x00000000   Number         0  _printf_percent_end.o ABSOLUTE
    ../clib/printf_percent.s                 0x00000000   Number         0  _printf_llx.o ABSOLUTE
    ../clib/printf_percent.s                 0x00000000   Number         0  _printf_l.o ABSOLUTE
    ../clib/printf_percent.s                 0x00000000   Number         0  _printf_s.o ABSOLUTE
    ../clib/printf_percent.s                 0x00000000   Number         0  _printf_a.o ABSOLUTE
    ../clib/printf_percent.s                 0x00000000   Number         0  _printf_c.o ABSOLUTE
    ../clib/signal.c                         0x00000000   Number         0  defsig_other.o ABSOLUTE
    ../clib/signal.c                         0x00000000   Number         0  defsig_segv_inner.o ABSOLUTE
    ../clib/signal.c                         0x00000000   Number         0  defsig_cppl_inner.o ABSOLUTE
    ../clib/signal.c                         0x00000000   Number         0  defsig_abrt_inner.o ABSOLUTE
    ../clib/signal.c                         0x00000000   Number         0  defsig_rtred_inner.o ABSOLUTE
    ../clib/signal.c                         0x00000000   Number         0  defsig_rtmem_inner.o ABSOLUTE
    ../clib/signal.c                         0x00000000   Number         0  defsig_rtmem_formal.o ABSOLUTE
    ../clib/signal.c                         0x00000000   Number         0  defsig_rtmem_outer.o ABSOLUTE
    ../clib/signal.c                         0x00000000   Number         0  __raise.o ABSOLUTE
    ../clib/signal.c                         0x00000000   Number         0  defsig_stak_inner.o ABSOLUTE
    ../clib/signal.c                         0x00000000   Number         0  defsig_fpe_outer.o ABSOLUTE
    ../clib/signal.c                         0x00000000   Number         0  defsig_pvfn_inner.o ABSOLUTE
    ../clib/signal.c                         0x00000000   Number         0  defsig_fpe_formal.o ABSOLUTE
    ../clib/signal.c                         0x00000000   Number         0  defsig_exit.o ABSOLUTE
    ../clib/signal.c                         0x00000000   Number         0  defsig_fpe_inner.o ABSOLUTE
    ../clib/signal.c                         0x00000000   Number         0  defsig_general.o ABSOLUTE
    ../clib/signal.s                         0x00000000   Number         0  defsig.o ABSOLUTE
    ../clib/stdlib.c                         0x00000000   Number         0  exit.o ABSOLUTE
    ../clib/string.c                         0x00000000   Number         0  strcmp.o ABSOLUTE
    ../clib/string.c                         0x00000000   Number         0  strlen.o ABSOLUTE
    ../fplib/cfplib/fpinit.c                 0x00000000   Number         0  fpinit.o ABSOLUTE
    ../fplib/cfplib/ieee_status.c            0x00000000   Number         0  ieee_status.o ABSOLUTE
    ../fplib/printf1.s                       0x00000000   Number         0  printf1.o ABSOLUTE
    ../fplib/usenofp.s                       0x00000000   Number         0  usenofp.o ABSOLUTE
    ../mathlib/fpclassify.c                  0x00000000   Number         0  fpclassify.o ABSOLUTE
    ..\..\board_common\wm8904.c              0x00000000   Number         0  wm8904.o ABSOLUTE
    ..\\..\\board_common\\wm8904.c           0x00000000   Number         0  wm8904.o ABSOLUTE
    ..\\startup_code\\sysinit.c              0x00000000   Number         0  sysinit.o ABSOLUTE
    ..\chip_common\ring_buffer.c             0x00000000   Number         0  ring_buffer.o ABSOLUTE
    ..\startup_code\keil_startup_lpc43xx_m0app.s 0x00000000   Number         0  keil_startup_lpc43xx_m0app.o ABSOLUTE
    ..\startup_code\sysinit.c                0x00000000   Number         0  sysinit.o ABSOLUTE
    board.c                                  0x00000000   Number         0  board.o ABSOLUTE
    board.c                                  0x00000000   Number         0  board.o ABSOLUTE
    chip_18xx_43xx.c                         0x00000000   Number         0  chip_18xx_43xx.o ABSOLUTE
    chip_18xx_43xx.c                         0x00000000   Number         0  chip_18xx_43xx.o ABSOLUTE
    clock_18xx_43xx.c                        0x00000000   Number         0  clock_18xx_43xx.o ABSOLUTE
    clock_18xx_43xx.c                        0x00000000   Number         0  clock_18xx_43xx.o ABSOLUTE
    dc.s                                     0x00000000   Number         0  dc.o ABSOLUTE
    gpdma_18xx_43xx.c                        0x00000000   Number         0  gpdma_18xx_43xx.o ABSOLUTE
    gpdma_18xx_43xx.c                        0x00000000   Number         0  gpdma_18xx_43xx.o ABSOLUTE
    gpio_18xx_43xx.c                         0x00000000   Number         0  gpio_18xx_43xx.o ABSOLUTE
    gpio_18xx_43xx.c                         0x00000000   Number         0  gpio_18xx_43xx.o ABSOLUTE
    i2c_18xx_43xx.c                          0x00000000   Number         0  i2c_18xx_43xx.o ABSOLUTE
    i2c_18xx_43xx.c                          0x00000000   Number         0  i2c_18xx_43xx.o ABSOLUTE
    main.c                                   0x00000000   Number         0  main.o ABSOLUTE
    main.c                                   0x00000000   Number         0  main.o ABSOLUTE
    ssp_18xx_43xx.c                          0x00000000   Number         0  ssp_18xx_43xx.o ABSOLUTE
    ssp_18xx_43xx.c                          0x00000000   Number         0  ssp_18xx_43xx.o ABSOLUTE
    timer_18xx_43xx.c                        0x00000000   Number         0  timer_18xx_43xx.o ABSOLUTE
    timer_18xx_43xx.c                        0x00000000   Number         0  timer_18xx_43xx.o ABSOLUTE
    uart_18xx_43xx.c                         0x00000000   Number         0  uart_18xx_43xx.o ABSOLUTE
    uart_18xx_43xx.c                         0x00000000   Number         0  uart_18xx_43xx.o ABSOLUTE
    .data                                    0x10080000   Section       61  main.o(.data)
    notify                                   0x10080000   Data           4  main.o(.data)
    dmaChannelNumTx                          0x10080004   Data           1  main.o(.data)
    dmaChannelNumRx                          0x10080005   Data           1  main.o(.data)
    channelTC                                0x10080008   Data           4  main.o(.data)
    channelTCErr                             0x1008000c   Data           4  main.o(.data)
    isDMATx                                  0x10080010   Data           1  main.o(.data)
    l                                        0x10080014   Data           4  main.o(.data)
    WorkingTime                              0x10080018   Data           4  main.o(.data)
    SleepingTime                             0x1008001c   Data           4  main.o(.data)
    LastTime                                 0x10080020   Data           4  main.o(.data)
    is_prime                                 0x10080024   Data           4  main.o(.data)
    prime_test_3                             0x10080028   Data           4  main.o(.data)
    prime_test_4                             0x1008002c   Data           4  main.o(.data)
    prime_test_5                             0x10080030   Data           4  main.o(.data)
    prime_test_7                             0x10080034   Data           4  main.o(.data)
    tick_ct                                  0x10080038   Data           4  main.o(.data)
    mutex                                    0x1008003c   Data           1  main.o(.data)
    .data                                    0x10080040   Section        4  chip_18xx_43xx.o(.data)
    .data                                    0x10080044   Section      128  gpdma_18xx_43xx.o(.data)
    ChannelHandlerArray                      0x10080044   Data           8  gpdma_18xx_43xx.o(.data)
    GPDMA_LUTPerAddr                         0x1008004c   Data         120  gpdma_18xx_43xx.o(.data)
    .data                                    0x100800c4   Section        8  clock_18xx_43xx.o(.data)
    audio_usb_pll_freq                       0x100800c4   Data           8  clock_18xx_43xx.o(.data)
    .bss                                     0x100800cc   Section       96  libspace.o(.bss)
    HEAP                                     0x10080130   Section      512  keil_startup_lpc43xx_m0app.o(HEAP)
    Heap_Mem                                 0x10080130   Data         512  keil_startup_lpc43xx_m0app.o(HEAP)
    STACK                                    0x10080330   Section     1024  keil_startup_lpc43xx_m0app.o(STACK)
    Stack_Mem                                0x10080330   Data        1024  keil_startup_lpc43xx_m0app.o(STACK)
    __initial_sp                             0x10080730   Data           0  keil_startup_lpc43xx_m0app.o(STACK)
    RESET                                    0x1b000000   Section      192  keil_startup_lpc43xx_m0app.o(RESET)
    !!!main                                  0x1b0000c0   Section        8  __main.o(!!!main)
    !!!scatter                               0x1b0000c8   Section       60  __scatter.o(!!!scatter)
    !!handler_copy                           0x1b000104   Section       26  __scatter_copy.o(!!handler_copy)
    !!handler_zi                             0x1b000120   Section       28  __scatter_zi.o(!!handler_zi)
    .ARM.Collect$$_printf_percent$$00000000  0x1b00013c   Section        2  _printf_percent.o(.ARM.Collect$$_printf_percent$$00000000)
    .ARM.Collect$$_printf_percent$$00000001  0x1b00013e   Section       10  _printf_n.o(.ARM.Collect$$_printf_percent$$00000001)
    .ARM.Collect$$_printf_percent$$00000002  0x1b000148   Section       10  _printf_p.o(.ARM.Collect$$_printf_percent$$00000002)
    .ARM.Collect$$_printf_percent$$00000003  0x1b000152   Section       10  _printf_f.o(.ARM.Collect$$_printf_percent$$00000003)
    .ARM.Collect$$_printf_percent$$00000004  0x1b00015c   Section       10  _printf_e.o(.ARM.Collect$$_printf_percent$$00000004)
    .ARM.Collect$$_printf_percent$$00000005  0x1b000166   Section       10  _printf_g.o(.ARM.Collect$$_printf_percent$$00000005)
    .ARM.Collect$$_printf_percent$$00000006  0x1b000170   Section       10  _printf_a.o(.ARM.Collect$$_printf_percent$$00000006)
    .ARM.Collect$$_printf_percent$$00000007  0x1b00017a   Section       10  _printf_ll.o(.ARM.Collect$$_printf_percent$$00000007)
    .ARM.Collect$$_printf_percent$$00000008  0x1b000184   Section       10  _printf_i.o(.ARM.Collect$$_printf_percent$$00000008)
    .ARM.Collect$$_printf_percent$$00000009  0x1b00018e   Section       10  _printf_d.o(.ARM.Collect$$_printf_percent$$00000009)
    .ARM.Collect$$_printf_percent$$0000000A  0x1b000198   Section       10  _printf_u.o(.ARM.Collect$$_printf_percent$$0000000A)
    .ARM.Collect$$_printf_percent$$0000000B  0x1b0001a2   Section       10  _printf_o.o(.ARM.Collect$$_printf_percent$$0000000B)
    .ARM.Collect$$_printf_percent$$0000000C  0x1b0001ac   Section       10  _printf_x.o(.ARM.Collect$$_printf_percent$$0000000C)
    .ARM.Collect$$_printf_percent$$0000000D  0x1b0001b6   Section       10  _printf_lli.o(.ARM.Collect$$_printf_percent$$0000000D)
    .ARM.Collect$$_printf_percent$$0000000E  0x1b0001c0   Section       10  _printf_lld.o(.ARM.Collect$$_printf_percent$$0000000E)
    .ARM.Collect$$_printf_percent$$0000000F  0x1b0001ca   Section       10  _printf_llu.o(.ARM.Collect$$_printf_percent$$0000000F)
    .ARM.Collect$$_printf_percent$$00000010  0x1b0001d4   Section       10  _printf_llo.o(.ARM.Collect$$_printf_percent$$00000010)
    .ARM.Collect$$_printf_percent$$00000011  0x1b0001de   Section       10  _printf_llx.o(.ARM.Collect$$_printf_percent$$00000011)
    .ARM.Collect$$_printf_percent$$00000012  0x1b0001e8   Section       10  _printf_l.o(.ARM.Collect$$_printf_percent$$00000012)
    .ARM.Collect$$_printf_percent$$00000013  0x1b0001f2   Section       10  _printf_c.o(.ARM.Collect$$_printf_percent$$00000013)
    .ARM.Collect$$_printf_percent$$00000014  0x1b0001fc   Section       10  _printf_s.o(.ARM.Collect$$_printf_percent$$00000014)
    .ARM.Collect$$_printf_percent$$00000015  0x1b000206   Section       10  _printf_lc.o(.ARM.Collect$$_printf_percent$$00000015)
    .ARM.Collect$$_printf_percent$$00000016  0x1b000210   Section       10  _printf_ls.o(.ARM.Collect$$_printf_percent$$00000016)
    .ARM.Collect$$_printf_percent$$00000017  0x1b00021a   Section        4  _printf_percent_end.o(.ARM.Collect$$_printf_percent$$00000017)
    .ARM.Collect$$libinit$$00000000          0x1b00021e   Section        2  libinit.o(.ARM.Collect$$libinit$$00000000)
    .ARM.Collect$$libinit$$00000002          0x1b000220   Section        0  libinit2.o(.ARM.Collect$$libinit$$00000002)
    .ARM.Collect$$libinit$$00000004          0x1b000220   Section        0  libinit2.o(.ARM.Collect$$libinit$$00000004)
    .ARM.Collect$$libinit$$0000000A          0x1b000220   Section        0  libinit2.o(.ARM.Collect$$libinit$$0000000A)
    .ARM.Collect$$libinit$$0000000C          0x1b000220   Section        0  libinit2.o(.ARM.Collect$$libinit$$0000000C)
    .ARM.Collect$$libinit$$0000000E          0x1b000220   Section        0  libinit2.o(.ARM.Collect$$libinit$$0000000E)
    .ARM.Collect$$libinit$$0000000F          0x1b000220   Section        6  libinit2.o(.ARM.Collect$$libinit$$0000000F)
    .ARM.Collect$$libinit$$00000011          0x1b000226   Section        0  libinit2.o(.ARM.Collect$$libinit$$00000011)
    .ARM.Collect$$libinit$$00000012          0x1b000226   Section       12  libinit2.o(.ARM.Collect$$libinit$$00000012)
    .ARM.Collect$$libinit$$00000013          0x1b000232   Section        0  libinit2.o(.ARM.Collect$$libinit$$00000013)
    .ARM.Collect$$libinit$$00000015          0x1b000232   Section        0  libinit2.o(.ARM.Collect$$libinit$$00000015)
    .ARM.Collect$$libinit$$00000016          0x1b000232   Section       10  libinit2.o(.ARM.Collect$$libinit$$00000016)
    .ARM.Collect$$libinit$$00000017          0x1b00023c   Section        0  libinit2.o(.ARM.Collect$$libinit$$00000017)
    .ARM.Collect$$libinit$$00000019          0x1b00023c   Section        0  libinit2.o(.ARM.Collect$$libinit$$00000019)
    .ARM.Collect$$libinit$$0000001B          0x1b00023c   Section        0  libinit2.o(.ARM.Collect$$libinit$$0000001B)
    .ARM.Collect$$libinit$$0000001D          0x1b00023c   Section        0  libinit2.o(.ARM.Collect$$libinit$$0000001D)
    .ARM.Collect$$libinit$$0000001F          0x1b00023c   Section        0  libinit2.o(.ARM.Collect$$libinit$$0000001F)
    .ARM.Collect$$libinit$$00000021          0x1b00023c   Section        0  libinit2.o(.ARM.Collect$$libinit$$00000021)
    .ARM.Collect$$libinit$$00000023          0x1b00023c   Section        0  libinit2.o(.ARM.Collect$$libinit$$00000023)
    .ARM.Collect$$libinit$$00000025          0x1b00023c   Section        0  libinit2.o(.ARM.Collect$$libinit$$00000025)
    .ARM.Collect$$libinit$$0000002C          0x1b00023c   Section        0  libinit2.o(.ARM.Collect$$libinit$$0000002C)
    .ARM.Collect$$libinit$$0000002E          0x1b00023c   Section        0  libinit2.o(.ARM.Collect$$libinit$$0000002E)
    .ARM.Collect$$libinit$$00000030          0x1b00023c   Section        0  libinit2.o(.ARM.Collect$$libinit$$00000030)
    .ARM.Collect$$libinit$$00000032          0x1b00023c   Section        0  libinit2.o(.ARM.Collect$$libinit$$00000032)
    .ARM.Collect$$libinit$$00000033          0x1b00023c   Section        2  libinit2.o(.ARM.Collect$$libinit$$00000033)
    .ARM.Collect$$libshutdown$$00000000      0x1b00023e   Section        2  libshutdown.o(.ARM.Collect$$libshutdown$$00000000)
    .ARM.Collect$$libshutdown$$00000002      0x1b000240   Section        0  libshutdown2.o(.ARM.Collect$$libshutdown$$00000002)
    .ARM.Collect$$libshutdown$$00000004      0x1b000240   Section        0  libshutdown2.o(.ARM.Collect$$libshutdown$$00000004)
    .ARM.Collect$$libshutdown$$00000007      0x1b000240   Section        0  libshutdown2.o(.ARM.Collect$$libshutdown$$00000007)
    .ARM.Collect$$libshutdown$$0000000A      0x1b000240   Section        0  libshutdown2.o(.ARM.Collect$$libshutdown$$0000000A)
    .ARM.Collect$$libshutdown$$0000000C      0x1b000240   Section        0  libshutdown2.o(.ARM.Collect$$libshutdown$$0000000C)
    .ARM.Collect$$libshutdown$$0000000F      0x1b000240   Section        0  libshutdown2.o(.ARM.Collect$$libshutdown$$0000000F)
    .ARM.Collect$$libshutdown$$00000010      0x1b000240   Section        2  libshutdown2.o(.ARM.Collect$$libshutdown$$00000010)
    .ARM.Collect$$rtentry$$00000000          0x1b000242   Section        0  __rtentry.o(.ARM.Collect$$rtentry$$00000000)
    .ARM.Collect$$rtentry$$00000002          0x1b000242   Section        0  __rtentry2.o(.ARM.Collect$$rtentry$$00000002)
    .ARM.Collect$$rtentry$$00000004          0x1b000242   Section        6  __rtentry4.o(.ARM.Collect$$rtentry$$00000004)
    .ARM.Collect$$rtentry$$00000009          0x1b000248   Section        0  __rtentry2.o(.ARM.Collect$$rtentry$$00000009)
    .ARM.Collect$$rtentry$$0000000A          0x1b000248   Section        4  __rtentry2.o(.ARM.Collect$$rtentry$$0000000A)
    .ARM.Collect$$rtentry$$0000000C          0x1b00024c   Section        0  __rtentry2.o(.ARM.Collect$$rtentry$$0000000C)
    .ARM.Collect$$rtentry$$0000000D          0x1b00024c   Section        8  __rtentry2.o(.ARM.Collect$$rtentry$$0000000D)
    .ARM.Collect$$rtexit$$00000000           0x1b000254   Section        2  rtexit.o(.ARM.Collect$$rtexit$$00000000)
    .ARM.Collect$$rtexit$$00000002           0x1b000256   Section        0  rtexit2.o(.ARM.Collect$$rtexit$$00000002)
    .ARM.Collect$$rtexit$$00000003           0x1b000256   Section        4  rtexit2.o(.ARM.Collect$$rtexit$$00000003)
    .ARM.Collect$$rtexit$$00000004           0x1b00025a   Section        6  rtexit2.o(.ARM.Collect$$rtexit$$00000004)
    .text                                    0x1b000260   Section        0  main.o(.text)
    NVIC_SetPriority                         0x1b000261   Thumb Code   110  main.o(.text)
    debug                                    0x1b000347   Thumb Code   190  main.o(.text)
    NVIC_EnableIRQ                           0x1b00052b   Thumb Code    14  main.o(.text)
    Chip_TIMER_ReadCount                     0x1b000539   Thumb Code     6  main.o(.text)
    .text                                    0x1b0005dc   Section       68  keil_startup_lpc43xx_m0app.o(.text)
    .text                                    0x1b000620   Section        0  sysinit.o(.text)
    .text                                    0x1b000624   Section        0  c89vsprintf.o(.text)
    .text                                    0x1b000648   Section        0  strlen.o(.text)
    .text                                    0x1b00068c   Section      346  aeabi_sdiv.o(.text)
    .text                                    0x1b0007e6   Section        0  heapauxi.o(.text)
    .text                                    0x1b0007ec   Section        0  _printf_pad.o(.text)
    .text                                    0x1b00083a   Section        0  _printf_truncate.o(.text)
    .text                                    0x1b00085e   Section        0  _printf_str.o(.text)
    .text                                    0x1b0008b0   Section        0  _printf_dec.o(.text)
    .text                                    0x1b00091c   Section        0  _printf_charcount.o(.text)
    .text                                    0x1b000944   Section        0  _printf_char_common.o(.text)
    _printf_input_char                       0x1b000945   Thumb Code    10  _printf_char_common.o(.text)
    .text                                    0x1b000974   Section        0  _sputc.o(.text)
    .text                                    0x1b000980   Section        0  _printf_wctomb.o(.text)
    .text                                    0x1b000a3c   Section        0  _printf_longlong_dec.o(.text)
    .text                                    0x1b000aac   Section        0  _printf_oct_int_ll.o(.text)
    _printf_longlong_oct_internal            0x1b000aad   Thumb Code     0  _printf_oct_int_ll.o(.text)
    .text                                    0x1b000b1c   Section        0  _printf_hex_int_ll_ptr.o(.text)
    _printf_hex_common                       0x1b000b1d   Thumb Code     0  _printf_hex_int_ll_ptr.o(.text)
    .text                                    0x1b000bb4   Section        0  __printf_flags_ss_wp.o(.text)
    .text                                    0x1b000d3c   Section        0  lludiv10.o(.text)
    .text                                    0x1b000db6   Section        0  _printf_intcommon.o(.text)
    .text                                    0x1b000e68   Section        0  _printf_fp_dec.o(.text)
    _fp_digits                               0x1b000e6b   Thumb Code   412  _printf_fp_dec.o(.text)
    .text                                    0x1b001280   Section        0  _printf_char.o(.text)
    .text                                    0x1b0012ae   Section        0  _printf_wchar.o(.text)
    .text                                    0x1b0012dc   Section        0  _wcrtomb.o(.text)
    .text                                    0x1b00131c   Section        0  rtudiv10.o(.text)
    .text                                    0x1b001344   Section       62  sys_stackheap_outer.o(.text)
    .text                                    0x1b001384   Section       16  rt_ctype_table.o(.text)
    .text                                    0x1b001394   Section        8  rt_locale_intlibspace.o(.text)
    .text                                    0x1b00139c   Section        0  _printf_fp_infnan.o(.text)
    .text                                    0x1b001424   Section        0  bigflt0.o(.text)
    .text                                    0x1b0014fc   Section        0  btod.o(.text)
    btod_internal_mul                        0x1b00153d   Thumb Code   492  btod.o(.text)
    btod_internal_div                        0x1b001729   Thumb Code   520  btod.o(.text)
    .text                                    0x1b001a7c   Section        0  exit.o(.text)
    .text                                    0x1b001a8c   Section        8  libspace.o(.text)
    .text                                    0x1b001a94   Section        0  strcmp.o(.text)
    i.Board_LED_Set                          0x1b001b1c   Section        0  board.o(i.Board_LED_Set)
    i.Chip_Clock_Disable                     0x1b001b44   Section        0  clock_18xx_43xx.o(i.Chip_Clock_Disable)
    i.Chip_Clock_Enable                      0x1b001b74   Section        0  clock_18xx_43xx.o(i.Chip_Clock_Enable)
    i.Chip_Clock_EnableOpts                  0x1b001ba0   Section        0  clock_18xx_43xx.o(i.Chip_Clock_EnableOpts)
    i.Chip_Clock_GetBaseClock                0x1b001bdc   Section        0  clock_18xx_43xx.o(i.Chip_Clock_GetBaseClock)
    i.Chip_Clock_GetBaseClocktHz             0x1b001bfc   Section        0  clock_18xx_43xx.o(i.Chip_Clock_GetBaseClocktHz)
    i.Chip_Clock_GetClockInputHz             0x1b001c08   Section        0  clock_18xx_43xx.o(i.Chip_Clock_GetClockInputHz)
    i.Chip_Clock_GetDivRate                  0x1b001ca4   Section        0  clock_18xx_43xx.o(i.Chip_Clock_GetDivRate)
    Chip_Clock_GetDivRate                    0x1b001ca5   Thumb Code    34  clock_18xx_43xx.o(i.Chip_Clock_GetDivRate)
    i.Chip_Clock_GetDividerDivisor           0x1b001cc8   Section        0  clock_18xx_43xx.o(i.Chip_Clock_GetDividerDivisor)
    i.Chip_Clock_GetDividerSource            0x1b001ce8   Section        0  clock_18xx_43xx.o(i.Chip_Clock_GetDividerSource)
    i.Chip_Clock_GetMainPLLHz                0x1b001d04   Section        0  clock_18xx_43xx.o(i.Chip_Clock_GetMainPLLHz)
    i.Chip_Clock_GetRate                     0x1b001d6c   Section        0  clock_18xx_43xx.o(i.Chip_Clock_GetRate)
    i.Chip_GPDMA_ChannelCmd                  0x1b001de0   Section        0  gpdma_18xx_43xx.o(i.Chip_GPDMA_ChannelCmd)
    i.Chip_GPDMA_ClearIntPending             0x1b001dfc   Section        0  gpdma_18xx_43xx.o(i.Chip_GPDMA_ClearIntPending)
    i.Chip_GPDMA_DeInit                      0x1b001e0e   Section        0  gpdma_18xx_43xx.o(i.Chip_GPDMA_DeInit)
    i.Chip_GPDMA_GetFreeChannel              0x1b001e18   Section        0  gpdma_18xx_43xx.o(i.Chip_GPDMA_GetFreeChannel)
    i.Chip_GPDMA_Init                        0x1b001e4c   Section        0  gpdma_18xx_43xx.o(i.Chip_GPDMA_Init)
    i.Chip_GPDMA_InitChannelCfg              0x1b001e88   Section        0  gpdma_18xx_43xx.o(i.Chip_GPDMA_InitChannelCfg)
    i.Chip_GPDMA_IntGetStatus                0x1b001eec   Section        0  gpdma_18xx_43xx.o(i.Chip_GPDMA_IntGetStatus)
    i.Chip_GPDMA_Interrupt                   0x1b001f1c   Section        0  gpdma_18xx_43xx.o(i.Chip_GPDMA_Interrupt)
    i.Chip_GPDMA_Transfer                    0x1b001f64   Section        0  gpdma_18xx_43xx.o(i.Chip_GPDMA_Transfer)
    i.Chip_TIMER_GetClockIndex               0x1b001ff0   Section        0  timer_18xx_43xx.o(i.Chip_TIMER_GetClockIndex)
    Chip_TIMER_GetClockIndex                 0x1b001ff1   Thumb Code    34  timer_18xx_43xx.o(i.Chip_TIMER_GetClockIndex)
    i.Chip_TIMER_Init                        0x1b002020   Section        0  timer_18xx_43xx.o(i.Chip_TIMER_Init)
    i.SystemCoreClockUpdate                  0x1b00202c   Section        0  chip_18xx_43xx.o(i.SystemCoreClockUpdate)
    i.__ARM_common_ll_muluu                  0x1b002040   Section        0  btod.o(i.__ARM_common_ll_muluu)
    i.__ARM_common_switch8                   0x1b002070   Section        0  gpdma_18xx_43xx.o(i.__ARM_common_switch8)
    i.__ARM_fpclassify                       0x1b00208c   Section        0  fpclassify.o(i.__ARM_fpclassify)
    i._is_digit                              0x1b0020b8   Section        0  __printf_wp.o(i._is_digit)
    i._sys_exit                              0x1b0020c6   Section        0  board.o(i._sys_exit)
    i.configDMAMux                           0x1b0020cc   Section        0  gpdma_18xx_43xx.o(i.configDMAMux)
    configDMAMux                             0x1b0020cd   Thumb Code   216  gpdma_18xx_43xx.o(i.configDMAMux)
    i.makeCtrlWord                           0x1b0021a8   Section        0  gpdma_18xx_43xx.o(i.makeCtrlWord)
    i.setupChannel                           0x1b002258   Section        0  gpdma_18xx_43xx.o(i.setupChannel)
    locale$$code                             0x1b0022b8   Section       44  lc_numeric_c.o(locale$$code)
    locale$$code                             0x1b0022e4   Section       44  lc_ctype_c.o(locale$$code)
    x$fpl$printf1                            0x1b002310   Section       16  printf1.o(x$fpl$printf1)
    .constdata                               0x1b002320   Section        4  board.o(.constdata)
    x$fpl$usenofp                            0x1b002320   Section        0  usenofp.o(x$fpl$usenofp)
    .constdata                               0x1b002324   Section        4  board.o(.constdata)
    .constdata                               0x1b002328   Section        6  board.o(.constdata)
    gpioLEDBits                              0x1b002328   Data           6  board.o(.constdata)
    .constdata                               0x1b00232e   Section       60  gpdma_18xx_43xx.o(.constdata)
    GPDMA_LUTPerBurst                        0x1b00232e   Data          30  gpdma_18xx_43xx.o(.constdata)
    GPDMA_LUTPerWid                          0x1b00234c   Data          30  gpdma_18xx_43xx.o(.constdata)
    .constdata                               0x1b00236a   Section      108  clock_18xx_43xx.o(.constdata)
    periph_to_base                           0x1b00236a   Data         108  clock_18xx_43xx.o(.constdata)
    .constdata                               0x1b0023d8   Section        8  _printf_wctomb.o(.constdata)
    initial_mbstate                          0x1b0023d8   Data           8  _printf_wctomb.o(.constdata)
    .constdata                               0x1b0023e0   Section       40  _printf_hex_int_ll_ptr.o(.constdata)
    uc_hextab                                0x1b0023e0   Data          20  _printf_hex_int_ll_ptr.o(.constdata)
    lc_hextab                                0x1b0023f4   Data          20  _printf_hex_int_ll_ptr.o(.constdata)
    .constdata                               0x1b002408   Section       17  __printf_flags_ss_wp.o(.constdata)
    maptable                                 0x1b002408   Data          17  __printf_flags_ss_wp.o(.constdata)
    .constdata                               0x1b00241c   Section      148  bigflt0.o(.constdata)
    tenpwrs_x                                0x1b00241c   Data          60  bigflt0.o(.constdata)
    tenpwrs_i                                0x1b002458   Data          64  bigflt0.o(.constdata)
    locale$$data                             0x1b0024d0   Section       28  lc_numeric_c.o(locale$$data)
    __lcnum_c_name                           0x1b0024d4   Data           2  lc_numeric_c.o(locale$$data)
    __lcnum_c_start                          0x1b0024dc   Data           0  lc_numeric_c.o(locale$$data)
    __lcnum_c_point                          0x1b0024e8   Data           0  lc_numeric_c.o(locale$$data)
    __lcnum_c_thousands                      0x1b0024ea   Data           0  lc_numeric_c.o(locale$$data)
    __lcnum_c_grouping                       0x1b0024eb   Data           0  lc_numeric_c.o(locale$$data)
    locale$$data                             0x1b0024ec   Section      272  lc_ctype_c.o(locale$$data)
    __lcnum_c_end                            0x1b0024ec   Data           0  lc_numeric_c.o(locale$$data)
    __lcctype_c_name                         0x1b0024f0   Data           2  lc_ctype_c.o(locale$$data)
    __lcctype_c_start                        0x1b0024f8   Data           0  lc_ctype_c.o(locale$$data)
    __lcctype_c_end                          0x1b0025fc   Data           0  lc_ctype_c.o(locale$$data)

    Global Symbols

    Symbol Name                              Value     Ov Type        Size  Object(Section)

    BuildAttributes$$THM_ISAv3M$S$PE$A:L22$X:L11$S22$IEEE1$IW$USESV6$~STKCKD$USESV7$~SHL$OTIME$ROPI$IEEEJ$EBA8$UX$STANDARDLIB$REQ8$PRES8$EABIv2 0x00000000   Number         0  anon$$obj.o ABSOLUTE
    __ARM_use_no_argv                        0x00000000   Number         0  main.o ABSOLUTE
    _printf_flags                            0x00000000   Number         0  printf_stubs.o ABSOLUTE
    _printf_return_value                     0x00000000   Number         0  printf_stubs.o ABSOLUTE
    _printf_sizespec                         0x00000000   Number         0  printf_stubs.o ABSOLUTE
    _printf_widthprec                        0x00000000   Number         0  printf_stubs.o ABSOLUTE
    __ARM_exceptions_init                     - Undefined Weak Reference
    __alloca_initialize                       - Undefined Weak Reference
    __arm_preinit_                            - Undefined Weak Reference
    __cpp_initialize__aeabi_                  - Undefined Weak Reference
    __cxa_finalize                            - Undefined Weak Reference
    __sigvec_lookup                           - Undefined Weak Reference
    _atexit_init                              - Undefined Weak Reference
    _call_atexit_fns                          - Undefined Weak Reference
    _clock_init                               - Undefined Weak Reference
    _fp_trap_init                             - Undefined Weak Reference
    _fp_trap_shutdown                         - Undefined Weak Reference
    _get_lc_collate                           - Undefined Weak Reference
    _get_lc_monetary                          - Undefined Weak Reference
    _get_lc_time                              - Undefined Weak Reference
    _getenv_init                              - Undefined Weak Reference
    _handle_redirection                       - Undefined Weak Reference
    _init_alloc                               - Undefined Weak Reference
    _init_user_alloc                          - Undefined Weak Reference
    _initio                                   - Undefined Weak Reference
    _printf_fp_hex                            - Undefined Weak Reference
    _printf_mbtowc                            - Undefined Weak Reference
    _printf_wc                                - Undefined Weak Reference
    _rand_init                                - Undefined Weak Reference
    _signal_finish                            - Undefined Weak Reference
    _signal_init                              - Undefined Weak Reference
    _terminate_alloc                          - Undefined Weak Reference
    _terminate_user_alloc                     - Undefined Weak Reference
    _terminateio                              - Undefined Weak Reference
    SystemCoreClock                          0x10080040   Data           4  chip_18xx_43xx.o(.data)
    __libspace_start                         0x100800cc   Data          96  libspace.o(.bss)
    __temporary_stack_top$libspace           0x1008012c   Data           0  libspace.o(.bss)
    __Vectors                                0x1b000000   Data           4  keil_startup_lpc43xx_m0app.o(RESET)
    __main                                   0x1b0000c1   Thumb Code     8  __main.o(!!!main)
    __scatterload                            0x1b0000c9   Thumb Code     0  __scatter.o(!!!scatter)
    __scatterload_rt2                        0x1b0000c9   Thumb Code    52  __scatter.o(!!!scatter)
    __scatterload_rt2_thumb_only             0x1b0000c9   Thumb Code     0  __scatter.o(!!!scatter)
    __scatterload_null                       0x1b0000d9   Thumb Code     0  __scatter.o(!!!scatter)
    __scatterload_copy                       0x1b000105   Thumb Code    26  __scatter_copy.o(!!handler_copy)
    __scatterload_zeroinit                   0x1b000121   Thumb Code    28  __scatter_zi.o(!!handler_zi)
    _printf_percent                          0x1b00013d   Thumb Code     0  _printf_percent.o(.ARM.Collect$$_printf_percent$$00000000)
    _printf_n                                0x1b00013f   Thumb Code     0  _printf_n.o(.ARM.Collect$$_printf_percent$$00000001)
    _printf_p                                0x1b000149   Thumb Code     0  _printf_p.o(.ARM.Collect$$_printf_percent$$00000002)
    _printf_f                                0x1b000153   Thumb Code     0  _printf_f.o(.ARM.Collect$$_printf_percent$$00000003)
    _printf_e                                0x1b00015d   Thumb Code     0  _printf_e.o(.ARM.Collect$$_printf_percent$$00000004)
    _printf_g                                0x1b000167   Thumb Code     0  _printf_g.o(.ARM.Collect$$_printf_percent$$00000005)
    _printf_a                                0x1b000171   Thumb Code     0  _printf_a.o(.ARM.Collect$$_printf_percent$$00000006)
    _printf_ll                               0x1b00017b   Thumb Code     0  _printf_ll.o(.ARM.Collect$$_printf_percent$$00000007)
    _printf_i                                0x1b000185   Thumb Code     0  _printf_i.o(.ARM.Collect$$_printf_percent$$00000008)
    _printf_d                                0x1b00018f   Thumb Code     0  _printf_d.o(.ARM.Collect$$_printf_percent$$00000009)
    _printf_u                                0x1b000199   Thumb Code     0  _printf_u.o(.ARM.Collect$$_printf_percent$$0000000A)
    _printf_o                                0x1b0001a3   Thumb Code     0  _printf_o.o(.ARM.Collect$$_printf_percent$$0000000B)
    _printf_x                                0x1b0001ad   Thumb Code     0  _printf_x.o(.ARM.Collect$$_printf_percent$$0000000C)
    _printf_lli                              0x1b0001b7   Thumb Code     0  _printf_lli.o(.ARM.Collect$$_printf_percent$$0000000D)
    _printf_lld                              0x1b0001c1   Thumb Code     0  _printf_lld.o(.ARM.Collect$$_printf_percent$$0000000E)
    _printf_llu                              0x1b0001cb   Thumb Code     0  _printf_llu.o(.ARM.Collect$$_printf_percent$$0000000F)
    _printf_llo                              0x1b0001d5   Thumb Code     0  _printf_llo.o(.ARM.Collect$$_printf_percent$$00000010)
    _printf_llx                              0x1b0001df   Thumb Code     0  _printf_llx.o(.ARM.Collect$$_printf_percent$$00000011)
    _printf_l                                0x1b0001e9   Thumb Code     0  _printf_l.o(.ARM.Collect$$_printf_percent$$00000012)
    _printf_c                                0x1b0001f3   Thumb Code     0  _printf_c.o(.ARM.Collect$$_printf_percent$$00000013)
    _printf_s                                0x1b0001fd   Thumb Code     0  _printf_s.o(.ARM.Collect$$_printf_percent$$00000014)
    _printf_lc                               0x1b000207   Thumb Code     0  _printf_lc.o(.ARM.Collect$$_printf_percent$$00000015)
    _printf_ls                               0x1b000211   Thumb Code     0  _printf_ls.o(.ARM.Collect$$_printf_percent$$00000016)
    _printf_percent_end                      0x1b00021b   Thumb Code     0  _printf_percent_end.o(.ARM.Collect$$_printf_percent$$00000017)
    __rt_lib_init                            0x1b00021f   Thumb Code     0  libinit.o(.ARM.Collect$$libinit$$00000000)
    __rt_lib_init_fp_1                       0x1b000221   Thumb Code     0  libinit2.o(.ARM.Collect$$libinit$$00000002)
    __rt_lib_init_heap_1                     0x1b000221   Thumb Code     0  libinit2.o(.ARM.Collect$$libinit$$0000000A)
    __rt_lib_init_lc_common                  0x1b000221   Thumb Code     0  libinit2.o(.ARM.Collect$$libinit$$0000000F)
    __rt_lib_init_preinit_1                  0x1b000221   Thumb Code     0  libinit2.o(.ARM.Collect$$libinit$$00000004)
    __rt_lib_init_rand_1                     0x1b000221   Thumb Code     0  libinit2.o(.ARM.Collect$$libinit$$0000000E)
    __rt_lib_init_user_alloc_1               0x1b000221   Thumb Code     0  libinit2.o(.ARM.Collect$$libinit$$0000000C)
    __rt_lib_init_lc_collate_1               0x1b000227   Thumb Code     0  libinit2.o(.ARM.Collect$$libinit$$00000011)
    __rt_lib_init_lc_ctype_2                 0x1b000227   Thumb Code     0  libinit2.o(.ARM.Collect$$libinit$$00000012)
    __rt_lib_init_lc_ctype_1                 0x1b000233   Thumb Code     0  libinit2.o(.ARM.Collect$$libinit$$00000013)
    __rt_lib_init_lc_monetary_1              0x1b000233   Thumb Code     0  libinit2.o(.ARM.Collect$$libinit$$00000015)
    __rt_lib_init_lc_numeric_2               0x1b000233   Thumb Code     0  libinit2.o(.ARM.Collect$$libinit$$00000016)
    __rt_lib_init_alloca_1                   0x1b00023d   Thumb Code     0  libinit2.o(.ARM.Collect$$libinit$$0000002E)
    __rt_lib_init_argv_1                     0x1b00023d   Thumb Code     0  libinit2.o(.ARM.Collect$$libinit$$0000002C)
    __rt_lib_init_atexit_1                   0x1b00023d   Thumb Code     0  libinit2.o(.ARM.Collect$$libinit$$0000001B)
    __rt_lib_init_clock_1                    0x1b00023d   Thumb Code     0  libinit2.o(.ARM.Collect$$libinit$$00000021)
    __rt_lib_init_cpp_1                      0x1b00023d   Thumb Code     0  libinit2.o(.ARM.Collect$$libinit$$00000032)
    __rt_lib_init_exceptions_1               0x1b00023d   Thumb Code     0  libinit2.o(.ARM.Collect$$libinit$$00000030)
    __rt_lib_init_fp_trap_1                  0x1b00023d   Thumb Code     0  libinit2.o(.ARM.Collect$$libinit$$0000001F)
    __rt_lib_init_getenv_1                   0x1b00023d   Thumb Code     0  libinit2.o(.ARM.Collect$$libinit$$00000023)
    __rt_lib_init_lc_numeric_1               0x1b00023d   Thumb Code     0  libinit2.o(.ARM.Collect$$libinit$$00000017)
    __rt_lib_init_lc_time_1                  0x1b00023d   Thumb Code     0  libinit2.o(.ARM.Collect$$libinit$$00000019)
    __rt_lib_init_return                     0x1b00023d   Thumb Code     0  libinit2.o(.ARM.Collect$$libinit$$00000033)
    __rt_lib_init_signal_1                   0x1b00023d   Thumb Code     0  libinit2.o(.ARM.Collect$$libinit$$0000001D)
    __rt_lib_init_stdio_1                    0x1b00023d   Thumb Code     0  libinit2.o(.ARM.Collect$$libinit$$00000025)
    __rt_lib_shutdown                        0x1b00023f   Thumb Code     0  libshutdown.o(.ARM.Collect$$libshutdown$$00000000)
    __rt_lib_shutdown_cpp_1                  0x1b000241   Thumb Code     0  libshutdown2.o(.ARM.Collect$$libshutdown$$00000002)
    __rt_lib_shutdown_fp_trap_1              0x1b000241   Thumb Code     0  libshutdown2.o(.ARM.Collect$$libshutdown$$00000007)
    __rt_lib_shutdown_heap_1                 0x1b000241   Thumb Code     0  libshutdown2.o(.ARM.Collect$$libshutdown$$0000000F)
    __rt_lib_shutdown_return                 0x1b000241   Thumb Code     0  libshutdown2.o(.ARM.Collect$$libshutdown$$00000010)
    __rt_lib_shutdown_signal_1               0x1b000241   Thumb Code     0  libshutdown2.o(.ARM.Collect$$libshutdown$$0000000A)
    __rt_lib_shutdown_stdio_1                0x1b000241   Thumb Code     0  libshutdown2.o(.ARM.Collect$$libshutdown$$00000004)
    __rt_lib_shutdown_user_alloc_1           0x1b000241   Thumb Code     0  libshutdown2.o(.ARM.Collect$$libshutdown$$0000000C)
    __rt_entry                               0x1b000243   Thumb Code     0  __rtentry.o(.ARM.Collect$$rtentry$$00000000)
    __rt_entry_presh_1                       0x1b000243   Thumb Code     0  __rtentry2.o(.ARM.Collect$$rtentry$$00000002)
    __rt_entry_sh                            0x1b000243   Thumb Code     0  __rtentry4.o(.ARM.Collect$$rtentry$$00000004)
    __rt_entry_li                            0x1b000249   Thumb Code     0  __rtentry2.o(.ARM.Collect$$rtentry$$0000000A)
    __rt_entry_postsh_1                      0x1b000249   Thumb Code     0  __rtentry2.o(.ARM.Collect$$rtentry$$00000009)
    __rt_entry_main                          0x1b00024d   Thumb Code     0  __rtentry2.o(.ARM.Collect$$rtentry$$0000000D)
    __rt_entry_postli_1                      0x1b00024d   Thumb Code     0  __rtentry2.o(.ARM.Collect$$rtentry$$0000000C)
    __rt_exit                                0x1b000255   Thumb Code     0  rtexit.o(.ARM.Collect$$rtexit$$00000000)
    __rt_exit_ls                             0x1b000257   Thumb Code     0  rtexit2.o(.ARM.Collect$$rtexit$$00000003)
    __rt_exit_prels_1                        0x1b000257   Thumb Code     0  rtexit2.o(.ARM.Collect$$rtexit$$00000002)
    __rt_exit_exit                           0x1b00025b   Thumb Code     0  rtexit2.o(.ARM.Collect$$rtexit$$00000004)
    DMA_IRQHandler                           0x1b0002cf   Thumb Code    56  main.o(.text)
    M4_IRQHandler                            0x1b000307   Thumb Code    14  main.o(.text)
    TIMER3_IRQHandler                        0x1b000315   Thumb Code    50  main.o(.text)
    check_prime                              0x1b000405   Thumb Code    36  main.o(.text)
    idle                                     0x1b000429   Thumb Code   118  main.o(.text)
    main                                     0x1b00049f   Thumb Code   140  main.o(.text)
    Reset_Handler                            0x1b0005dd   Thumb Code     8  keil_startup_lpc43xx_m0app.o(.text)
    NMI_Handler                              0x1b0005e5   Thumb Code     2  keil_startup_lpc43xx_m0app.o(.text)
    HardFault_Handler                        0x1b0005e7   Thumb Code     2  keil_startup_lpc43xx_m0app.o(.text)
    MemManage_Handler                        0x1b0005e9   Thumb Code     2  keil_startup_lpc43xx_m0app.o(.text)
    BusFault_Handler                         0x1b0005eb   Thumb Code     2  keil_startup_lpc43xx_m0app.o(.text)
    UsageFault_Handler                       0x1b0005ed   Thumb Code     2  keil_startup_lpc43xx_m0app.o(.text)
    SVC_Handler                              0x1b0005ef   Thumb Code     2  keil_startup_lpc43xx_m0app.o(.text)
    DebugMon_Handler                         0x1b0005f1   Thumb Code     2  keil_startup_lpc43xx_m0app.o(.text)
    PendSV_Handler                           0x1b0005f3   Thumb Code     2  keil_startup_lpc43xx_m0app.o(.text)
    SysTick_Handler                          0x1b0005f5   Thumb Code     2  keil_startup_lpc43xx_m0app.o(.text)
    UnHandled_Vector                         0x1b0005f7   Thumb Code     2  keil_startup_lpc43xx_m0app.o(.text)
    ADC0_IRQHandler                          0x1b0005f9   Thumb Code     0  keil_startup_lpc43xx_m0app.o(.text)
    ADC1_IRQHandler                          0x1b0005f9   Thumb Code     0  keil_startup_lpc43xx_m0app.o(.text)
    CAN0_IRQHandler                          0x1b0005f9   Thumb Code     0  keil_startup_lpc43xx_m0app.o(.text)
    ETH_IRQHandler                           0x1b0005f9   Thumb Code     0  keil_startup_lpc43xx_m0app.o(.text)
    EVRT_IRQHandler                          0x1b0005f9   Thumb Code     0  keil_startup_lpc43xx_m0app.o(.text)
    FLASH_EEPROM_ATIMER_IRQHandler           0x1b0005f9   Thumb Code     0  keil_startup_lpc43xx_m0app.o(.text)
    GINT1_IRQHandler                         0x1b0005f9   Thumb Code     0  keil_startup_lpc43xx_m0app.o(.text)
    GPIO4_IRQHandler                         0x1b0005f9   Thumb Code     0  keil_startup_lpc43xx_m0app.o(.text)
    I2C0_IRQHandler                          0x1b0005f9   Thumb Code     0  keil_startup_lpc43xx_m0app.o(.text)
    I2S0_I2S1_QEI_IRQHandler                 0x1b0005f9   Thumb Code     0  keil_startup_lpc43xx_m0app.o(.text)
    LCD_IRQHandler                           0x1b0005f9   Thumb Code     0  keil_startup_lpc43xx_m0app.o(.text)
    M0SUB_IRQHandler                         0x1b0005f9   Thumb Code     0  keil_startup_lpc43xx_m0app.o(.text)
    MCPWM_IRQHandler                         0x1b0005f9   Thumb Code     0  keil_startup_lpc43xx_m0app.o(.text)
    RIT_WDT_IRQHandler                       0x1b0005f9   Thumb Code     0  keil_startup_lpc43xx_m0app.o(.text)
    RTC_IRQHandler                           0x1b0005f9   Thumb Code     0  keil_startup_lpc43xx_m0app.o(.text)
    SCT_IRQHandler                           0x1b0005f9   Thumb Code     0  keil_startup_lpc43xx_m0app.o(.text)
    SDIO_IRQHandler                          0x1b0005f9   Thumb Code     0  keil_startup_lpc43xx_m0app.o(.text)
    SGPIO_IRQHandler                         0x1b0005f9   Thumb Code     0  keil_startup_lpc43xx_m0app.o(.text)
    SPIFI_ADCHS_IRQHandler                   0x1b0005f9   Thumb Code     0  keil_startup_lpc43xx_m0app.o(.text)
    SPI_DAC_IRQHandler                       0x1b0005f9   Thumb Code     0  keil_startup_lpc43xx_m0app.o(.text)
    SSP0_SSP1_IRQHandler                     0x1b0005f9   Thumb Code     0  keil_startup_lpc43xx_m0app.o(.text)
    TIMER0_IRQHandler                        0x1b0005f9   Thumb Code     0  keil_startup_lpc43xx_m0app.o(.text)
    UART0_IRQHandler                         0x1b0005f9   Thumb Code     0  keil_startup_lpc43xx_m0app.o(.text)
    UART1_IRQHandler                         0x1b0005f9   Thumb Code     0  keil_startup_lpc43xx_m0app.o(.text)
    UART2_CAN1_IRQHandler                    0x1b0005f9   Thumb Code     0  keil_startup_lpc43xx_m0app.o(.text)
    UART3_IRQHandler                         0x1b0005f9   Thumb Code     0  keil_startup_lpc43xx_m0app.o(.text)
    USB0_IRQHandler                          0x1b0005f9   Thumb Code     0  keil_startup_lpc43xx_m0app.o(.text)
    USB1_IRQHandler                          0x1b0005f9   Thumb Code     0  keil_startup_lpc43xx_m0app.o(.text)
    __user_initial_stackheap                 0x1b0005fd   Thumb Code     0  keil_startup_lpc43xx_m0app.o(.text)
    SystemInit                               0x1b000621   Thumb Code     2  sysinit.o(.text)
    __c89vsprintf                            0x1b000625   Thumb Code    32  c89vsprintf.o(.text)
    strlen                                   0x1b000649   Thumb Code    62  strlen.o(.text)
    __aeabi_uidiv                            0x1b00068d   Thumb Code     0  aeabi_sdiv.o(.text)
    __aeabi_uidivmod                         0x1b00068d   Thumb Code    20  aeabi_sdiv.o(.text)
    __aeabi_idiv                             0x1b0006a1   Thumb Code     0  aeabi_sdiv.o(.text)
    __aeabi_idivmod                          0x1b0006a1   Thumb Code   326  aeabi_sdiv.o(.text)
    __use_two_region_memory                  0x1b0007e7   Thumb Code     2  heapauxi.o(.text)
    __rt_heap_escrow$2region                 0x1b0007e9   Thumb Code     2  heapauxi.o(.text)
    __rt_heap_expand$2region                 0x1b0007eb   Thumb Code     2  heapauxi.o(.text)
    _printf_pre_padding                      0x1b0007ed   Thumb Code    44  _printf_pad.o(.text)
    _printf_post_padding                     0x1b000819   Thumb Code    34  _printf_pad.o(.text)
    _printf_truncate_signed                  0x1b00083b   Thumb Code    18  _printf_truncate.o(.text)
    _printf_truncate_unsigned                0x1b00084d   Thumb Code    18  _printf_truncate.o(.text)
    _printf_str                              0x1b00085f   Thumb Code    82  _printf_str.o(.text)
    _printf_int_dec                          0x1b0008b1   Thumb Code    90  _printf_dec.o(.text)
    _printf_charcount                        0x1b00091d   Thumb Code    38  _printf_charcount.o(.text)
    _printf_char_common                      0x1b00094f   Thumb Code    32  _printf_char_common.o(.text)
    _sputc                                   0x1b000975   Thumb Code    10  _sputc.o(.text)
    _printf_wctomb                           0x1b000981   Thumb Code   182  _printf_wctomb.o(.text)
    _printf_longlong_dec                     0x1b000a3d   Thumb Code    94  _printf_longlong_dec.o(.text)
    _printf_longlong_oct                     0x1b000aad   Thumb Code    68  _printf_oct_int_ll.o(.text)
    _printf_int_oct                          0x1b000af1   Thumb Code    24  _printf_oct_int_ll.o(.text)
    _printf_ll_oct                           0x1b000b09   Thumb Code    10  _printf_oct_int_ll.o(.text)
    _printf_longlong_hex                     0x1b000b1d   Thumb Code    88  _printf_hex_int_ll_ptr.o(.text)
    _printf_int_hex                          0x1b000b75   Thumb Code    28  _printf_hex_int_ll_ptr.o(.text)
    _printf_ll_hex                           0x1b000b91   Thumb Code    10  _printf_hex_int_ll_ptr.o(.text)
    _printf_hex_ptr                          0x1b000b9b   Thumb Code    22  _printf_hex_int_ll_ptr.o(.text)
    __printf                                 0x1b000bb5   Thumb Code   386  __printf_flags_ss_wp.o(.text)
    _ll_udiv10                               0x1b000d3d   Thumb Code   122  lludiv10.o(.text)
    _printf_int_common                       0x1b000db7   Thumb Code   176  _printf_intcommon.o(.text)
    __lib_sel_fp_printf                      0x1b000e69   Thumb Code     2  _printf_fp_dec.o(.text)
    _printf_fp_dec_real                      0x1b001007   Thumb Code   620  _printf_fp_dec.o(.text)
    _printf_cs_common                        0x1b001281   Thumb Code    22  _printf_char.o(.text)
    _printf_char                             0x1b001297   Thumb Code    16  _printf_char.o(.text)
    _printf_string                           0x1b0012a7   Thumb Code     8  _printf_char.o(.text)
    _printf_lcs_common                       0x1b0012af   Thumb Code    22  _printf_wchar.o(.text)
    _printf_wchar                            0x1b0012c5   Thumb Code    16  _printf_wchar.o(.text)
    _printf_wstring                          0x1b0012d5   Thumb Code     8  _printf_wchar.o(.text)
    _wcrtomb                                 0x1b0012dd   Thumb Code    64  _wcrtomb.o(.text)
    __rt_udiv10                              0x1b00131d   Thumb Code    40  rtudiv10.o(.text)
    __user_setup_stackheap                   0x1b001345   Thumb Code    62  sys_stackheap_outer.o(.text)
    __rt_ctype_table                         0x1b001385   Thumb Code    16  rt_ctype_table.o(.text)
    __rt_locale                              0x1b001395   Thumb Code     8  rt_locale_intlibspace.o(.text)
    _printf_fp_infnan                        0x1b00139d   Thumb Code   120  _printf_fp_infnan.o(.text)
    _btod_etento                             0x1b001425   Thumb Code   210  bigflt0.o(.text)
    _btod_d2e                                0x1b0014fd   Thumb Code    64  btod.o(.text)
    _btod_emul                               0x1b001931   Thumb Code    28  btod.o(.text)
    _btod_emuld                              0x1b00194d   Thumb Code   144  btod.o(.text)
    _btod_ediv                               0x1b0019dd   Thumb Code    26  btod.o(.text)
    _btod_edivd                              0x1b0019f7   Thumb Code   124  btod.o(.text)
    exit                                     0x1b001a7d   Thumb Code    16  exit.o(.text)
    __user_libspace                          0x1b001a8d   Thumb Code     8  libspace.o(.text)
    __user_perproc_libspace                  0x1b001a8d   Thumb Code     0  libspace.o(.text)
    __user_perthread_libspace                0x1b001a8d   Thumb Code     0  libspace.o(.text)
    strcmp                                   0x1b001a95   Thumb Code   132  strcmp.o(.text)
    Board_LED_Set                            0x1b001b1d   Thumb Code    30  board.o(i.Board_LED_Set)
    Chip_Clock_Disable                       0x1b001b45   Thumb Code    38  clock_18xx_43xx.o(i.Chip_Clock_Disable)
    Chip_Clock_Enable                        0x1b001b75   Thumb Code    36  clock_18xx_43xx.o(i.Chip_Clock_Enable)
    Chip_Clock_EnableOpts                    0x1b001ba1   Thumb Code    52  clock_18xx_43xx.o(i.Chip_Clock_EnableOpts)
    Chip_Clock_GetBaseClock                  0x1b001bdd   Thumb Code    26  clock_18xx_43xx.o(i.Chip_Clock_GetBaseClock)
    Chip_Clock_GetBaseClocktHz               0x1b001bfd   Thumb Code    12  clock_18xx_43xx.o(i.Chip_Clock_GetBaseClocktHz)
    Chip_Clock_GetClockInputHz               0x1b001c09   Thumb Code   126  clock_18xx_43xx.o(i.Chip_Clock_GetClockInputHz)
    Chip_Clock_GetDividerDivisor             0x1b001cc9   Thumb Code    18  clock_18xx_43xx.o(i.Chip_Clock_GetDividerDivisor)
    Chip_Clock_GetDividerSource              0x1b001ce9   Thumb Code    22  clock_18xx_43xx.o(i.Chip_Clock_GetDividerSource)
    Chip_Clock_GetMainPLLHz                  0x1b001d05   Thumb Code    94  clock_18xx_43xx.o(i.Chip_Clock_GetMainPLLHz)
    Chip_Clock_GetRate                       0x1b001d6d   Thumb Code   102  clock_18xx_43xx.o(i.Chip_Clock_GetRate)
    Chip_GPDMA_ChannelCmd                    0x1b001de1   Thumb Code    28  gpdma_18xx_43xx.o(i.Chip_GPDMA_ChannelCmd)
    Chip_GPDMA_ClearIntPending               0x1b001dfd   Thumb Code    18  gpdma_18xx_43xx.o(i.Chip_GPDMA_ClearIntPending)
    Chip_GPDMA_DeInit                        0x1b001e0f   Thumb Code    10  gpdma_18xx_43xx.o(i.Chip_GPDMA_DeInit)
    Chip_GPDMA_GetFreeChannel                0x1b001e19   Thumb Code    48  gpdma_18xx_43xx.o(i.Chip_GPDMA_GetFreeChannel)
    Chip_GPDMA_Init                          0x1b001e4d   Thumb Code    56  gpdma_18xx_43xx.o(i.Chip_GPDMA_Init)
    Chip_GPDMA_InitChannelCfg                0x1b001e89   Thumb Code    96  gpdma_18xx_43xx.o(i.Chip_GPDMA_InitChannelCfg)
    Chip_GPDMA_IntGetStatus                  0x1b001eed   Thumb Code    48  gpdma_18xx_43xx.o(i.Chip_GPDMA_IntGetStatus)
    Chip_GPDMA_Interrupt                     0x1b001f1d   Thumb Code    72  gpdma_18xx_43xx.o(i.Chip_GPDMA_Interrupt)
    Chip_GPDMA_Transfer                      0x1b001f65   Thumb Code   134  gpdma_18xx_43xx.o(i.Chip_GPDMA_Transfer)
    Chip_TIMER_Init                          0x1b002021   Thumb Code    12  timer_18xx_43xx.o(i.Chip_TIMER_Init)
    SystemCoreClockUpdate                    0x1b00202d   Thumb Code    14  chip_18xx_43xx.o(i.SystemCoreClockUpdate)
    __ARM_common_ll_muluu                    0x1b002041   Thumb Code    48  btod.o(i.__ARM_common_ll_muluu)
    __ARM_common_switch8                     0x1b002071   Thumb Code    26  gpdma_18xx_43xx.o(i.__ARM_common_switch8)
    __ARM_fpclassify                         0x1b00208d   Thumb Code    40  fpclassify.o(i.__ARM_fpclassify)
    _is_digit                                0x1b0020b9   Thumb Code    14  __printf_wp.o(i._is_digit)
    _sys_exit                                0x1b0020c7   Thumb Code     4  board.o(i._sys_exit)
    makeCtrlWord                             0x1b0021a9   Thumb Code   172  gpdma_18xx_43xx.o(i.makeCtrlWord)
    setupChannel                             0x1b002259   Thumb Code    96  gpdma_18xx_43xx.o(i.setupChannel)
    _get_lc_numeric                          0x1b0022b9   Thumb Code    44  lc_numeric_c.o(locale$$code)
    _get_lc_ctype                            0x1b0022e5   Thumb Code    44  lc_ctype_c.o(locale$$code)
    _printf_fp_dec                           0x1b002311   Thumb Code    16  printf1.o(x$fpl$printf1)
    ExtRateIn                                0x1b002320   Data           4  board.o(.constdata)
    __I$use$fp                               0x1b002320   Number         0  usenofp.o(x$fpl$usenofp)
    OscRateIn                                0x1b002324   Data           4  board.o(.constdata)
    Region$$Table$$Base                      0x1b0024b0   Number         0  anon$$obj.o(Region$$Table)
    Region$$Table$$Limit                     0x1b0024d0   Number         0  anon$$obj.o(Region$$Table)
    __ctype                                  0x1b0024f9   Data           0  lc_ctype_c.o(locale$$data)



==============================================================================

Memory Map of the image

  Image Entry point : 0x1b0000c1

  Load Region LR_IROM2 (Base: 0x1b000000, Size: 0x000026c8, Max: 0x00080000, ABSOLUTE)

    Execution Region RW_IRAM1 (Exec base: 0x10080000, Load base: 0x1b0025fc, Size: 0x00000730, Max: 0x00008000, ABSOLUTE)

    Exec Addr    Load Addr    Size         Type   Attr      Idx    E Section Name        Object

    0x10080000   0x1b0025fc   0x0000003d   Data   RW            4    .data               main.o
    0x1008003d   0x1b002639   0x00000003   PAD
    0x10080040   0x1b00263c   0x00000004   Data   RW          670    .data               lib_lpc_chip_43xx_m0.lib(chip_18xx_43xx.o)
    0x10080044   0x1b002640   0x00000080   Data   RW          900    .data               lib_lpc_chip_43xx_m0.lib(gpdma_18xx_43xx.o)
    0x100800c4   0x1b0026c0   0x00000008   Data   RW         1152    .data               lib_lpc_chip_43xx_m0.lib(clock_18xx_43xx.o)
    0x100800cc        -       0x00000060   Zero   RW         2024    .bss                c_p.l(libspace.o)
    0x1008012c   0x1b0026c8   0x00000004   PAD
    0x10080130        -       0x00000200   Zero   RW          234    HEAP                keil_startup_lpc43xx_m0app.o
    0x10080330        -       0x00000400   Zero   RW          233    STACK               keil_startup_lpc43xx_m0app.o


    Execution Region ER_IROM2 (Exec base: 0x1b000000, Load base: 0x1b000000, Size: 0x000025fc, Max: 0x00080000, ABSOLUTE)

    Exec Addr    Load Addr    Size         Type   Attr      Idx    E Section Name        Object

    0x1b000000   0x1b000000   0x000000c0   Data   RO          235    RESET               keil_startup_lpc43xx_m0app.o
    0x1b0000c0   0x1b0000c0   0x00000008   Code   RO         1846  * !!!main             c_p.l(__main.o)
    0x1b0000c8   0x1b0000c8   0x0000003c   Code   RO         2156    !!!scatter          c_p.l(__scatter.o)
    0x1b000104   0x1b000104   0x0000001a   Code   RO         2158    !!handler_copy      c_p.l(__scatter_copy.o)
    0x1b00011e   0x1b00011e   0x00000002   PAD
    0x1b000120   0x1b000120   0x0000001c   Code   RO         2160    !!handler_zi        c_p.l(__scatter_zi.o)
    0x1b00013c   0x1b00013c   0x00000002   Code   RO         1938    .ARM.Collect$$_printf_percent$$00000000  c_p.l(_printf_percent.o)
    0x1b00013e   0x1b00013e   0x0000000a   Code   RO         1927    .ARM.Collect$$_printf_percent$$00000001  c_p.l(_printf_n.o)
    0x1b000148   0x1b000148   0x0000000a   Code   RO         1929    .ARM.Collect$$_printf_percent$$00000002  c_p.l(_printf_p.o)
    0x1b000152   0x1b000152   0x0000000a   Code   RO         1934    .ARM.Collect$$_printf_percent$$00000003  c_p.l(_printf_f.o)
    0x1b00015c   0x1b00015c   0x0000000a   Code   RO         1935    .ARM.Collect$$_printf_percent$$00000004  c_p.l(_printf_e.o)
    0x1b000166   0x1b000166   0x0000000a   Code   RO         1936    .ARM.Collect$$_printf_percent$$00000005  c_p.l(_printf_g.o)
    0x1b000170   0x1b000170   0x0000000a   Code   RO         1937    .ARM.Collect$$_printf_percent$$00000006  c_p.l(_printf_a.o)
    0x1b00017a   0x1b00017a   0x0000000a   Code   RO         1942    .ARM.Collect$$_printf_percent$$00000007  c_p.l(_printf_ll.o)
    0x1b000184   0x1b000184   0x0000000a   Code   RO         1931    .ARM.Collect$$_printf_percent$$00000008  c_p.l(_printf_i.o)
    0x1b00018e   0x1b00018e   0x0000000a   Code   RO         1932    .ARM.Collect$$_printf_percent$$00000009  c_p.l(_printf_d.o)
    0x1b000198   0x1b000198   0x0000000a   Code   RO         1933    .ARM.Collect$$_printf_percent$$0000000A  c_p.l(_printf_u.o)
    0x1b0001a2   0x1b0001a2   0x0000000a   Code   RO         1930    .ARM.Collect$$_printf_percent$$0000000B  c_p.l(_printf_o.o)
    0x1b0001ac   0x1b0001ac   0x0000000a   Code   RO         1928    .ARM.Collect$$_printf_percent$$0000000C  c_p.l(_printf_x.o)
    0x1b0001b6   0x1b0001b6   0x0000000a   Code   RO         1939    .ARM.Collect$$_printf_percent$$0000000D  c_p.l(_printf_lli.o)
    0x1b0001c0   0x1b0001c0   0x0000000a   Code   RO         1940    .ARM.Collect$$_printf_percent$$0000000E  c_p.l(_printf_lld.o)
    0x1b0001ca   0x1b0001ca   0x0000000a   Code   RO         1941    .ARM.Collect$$_printf_percent$$0000000F  c_p.l(_printf_llu.o)
    0x1b0001d4   0x1b0001d4   0x0000000a   Code   RO         1946    .ARM.Collect$$_printf_percent$$00000010  c_p.l(_printf_llo.o)
    0x1b0001de   0x1b0001de   0x0000000a   Code   RO         1947    .ARM.Collect$$_printf_percent$$00000011  c_p.l(_printf_llx.o)
    0x1b0001e8   0x1b0001e8   0x0000000a   Code   RO         1943    .ARM.Collect$$_printf_percent$$00000012  c_p.l(_printf_l.o)
    0x1b0001f2   0x1b0001f2   0x0000000a   Code   RO         1925    .ARM.Collect$$_printf_percent$$00000013  c_p.l(_printf_c.o)
    0x1b0001fc   0x1b0001fc   0x0000000a   Code   RO         1926    .ARM.Collect$$_printf_percent$$00000014  c_p.l(_printf_s.o)
    0x1b000206   0x1b000206   0x0000000a   Code   RO         1944    .ARM.Collect$$_printf_percent$$00000015  c_p.l(_printf_lc.o)
    0x1b000210   0x1b000210   0x0000000a   Code   RO         1945    .ARM.Collect$$_printf_percent$$00000016  c_p.l(_printf_ls.o)
    0x1b00021a   0x1b00021a   0x00000004   Code   RO         1979    .ARM.Collect$$_printf_percent$$00000017  c_p.l(_printf_percent_end.o)
    0x1b00021e   0x1b00021e   0x00000002   Code   RO         2017    .ARM.Collect$$libinit$$00000000  c_p.l(libinit.o)
    0x1b000220   0x1b000220   0x00000000   Code   RO         2041    .ARM.Collect$$libinit$$00000002  c_p.l(libinit2.o)
    0x1b000220   0x1b000220   0x00000000   Code   RO         2043    .ARM.Collect$$libinit$$00000004  c_p.l(libinit2.o)
    0x1b000220   0x1b000220   0x00000000   Code   RO         2046    .ARM.Collect$$libinit$$0000000A  c_p.l(libinit2.o)
    0x1b000220   0x1b000220   0x00000000   Code   RO         2048    .ARM.Collect$$libinit$$0000000C  c_p.l(libinit2.o)
    0x1b000220   0x1b000220   0x00000000   Code   RO         2050    .ARM.Collect$$libinit$$0000000E  c_p.l(libinit2.o)
    0x1b000220   0x1b000220   0x00000006   Code   RO         2051    .ARM.Collect$$libinit$$0000000F  c_p.l(libinit2.o)
    0x1b000226   0x1b000226   0x00000000   Code   RO         2053    .ARM.Collect$$libinit$$00000011  c_p.l(libinit2.o)
    0x1b000226   0x1b000226   0x0000000c   Code   RO         2054    .ARM.Collect$$libinit$$00000012  c_p.l(libinit2.o)
    0x1b000232   0x1b000232   0x00000000   Code   RO         2055    .ARM.Collect$$libinit$$00000013  c_p.l(libinit2.o)
    0x1b000232   0x1b000232   0x00000000   Code   RO         2057    .ARM.Collect$$libinit$$00000015  c_p.l(libinit2.o)
    0x1b000232   0x1b000232   0x0000000a   Code   RO         2058    .ARM.Collect$$libinit$$00000016  c_p.l(libinit2.o)
    0x1b00023c   0x1b00023c   0x00000000   Code   RO         2059    .ARM.Collect$$libinit$$00000017  c_p.l(libinit2.o)
    0x1b00023c   0x1b00023c   0x00000000   Code   RO         2061    .ARM.Collect$$libinit$$00000019  c_p.l(libinit2.o)
    0x1b00023c   0x1b00023c   0x00000000   Code   RO         2063    .ARM.Collect$$libinit$$0000001B  c_p.l(libinit2.o)
    0x1b00023c   0x1b00023c   0x00000000   Code   RO         2065    .ARM.Collect$$libinit$$0000001D  c_p.l(libinit2.o)
    0x1b00023c   0x1b00023c   0x00000000   Code   RO         2067    .ARM.Collect$$libinit$$0000001F  c_p.l(libinit2.o)
    0x1b00023c   0x1b00023c   0x00000000   Code   RO         2069    .ARM.Collect$$libinit$$00000021  c_p.l(libinit2.o)
    0x1b00023c   0x1b00023c   0x00000000   Code   RO         2071    .ARM.Collect$$libinit$$00000023  c_p.l(libinit2.o)
    0x1b00023c   0x1b00023c   0x00000000   Code   RO         2073    .ARM.Collect$$libinit$$00000025  c_p.l(libinit2.o)
    0x1b00023c   0x1b00023c   0x00000000   Code   RO         2077    .ARM.Collect$$libinit$$0000002C  c_p.l(libinit2.o)
    0x1b00023c   0x1b00023c   0x00000000   Code   RO         2079    .ARM.Collect$$libinit$$0000002E  c_p.l(libinit2.o)
    0x1b00023c   0x1b00023c   0x00000000   Code   RO         2081    .ARM.Collect$$libinit$$00000030  c_p.l(libinit2.o)
    0x1b00023c   0x1b00023c   0x00000000   Code   RO         2083    .ARM.Collect$$libinit$$00000032  c_p.l(libinit2.o)
    0x1b00023c   0x1b00023c   0x00000002   Code   RO         2084    .ARM.Collect$$libinit$$00000033  c_p.l(libinit2.o)
    0x1b00023e   0x1b00023e   0x00000002   Code   RO         2110    .ARM.Collect$$libshutdown$$00000000  c_p.l(libshutdown.o)
    0x1b000240   0x1b000240   0x00000000   Code   RO         2139    .ARM.Collect$$libshutdown$$00000002  c_p.l(libshutdown2.o)
    0x1b000240   0x1b000240   0x00000000   Code   RO         2141    .ARM.Collect$$libshutdown$$00000004  c_p.l(libshutdown2.o)
    0x1b000240   0x1b000240   0x00000000   Code   RO         2144    .ARM.Collect$$libshutdown$$00000007  c_p.l(libshutdown2.o)
    0x1b000240   0x1b000240   0x00000000   Code   RO         2147    .ARM.Collect$$libshutdown$$0000000A  c_p.l(libshutdown2.o)
    0x1b000240   0x1b000240   0x00000000   Code   RO         2149    .ARM.Collect$$libshutdown$$0000000C  c_p.l(libshutdown2.o)
    0x1b000240   0x1b000240   0x00000000   Code   RO         2152    .ARM.Collect$$libshutdown$$0000000F  c_p.l(libshutdown2.o)
    0x1b000240   0x1b000240   0x00000002   Code   RO         2153    .ARM.Collect$$libshutdown$$00000010  c_p.l(libshutdown2.o)
    0x1b000242   0x1b000242   0x00000000   Code   RO         1848    .ARM.Collect$$rtentry$$00000000  c_p.l(__rtentry.o)
    0x1b000242   0x1b000242   0x00000000   Code   RO         1951    .ARM.Collect$$rtentry$$00000002  c_p.l(__rtentry2.o)
    0x1b000242   0x1b000242   0x00000006   Code   RO         1963    .ARM.Collect$$rtentry$$00000004  c_p.l(__rtentry4.o)
    0x1b000248   0x1b000248   0x00000000   Code   RO         1953    .ARM.Collect$$rtentry$$00000009  c_p.l(__rtentry2.o)
    0x1b000248   0x1b000248   0x00000004   Code   RO         1954    .ARM.Collect$$rtentry$$0000000A  c_p.l(__rtentry2.o)
    0x1b00024c   0x1b00024c   0x00000000   Code   RO         1956    .ARM.Collect$$rtentry$$0000000C  c_p.l(__rtentry2.o)
    0x1b00024c   0x1b00024c   0x00000008   Code   RO         1957    .ARM.Collect$$rtentry$$0000000D  c_p.l(__rtentry2.o)
    0x1b000254   0x1b000254   0x00000002   Code   RO         2027    .ARM.Collect$$rtexit$$00000000  c_p.l(rtexit.o)
    0x1b000256   0x1b000256   0x00000000   Code   RO         2086    .ARM.Collect$$rtexit$$00000002  c_p.l(rtexit2.o)
    0x1b000256   0x1b000256   0x00000004   Code   RO         2087    .ARM.Collect$$rtexit$$00000003  c_p.l(rtexit2.o)
    0x1b00025a   0x1b00025a   0x00000006   Code   RO         2088    .ARM.Collect$$rtexit$$00000004  c_p.l(rtexit2.o)
    0x1b000260   0x1b000260   0x0000037c   Code   RO            3    .text               main.o
    0x1b0005dc   0x1b0005dc   0x00000044   Code   RO          236    .text               keil_startup_lpc43xx_m0app.o
    0x1b000620   0x1b000620   0x00000002   Code   RO          242    .text               sysinit.o
    0x1b000622   0x1b000622   0x00000002   PAD
    0x1b000624   0x1b000624   0x00000024   Code   RO         1830    .text               c_p.l(c89vsprintf.o)
    0x1b000648   0x1b000648   0x00000044   Code   RO         1832    .text               c_p.l(strlen.o)
    0x1b00068c   0x1b00068c   0x0000015a   Code   RO         1840    .text               c_p.l(aeabi_sdiv.o)
    0x1b0007e6   0x1b0007e6   0x00000006   Code   RO         1844    .text               c_p.l(heapauxi.o)
    0x1b0007ec   0x1b0007ec   0x0000004e   Code   RO         1859    .text               c_p.l(_printf_pad.o)
    0x1b00083a   0x1b00083a   0x00000024   Code   RO         1861    .text               c_p.l(_printf_truncate.o)
    0x1b00085e   0x1b00085e   0x00000052   Code   RO         1863    .text               c_p.l(_printf_str.o)
    0x1b0008b0   0x1b0008b0   0x0000006c   Code   RO         1865    .text               c_p.l(_printf_dec.o)
    0x1b00091c   0x1b00091c   0x00000026   Code   RO         1867    .text               c_p.l(_printf_charcount.o)
    0x1b000942   0x1b000942   0x00000002   PAD
    0x1b000944   0x1b000944   0x00000030   Code   RO         1869    .text               c_p.l(_printf_char_common.o)
    0x1b000974   0x1b000974   0x0000000a   Code   RO         1871    .text               c_p.l(_sputc.o)
    0x1b00097e   0x1b00097e   0x00000002   PAD
    0x1b000980   0x1b000980   0x000000bc   Code   RO         1873    .text               c_p.l(_printf_wctomb.o)
    0x1b000a3c   0x1b000a3c   0x00000070   Code   RO         1876    .text               c_p.l(_printf_longlong_dec.o)
    0x1b000aac   0x1b000aac   0x00000070   Code   RO         1882    .text               c_p.l(_printf_oct_int_ll.o)
    0x1b000b1c   0x1b000b1c   0x00000098   Code   RO         1902    .text               c_p.l(_printf_hex_int_ll_ptr.o)
    0x1b000bb4   0x1b000bb4   0x00000188   Code   RO         1922    .text               c_p.l(__printf_flags_ss_wp.o)
    0x1b000d3c   0x1b000d3c   0x0000007a   Code   RO         1967    .text               c_p.l(lludiv10.o)
    0x1b000db6   0x1b000db6   0x000000b0   Code   RO         1969    .text               c_p.l(_printf_intcommon.o)
    0x1b000e66   0x1b000e66   0x00000002   PAD
    0x1b000e68   0x1b000e68   0x00000418   Code   RO         1971    .text               c_p.l(_printf_fp_dec.o)
    0x1b001280   0x1b001280   0x0000002e   Code   RO         1975    .text               c_p.l(_printf_char.o)
    0x1b0012ae   0x1b0012ae   0x0000002e   Code   RO         1977    .text               c_p.l(_printf_wchar.o)
    0x1b0012dc   0x1b0012dc   0x00000040   Code   RO         1980    .text               c_p.l(_wcrtomb.o)
    0x1b00131c   0x1b00131c   0x00000028   Code   RO         1982    .text               c_p.l(rtudiv10.o)
    0x1b001344   0x1b001344   0x0000003e   Code   RO         1984    .text               c_p.l(sys_stackheap_outer.o)
    0x1b001382   0x1b001382   0x00000002   PAD
    0x1b001384   0x1b001384   0x00000010   Code   RO         1987    .text               c_p.l(rt_ctype_table.o)
    0x1b001394   0x1b001394   0x00000008   Code   RO         1992    .text               c_p.l(rt_locale_intlibspace.o)
    0x1b00139c   0x1b00139c   0x00000088   Code   RO         1994    .text               c_p.l(_printf_fp_infnan.o)
    0x1b001424   0x1b001424   0x000000d8   Code   RO         1996    .text               c_p.l(bigflt0.o)
    0x1b0014fc   0x1b0014fc   0x00000580   Code   RO         1999    .text               c_p.l(btod.o)
    0x1b001a7c   0x1b001a7c   0x00000010   Code   RO         2006    .text               c_p.l(exit.o)
    0x1b001a8c   0x1b001a8c   0x00000008   Code   RO         2023    .text               c_p.l(libspace.o)
    0x1b001a94   0x1b001a94   0x00000088   Code   RO         2038    .text               c_p.l(strcmp.o)
    0x1b001b1c   0x1b001b1c   0x00000028   Code   RO          285    i.Board_LED_Set     lib_lpc_board_nxp_lpcxpresso_4337_m0.lib(board.o)
    0x1b001b44   0x1b001b44   0x00000030   Code   RO         1120    i.Chip_Clock_Disable  lib_lpc_chip_43xx_m0.lib(clock_18xx_43xx.o)
    0x1b001b74   0x1b001b74   0x0000002c   Code   RO         1124    i.Chip_Clock_Enable  lib_lpc_chip_43xx_m0.lib(clock_18xx_43xx.o)
    0x1b001ba0   0x1b001ba0   0x0000003c   Code   RO         1127    i.Chip_Clock_EnableOpts  lib_lpc_chip_43xx_m0.lib(clock_18xx_43xx.o)
    0x1b001bdc   0x1b001bdc   0x00000020   Code   RO         1129    i.Chip_Clock_GetBaseClock  lib_lpc_chip_43xx_m0.lib(clock_18xx_43xx.o)
    0x1b001bfc   0x1b001bfc   0x0000000c   Code   RO         1131    i.Chip_Clock_GetBaseClocktHz  lib_lpc_chip_43xx_m0.lib(clock_18xx_43xx.o)
    0x1b001c08   0x1b001c08   0x0000009c   Code   RO         1132    i.Chip_Clock_GetClockInputHz  lib_lpc_chip_43xx_m0.lib(clock_18xx_43xx.o)
    0x1b001ca4   0x1b001ca4   0x00000022   Code   RO         1133    i.Chip_Clock_GetDivRate  lib_lpc_chip_43xx_m0.lib(clock_18xx_43xx.o)
    0x1b001cc6   0x1b001cc6   0x00000002   PAD
    0x1b001cc8   0x1b001cc8   0x00000020   Code   RO         1134    i.Chip_Clock_GetDividerDivisor  lib_lpc_chip_43xx_m0.lib(clock_18xx_43xx.o)
    0x1b001ce8   0x1b001ce8   0x0000001c   Code   RO         1135    i.Chip_Clock_GetDividerSource  lib_lpc_chip_43xx_m0.lib(clock_18xx_43xx.o)
    0x1b001d04   0x1b001d04   0x00000068   Code   RO         1137    i.Chip_Clock_GetMainPLLHz  lib_lpc_chip_43xx_m0.lib(clock_18xx_43xx.o)
    0x1b001d6c   0x1b001d6c   0x00000074   Code   RO         1139    i.Chip_Clock_GetRate  lib_lpc_chip_43xx_m0.lib(clock_18xx_43xx.o)
    0x1b001de0   0x1b001de0   0x0000001c   Code   RO          884    i.Chip_GPDMA_ChannelCmd  lib_lpc_chip_43xx_m0.lib(gpdma_18xx_43xx.o)
    0x1b001dfc   0x1b001dfc   0x00000012   Code   RO          885    i.Chip_GPDMA_ClearIntPending  lib_lpc_chip_43xx_m0.lib(gpdma_18xx_43xx.o)
    0x1b001e0e   0x1b001e0e   0x0000000a   Code   RO          886    i.Chip_GPDMA_DeInit  lib_lpc_chip_43xx_m0.lib(gpdma_18xx_43xx.o)
    0x1b001e18   0x1b001e18   0x00000034   Code   RO          887    i.Chip_GPDMA_GetFreeChannel  lib_lpc_chip_43xx_m0.lib(gpdma_18xx_43xx.o)
    0x1b001e4c   0x1b001e4c   0x0000003c   Code   RO          888    i.Chip_GPDMA_Init   lib_lpc_chip_43xx_m0.lib(gpdma_18xx_43xx.o)
    0x1b001e88   0x1b001e88   0x00000064   Code   RO          889    i.Chip_GPDMA_InitChannelCfg  lib_lpc_chip_43xx_m0.lib(gpdma_18xx_43xx.o)
    0x1b001eec   0x1b001eec   0x00000030   Code   RO          890    i.Chip_GPDMA_IntGetStatus  lib_lpc_chip_43xx_m0.lib(gpdma_18xx_43xx.o)
    0x1b001f1c   0x1b001f1c   0x00000048   Code   RO          891    i.Chip_GPDMA_Interrupt  lib_lpc_chip_43xx_m0.lib(gpdma_18xx_43xx.o)
    0x1b001f64   0x1b001f64   0x0000008c   Code   RO          895    i.Chip_GPDMA_Transfer  lib_lpc_chip_43xx_m0.lib(gpdma_18xx_43xx.o)
    0x1b001ff0   0x1b001ff0   0x00000030   Code   RO         1000    i.Chip_TIMER_GetClockIndex  lib_lpc_chip_43xx_m0.lib(timer_18xx_43xx.o)
    0x1b002020   0x1b002020   0x0000000c   Code   RO         1001    i.Chip_TIMER_Init   lib_lpc_chip_43xx_m0.lib(timer_18xx_43xx.o)
    0x1b00202c   0x1b00202c   0x00000014   Code   RO          668    i.SystemCoreClockUpdate  lib_lpc_chip_43xx_m0.lib(chip_18xx_43xx.o)
    0x1b002040   0x1b002040   0x00000030   Code   RO         2001    i.__ARM_common_ll_muluu  c_p.l(btod.o)
    0x1b002070   0x1b002070   0x0000001a   Code   RO          983    i.__ARM_common_switch8  lib_lpc_chip_43xx_m0.lib(gpdma_18xx_43xx.o)
    0x1b00208a   0x1b00208a   0x00000002   PAD
    0x1b00208c   0x1b00208c   0x0000002c   Code   RO         2021    i.__ARM_fpclassify  m_ps.l(fpclassify.o)
    0x1b0020b8   0x1b0020b8   0x0000000e   Code   RO         1915    i._is_digit         c_p.l(__printf_wp.o)
    0x1b0020c6   0x1b0020c6   0x00000004   Code   RO          299    i._sys_exit         lib_lpc_board_nxp_lpcxpresso_4337_m0.lib(board.o)
    0x1b0020ca   0x1b0020ca   0x00000002   PAD
    0x1b0020cc   0x1b0020cc   0x000000dc   Code   RO          896    i.configDMAMux      lib_lpc_chip_43xx_m0.lib(gpdma_18xx_43xx.o)
    0x1b0021a8   0x1b0021a8   0x000000b0   Code   RO          897    i.makeCtrlWord      lib_lpc_chip_43xx_m0.lib(gpdma_18xx_43xx.o)
    0x1b002258   0x1b002258   0x00000060   Code   RO          898    i.setupChannel      lib_lpc_chip_43xx_m0.lib(gpdma_18xx_43xx.o)
    0x1b0022b8   0x1b0022b8   0x0000002c   Code   RO         2004    locale$$code        c_p.l(lc_numeric_c.o)
    0x1b0022e4   0x1b0022e4   0x0000002c   Code   RO         2032    locale$$code        c_p.l(lc_ctype_c.o)
    0x1b002310   0x1b002310   0x00000010   Code   RO         1948    x$fpl$printf1       fz_ps.l(printf1.o)
    0x1b002320   0x1b002320   0x00000000   Code   RO         2020    x$fpl$usenofp       fz_ps.l(usenofp.o)
    0x1b002320   0x1b002320   0x00000004   Data   RO          304    .constdata          lib_lpc_board_nxp_lpcxpresso_4337_m0.lib(board.o)
    0x1b002324   0x1b002324   0x00000004   Data   RO          305    .constdata          lib_lpc_board_nxp_lpcxpresso_4337_m0.lib(board.o)
    0x1b002328   0x1b002328   0x00000006   Data   RO          306    .constdata          lib_lpc_board_nxp_lpcxpresso_4337_m0.lib(board.o)
    0x1b00232e   0x1b00232e   0x0000003c   Data   RO          899    .constdata          lib_lpc_chip_43xx_m0.lib(gpdma_18xx_43xx.o)
    0x1b00236a   0x1b00236a   0x0000006c   Data   RO         1151    .constdata          lib_lpc_chip_43xx_m0.lib(clock_18xx_43xx.o)
    0x1b0023d6   0x1b0023d6   0x00000002   PAD
    0x1b0023d8   0x1b0023d8   0x00000008   Data   RO         1874    .constdata          c_p.l(_printf_wctomb.o)
    0x1b0023e0   0x1b0023e0   0x00000028   Data   RO         1903    .constdata          c_p.l(_printf_hex_int_ll_ptr.o)
    0x1b002408   0x1b002408   0x00000011   Data   RO         1923    .constdata          c_p.l(__printf_flags_ss_wp.o)
    0x1b002419   0x1b002419   0x00000003   PAD
    0x1b00241c   0x1b00241c   0x00000094   Data   RO         1997    .constdata          c_p.l(bigflt0.o)
    0x1b0024b0   0x1b0024b0   0x00000020   Data   RO         2154    Region$$Table       anon$$obj.o
    0x1b0024d0   0x1b0024d0   0x0000001c   Data   RO         2003    locale$$data        c_p.l(lc_numeric_c.o)
    0x1b0024ec   0x1b0024ec   0x00000110   Data   RO         2031    locale$$data        c_p.l(lc_ctype_c.o)


==============================================================================

Image component sizes


      Code (inc. data)   RO Data    RW Data    ZI Data      Debug   Object Name

        68         28        192          0       1536        852   keil_startup_lpc43xx_m0app.o
       892        158          0         61          0      21411   main.o
         2          0          0          0          0        381   sysinit.o

    ----------------------------------------------------------------------
       964        186        224         64       1536      22644   Object Totals
         0          0         32          0          0          0   (incl. Generated)
         2          0          0          3          0          0   (incl. Padding)

    ----------------------------------------------------------------------

      Code (inc. data)   RO Data    RW Data    ZI Data      Debug   Library Member Name

         8          0          0          0          0         68   __main.o
       392          6         17          0          0         76   __printf_flags_ss_wp.o
        14          0          0          0          0         60   __printf_wp.o
         0          0          0          0          0          0   __rtentry.o
        12          0          0          0          0          0   __rtentry2.o
         6          0          0          0          0          0   __rtentry4.o
        60          8          0          0          0          0   __scatter.o
        26          0          0          0          0          0   __scatter_copy.o
        28          0          0          0          0          0   __scatter_zi.o
        10          0          0          0          0          0   _printf_a.o
        10          0          0          0          0          0   _printf_c.o
        46          0          0          0          0        100   _printf_char.o
        48          6          0          0          0         88   _printf_char_common.o
        38          0          0          0          0         60   _printf_charcount.o
        10          0          0          0          0          0   _printf_d.o
       108         18          0          0          0         76   _printf_dec.o
        10          0          0          0          0          0   _printf_e.o
        10          0          0          0          0          0   _printf_f.o
      1048         14          0          0          0        176   _printf_fp_dec.o
       136         16          0          0          0         76   _printf_fp_infnan.o
        10          0          0          0          0          0   _printf_g.o
       152          4         40          0          0        148   _printf_hex_int_ll_ptr.o
        10          0          0          0          0          0   _printf_i.o
       176          0          0          0          0         84   _printf_intcommon.o
        10          0          0          0          0          0   _printf_l.o
        10          0          0          0          0          0   _printf_lc.o
        10          0          0          0          0          0   _printf_ll.o
        10          0          0          0          0          0   _printf_lld.o
        10          0          0          0          0          0   _printf_lli.o
        10          0          0          0          0          0   _printf_llo.o
        10          0          0          0          0          0   _printf_llu.o
        10          0          0          0          0          0   _printf_llx.o
       112         18          0          0          0         76   _printf_longlong_dec.o
        10          0          0          0          0          0   _printf_ls.o
        10          0          0          0          0          0   _printf_n.o
        10          0          0          0          0          0   _printf_o.o
       112         10          0          0          0        112   _printf_oct_int_ll.o
        10          0          0          0          0          0   _printf_p.o
        78          0          0          0          0        100   _printf_pad.o
         2          0          0          0          0          0   _printf_percent.o
         4          0          0          0          0          0   _printf_percent_end.o
        10          0          0          0          0          0   _printf_s.o
        82          0          0          0          0         72   _printf_str.o
        36          0          0          0          0         76   _printf_truncate.o
        10          0          0          0          0          0   _printf_u.o
        46          0          0          0          0        100   _printf_wchar.o
       188          6          8          0          0         80   _printf_wctomb.o
        10          0          0          0          0          0   _printf_x.o
        10          0          0          0          0         60   _sputc.o
        64          0          0          0          0         72   _wcrtomb.o
       346          0          0          0          0         92   aeabi_sdiv.o
       216          6        148          0          0         80   bigflt0.o
      1456         30          0          0          0        336   btod.o
        36          4          0          0          0         68   c89vsprintf.o
        16          0          0          0          0         68   exit.o
         6          0          0          0          0        136   heapauxi.o
        44         10        272          0          0         76   lc_ctype_c.o
        44         10         28          0          0         76   lc_numeric_c.o
         2          0          0          0          0          0   libinit.o
        30          0          0          0          0          0   libinit2.o
         2          0          0          0          0          0   libshutdown.o
         2          0          0          0          0          0   libshutdown2.o
         8          4          0          0         96         68   libspace.o
       122          0          0          0          0         72   lludiv10.o
        16          4          0          0          0         76   rt_ctype_table.o
         8          4          0          0          0         68   rt_locale_intlibspace.o
         2          0          0          0          0          0   rtexit.o
        10          0          0          0          0          0   rtexit2.o
        40          0          0          0          0         60   rtudiv10.o
       136          4          0          0          0         72   strcmp.o
        68          6          0          0          0         72   strlen.o
        62          0          0          0          0         80   sys_stackheap_outer.o
        16          4          0          0          0         76   printf1.o
         0          0          0          0          0          0   usenofp.o
        44         10         14          0          0      14411   board.o
        20          6          0          4          0      12650   chip_18xx_43xx.o
       666        126        108          8          0       9035   clock_18xx_43xx.o
      1046         86         60        128          0       9398   gpdma_18xx_43xx.o
        60         14          0          0          0       1326   timer_18xx_43xx.o
        44          4          0          0          0         60   fpclassify.o

    ----------------------------------------------------------------------
      7836        438        700        140        100      50216   Library Totals
        16          0          5          0          4          0   (incl. Padding)

    ----------------------------------------------------------------------

      Code (inc. data)   RO Data    RW Data    ZI Data      Debug   Library Name

      5924        188        513          0         96       3260   c_p.l
        16          4          0          0          0         76   fz_ps.l
        44         10         14          0          0      14411   lib_lpc_board_nxp_lpcxpresso_4337_m0.lib
      1792        232        168        140          0      32409   lib_lpc_chip_43xx_m0.lib
        44          4          0          0          0         60   m_ps.l

    ----------------------------------------------------------------------
      7836        438        700        140        100      50216   Library Totals

    ----------------------------------------------------------------------

==============================================================================


      Code (inc. data)   RO Data    RW Data    ZI Data      Debug   

      8800        624        924        204       1636      70132   Grand Totals
      8800        624        924        204       1636      70132   ELF Image Totals
      8800        624        924        204          0          0   ROM Totals

==============================================================================

    Total RO  Size (Code + RO Data)                 9724 (   9.50kB)
    Total RW  Size (RW Data + ZI Data)              1840 (   1.80kB)
    Total ROM Size (Code + RO Data + RW Data)       9928 (   9.70kB)

==============================================================================

