Component: ARM Compiler 5.06 update 6 (build 750) Tool: armlink [4d35ed]

==============================================================================

Section Cross References

    keil_startup_lpc43xx_m0app.o(STACK) refers (Special) to heapauxi.o(.text) for __use_two_region_memory
    keil_startup_lpc43xx_m0app.o(HEAP) refers (Special) to heapauxi.o(.text) for __use_two_region_memory
    keil_startup_lpc43xx_m0app.o(RESET) refers (Special) to heapauxi.o(.text) for __use_two_region_memory
    keil_startup_lpc43xx_m0app.o(RESET) refers to keil_startup_lpc43xx_m0app.o(STACK) for __initial_sp
    keil_startup_lpc43xx_m0app.o(RESET) refers to keil_startup_lpc43xx_m0app.o(.text) for Reset_Handler
    keil_startup_lpc43xx_m0app.o(.text) refers (Special) to heapauxi.o(.text) for __use_two_region_memory
    keil_startup_lpc43xx_m0app.o(.text) refers to sysinit.o(.text) for SystemInit
    keil_startup_lpc43xx_m0app.o(.text) refers to __main.o(!!!main) for __main
    keil_startup_lpc43xx_m0app.o(.text) refers to keil_startup_lpc43xx_m0app.o(HEAP) for Heap_Mem
    keil_startup_lpc43xx_m0app.o(.text) refers to keil_startup_lpc43xx_m0app.o(STACK) for Stack_Mem
    __main.o(!!!main) refers to __rtentry.o(.ARM.Collect$$rtentry$$00000000) for __rt_entry
    __rtentry.o(.ARM.Collect$$rtentry$$00000000) refers (Special) to __rtentry2.o(.ARM.Collect$$rtentry$$0000000A) for __rt_entry_li
    __rtentry.o(.ARM.Collect$$rtentry$$00000000) refers (Special) to __rtentry2.o(.ARM.Collect$$rtentry$$0000000D) for __rt_entry_main
    __rtentry.o(.ARM.Collect$$rtentry$$00000000) refers (Special) to __rtentry2.o(.ARM.Collect$$rtentry$$0000000C) for __rt_entry_postli_1
    __rtentry.o(.ARM.Collect$$rtentry$$00000000) refers (Special) to __rtentry2.o(.ARM.Collect$$rtentry$$00000009) for __rt_entry_postsh_1
    __rtentry.o(.ARM.Collect$$rtentry$$00000000) refers (Special) to __rtentry2.o(.ARM.Collect$$rtentry$$00000002) for __rt_entry_presh_1
    __rtentry.o(.ARM.Collect$$rtentry$$00000000) refers (Special) to __rtentry4.o(.ARM.Collect$$rtentry$$00000004) for __rt_entry_sh
    __rtentry2.o(.ARM.Collect$$rtentry$$00000008) refers to boardinit2.o(.text) for _platform_post_stackheap_init
    __rtentry2.o(.ARM.Collect$$rtentry$$0000000A) refers to libinit.o(.ARM.Collect$$libinit$$00000000) for __rt_lib_init
    __rtentry2.o(.ARM.Collect$$rtentry$$0000000B) refers to boardinit3.o(.text) for _platform_post_lib_init
    __rtentry2.o(.ARM.Collect$$rtentry$$0000000D) refers to main.o(.text) for main
    __rtentry2.o(.ARM.Collect$$rtentry$$0000000D) refers to exit.o(.text) for exit
    __rtentry2.o(.ARM.exidx) refers to __rtentry2.o(.ARM.Collect$$rtentry$$00000001) for .ARM.Collect$$rtentry$$00000001
    __rtentry2.o(.ARM.exidx) refers to __rtentry2.o(.ARM.Collect$$rtentry$$00000008) for .ARM.Collect$$rtentry$$00000008
    __rtentry2.o(.ARM.exidx) refers to __rtentry2.o(.ARM.Collect$$rtentry$$0000000A) for .ARM.Collect$$rtentry$$0000000A
    __rtentry2.o(.ARM.exidx) refers to __rtentry2.o(.ARM.Collect$$rtentry$$0000000B) for .ARM.Collect$$rtentry$$0000000B
    __rtentry2.o(.ARM.exidx) refers to __rtentry2.o(.ARM.Collect$$rtentry$$0000000D) for .ARM.Collect$$rtentry$$0000000D
    __rtentry4.o(.ARM.Collect$$rtentry$$00000004) refers to sys_stackheap_outer.o(.text) for __user_setup_stackheap
    __rtentry4.o(.ARM.exidx) refers to __rtentry4.o(.ARM.Collect$$rtentry$$00000004) for .ARM.Collect$$rtentry$$00000004
    sys_stackheap_outer.o(.text) refers to libspace.o(.text) for __user_perproc_libspace
    sys_stackheap_outer.o(.text) refers to keil_startup_lpc43xx_m0app.o(.text) for __user_initial_stackheap
    sys_stackheap_outer.o(__vectab_stack_and_reset_area) refers to tempstk.o(.text) for __temporary_stack_top
    sys_stackheap_outer.o(__vectab_stack_and_reset_area) refers to __main.o(!!!main) for __main
    exit.o(.text) refers to rtexit.o(.ARM.Collect$$rtexit$$00000000) for __rt_exit
    libinit.o(.ARM.Collect$$libinit$$00000000) refers (Special) to libinit2.o(.ARM.Collect$$libinit$$0000002E) for __rt_lib_init_alloca_1
    libinit.o(.ARM.Collect$$libinit$$00000000) refers (Special) to libinit2.o(.ARM.Collect$$libinit$$0000002C) for __rt_lib_init_argv_1
    libinit.o(.ARM.Collect$$libinit$$00000000) refers (Special) to libinit2.o(.ARM.Collect$$libinit$$0000001B) for __rt_lib_init_atexit_1
    libinit.o(.ARM.Collect$$libinit$$00000000) refers (Special) to libinit2.o(.ARM.Collect$$libinit$$00000021) for __rt_lib_init_clock_1
    libinit.o(.ARM.Collect$$libinit$$00000000) refers (Special) to libinit2.o(.ARM.Collect$$libinit$$00000032) for __rt_lib_init_cpp_1
    libinit.o(.ARM.Collect$$libinit$$00000000) refers (Special) to libinit2.o(.ARM.Collect$$libinit$$00000030) for __rt_lib_init_exceptions_1
    libinit.o(.ARM.Collect$$libinit$$00000000) refers (Special) to libinit2.o(.ARM.Collect$$libinit$$00000002) for __rt_lib_init_fp_1
    libinit.o(.ARM.Collect$$libinit$$00000000) refers (Special) to libinit2.o(.ARM.Collect$$libinit$$0000001F) for __rt_lib_init_fp_trap_1
    libinit.o(.ARM.Collect$$libinit$$00000000) refers (Special) to libinit2.o(.ARM.Collect$$libinit$$00000023) for __rt_lib_init_getenv_1
    libinit.o(.ARM.Collect$$libinit$$00000000) refers (Special) to libinit2.o(.ARM.Collect$$libinit$$0000000A) for __rt_lib_init_heap_1
    libinit.o(.ARM.Collect$$libinit$$00000000) refers (Special) to libinit2.o(.ARM.Collect$$libinit$$00000011) for __rt_lib_init_lc_collate_1
    libinit.o(.ARM.Collect$$libinit$$00000000) refers (Special) to libinit2.o(.ARM.Collect$$libinit$$00000013) for __rt_lib_init_lc_ctype_1
    libinit.o(.ARM.Collect$$libinit$$00000000) refers (Special) to libinit2.o(.ARM.Collect$$libinit$$00000015) for __rt_lib_init_lc_monetary_1
    libinit.o(.ARM.Collect$$libinit$$00000000) refers (Special) to libinit2.o(.ARM.Collect$$libinit$$00000017) for __rt_lib_init_lc_numeric_1
    libinit.o(.ARM.Collect$$libinit$$00000000) refers (Special) to libinit2.o(.ARM.Collect$$libinit$$00000019) for __rt_lib_init_lc_time_1
    libinit.o(.ARM.Collect$$libinit$$00000000) refers (Special) to libinit2.o(.ARM.Collect$$libinit$$00000004) for __rt_lib_init_preinit_1
    libinit.o(.ARM.Collect$$libinit$$00000000) refers (Special) to libinit2.o(.ARM.Collect$$libinit$$0000000E) for __rt_lib_init_rand_1
    libinit.o(.ARM.Collect$$libinit$$00000000) refers (Special) to libinit2.o(.ARM.Collect$$libinit$$00000033) for __rt_lib_init_return
    libinit.o(.ARM.Collect$$libinit$$00000000) refers (Special) to libinit2.o(.ARM.Collect$$libinit$$0000001D) for __rt_lib_init_signal_1
    libinit.o(.ARM.Collect$$libinit$$00000000) refers (Special) to libinit2.o(.ARM.Collect$$libinit$$00000025) for __rt_lib_init_stdio_1
    libinit.o(.ARM.Collect$$libinit$$00000000) refers (Special) to libinit2.o(.ARM.Collect$$libinit$$0000000C) for __rt_lib_init_user_alloc_1
    libspace.o(.text) refers to libspace.o(.bss) for __libspace_start
    rtexit.o(.ARM.Collect$$rtexit$$00000000) refers (Special) to rtexit2.o(.ARM.Collect$$rtexit$$00000004) for __rt_exit_exit
    rtexit.o(.ARM.Collect$$rtexit$$00000000) refers (Special) to rtexit2.o(.ARM.Collect$$rtexit$$00000003) for __rt_exit_ls
    rtexit.o(.ARM.Collect$$rtexit$$00000000) refers (Special) to rtexit2.o(.ARM.Collect$$rtexit$$00000002) for __rt_exit_prels_1
    rtexit.o(.ARM.exidx) refers (Special) to rtexit2.o(.ARM.Collect$$rtexit$$00000004) for __rt_exit_exit
    rtexit.o(.ARM.exidx) refers (Special) to rtexit2.o(.ARM.Collect$$rtexit$$00000003) for __rt_exit_ls
    rtexit.o(.ARM.exidx) refers (Special) to rtexit2.o(.ARM.Collect$$rtexit$$00000002) for __rt_exit_prels_1
    rtexit.o(.ARM.exidx) refers to rtexit.o(.ARM.Collect$$rtexit$$00000000) for .ARM.Collect$$rtexit$$00000000
    libinit2.o(.ARM.Collect$$libinit$$00000010) refers to libinit2.o(.ARM.Collect$$libinit$$0000000F) for .ARM.Collect$$libinit$$0000000F
    libinit2.o(.ARM.Collect$$libinit$$00000012) refers to libinit2.o(.ARM.Collect$$libinit$$0000000F) for .ARM.Collect$$libinit$$0000000F
    libinit2.o(.ARM.Collect$$libinit$$00000014) refers to libinit2.o(.ARM.Collect$$libinit$$0000000F) for .ARM.Collect$$libinit$$0000000F
    libinit2.o(.ARM.Collect$$libinit$$00000016) refers to libinit2.o(.ARM.Collect$$libinit$$0000000F) for .ARM.Collect$$libinit$$0000000F
    libinit2.o(.ARM.Collect$$libinit$$00000018) refers to libinit2.o(.ARM.Collect$$libinit$$0000000F) for .ARM.Collect$$libinit$$0000000F
    libinit2.o(.ARM.Collect$$libinit$$00000026) refers to argv_veneer.o(.text) for __ARM_argv_veneer
    libinit2.o(.ARM.Collect$$libinit$$00000027) refers to argv_veneer.o(.text) for __ARM_argv_veneer
    rtexit2.o(.ARM.Collect$$rtexit$$00000003) refers to libshutdown.o(.ARM.Collect$$libshutdown$$00000000) for __rt_lib_shutdown
    rtexit2.o(.ARM.Collect$$rtexit$$00000004) refers to board.o(i._sys_exit) for _sys_exit
    rtexit2.o(.ARM.exidx) refers to rtexit2.o(.ARM.Collect$$rtexit$$00000001) for .ARM.Collect$$rtexit$$00000001
    rtexit2.o(.ARM.exidx) refers to rtexit2.o(.ARM.Collect$$rtexit$$00000003) for .ARM.Collect$$rtexit$$00000003
    rtexit2.o(.ARM.exidx) refers to rtexit2.o(.ARM.Collect$$rtexit$$00000004) for .ARM.Collect$$rtexit$$00000004
    board.o(i.Board_Audio_Init) refers to board.o(i.Chip_SCU_PinMuxSet) for Chip_SCU_PinMuxSet
    board.o(i.Board_Audio_Init) refers to clock_18xx_43xx.o(i.Chip_Clock_SetBaseClock) for Chip_Clock_SetBaseClock
    board.o(i.Board_Audio_Init) refers to wm8904.o(i.WM8904_Init) for WM8904_Init
    board.o(i.Board_Buttons_Init) refers to board.o(i.Chip_SCU_PinMuxSet) for Chip_SCU_PinMuxSet
    board.o(i.Board_Debug_Init) refers to board.o(i.Board_UART_Init) for Board_UART_Init
    board.o(i.Board_Debug_Init) refers to uart_18xx_43xx.o(i.Chip_UART_Init) for Chip_UART_Init
    board.o(i.Board_Debug_Init) refers to uart_18xx_43xx.o(i.Chip_UART_SetBaudFDR) for Chip_UART_SetBaudFDR
    board.o(i.Board_ENET_GetMacADDR) refers to rt_memcpy.o(.text) for __aeabi_memcpy
    board.o(i.Board_I2C_Init) refers to board.o(i.Chip_SCU_PinMuxSet) for Chip_SCU_PinMuxSet
    board.o(i.Board_Init) refers to board.o(i.Board_Debug_Init) for Board_Debug_Init
    board.o(i.Board_Init) refers to board.o(i.Chip_GPIO_SetPinDIROutput) for Chip_GPIO_SetPinDIROutput
    board.o(i.Board_Init) refers to board.o(.constdata) for .constdata
    board.o(i.Board_LCD_Init) refers to board.o(i.Board_SSP_Init) for Board_SSP_Init
    board.o(i.Board_LCD_Init) refers to board.o(i.Chip_SCU_PinMuxSet) for Chip_SCU_PinMuxSet
    board.o(i.Board_LCD_Init) refers to board.o(i.Chip_GPIO_SetPinDIROutput) for Chip_GPIO_SetPinDIROutput
    board.o(i.Board_LCD_Init) refers to ssp_18xx_43xx.o(i.Chip_SSP_Init) for Chip_SSP_Init
    board.o(i.Board_LCD_Init) refers to ssp_18xx_43xx.o(i.Chip_SSP_SetBitRate) for Chip_SSP_SetBitRate
    board.o(i.Board_LCD_Init) refers to board.o(.data) for .data
    board.o(i.Board_LCD_WriteData) refers to ssp_18xx_43xx.o(i.Chip_SSP_WriteFrames_Blocking) for Chip_SSP_WriteFrames_Blocking
    board.o(i.Board_LCD_WriteData) refers to board.o(.data) for .data
    board.o(i.Board_LED_Set) refers to board.o(.constdata) for .constdata
    board.o(i.Board_LED_Test) refers to board.o(i.Chip_GPIO_GetPinState) for Chip_GPIO_GetPinState
    board.o(i.Board_LED_Test) refers to board.o(.constdata) for .constdata
    board.o(i.Board_LED_Toggle) refers to board.o(i.Board_LED_Test) for Board_LED_Test
    board.o(i.Board_LED_Toggle) refers to board.o(i.Board_LED_Set) for Board_LED_Set
    board.o(i.Board_SDMMC_Init) refers to board.o(i.Chip_SCU_PinMuxSet) for Chip_SCU_PinMuxSet
    board.o(i.Board_SSP_Init) refers to board.o(i.Chip_SCU_PinMuxSet) for Chip_SCU_PinMuxSet
    board.o(i.Board_SSP_Init) refers to board.o(i.Chip_GPIO_SetPinDIROutput) for Chip_GPIO_SetPinDIROutput
    board.o(i.Board_UARTPutSTR) refers to board.o(i.Board_UARTPutChar) for Board_UARTPutChar
    board.o(i.Board_UART_Init) refers to board.o(i.Chip_SCU_PinMuxSet) for Chip_SCU_PinMuxSet
    board.o(i.Buttons_GetStatus) refers to board.o(i.Chip_GPIO_GetPinState) for Chip_GPIO_GetPinState
    board.o(i.fgetc) refers to board.o(i.Board_UARTGetChar) for Board_UARTGetChar
    board.o(i.fputc) refers to board.o(i.Board_UARTPutChar) for Board_UARTPutChar
    _get_argv_nomalloc.o(.text) refers (Special) to hrguard.o(.text) for __heap_region$guard
    _get_argv_nomalloc.o(.text) refers to defsig_rtmem_outer.o(.text) for __rt_SIGRTMEM
    _get_argv_nomalloc.o(.text) refers to sys_command.o(.text) for _sys_command_string
    libshutdown.o(.ARM.Collect$$libshutdown$$00000000) refers (Special) to libshutdown2.o(.ARM.Collect$$libshutdown$$00000002) for __rt_lib_shutdown_cpp_1
    libshutdown.o(.ARM.Collect$$libshutdown$$00000000) refers (Special) to libshutdown2.o(.ARM.Collect$$libshutdown$$00000007) for __rt_lib_shutdown_fp_trap_1
    libshutdown.o(.ARM.Collect$$libshutdown$$00000000) refers (Special) to libshutdown2.o(.ARM.Collect$$libshutdown$$0000000F) for __rt_lib_shutdown_heap_1
    libshutdown.o(.ARM.Collect$$libshutdown$$00000000) refers (Special) to libshutdown2.o(.ARM.Collect$$libshutdown$$00000010) for __rt_lib_shutdown_return
    libshutdown.o(.ARM.Collect$$libshutdown$$00000000) refers (Special) to libshutdown2.o(.ARM.Collect$$libshutdown$$0000000A) for __rt_lib_shutdown_signal_1
    libshutdown.o(.ARM.Collect$$libshutdown$$00000000) refers (Special) to libshutdown2.o(.ARM.Collect$$libshutdown$$00000004) for __rt_lib_shutdown_stdio_1
    libshutdown.o(.ARM.Collect$$libshutdown$$00000000) refers (Special) to libshutdown2.o(.ARM.Collect$$libshutdown$$0000000C) for __rt_lib_shutdown_user_alloc_1
    wm8904.o(i.WM8904_Init) refers to i2c_18xx_43xx.o(i.Chip_I2C_GetMasterEventHandler) for Chip_I2C_GetMasterEventHandler
    wm8904.o(i.WM8904_Init) refers to board.o(i.Board_I2C_Init) for Board_I2C_Init
    wm8904.o(i.WM8904_Init) refers to i2c_18xx_43xx.o(i.Chip_I2C_Init) for Chip_I2C_Init
    wm8904.o(i.WM8904_Init) refers to i2c_18xx_43xx.o(i.Chip_I2C_SetClockRate) for Chip_I2C_SetClockRate
    wm8904.o(i.WM8904_Init) refers to i2c_18xx_43xx.o(i.Chip_I2C_SetMasterEventHandler) for Chip_I2C_SetMasterEventHandler
    wm8904.o(i.WM8904_Init) refers to wm8904.o(i.WM8904_MultiRegWrite) for WM8904_MultiRegWrite
    wm8904.o(i.WM8904_Init) refers to wm8904.o(i.WM8904_REG_Read) for WM8904_REG_Read
    wm8904.o(i.WM8904_Init) refers to wm8904.o(i.WM8904_REG_Write) for WM8904_REG_Write
    wm8904.o(i.WM8904_Init) refers to i2c_18xx_43xx.o(i.Chip_I2C_EventHandlerPolling) for Chip_I2C_EventHandlerPolling
    wm8904.o(i.WM8904_Init) refers to wm8904.o(.constdata) for .constdata
    wm8904.o(i.WM8904_MultiRegWrite) refers to wm8904.o(i.WM8904_REG_Write) for WM8904_REG_Write
    wm8904.o(i.WM8904_MultiRegWrite) refers to wm8904.o(i.WM8904_REG_Read) for WM8904_REG_Read
    wm8904.o(i.WM8904_REG_Read) refers to i2c_18xx_43xx.o(i.Chip_I2C_MasterCmdRead) for Chip_I2C_MasterCmdRead
    wm8904.o(i.WM8904_REG_VerifyMult) refers to i2c_18xx_43xx.o(i.Chip_I2C_MasterCmdRead) for Chip_I2C_MasterCmdRead
    wm8904.o(i.WM8904_REG_Write) refers to i2c_18xx_43xx.o(i.Chip_I2C_MasterSend) for Chip_I2C_MasterSend
    wm8904.o(i.WM8904_REG_WriteVerify) refers to wm8904.o(i.WM8904_REG_Write) for WM8904_REG_Write
    wm8904.o(i.WM8904_REG_WriteVerify) refers to wm8904.o(i.WM8904_REG_Read) for WM8904_REG_Read
    clock_18xx_43xx.o(i.Chip_Clock_CalcMainPLLValue) refers to clock_18xx_43xx.o(i.Chip_Clock_GetClockInputHz) for Chip_Clock_GetClockInputHz
    clock_18xx_43xx.o(i.Chip_Clock_CalcMainPLLValue) refers to aeabi_sdiv.o(.text) for __aeabi_uidivmod
    clock_18xx_43xx.o(i.Chip_Clock_CalcMainPLLValue) refers to clock_18xx_43xx.o(i.pll_get_frac) for pll_get_frac
    clock_18xx_43xx.o(i.Chip_Clock_EnableCrystal) refers to board.o(.constdata) for OscRateIn
    clock_18xx_43xx.o(i.Chip_Clock_GetBaseClocktHz) refers to clock_18xx_43xx.o(i.Chip_Clock_GetBaseClock) for Chip_Clock_GetBaseClock
    clock_18xx_43xx.o(i.Chip_Clock_GetBaseClocktHz) refers to clock_18xx_43xx.o(i.Chip_Clock_GetClockInputHz) for Chip_Clock_GetClockInputHz
    clock_18xx_43xx.o(i.Chip_Clock_GetClockInputHz) refers to clock_18xx_43xx.o(i.__ARM_common_switch8) for __ARM_common_switch8
    clock_18xx_43xx.o(i.Chip_Clock_GetClockInputHz) refers to clock_18xx_43xx.o(i.Chip_Clock_GetMainPLLHz) for Chip_Clock_GetMainPLLHz
    clock_18xx_43xx.o(i.Chip_Clock_GetClockInputHz) refers to clock_18xx_43xx.o(i.Chip_Clock_GetDivRate) for Chip_Clock_GetDivRate
    clock_18xx_43xx.o(i.Chip_Clock_GetClockInputHz) refers to clock_18xx_43xx.o(.data) for .data
    clock_18xx_43xx.o(i.Chip_Clock_GetClockInputHz) refers to board.o(.constdata) for ExtRateIn
    clock_18xx_43xx.o(i.Chip_Clock_GetClockInputHz) refers to board.o(.constdata) for OscRateIn
    clock_18xx_43xx.o(i.Chip_Clock_GetDivRate) refers to clock_18xx_43xx.o(i.Chip_Clock_GetDividerSource) for Chip_Clock_GetDividerSource
    clock_18xx_43xx.o(i.Chip_Clock_GetDivRate) refers to clock_18xx_43xx.o(i.Chip_Clock_GetDividerDivisor) for Chip_Clock_GetDividerDivisor
    clock_18xx_43xx.o(i.Chip_Clock_GetDivRate) refers to clock_18xx_43xx.o(i.Chip_Clock_GetClockInputHz) for Chip_Clock_GetClockInputHz
    clock_18xx_43xx.o(i.Chip_Clock_GetDivRate) refers to aeabi_sdiv.o(.text) for __aeabi_uidivmod
    clock_18xx_43xx.o(i.Chip_Clock_GetEMCRate) refers to clock_18xx_43xx.o(i.Chip_Clock_GetRate) for Chip_Clock_GetRate
    clock_18xx_43xx.o(i.Chip_Clock_GetMainPLLHz) refers to clock_18xx_43xx.o(i.Chip_Clock_GetClockInputHz) for Chip_Clock_GetClockInputHz
    clock_18xx_43xx.o(i.Chip_Clock_GetMainPLLHz) refers to aeabi_sdiv.o(.text) for __aeabi_uidivmod
    clock_18xx_43xx.o(i.Chip_Clock_GetRate) refers to clock_18xx_43xx.o(i.Chip_Clock_GetBaseClocktHz) for Chip_Clock_GetBaseClocktHz
    clock_18xx_43xx.o(i.Chip_Clock_GetRate) refers to aeabi_sdiv.o(.text) for __aeabi_uidivmod
    clock_18xx_43xx.o(i.Chip_Clock_GetRate) refers to clock_18xx_43xx.o(.constdata) for .constdata
    clock_18xx_43xx.o(i.Chip_Clock_SetupMainPLLHz) refers to clock_18xx_43xx.o(i.Chip_Clock_GetClockInputHz) for Chip_Clock_GetClockInputHz
    clock_18xx_43xx.o(i.Chip_Clock_SetupMainPLLHz) refers to aeabi_sdiv.o(.text) for __aeabi_uidivmod
    clock_18xx_43xx.o(i.Chip_Clock_SetupMainPLLHz) refers to clock_18xx_43xx.o(i.Chip_Clock_TestMainPLLMultiplier) for Chip_Clock_TestMainPLLMultiplier
    clock_18xx_43xx.o(i.Chip_Clock_SetupMainPLLHz) refers to clock_18xx_43xx.o(i.Chip_Clock_SetupMainPLLMult) for Chip_Clock_SetupMainPLLMult
    clock_18xx_43xx.o(i.Chip_Clock_SetupMainPLLMult) refers to clock_18xx_43xx.o(i.Chip_Clock_GetClockInputHz) for Chip_Clock_GetClockInputHz
    clock_18xx_43xx.o(i.Chip_Clock_SetupPLL) refers to clock_18xx_43xx.o(.data) for .data
    clock_18xx_43xx.o(i.pll_calc_divs) refers to aeabi_sdiv.o(.text) for __aeabi_uidivmod
    clock_18xx_43xx.o(i.pll_calc_divs) refers to clock_18xx_43xx.o(i.ABS) for ABS
    clock_18xx_43xx.o(i.pll_get_frac) refers to rt_memclr.o(.text) for __aeabi_memclr4
    clock_18xx_43xx.o(i.pll_get_frac) refers to clock_18xx_43xx.o(i.pll_calc_divs) for pll_calc_divs
    clock_18xx_43xx.o(i.pll_get_frac) refers to clock_18xx_43xx.o(i.ABS) for ABS
    clock_18xx_43xx.o(i.pll_get_frac) refers to rt_memcpy.o(.emb_text) for __aeabi_memcpy4
    ssp_18xx_43xx.o(i.Chip_SSP_DeInit) refers to ssp_18xx_43xx.o(i.Chip_SSP_GetPeriphClockIndex) for Chip_SSP_GetPeriphClockIndex
    ssp_18xx_43xx.o(i.Chip_SSP_DeInit) refers to clock_18xx_43xx.o(i.Chip_Clock_Disable) for Chip_Clock_Disable
    ssp_18xx_43xx.o(i.Chip_SSP_DeInit) refers to ssp_18xx_43xx.o(i.Chip_SSP_GetClockIndex) for Chip_SSP_GetClockIndex
    ssp_18xx_43xx.o(i.Chip_SSP_Init) refers to ssp_18xx_43xx.o(i.Chip_SSP_GetClockIndex) for Chip_SSP_GetClockIndex
    ssp_18xx_43xx.o(i.Chip_SSP_Init) refers to clock_18xx_43xx.o(i.Chip_Clock_Enable) for Chip_Clock_Enable
    ssp_18xx_43xx.o(i.Chip_SSP_Init) refers to ssp_18xx_43xx.o(i.Chip_SSP_GetPeriphClockIndex) for Chip_SSP_GetPeriphClockIndex
    ssp_18xx_43xx.o(i.Chip_SSP_Init) refers to ssp_18xx_43xx.o(i.Chip_SSP_SetBitRate) for Chip_SSP_SetBitRate
    ssp_18xx_43xx.o(i.Chip_SSP_Int_FlushData) refers to ssp_18xx_43xx.o(i.Chip_SSP_GetStatus) for Chip_SSP_GetStatus
    ssp_18xx_43xx.o(i.Chip_SSP_Int_RWFrames16Bits) refers to ssp_18xx_43xx.o(i.Chip_SSP_GetRawIntStatus) for Chip_SSP_GetRawIntStatus
    ssp_18xx_43xx.o(i.Chip_SSP_Int_RWFrames16Bits) refers to ssp_18xx_43xx.o(i.SSP_Read2BFifo) for SSP_Read2BFifo
    ssp_18xx_43xx.o(i.Chip_SSP_Int_RWFrames16Bits) refers to ssp_18xx_43xx.o(i.Chip_SSP_GetStatus) for Chip_SSP_GetStatus
    ssp_18xx_43xx.o(i.Chip_SSP_Int_RWFrames16Bits) refers to ssp_18xx_43xx.o(i.SSP_Write2BFifo) for SSP_Write2BFifo
    ssp_18xx_43xx.o(i.Chip_SSP_Int_RWFrames8Bits) refers to ssp_18xx_43xx.o(i.Chip_SSP_GetRawIntStatus) for Chip_SSP_GetRawIntStatus
    ssp_18xx_43xx.o(i.Chip_SSP_Int_RWFrames8Bits) refers to ssp_18xx_43xx.o(i.SSP_Read1BFifo) for SSP_Read1BFifo
    ssp_18xx_43xx.o(i.Chip_SSP_Int_RWFrames8Bits) refers to ssp_18xx_43xx.o(i.Chip_SSP_GetStatus) for Chip_SSP_GetStatus
    ssp_18xx_43xx.o(i.Chip_SSP_Int_RWFrames8Bits) refers to ssp_18xx_43xx.o(i.SSP_Write1BFifo) for SSP_Write1BFifo
    ssp_18xx_43xx.o(i.Chip_SSP_RWFrames_Blocking) refers to ssp_18xx_43xx.o(i.Chip_SSP_GetStatus) for Chip_SSP_GetStatus
    ssp_18xx_43xx.o(i.Chip_SSP_RWFrames_Blocking) refers to ssp_18xx_43xx.o(i.SSP_Write2BFifo) for SSP_Write2BFifo
    ssp_18xx_43xx.o(i.Chip_SSP_RWFrames_Blocking) refers to ssp_18xx_43xx.o(i.Chip_SSP_GetRawIntStatus) for Chip_SSP_GetRawIntStatus
    ssp_18xx_43xx.o(i.Chip_SSP_RWFrames_Blocking) refers to ssp_18xx_43xx.o(i.SSP_Read2BFifo) for SSP_Read2BFifo
    ssp_18xx_43xx.o(i.Chip_SSP_RWFrames_Blocking) refers to ssp_18xx_43xx.o(i.SSP_Write1BFifo) for SSP_Write1BFifo
    ssp_18xx_43xx.o(i.Chip_SSP_RWFrames_Blocking) refers to ssp_18xx_43xx.o(i.SSP_Read1BFifo) for SSP_Read1BFifo
    ssp_18xx_43xx.o(i.Chip_SSP_ReadFrames_Blocking) refers to ssp_18xx_43xx.o(i.Chip_SSP_GetStatus) for Chip_SSP_GetStatus
    ssp_18xx_43xx.o(i.Chip_SSP_ReadFrames_Blocking) refers to ssp_18xx_43xx.o(i.Chip_SSP_GetRawIntStatus) for Chip_SSP_GetRawIntStatus
    ssp_18xx_43xx.o(i.Chip_SSP_SetBitRate) refers to ssp_18xx_43xx.o(i.Chip_SSP_GetPeriphClockIndex) for Chip_SSP_GetPeriphClockIndex
    ssp_18xx_43xx.o(i.Chip_SSP_SetBitRate) refers to clock_18xx_43xx.o(i.Chip_Clock_GetRate) for Chip_Clock_GetRate
    ssp_18xx_43xx.o(i.Chip_SSP_SetBitRate) refers to aeabi_sdiv.o(.text) for __aeabi_uidivmod
    ssp_18xx_43xx.o(i.Chip_SSP_SetBitRate) refers to ssp_18xx_43xx.o(i.Chip_SSP_SetClockRate) for Chip_SSP_SetClockRate
    ssp_18xx_43xx.o(i.Chip_SSP_WriteFrames_Blocking) refers to ssp_18xx_43xx.o(i.Chip_SSP_GetStatus) for Chip_SSP_GetStatus
    ssp_18xx_43xx.o(i.Chip_SSP_WriteFrames_Blocking) refers to ssp_18xx_43xx.o(i.Chip_SSP_GetRawIntStatus) for Chip_SSP_GetRawIntStatus
    ssp_18xx_43xx.o(i.SSP_Read1BFifo) refers to ssp_18xx_43xx.o(i.Chip_SSP_GetStatus) for Chip_SSP_GetStatus
    ssp_18xx_43xx.o(i.SSP_Read2BFifo) refers to ssp_18xx_43xx.o(i.Chip_SSP_GetStatus) for Chip_SSP_GetStatus
    uart_18xx_43xx.o(i.Chip_UART_DeInit) refers to uart_18xx_43xx.o(i.Chip_UART_GetIndex) for Chip_UART_GetIndex
    uart_18xx_43xx.o(i.Chip_UART_DeInit) refers to clock_18xx_43xx.o(i.Chip_Clock_Disable) for Chip_Clock_Disable
    uart_18xx_43xx.o(i.Chip_UART_DeInit) refers to uart_18xx_43xx.o(.constdata) for .constdata
    uart_18xx_43xx.o(i.Chip_UART_GetABEOStatus) refers to uart_18xx_43xx.o(.data) for .data
    uart_18xx_43xx.o(i.Chip_UART_IRQRBHandler) refers to uart_18xx_43xx.o(i.Chip_UART_TXIntHandlerRB) for Chip_UART_TXIntHandlerRB
    uart_18xx_43xx.o(i.Chip_UART_IRQRBHandler) refers to uart_18xx_43xx.o(i.RingBuffer_IsEmpty) for RingBuffer_IsEmpty
    uart_18xx_43xx.o(i.Chip_UART_IRQRBHandler) refers to uart_18xx_43xx.o(i.Chip_UART_RXIntHandlerRB) for Chip_UART_RXIntHandlerRB
    uart_18xx_43xx.o(i.Chip_UART_IRQRBHandler) refers to uart_18xx_43xx.o(.data) for .data
    uart_18xx_43xx.o(i.Chip_UART_Init) refers to uart_18xx_43xx.o(i.Chip_UART_GetIndex) for Chip_UART_GetIndex
    uart_18xx_43xx.o(i.Chip_UART_Init) refers to clock_18xx_43xx.o(i.Chip_Clock_EnableOpts) for Chip_Clock_EnableOpts
    uart_18xx_43xx.o(i.Chip_UART_Init) refers to uart_18xx_43xx.o(.constdata) for .constdata
    uart_18xx_43xx.o(i.Chip_UART_RXIntHandlerRB) refers to ring_buffer.o(i.RingBuffer_Insert) for RingBuffer_Insert
    uart_18xx_43xx.o(i.Chip_UART_ReadBlocking) refers to uart_18xx_43xx.o(i.Chip_UART_Read) for Chip_UART_Read
    uart_18xx_43xx.o(i.Chip_UART_ReadRB) refers to ring_buffer.o(i.RingBuffer_PopMult) for RingBuffer_PopMult
    uart_18xx_43xx.o(i.Chip_UART_SendBlocking) refers to uart_18xx_43xx.o(i.Chip_UART_Send) for Chip_UART_Send
    uart_18xx_43xx.o(i.Chip_UART_SendRB) refers to ring_buffer.o(i.RingBuffer_InsertMult) for RingBuffer_InsertMult
    uart_18xx_43xx.o(i.Chip_UART_SendRB) refers to uart_18xx_43xx.o(i.Chip_UART_TXIntHandlerRB) for Chip_UART_TXIntHandlerRB
    uart_18xx_43xx.o(i.Chip_UART_SetBaud) refers to uart_18xx_43xx.o(i.Chip_UART_GetIndex) for Chip_UART_GetIndex
    uart_18xx_43xx.o(i.Chip_UART_SetBaud) refers to clock_18xx_43xx.o(i.Chip_Clock_GetRate) for Chip_Clock_GetRate
    uart_18xx_43xx.o(i.Chip_UART_SetBaud) refers to aeabi_sdiv.o(.text) for __aeabi_uidivmod
    uart_18xx_43xx.o(i.Chip_UART_SetBaud) refers to uart_18xx_43xx.o(.constdata) for .constdata
    uart_18xx_43xx.o(i.Chip_UART_SetBaudFDR) refers to uart_18xx_43xx.o(i.Chip_UART_GetIndex) for Chip_UART_GetIndex
    uart_18xx_43xx.o(i.Chip_UART_SetBaudFDR) refers to clock_18xx_43xx.o(i.Chip_Clock_GetRate) for Chip_Clock_GetRate
    uart_18xx_43xx.o(i.Chip_UART_SetBaudFDR) refers to llmul.o(.text) for __aeabi_lmul
    uart_18xx_43xx.o(i.Chip_UART_SetBaudFDR) refers to lludiv.o(.text) for __aeabi_uldivmod
    uart_18xx_43xx.o(i.Chip_UART_SetBaudFDR) refers to aeabi_sdiv.o(.text) for __aeabi_uidivmod
    uart_18xx_43xx.o(i.Chip_UART_SetBaudFDR) refers to uart_18xx_43xx.o(.constdata) for .constdata
    uart_18xx_43xx.o(i.Chip_UART_TXIntHandlerRB) refers to ring_buffer.o(i.RingBuffer_Pop) for RingBuffer_Pop
    uart_18xx_43xx.o(i.Chip_UART_TXIntHandlerRB) refers to uart_18xx_43xx.o(i.RingBuffer_IsEmpty) for RingBuffer_IsEmpty
    sys_command.o(.text) refers (Special) to use_no_semi.o(.text) for __I$use$semihosting
    sys_command.o(.text) refers (Special) to indicate_semi.o(.text) for __semihosting_library_function
    defsig_rtmem_outer.o(.text) refers to defsig_rtmem_inner.o(.text) for __rt_SIGRTMEM_inner
    defsig_rtmem_outer.o(.text) refers to defsig_exit.o(.text) for __sig_exit
    defsig_rtmem_formal.o(.text) refers to rt_raise.o(.text) for __rt_raise
    rt_memcpy.o(.text) refers to rt_memcpy.o(.emb_text) for __aeabi_memcpy4
    ring_buffer.o(i.RingBuffer_Insert) refers to ring_buffer.o(i.RingBuffer_IsFull) for RingBuffer_IsFull
    ring_buffer.o(i.RingBuffer_Insert) refers to rt_memcpy.o(.text) for __aeabi_memcpy
    ring_buffer.o(i.RingBuffer_InsertMult) refers to ring_buffer.o(i.RingBuffer_IsFull) for RingBuffer_IsFull
    ring_buffer.o(i.RingBuffer_InsertMult) refers to rt_memcpy.o(.text) for __aeabi_memcpy
    ring_buffer.o(i.RingBuffer_Pop) refers to ring_buffer.o(i.RingBuffer_IsEmpty) for RingBuffer_IsEmpty
    ring_buffer.o(i.RingBuffer_Pop) refers to rt_memcpy.o(.text) for __aeabi_memcpy
    ring_buffer.o(i.RingBuffer_PopMult) refers to ring_buffer.o(i.RingBuffer_IsEmpty) for RingBuffer_IsEmpty
    ring_buffer.o(i.RingBuffer_PopMult) refers to rt_memcpy.o(.text) for __aeabi_memcpy
    i2c_18xx_43xx.o(i.Chip_I2C_DeInit) refers to clock_18xx_43xx.o(i.Chip_Clock_Disable) for Chip_Clock_Disable
    i2c_18xx_43xx.o(i.Chip_I2C_DeInit) refers to i2c_18xx_43xx.o(.data) for .data
    i2c_18xx_43xx.o(i.Chip_I2C_Disable) refers to i2c_18xx_43xx.o(.data) for .data
    i2c_18xx_43xx.o(i.Chip_I2C_EventHandler) refers to i2c_18xx_43xx.o(.data) for .data
    i2c_18xx_43xx.o(i.Chip_I2C_EventHandlerPolling) refers to i2c_18xx_43xx.o(i.Chip_I2C_IsStateChanged) for Chip_I2C_IsStateChanged
    i2c_18xx_43xx.o(i.Chip_I2C_EventHandlerPolling) refers to i2c_18xx_43xx.o(i.Chip_I2C_MasterStateHandler) for Chip_I2C_MasterStateHandler
    i2c_18xx_43xx.o(i.Chip_I2C_EventHandlerPolling) refers to i2c_18xx_43xx.o(.data) for .data
    i2c_18xx_43xx.o(i.Chip_I2C_GetClockRate) refers to i2c_18xx_43xx.o(i.getClkRate) for getClkRate
    i2c_18xx_43xx.o(i.Chip_I2C_GetClockRate) refers to aeabi_sdiv.o(.text) for __aeabi_uidivmod
    i2c_18xx_43xx.o(i.Chip_I2C_GetClockRate) refers to i2c_18xx_43xx.o(.data) for .data
    i2c_18xx_43xx.o(i.Chip_I2C_GetMasterEventHandler) refers to i2c_18xx_43xx.o(.data) for .data
    i2c_18xx_43xx.o(i.Chip_I2C_Init) refers to clock_18xx_43xx.o(i.Chip_Clock_Enable) for Chip_Clock_Enable
    i2c_18xx_43xx.o(i.Chip_I2C_Init) refers to i2c_18xx_43xx.o(.data) for .data
    i2c_18xx_43xx.o(i.Chip_I2C_IsMasterActive) refers to i2c_18xx_43xx.o(i.getCurState) for getCurState
    i2c_18xx_43xx.o(i.Chip_I2C_IsMasterActive) refers to i2c_18xx_43xx.o(.data) for .data
    i2c_18xx_43xx.o(i.Chip_I2C_IsStateChanged) refers to i2c_18xx_43xx.o(.data) for .data
    i2c_18xx_43xx.o(i.Chip_I2C_MasterCmdRead) refers to rt_memclr.o(.text) for __aeabi_memclr4
    i2c_18xx_43xx.o(i.Chip_I2C_MasterCmdRead) refers to i2c_18xx_43xx.o(i.Chip_I2C_MasterTransfer) for Chip_I2C_MasterTransfer
    i2c_18xx_43xx.o(i.Chip_I2C_MasterRead) refers to rt_memclr.o(.text) for __aeabi_memclr4
    i2c_18xx_43xx.o(i.Chip_I2C_MasterRead) refers to i2c_18xx_43xx.o(i.Chip_I2C_MasterTransfer) for Chip_I2C_MasterTransfer
    i2c_18xx_43xx.o(i.Chip_I2C_MasterSend) refers to rt_memclr.o(.text) for __aeabi_memclr4
    i2c_18xx_43xx.o(i.Chip_I2C_MasterSend) refers to i2c_18xx_43xx.o(i.Chip_I2C_MasterTransfer) for Chip_I2C_MasterTransfer
    i2c_18xx_43xx.o(i.Chip_I2C_MasterStateHandler) refers to i2c_18xx_43xx.o(i.handleMasterXferState) for handleMasterXferState
    i2c_18xx_43xx.o(i.Chip_I2C_MasterStateHandler) refers to i2c_18xx_43xx.o(.data) for .data
    i2c_18xx_43xx.o(i.Chip_I2C_MasterTransfer) refers to i2c_18xx_43xx.o(.data) for .data
    i2c_18xx_43xx.o(i.Chip_I2C_SetClockRate) refers to i2c_18xx_43xx.o(i.getClkRate) for getClkRate
    i2c_18xx_43xx.o(i.Chip_I2C_SetClockRate) refers to aeabi_sdiv.o(.text) for __aeabi_uidivmod
    i2c_18xx_43xx.o(i.Chip_I2C_SetClockRate) refers to i2c_18xx_43xx.o(.data) for .data
    i2c_18xx_43xx.o(i.Chip_I2C_SetMasterEventHandler) refers to i2c_18xx_43xx.o(.data) for .data
    i2c_18xx_43xx.o(i.Chip_I2C_SlaveSetup) refers to i2c_18xx_43xx.o(.data) for .data
    i2c_18xx_43xx.o(i.Chip_I2C_SlaveSetup) refers to i2c_18xx_43xx.o(.bss) for .bss
    i2c_18xx_43xx.o(i.Chip_I2C_SlaveStateHandler) refers to i2c_18xx_43xx.o(i.getSlaveIndex) for getSlaveIndex
    i2c_18xx_43xx.o(i.Chip_I2C_SlaveStateHandler) refers to i2c_18xx_43xx.o(i.handleSlaveXferState) for handleSlaveXferState
    i2c_18xx_43xx.o(i.Chip_I2C_SlaveStateHandler) refers to i2c_18xx_43xx.o(.data) for .data
    i2c_18xx_43xx.o(i.Chip_I2C_SlaveStateHandler) refers to i2c_18xx_43xx.o(.bss) for .bss
    i2c_18xx_43xx.o(i.getClkRate) refers to clock_18xx_43xx.o(i.Chip_Clock_GetRate) for Chip_Clock_GetRate
    i2c_18xx_43xx.o(i.getClkRate) refers to i2c_18xx_43xx.o(.data) for .data
    i2c_18xx_43xx.o(i.getSlaveIndex) refers to i2c_18xx_43xx.o(i.lookupSlaveIndex) for lookupSlaveIndex
    i2c_18xx_43xx.o(i.handleMasterXferState) refers to clock_18xx_43xx.o(i.__ARM_common_switch8) for __ARM_common_switch8
    i2c_18xx_43xx.o(i.handleSlaveXferState) refers to clock_18xx_43xx.o(i.__ARM_common_switch8) for __ARM_common_switch8
    i2c_18xx_43xx.o(i.lookupSlaveIndex) refers to i2c_18xx_43xx.o(i.isSlaveAddrMatching) for isSlaveAddrMatching
    i2c_18xx_43xx.o(.data) refers to i2c_18xx_43xx.o(i.Chip_I2C_EventHandler) for Chip_I2C_EventHandler
    rt_raise.o(.text) refers to __raise.o(.text) for __raise
    rt_raise.o(.text) refers to board.o(i._sys_exit) for _sys_exit
    defsig_exit.o(.text) refers to board.o(i._sys_exit) for _sys_exit
    defsig_rtmem_inner.o(.text) refers to defsig_general.o(.text) for __default_signal_display
    aeabi_idiv0_sigfpe.o(.text) refers to rt_div0.o(.text) for __rt_div0
    aeabi_ldiv0_sigfpe.o(.text) refers to rt_div0.o(.text) for __rt_div0
    __raise.o(.text) refers to defsig.o(CL$$defsig) for __default_signal_handler
    defsig_general.o(.text) refers to sys_wrch.o(.text) for _ttywrch
    sys_wrch.o(.text) refers (Special) to use_no_semi.o(.text) for __I$use$semihosting
    sys_wrch.o(.text) refers (Special) to indicate_semi.o(.text) for __semihosting_library_function
    rt_div0.o(.text) refers to defsig_fpe_outer.o(.text) for __rt_SIGFPE
    defsig.o(CL$$defsig) refers to defsig_fpe_inner.o(.text) for __rt_SIGFPE_inner
    defsig.o(CL$$defsig) refers to defsig_rtmem_inner.o(.text) for __rt_SIGRTMEM_inner
    defsig_abrt_inner.o(.text) refers to defsig_general.o(.text) for __default_signal_display
    defsig_fpe_inner.o(.text) refers to defsig_general.o(.text) for __default_signal_display
    defsig_fpe_outer.o(.text) refers to defsig_fpe_inner.o(.text) for __rt_SIGFPE_inner
    defsig_fpe_outer.o(.text) refers to defsig_exit.o(.text) for __sig_exit
    defsig_fpe_formal.o(.text) refers to rt_raise.o(.text) for __rt_raise
    defsig_rtred_inner.o(.text) refers to defsig_general.o(.text) for __default_signal_display
    defsig_stak_inner.o(.text) refers to defsig_general.o(.text) for __default_signal_display
    defsig_pvfn_inner.o(.text) refers to defsig_general.o(.text) for __default_signal_display
    defsig_cppl_inner.o(.text) refers to defsig_general.o(.text) for __default_signal_display
    defsig_segv_inner.o(.text) refers to defsig_general.o(.text) for __default_signal_display
    defsig_other.o(.text) refers to defsig_general.o(.text) for __default_signal_display


==============================================================================

Removing Unused input sections from the image.

    Removing main.o(.rev16_text), (4 bytes).
    Removing main.o(.revsh_text), (4 bytes).
    Removing sysinit.o(.rev16_text), (4 bytes).
    Removing sysinit.o(.revsh_text), (4 bytes).
    Removing board.o(.rev16_text), (4 bytes).
    Removing board.o(.revsh_text), (4 bytes).
    Removing board.o(i.Board_Audio_Init), (100 bytes).
    Removing board.o(i.Board_Buttons_Init), (28 bytes).
    Removing board.o(i.Board_DAC_Init), (16 bytes).
    Removing board.o(i.Board_Debug_Init), (40 bytes).
    Removing board.o(i.Board_ENET_GetMacADDR), (28 bytes).
    Removing board.o(i.Board_I2C_Init), (44 bytes).
    Removing board.o(i.Board_Init), (76 bytes).
    Removing board.o(i.Board_Joystick_Init), (2 bytes).
    Removing board.o(i.Board_LCD_Init), (120 bytes).
    Removing board.o(i.Board_LCD_WriteData), (36 bytes).
    Removing board.o(i.Board_LED_Set), (40 bytes).
    Removing board.o(i.Board_LED_Test), (40 bytes).
    Removing board.o(i.Board_LED_Toggle), (20 bytes).
    Removing board.o(i.Board_SDMMC_Init), (76 bytes).
    Removing board.o(i.Board_SSP_Init), (88 bytes).
    Removing board.o(i.Board_UARTGetChar), (24 bytes).
    Removing board.o(i.Board_UARTPutChar), (16 bytes).
    Removing board.o(i.Board_UARTPutSTR), (20 bytes).
    Removing board.o(i.Board_UART_Init), (24 bytes).
    Removing board.o(i.Buttons_GetStatus), (28 bytes).
    Removing board.o(i.Chip_GPIO_GetPinState), (14 bytes).
    Removing board.o(i.Chip_GPIO_SetPinDIROutput), (22 bytes).
    Removing board.o(i.Chip_SCU_PinMuxSet), (20 bytes).
    Removing board.o(i.Joystick_GetStatus), (4 bytes).
    Removing board.o(i._sys_open), (4 bytes).
    Removing board.o(i.ferror), (6 bytes).
    Removing board.o(i.fgetc), (8 bytes).
    Removing board.o(i.fputc), (12 bytes).
    Removing board.o(.constdata), (4 bytes).
    Removing board.o(.constdata), (4 bytes).
    Removing board.o(.constdata), (6 bytes).
    Removing board.o(.data), (4 bytes).
    Removing board.o(.data), (4 bytes).
    Removing board.o(.data), (4 bytes).
    Removing board.o(.data), (4 bytes).
    Removing wm8904.o(.rev16_text), (4 bytes).
    Removing wm8904.o(.revsh_text), (4 bytes).
    Removing wm8904.o(i.WM8904_Init), (96 bytes).
    Removing wm8904.o(i.WM8904_MultiRegWrite), (70 bytes).
    Removing wm8904.o(i.WM8904_REG_Read), (34 bytes).
    Removing wm8904.o(i.WM8904_REG_VerifyMult), (56 bytes).
    Removing wm8904.o(i.WM8904_REG_Write), (24 bytes).
    Removing wm8904.o(i.WM8904_REG_WriteVerify), (28 bytes).
    Removing wm8904.o(.constdata), (8 bytes).
    Removing wm8904.o(.constdata), (120 bytes).
    Removing wm8904.o(.constdata), (16 bytes).
    Removing clock_18xx_43xx.o(.rev16_text), (4 bytes).
    Removing clock_18xx_43xx.o(.revsh_text), (4 bytes).
    Removing clock_18xx_43xx.o(i.ABS), (8 bytes).
    Removing clock_18xx_43xx.o(i.Chip_Clock_CalcMainPLLValue), (124 bytes).
    Removing clock_18xx_43xx.o(i.Chip_Clock_ClearPowerDown), (20 bytes).
    Removing clock_18xx_43xx.o(i.Chip_Clock_Disable), (48 bytes).
    Removing clock_18xx_43xx.o(i.Chip_Clock_DisableBaseClock), (24 bytes).
    Removing clock_18xx_43xx.o(i.Chip_Clock_DisableCrystal), (16 bytes).
    Removing clock_18xx_43xx.o(i.Chip_Clock_DisablePLL), (20 bytes).
    Removing clock_18xx_43xx.o(i.Chip_Clock_Enable), (44 bytes).
    Removing clock_18xx_43xx.o(i.Chip_Clock_EnableBaseClock), (24 bytes).
    Removing clock_18xx_43xx.o(i.Chip_Clock_EnableCrystal), (68 bytes).
    Removing clock_18xx_43xx.o(i.Chip_Clock_EnableOpts), (60 bytes).
    Removing clock_18xx_43xx.o(i.Chip_Clock_EnablePLL), (20 bytes).
    Removing clock_18xx_43xx.o(i.Chip_Clock_GetBaseClock), (32 bytes).
    Removing clock_18xx_43xx.o(i.Chip_Clock_GetBaseClockOpts), (52 bytes).
    Removing clock_18xx_43xx.o(i.Chip_Clock_GetBaseClocktHz), (12 bytes).
    Removing clock_18xx_43xx.o(i.Chip_Clock_GetClockInputHz), (156 bytes).
    Removing clock_18xx_43xx.o(i.Chip_Clock_GetDivRate), (34 bytes).
    Removing clock_18xx_43xx.o(i.Chip_Clock_GetDividerDivisor), (32 bytes).
    Removing clock_18xx_43xx.o(i.Chip_Clock_GetDividerSource), (28 bytes).
    Removing clock_18xx_43xx.o(i.Chip_Clock_GetEMCRate), (40 bytes).
    Removing clock_18xx_43xx.o(i.Chip_Clock_GetMainPLLHz), (104 bytes).
    Removing clock_18xx_43xx.o(i.Chip_Clock_GetPLLStatus), (16 bytes).
    Removing clock_18xx_43xx.o(i.Chip_Clock_GetRate), (116 bytes).
    Removing clock_18xx_43xx.o(i.Chip_Clock_IsBaseClockEnabled), (28 bytes).
    Removing clock_18xx_43xx.o(i.Chip_Clock_RTCEnable), (24 bytes).
    Removing clock_18xx_43xx.o(i.Chip_Clock_SetBaseClock), (60 bytes).
    Removing clock_18xx_43xx.o(i.Chip_Clock_SetDivider), (68 bytes).
    Removing clock_18xx_43xx.o(i.Chip_Clock_SetupMainPLLHz), (156 bytes).
    Removing clock_18xx_43xx.o(i.Chip_Clock_SetupMainPLLMult), (144 bytes).
    Removing clock_18xx_43xx.o(i.Chip_Clock_SetupPLL), (52 bytes).
    Removing clock_18xx_43xx.o(i.Chip_Clock_StartPowerDown), (20 bytes).
    Removing clock_18xx_43xx.o(i.Chip_Clock_TestMainPLLMultiplier), (24 bytes).
    Removing clock_18xx_43xx.o(i.pll_calc_divs), (176 bytes).
    Removing clock_18xx_43xx.o(i.pll_get_frac), (180 bytes).
    Removing clock_18xx_43xx.o(.constdata), (108 bytes).
    Removing clock_18xx_43xx.o(.data), (8 bytes).
    Removing gpio_18xx_43xx.o(.rev16_text), (4 bytes).
    Removing gpio_18xx_43xx.o(.revsh_text), (4 bytes).
    Removing gpio_18xx_43xx.o(i.Chip_GPIO_DeInit), (2 bytes).
    Removing gpio_18xx_43xx.o(i.Chip_GPIO_Init), (2 bytes).
    Removing ssp_18xx_43xx.o(.rev16_text), (4 bytes).
    Removing ssp_18xx_43xx.o(.revsh_text), (4 bytes).
    Removing ssp_18xx_43xx.o(i.Chip_SSP_DeInit), (34 bytes).
    Removing ssp_18xx_43xx.o(i.Chip_SSP_GetClockIndex), (20 bytes).
    Removing ssp_18xx_43xx.o(i.Chip_SSP_GetPeriphClockIndex), (24 bytes).
    Removing ssp_18xx_43xx.o(i.Chip_SSP_GetRawIntStatus), (10 bytes).
    Removing ssp_18xx_43xx.o(i.Chip_SSP_GetStatus), (10 bytes).
    Removing ssp_18xx_43xx.o(i.Chip_SSP_Init), (56 bytes).
    Removing ssp_18xx_43xx.o(i.Chip_SSP_Int_FlushData), (42 bytes).
    Removing ssp_18xx_43xx.o(i.Chip_SSP_Int_RWFrames16Bits), (86 bytes).
    Removing ssp_18xx_43xx.o(i.Chip_SSP_Int_RWFrames8Bits), (86 bytes).
    Removing ssp_18xx_43xx.o(i.Chip_SSP_RWFrames_Blocking), (188 bytes).
    Removing ssp_18xx_43xx.o(i.Chip_SSP_ReadFrames_Blocking), (208 bytes).
    Removing ssp_18xx_43xx.o(i.Chip_SSP_SetBitRate), (66 bytes).
    Removing ssp_18xx_43xx.o(i.Chip_SSP_SetClockRate), (22 bytes).
    Removing ssp_18xx_43xx.o(i.Chip_SSP_SetMaster), (20 bytes).
    Removing ssp_18xx_43xx.o(i.Chip_SSP_WriteFrames_Blocking), (198 bytes).
    Removing ssp_18xx_43xx.o(i.SSP_Read1BFifo), (48 bytes).
    Removing ssp_18xx_43xx.o(i.SSP_Read2BFifo), (48 bytes).
    Removing ssp_18xx_43xx.o(i.SSP_Write1BFifo), (24 bytes).
    Removing ssp_18xx_43xx.o(i.SSP_Write2BFifo), (28 bytes).
    Removing uart_18xx_43xx.o(.rev16_text), (4 bytes).
    Removing uart_18xx_43xx.o(.revsh_text), (4 bytes).
    Removing uart_18xx_43xx.o(i.Chip_UART_ABCmd), (56 bytes).
    Removing uart_18xx_43xx.o(i.Chip_UART_CheckBusy), (14 bytes).
    Removing uart_18xx_43xx.o(i.Chip_UART_DeInit), (28 bytes).
    Removing uart_18xx_43xx.o(i.Chip_UART_GetABEOStatus), (12 bytes).
    Removing uart_18xx_43xx.o(i.Chip_UART_GetIndex), (48 bytes).
    Removing uart_18xx_43xx.o(i.Chip_UART_IRQRBHandler), (112 bytes).
    Removing uart_18xx_43xx.o(i.Chip_UART_Init), (76 bytes).
    Removing uart_18xx_43xx.o(i.Chip_UART_RXIntHandlerRB), (28 bytes).
    Removing uart_18xx_43xx.o(i.Chip_UART_Read), (28 bytes).
    Removing uart_18xx_43xx.o(i.Chip_UART_ReadBlocking), (36 bytes).
    Removing uart_18xx_43xx.o(i.Chip_UART_ReadRB), (16 bytes).
    Removing uart_18xx_43xx.o(i.Chip_UART_Send), (28 bytes).
    Removing uart_18xx_43xx.o(i.Chip_UART_SendBlocking), (36 bytes).
    Removing uart_18xx_43xx.o(i.Chip_UART_SendRB), (62 bytes).
    Removing uart_18xx_43xx.o(i.Chip_UART_SetBaud), (72 bytes).
    Removing uart_18xx_43xx.o(i.Chip_UART_SetBaudFDR), (208 bytes).
    Removing uart_18xx_43xx.o(i.Chip_UART_TXIntHandlerRB), (52 bytes).
    Removing uart_18xx_43xx.o(i.RingBuffer_IsEmpty), (16 bytes).
    Removing uart_18xx_43xx.o(.constdata), (16 bytes).
    Removing uart_18xx_43xx.o(.data), (1 bytes).
    Removing ring_buffer.o(i.RingBuffer_Init), (14 bytes).
    Removing ring_buffer.o(i.RingBuffer_Insert), (50 bytes).
    Removing ring_buffer.o(i.RingBuffer_InsertMult), (130 bytes).
    Removing ring_buffer.o(i.RingBuffer_IsEmpty), (16 bytes).
    Removing ring_buffer.o(i.RingBuffer_IsFull), (20 bytes).
    Removing ring_buffer.o(i.RingBuffer_Pop), (50 bytes).
    Removing ring_buffer.o(i.RingBuffer_PopMult), (128 bytes).
    Removing i2c_18xx_43xx.o(.rev16_text), (4 bytes).
    Removing i2c_18xx_43xx.o(.revsh_text), (4 bytes).
    Removing i2c_18xx_43xx.o(i.Chip_I2C_DeInit), (28 bytes).
    Removing i2c_18xx_43xx.o(i.Chip_I2C_Disable), (20 bytes).
    Removing i2c_18xx_43xx.o(i.Chip_I2C_EventHandler), (28 bytes).
    Removing i2c_18xx_43xx.o(i.Chip_I2C_EventHandlerPolling), (52 bytes).
    Removing i2c_18xx_43xx.o(i.Chip_I2C_GetClockRate), (36 bytes).
    Removing i2c_18xx_43xx.o(i.Chip_I2C_GetMasterEventHandler), (16 bytes).
    Removing i2c_18xx_43xx.o(i.Chip_I2C_Init), (32 bytes).
    Removing i2c_18xx_43xx.o(i.Chip_I2C_IsMasterActive), (32 bytes).
    Removing i2c_18xx_43xx.o(i.Chip_I2C_IsStateChanged), (20 bytes).
    Removing i2c_18xx_43xx.o(i.Chip_I2C_MasterCmdRead), (56 bytes).
    Removing i2c_18xx_43xx.o(i.Chip_I2C_MasterRead), (48 bytes).
    Removing i2c_18xx_43xx.o(i.Chip_I2C_MasterSend), (48 bytes).
    Removing i2c_18xx_43xx.o(i.Chip_I2C_MasterStateHandler), (44 bytes).
    Removing i2c_18xx_43xx.o(i.Chip_I2C_MasterTransfer), (100 bytes).
    Removing i2c_18xx_43xx.o(i.Chip_I2C_SetClockRate), (44 bytes).
    Removing i2c_18xx_43xx.o(i.Chip_I2C_SetMasterEventHandler), (36 bytes).
    Removing i2c_18xx_43xx.o(i.Chip_I2C_SlaveSetup), (112 bytes).
    Removing i2c_18xx_43xx.o(i.Chip_I2C_SlaveStateHandler), (100 bytes).
    Removing i2c_18xx_43xx.o(i.getClkRate), (24 bytes).
    Removing i2c_18xx_43xx.o(i.getCurState), (8 bytes).
    Removing i2c_18xx_43xx.o(i.getSlaveIndex), (50 bytes).
    Removing i2c_18xx_43xx.o(i.handleMasterXferState), (192 bytes).
    Removing i2c_18xx_43xx.o(i.handleSlaveXferState), (154 bytes).
    Removing i2c_18xx_43xx.o(i.isSlaveAddrMatching), (20 bytes).
    Removing i2c_18xx_43xx.o(i.lookupSlaveIndex), (96 bytes).
    Removing i2c_18xx_43xx.o(.bss), (80 bytes).
    Removing i2c_18xx_43xx.o(.data), (56 bytes).
    Removing clock_18xx_43xx.o(i.__ARM_common_switch8), (26 bytes).

174 unused section(s) (total 7789 bytes) removed from the image.

==============================================================================

Image Symbol Table

    Local Symbols

    Symbol Name                              Value     Ov Type        Size  Object(Section)

    ../clib/angel/boardlib.s                 0x00000000   Number         0  boardinit2.o ABSOLUTE
    ../clib/angel/boardlib.s                 0x00000000   Number         0  boardinit1.o ABSOLUTE
    ../clib/angel/boardlib.s                 0x00000000   Number         0  boardinit3.o ABSOLUTE
    ../clib/angel/boardlib.s                 0x00000000   Number         0  boardshut.o ABSOLUTE
    ../clib/angel/handlers.s                 0x00000000   Number         0  __scatter_zi.o ABSOLUTE
    ../clib/angel/kernel.s                   0x00000000   Number         0  __rtentry4.o ABSOLUTE
    ../clib/angel/kernel.s                   0x00000000   Number         0  rtexit.o ABSOLUTE
    ../clib/angel/kernel.s                   0x00000000   Number         0  rtexit2.o ABSOLUTE
    ../clib/angel/kernel.s                   0x00000000   Number         0  __rtentry.o ABSOLUTE
    ../clib/angel/kernel.s                   0x00000000   Number         0  __rtentry2.o ABSOLUTE
    ../clib/angel/rt.s                       0x00000000   Number         0  aeabi_ldiv0.o ABSOLUTE
    ../clib/angel/rt.s                       0x00000000   Number         0  aeabi_idiv0_sigfpe.o ABSOLUTE
    ../clib/angel/rt.s                       0x00000000   Number         0  aeabi_idiv0.o ABSOLUTE
    ../clib/angel/rt.s                       0x00000000   Number         0  rt_raise.o ABSOLUTE
    ../clib/angel/rt.s                       0x00000000   Number         0  rt_div0.o ABSOLUTE
    ../clib/angel/rt.s                       0x00000000   Number         0  aeabi_ldiv0_sigfpe.o ABSOLUTE
    ../clib/angel/scatterp.s                 0x00000000   Number         0  __scatter.o ABSOLUTE
    ../clib/angel/startup.s                  0x00000000   Number         0  __main.o ABSOLUTE
    ../clib/angel/sys.s                      0x00000000   Number         0  indicate_semi.o ABSOLUTE
    ../clib/angel/sys.s                      0x00000000   Number         0  sys_stackheap_outer.o ABSOLUTE
    ../clib/angel/sys.s                      0x00000000   Number         0  use_no_semi.o ABSOLUTE
    ../clib/angel/sys.s                      0x00000000   Number         0  tempstk.o ABSOLUTE
    ../clib/angel/sys.s                      0x00000000   Number         0  libspace.o ABSOLUTE
    ../clib/angel/sysapp.c                   0x00000000   Number         0  sys_command.o ABSOLUTE
    ../clib/angel/sysapp.c                   0x00000000   Number         0  sys_wrch.o ABSOLUTE
    ../clib/armsys.c                         0x00000000   Number         0  no_argv.o ABSOLUTE
    ../clib/armsys.c                         0x00000000   Number         0  argv_veneer.o ABSOLUTE
    ../clib/armsys.c                         0x00000000   Number         0  _get_argv_nomalloc.o ABSOLUTE
    ../clib/division.c                       0x00000000   Number         0  lludiv.o ABSOLUTE
    ../clib/division.s                       0x00000000   Number         0  aeabi_sdiv.o ABSOLUTE
    ../clib/division.s                       0x00000000   Number         0  aeabi_sdiv_div0.o ABSOLUTE
    ../clib/heapalloc.c                      0x00000000   Number         0  hrguard.o ABSOLUTE
    ../clib/heapaux.c                        0x00000000   Number         0  heapauxi.o ABSOLUTE
    ../clib/libinit.s                        0x00000000   Number         0  libinit2.o ABSOLUTE
    ../clib/libinit.s                        0x00000000   Number         0  libinit.o ABSOLUTE
    ../clib/libinit.s                        0x00000000   Number         0  libshutdown.o ABSOLUTE
    ../clib/libinit.s                        0x00000000   Number         0  libshutdown2.o ABSOLUTE
    ../clib/longlong.c                       0x00000000   Number         0  llmul.o ABSOLUTE
    ../clib/memcpset.c                       0x00000000   Number         0  rt_memcpy.o ABSOLUTE
    ../clib/memcpset.c                       0x00000000   Number         0  rt_memclr.o ABSOLUTE
    ../clib/memcpset.c                       0x00000000   Number         0  rt_memcpy.o ABSOLUTE
    ../clib/signal.c                         0x00000000   Number         0  defsig_pvfn_inner.o ABSOLUTE
    ../clib/signal.c                         0x00000000   Number         0  defsig_stak_inner.o ABSOLUTE
    ../clib/signal.c                         0x00000000   Number         0  defsig_rtred_inner.o ABSOLUTE
    ../clib/signal.c                         0x00000000   Number         0  defsig_fpe_outer.o ABSOLUTE
    ../clib/signal.c                         0x00000000   Number         0  defsig_abrt_inner.o ABSOLUTE
    ../clib/signal.c                         0x00000000   Number         0  defsig_exit.o ABSOLUTE
    ../clib/signal.c                         0x00000000   Number         0  defsig_rtmem_inner.o ABSOLUTE
    ../clib/signal.c                         0x00000000   Number         0  defsig_general.o ABSOLUTE
    ../clib/signal.c                         0x00000000   Number         0  defsig_fpe_formal.o ABSOLUTE
    ../clib/signal.c                         0x00000000   Number         0  defsig_rtmem_formal.o ABSOLUTE
    ../clib/signal.c                         0x00000000   Number         0  defsig_rtmem_outer.o ABSOLUTE
    ../clib/signal.c                         0x00000000   Number         0  defsig_segv_inner.o ABSOLUTE
    ../clib/signal.c                         0x00000000   Number         0  __raise.o ABSOLUTE
    ../clib/signal.c                         0x00000000   Number         0  defsig_fpe_inner.o ABSOLUTE
    ../clib/signal.c                         0x00000000   Number         0  defsig_other.o ABSOLUTE
    ../clib/signal.c                         0x00000000   Number         0  defsig_cppl_inner.o ABSOLUTE
    ../clib/signal.s                         0x00000000   Number         0  defsig.o ABSOLUTE
    ../clib/stdlib.c                         0x00000000   Number         0  exit.o ABSOLUTE
    ../fplib/cfplib/fpinit.c                 0x00000000   Number         0  fpinit.o ABSOLUTE
    ..\..\board_common\wm8904.c              0x00000000   Number         0  wm8904.o ABSOLUTE
    ..\\..\\board_common\\wm8904.c           0x00000000   Number         0  wm8904.o ABSOLUTE
    ..\\startup_code\\sysinit.c              0x00000000   Number         0  sysinit.o ABSOLUTE
    ..\chip_common\ring_buffer.c             0x00000000   Number         0  ring_buffer.o ABSOLUTE
    ..\startup_code\keil_startup_lpc43xx_m0app.s 0x00000000   Number         0  keil_startup_lpc43xx_m0app.o ABSOLUTE
    ..\startup_code\sysinit.c                0x00000000   Number         0  sysinit.o ABSOLUTE
    board.c                                  0x00000000   Number         0  board.o ABSOLUTE
    board.c                                  0x00000000   Number         0  board.o ABSOLUTE
    clock_18xx_43xx.c                        0x00000000   Number         0  clock_18xx_43xx.o ABSOLUTE
    clock_18xx_43xx.c                        0x00000000   Number         0  clock_18xx_43xx.o ABSOLUTE
    dc.s                                     0x00000000   Number         0  dc.o ABSOLUTE
    gpio_18xx_43xx.c                         0x00000000   Number         0  gpio_18xx_43xx.o ABSOLUTE
    gpio_18xx_43xx.c                         0x00000000   Number         0  gpio_18xx_43xx.o ABSOLUTE
    i2c_18xx_43xx.c                          0x00000000   Number         0  i2c_18xx_43xx.o ABSOLUTE
    i2c_18xx_43xx.c                          0x00000000   Number         0  i2c_18xx_43xx.o ABSOLUTE
    main.c                                   0x00000000   Number         0  main.o ABSOLUTE
    main.c                                   0x00000000   Number         0  main.o ABSOLUTE
    ssp_18xx_43xx.c                          0x00000000   Number         0  ssp_18xx_43xx.o ABSOLUTE
    ssp_18xx_43xx.c                          0x00000000   Number         0  ssp_18xx_43xx.o ABSOLUTE
    uart_18xx_43xx.c                         0x00000000   Number         0  uart_18xx_43xx.o ABSOLUTE
    uart_18xx_43xx.c                         0x00000000   Number         0  uart_18xx_43xx.o ABSOLUTE
    .bss                                     0x10080000   Section       96  libspace.o(.bss)
    HEAP                                     0x10080060   Section      512  keil_startup_lpc43xx_m0app.o(HEAP)
    Heap_Mem                                 0x10080060   Data         512  keil_startup_lpc43xx_m0app.o(HEAP)
    STACK                                    0x10080260   Section     1024  keil_startup_lpc43xx_m0app.o(STACK)
    Stack_Mem                                0x10080260   Data        1024  keil_startup_lpc43xx_m0app.o(STACK)
    __initial_sp                             0x10080660   Data           0  keil_startup_lpc43xx_m0app.o(STACK)
    RESET                                    0x1b000000   Section      192  keil_startup_lpc43xx_m0app.o(RESET)
    !!!main                                  0x1b0000c0   Section        8  __main.o(!!!main)
    !!!scatter                               0x1b0000c8   Section       60  __scatter.o(!!!scatter)
    !!handler_zi                             0x1b000104   Section       28  __scatter_zi.o(!!handler_zi)
    .ARM.Collect$$libinit$$00000000          0x1b000120   Section        2  libinit.o(.ARM.Collect$$libinit$$00000000)
    .ARM.Collect$$libinit$$00000002          0x1b000122   Section        0  libinit2.o(.ARM.Collect$$libinit$$00000002)
    .ARM.Collect$$libinit$$00000004          0x1b000122   Section        0  libinit2.o(.ARM.Collect$$libinit$$00000004)
    .ARM.Collect$$libinit$$0000000A          0x1b000122   Section        0  libinit2.o(.ARM.Collect$$libinit$$0000000A)
    .ARM.Collect$$libinit$$0000000C          0x1b000122   Section        0  libinit2.o(.ARM.Collect$$libinit$$0000000C)
    .ARM.Collect$$libinit$$0000000E          0x1b000122   Section        0  libinit2.o(.ARM.Collect$$libinit$$0000000E)
    .ARM.Collect$$libinit$$00000011          0x1b000122   Section        0  libinit2.o(.ARM.Collect$$libinit$$00000011)
    .ARM.Collect$$libinit$$00000013          0x1b000122   Section        0  libinit2.o(.ARM.Collect$$libinit$$00000013)
    .ARM.Collect$$libinit$$00000015          0x1b000122   Section        0  libinit2.o(.ARM.Collect$$libinit$$00000015)
    .ARM.Collect$$libinit$$00000017          0x1b000122   Section        0  libinit2.o(.ARM.Collect$$libinit$$00000017)
    .ARM.Collect$$libinit$$00000019          0x1b000122   Section        0  libinit2.o(.ARM.Collect$$libinit$$00000019)
    .ARM.Collect$$libinit$$0000001B          0x1b000122   Section        0  libinit2.o(.ARM.Collect$$libinit$$0000001B)
    .ARM.Collect$$libinit$$0000001D          0x1b000122   Section        0  libinit2.o(.ARM.Collect$$libinit$$0000001D)
    .ARM.Collect$$libinit$$0000001F          0x1b000122   Section        0  libinit2.o(.ARM.Collect$$libinit$$0000001F)
    .ARM.Collect$$libinit$$00000021          0x1b000122   Section        0  libinit2.o(.ARM.Collect$$libinit$$00000021)
    .ARM.Collect$$libinit$$00000023          0x1b000122   Section        0  libinit2.o(.ARM.Collect$$libinit$$00000023)
    .ARM.Collect$$libinit$$00000025          0x1b000122   Section        0  libinit2.o(.ARM.Collect$$libinit$$00000025)
    .ARM.Collect$$libinit$$0000002C          0x1b000122   Section        0  libinit2.o(.ARM.Collect$$libinit$$0000002C)
    .ARM.Collect$$libinit$$0000002E          0x1b000122   Section        0  libinit2.o(.ARM.Collect$$libinit$$0000002E)
    .ARM.Collect$$libinit$$00000030          0x1b000122   Section        0  libinit2.o(.ARM.Collect$$libinit$$00000030)
    .ARM.Collect$$libinit$$00000032          0x1b000122   Section        0  libinit2.o(.ARM.Collect$$libinit$$00000032)
    .ARM.Collect$$libinit$$00000033          0x1b000122   Section        2  libinit2.o(.ARM.Collect$$libinit$$00000033)
    .ARM.Collect$$libshutdown$$00000000      0x1b000124   Section        2  libshutdown.o(.ARM.Collect$$libshutdown$$00000000)
    .ARM.Collect$$libshutdown$$00000002      0x1b000126   Section        0  libshutdown2.o(.ARM.Collect$$libshutdown$$00000002)
    .ARM.Collect$$libshutdown$$00000004      0x1b000126   Section        0  libshutdown2.o(.ARM.Collect$$libshutdown$$00000004)
    .ARM.Collect$$libshutdown$$00000007      0x1b000126   Section        0  libshutdown2.o(.ARM.Collect$$libshutdown$$00000007)
    .ARM.Collect$$libshutdown$$0000000A      0x1b000126   Section        0  libshutdown2.o(.ARM.Collect$$libshutdown$$0000000A)
    .ARM.Collect$$libshutdown$$0000000C      0x1b000126   Section        0  libshutdown2.o(.ARM.Collect$$libshutdown$$0000000C)
    .ARM.Collect$$libshutdown$$0000000F      0x1b000126   Section        0  libshutdown2.o(.ARM.Collect$$libshutdown$$0000000F)
    .ARM.Collect$$libshutdown$$00000010      0x1b000126   Section        2  libshutdown2.o(.ARM.Collect$$libshutdown$$00000010)
    .ARM.Collect$$rtentry$$00000000          0x1b000128   Section        0  __rtentry.o(.ARM.Collect$$rtentry$$00000000)
    .ARM.Collect$$rtentry$$00000002          0x1b000128   Section        0  __rtentry2.o(.ARM.Collect$$rtentry$$00000002)
    .ARM.Collect$$rtentry$$00000004          0x1b000128   Section        6  __rtentry4.o(.ARM.Collect$$rtentry$$00000004)
    .ARM.Collect$$rtentry$$00000009          0x1b00012e   Section        0  __rtentry2.o(.ARM.Collect$$rtentry$$00000009)
    .ARM.Collect$$rtentry$$0000000A          0x1b00012e   Section        4  __rtentry2.o(.ARM.Collect$$rtentry$$0000000A)
    .ARM.Collect$$rtentry$$0000000C          0x1b000132   Section        0  __rtentry2.o(.ARM.Collect$$rtentry$$0000000C)
    .ARM.Collect$$rtentry$$0000000D          0x1b000132   Section        8  __rtentry2.o(.ARM.Collect$$rtentry$$0000000D)
    .ARM.Collect$$rtexit$$00000000           0x1b00013a   Section        2  rtexit.o(.ARM.Collect$$rtexit$$00000000)
    .ARM.Collect$$rtexit$$00000002           0x1b00013c   Section        0  rtexit2.o(.ARM.Collect$$rtexit$$00000002)
    .ARM.Collect$$rtexit$$00000003           0x1b00013c   Section        4  rtexit2.o(.ARM.Collect$$rtexit$$00000003)
    .ARM.Collect$$rtexit$$00000004           0x1b000140   Section        6  rtexit2.o(.ARM.Collect$$rtexit$$00000004)
    .text                                    0x1b000146   Section        0  main.o(.text)
    .text                                    0x1b00014c   Section       68  keil_startup_lpc43xx_m0app.o(.text)
    .text                                    0x1b000190   Section        0  sysinit.o(.text)
    .text                                    0x1b000192   Section        0  heapauxi.o(.text)
    .text                                    0x1b000198   Section       62  sys_stackheap_outer.o(.text)
    .text                                    0x1b0001d6   Section        0  exit.o(.text)
    .text                                    0x1b0001e8   Section        8  libspace.o(.text)
    i._sys_exit                              0x1b0001f0   Section        0  board.o(i._sys_exit)

    Global Symbols

    Symbol Name                              Value     Ov Type        Size  Object(Section)

    BuildAttributes$$THM_ISAv3M$S$PE$A:L22$X:L11$S22$IEEE1$IW$USESV6$~STKCKD$USESV7$~SHL$OSPACE$ROPI$EBA8$UX$STANDARDLIB$REQ8$PRES8$EABIv2 0x00000000   Number         0  anon$$obj.o ABSOLUTE
    __ARM_use_no_argv                        0x00000000   Number         0  main.o ABSOLUTE
    __ARM_exceptions_init                     - Undefined Weak Reference
    __alloca_initialize                       - Undefined Weak Reference
    __arm_preinit_                            - Undefined Weak Reference
    __cpp_initialize__aeabi_                  - Undefined Weak Reference
    __cxa_finalize                            - Undefined Weak Reference
    __rt_locale                               - Undefined Weak Reference
    __sigvec_lookup                           - Undefined Weak Reference
    _atexit_init                              - Undefined Weak Reference
    _call_atexit_fns                          - Undefined Weak Reference
    _clock_init                               - Undefined Weak Reference
    _fp_trap_init                             - Undefined Weak Reference
    _fp_trap_shutdown                         - Undefined Weak Reference
    _get_lc_collate                           - Undefined Weak Reference
    _get_lc_ctype                             - Undefined Weak Reference
    _get_lc_monetary                          - Undefined Weak Reference
    _get_lc_numeric                           - Undefined Weak Reference
    _get_lc_time                              - Undefined Weak Reference
    _getenv_init                              - Undefined Weak Reference
    _handle_redirection                       - Undefined Weak Reference
    _init_alloc                               - Undefined Weak Reference
    _init_user_alloc                          - Undefined Weak Reference
    _initio                                   - Undefined Weak Reference
    _rand_init                                - Undefined Weak Reference
    _signal_finish                            - Undefined Weak Reference
    _signal_init                              - Undefined Weak Reference
    _terminate_alloc                          - Undefined Weak Reference
    _terminate_user_alloc                     - Undefined Weak Reference
    _terminateio                              - Undefined Weak Reference
    __libspace_start                         0x10080000   Data          96  libspace.o(.bss)
    __temporary_stack_top$libspace           0x10080060   Data           0  libspace.o(.bss)
    __Vectors                                0x1b000000   Data           4  keil_startup_lpc43xx_m0app.o(RESET)
    __main                                   0x1b0000c1   Thumb Code     8  __main.o(!!!main)
    __scatterload                            0x1b0000c9   Thumb Code     0  __scatter.o(!!!scatter)
    __scatterload_rt2                        0x1b0000c9   Thumb Code    52  __scatter.o(!!!scatter)
    __scatterload_rt2_thumb_only             0x1b0000c9   Thumb Code     0  __scatter.o(!!!scatter)
    __scatterload_null                       0x1b0000d9   Thumb Code     0  __scatter.o(!!!scatter)
    __scatterload_zeroinit                   0x1b000105   Thumb Code    28  __scatter_zi.o(!!handler_zi)
    __rt_lib_init                            0x1b000121   Thumb Code     0  libinit.o(.ARM.Collect$$libinit$$00000000)
    __rt_lib_init_alloca_1                   0x1b000123   Thumb Code     0  libinit2.o(.ARM.Collect$$libinit$$0000002E)
    __rt_lib_init_argv_1                     0x1b000123   Thumb Code     0  libinit2.o(.ARM.Collect$$libinit$$0000002C)
    __rt_lib_init_atexit_1                   0x1b000123   Thumb Code     0  libinit2.o(.ARM.Collect$$libinit$$0000001B)
    __rt_lib_init_clock_1                    0x1b000123   Thumb Code     0  libinit2.o(.ARM.Collect$$libinit$$00000021)
    __rt_lib_init_cpp_1                      0x1b000123   Thumb Code     0  libinit2.o(.ARM.Collect$$libinit$$00000032)
    __rt_lib_init_exceptions_1               0x1b000123   Thumb Code     0  libinit2.o(.ARM.Collect$$libinit$$00000030)
    __rt_lib_init_fp_1                       0x1b000123   Thumb Code     0  libinit2.o(.ARM.Collect$$libinit$$00000002)
    __rt_lib_init_fp_trap_1                  0x1b000123   Thumb Code     0  libinit2.o(.ARM.Collect$$libinit$$0000001F)
    __rt_lib_init_getenv_1                   0x1b000123   Thumb Code     0  libinit2.o(.ARM.Collect$$libinit$$00000023)
    __rt_lib_init_heap_1                     0x1b000123   Thumb Code     0  libinit2.o(.ARM.Collect$$libinit$$0000000A)
    __rt_lib_init_lc_collate_1               0x1b000123   Thumb Code     0  libinit2.o(.ARM.Collect$$libinit$$00000011)
    __rt_lib_init_lc_ctype_1                 0x1b000123   Thumb Code     0  libinit2.o(.ARM.Collect$$libinit$$00000013)
    __rt_lib_init_lc_monetary_1              0x1b000123   Thumb Code     0  libinit2.o(.ARM.Collect$$libinit$$00000015)
    __rt_lib_init_lc_numeric_1               0x1b000123   Thumb Code     0  libinit2.o(.ARM.Collect$$libinit$$00000017)
    __rt_lib_init_lc_time_1                  0x1b000123   Thumb Code     0  libinit2.o(.ARM.Collect$$libinit$$00000019)
    __rt_lib_init_preinit_1                  0x1b000123   Thumb Code     0  libinit2.o(.ARM.Collect$$libinit$$00000004)
    __rt_lib_init_rand_1                     0x1b000123   Thumb Code     0  libinit2.o(.ARM.Collect$$libinit$$0000000E)
    __rt_lib_init_return                     0x1b000123   Thumb Code     0  libinit2.o(.ARM.Collect$$libinit$$00000033)
    __rt_lib_init_signal_1                   0x1b000123   Thumb Code     0  libinit2.o(.ARM.Collect$$libinit$$0000001D)
    __rt_lib_init_stdio_1                    0x1b000123   Thumb Code     0  libinit2.o(.ARM.Collect$$libinit$$00000025)
    __rt_lib_init_user_alloc_1               0x1b000123   Thumb Code     0  libinit2.o(.ARM.Collect$$libinit$$0000000C)
    __rt_lib_shutdown                        0x1b000125   Thumb Code     0  libshutdown.o(.ARM.Collect$$libshutdown$$00000000)
    __rt_lib_shutdown_cpp_1                  0x1b000127   Thumb Code     0  libshutdown2.o(.ARM.Collect$$libshutdown$$00000002)
    __rt_lib_shutdown_fp_trap_1              0x1b000127   Thumb Code     0  libshutdown2.o(.ARM.Collect$$libshutdown$$00000007)
    __rt_lib_shutdown_heap_1                 0x1b000127   Thumb Code     0  libshutdown2.o(.ARM.Collect$$libshutdown$$0000000F)
    __rt_lib_shutdown_return                 0x1b000127   Thumb Code     0  libshutdown2.o(.ARM.Collect$$libshutdown$$00000010)
    __rt_lib_shutdown_signal_1               0x1b000127   Thumb Code     0  libshutdown2.o(.ARM.Collect$$libshutdown$$0000000A)
    __rt_lib_shutdown_stdio_1                0x1b000127   Thumb Code     0  libshutdown2.o(.ARM.Collect$$libshutdown$$00000004)
    __rt_lib_shutdown_user_alloc_1           0x1b000127   Thumb Code     0  libshutdown2.o(.ARM.Collect$$libshutdown$$0000000C)
    __rt_entry                               0x1b000129   Thumb Code     0  __rtentry.o(.ARM.Collect$$rtentry$$00000000)
    __rt_entry_presh_1                       0x1b000129   Thumb Code     0  __rtentry2.o(.ARM.Collect$$rtentry$$00000002)
    __rt_entry_sh                            0x1b000129   Thumb Code     0  __rtentry4.o(.ARM.Collect$$rtentry$$00000004)
    __rt_entry_li                            0x1b00012f   Thumb Code     0  __rtentry2.o(.ARM.Collect$$rtentry$$0000000A)
    __rt_entry_postsh_1                      0x1b00012f   Thumb Code     0  __rtentry2.o(.ARM.Collect$$rtentry$$00000009)
    __rt_entry_main                          0x1b000133   Thumb Code     0  __rtentry2.o(.ARM.Collect$$rtentry$$0000000D)
    __rt_entry_postli_1                      0x1b000133   Thumb Code     0  __rtentry2.o(.ARM.Collect$$rtentry$$0000000C)
    __rt_exit                                0x1b00013b   Thumb Code     0  rtexit.o(.ARM.Collect$$rtexit$$00000000)
    __rt_exit_ls                             0x1b00013d   Thumb Code     0  rtexit2.o(.ARM.Collect$$rtexit$$00000003)
    __rt_exit_prels_1                        0x1b00013d   Thumb Code     0  rtexit2.o(.ARM.Collect$$rtexit$$00000002)
    __rt_exit_exit                           0x1b000141   Thumb Code     0  rtexit2.o(.ARM.Collect$$rtexit$$00000004)
    main                                     0x1b000147   Thumb Code     4  main.o(.text)
    Reset_Handler                            0x1b00014d   Thumb Code     8  keil_startup_lpc43xx_m0app.o(.text)
    NMI_Handler                              0x1b000155   Thumb Code     2  keil_startup_lpc43xx_m0app.o(.text)
    HardFault_Handler                        0x1b000157   Thumb Code     2  keil_startup_lpc43xx_m0app.o(.text)
    MemManage_Handler                        0x1b000159   Thumb Code     2  keil_startup_lpc43xx_m0app.o(.text)
    BusFault_Handler                         0x1b00015b   Thumb Code     2  keil_startup_lpc43xx_m0app.o(.text)
    UsageFault_Handler                       0x1b00015d   Thumb Code     2  keil_startup_lpc43xx_m0app.o(.text)
    SVC_Handler                              0x1b00015f   Thumb Code     2  keil_startup_lpc43xx_m0app.o(.text)
    DebugMon_Handler                         0x1b000161   Thumb Code     2  keil_startup_lpc43xx_m0app.o(.text)
    PendSV_Handler                           0x1b000163   Thumb Code     2  keil_startup_lpc43xx_m0app.o(.text)
    SysTick_Handler                          0x1b000165   Thumb Code     2  keil_startup_lpc43xx_m0app.o(.text)
    UnHandled_Vector                         0x1b000167   Thumb Code     2  keil_startup_lpc43xx_m0app.o(.text)
    ADC0_IRQHandler                          0x1b000169   Thumb Code     0  keil_startup_lpc43xx_m0app.o(.text)
    ADC1_IRQHandler                          0x1b000169   Thumb Code     0  keil_startup_lpc43xx_m0app.o(.text)
    CAN0_IRQHandler                          0x1b000169   Thumb Code     0  keil_startup_lpc43xx_m0app.o(.text)
    DMA_IRQHandler                           0x1b000169   Thumb Code     0  keil_startup_lpc43xx_m0app.o(.text)
    ETH_IRQHandler                           0x1b000169   Thumb Code     0  keil_startup_lpc43xx_m0app.o(.text)
    EVRT_IRQHandler                          0x1b000169   Thumb Code     0  keil_startup_lpc43xx_m0app.o(.text)
    FLASH_EEPROM_ATIMER_IRQHandler           0x1b000169   Thumb Code     0  keil_startup_lpc43xx_m0app.o(.text)
    GINT1_IRQHandler                         0x1b000169   Thumb Code     0  keil_startup_lpc43xx_m0app.o(.text)
    GPIO4_IRQHandler                         0x1b000169   Thumb Code     0  keil_startup_lpc43xx_m0app.o(.text)
    I2C0_IRQHandler                          0x1b000169   Thumb Code     0  keil_startup_lpc43xx_m0app.o(.text)
    I2S0_I2S1_QEI_IRQHandler                 0x1b000169   Thumb Code     0  keil_startup_lpc43xx_m0app.o(.text)
    LCD_IRQHandler                           0x1b000169   Thumb Code     0  keil_startup_lpc43xx_m0app.o(.text)
    M0SUB_IRQHandler                         0x1b000169   Thumb Code     0  keil_startup_lpc43xx_m0app.o(.text)
    M4_IRQHandler                            0x1b000169   Thumb Code     0  keil_startup_lpc43xx_m0app.o(.text)
    MCPWM_IRQHandler                         0x1b000169   Thumb Code     0  keil_startup_lpc43xx_m0app.o(.text)
    RIT_WDT_IRQHandler                       0x1b000169   Thumb Code     0  keil_startup_lpc43xx_m0app.o(.text)
    RTC_IRQHandler                           0x1b000169   Thumb Code     0  keil_startup_lpc43xx_m0app.o(.text)
    SCT_IRQHandler                           0x1b000169   Thumb Code     0  keil_startup_lpc43xx_m0app.o(.text)
    SDIO_IRQHandler                          0x1b000169   Thumb Code     0  keil_startup_lpc43xx_m0app.o(.text)
    SGPIO_IRQHandler                         0x1b000169   Thumb Code     0  keil_startup_lpc43xx_m0app.o(.text)
    SPIFI_ADCHS_IRQHandler                   0x1b000169   Thumb Code     0  keil_startup_lpc43xx_m0app.o(.text)
    SPI_DAC_IRQHandler                       0x1b000169   Thumb Code     0  keil_startup_lpc43xx_m0app.o(.text)
    SSP0_SSP1_IRQHandler                     0x1b000169   Thumb Code     0  keil_startup_lpc43xx_m0app.o(.text)
    TIMER0_IRQHandler                        0x1b000169   Thumb Code     0  keil_startup_lpc43xx_m0app.o(.text)
    TIMER3_IRQHandler                        0x1b000169   Thumb Code     0  keil_startup_lpc43xx_m0app.o(.text)
    UART0_IRQHandler                         0x1b000169   Thumb Code     0  keil_startup_lpc43xx_m0app.o(.text)
    UART1_IRQHandler                         0x1b000169   Thumb Code     0  keil_startup_lpc43xx_m0app.o(.text)
    UART2_CAN1_IRQHandler                    0x1b000169   Thumb Code     0  keil_startup_lpc43xx_m0app.o(.text)
    UART3_IRQHandler                         0x1b000169   Thumb Code     0  keil_startup_lpc43xx_m0app.o(.text)
    USB0_IRQHandler                          0x1b000169   Thumb Code     0  keil_startup_lpc43xx_m0app.o(.text)
    USB1_IRQHandler                          0x1b000169   Thumb Code     0  keil_startup_lpc43xx_m0app.o(.text)
    __user_initial_stackheap                 0x1b00016d   Thumb Code     0  keil_startup_lpc43xx_m0app.o(.text)
    SystemInit                               0x1b000191   Thumb Code     2  sysinit.o(.text)
    __use_two_region_memory                  0x1b000193   Thumb Code     2  heapauxi.o(.text)
    __rt_heap_escrow$2region                 0x1b000195   Thumb Code     2  heapauxi.o(.text)
    __rt_heap_expand$2region                 0x1b000197   Thumb Code     2  heapauxi.o(.text)
    __user_setup_stackheap                   0x1b000199   Thumb Code    62  sys_stackheap_outer.o(.text)
    exit                                     0x1b0001d7   Thumb Code    16  exit.o(.text)
    __user_libspace                          0x1b0001e9   Thumb Code     8  libspace.o(.text)
    __user_perproc_libspace                  0x1b0001e9   Thumb Code     0  libspace.o(.text)
    __user_perthread_libspace                0x1b0001e9   Thumb Code     0  libspace.o(.text)
    _sys_exit                                0x1b0001f1   Thumb Code     4  board.o(i._sys_exit)
    Region$$Table$$Base                      0x1b0001f4   Number         0  anon$$obj.o(Region$$Table)
    Region$$Table$$Limit                     0x1b000204   Number         0  anon$$obj.o(Region$$Table)



==============================================================================

Memory Map of the image

  Image Entry point : 0x1b0000c1

  Load Region LR_IROM2 (Base: 0x1b000000, Size: 0x00000204, Max: 0x00080000, ABSOLUTE)

    Execution Region RW_IRAM1 (Exec base: 0x10080000, Load base: 0x1b000204, Size: 0x00000660, Max: 0x00008000, ABSOLUTE)

    Exec Addr    Load Addr    Size         Type   Attr      Idx    E Section Name        Object

    0x10080000        -       0x00000060   Zero   RW          279    .bss                c_p.l(libspace.o)
    0x10080060        -       0x00000200   Zero   RW          219    HEAP                keil_startup_lpc43xx_m0app.o
    0x10080260        -       0x00000400   Zero   RW          218    STACK               keil_startup_lpc43xx_m0app.o


    Execution Region ER_IROM2 (Exec base: 0x1b000000, Load base: 0x1b000000, Size: 0x00000204, Max: 0x00080000, ABSOLUTE)

    Exec Addr    Load Addr    Size         Type   Attr      Idx    E Section Name        Object

    0x1b000000   0x1b000000   0x000000c0   Data   RO          220    RESET               keil_startup_lpc43xx_m0app.o
    0x1b0000c0   0x1b0000c0   0x00000008   Code   RO          249  * !!!main             c_p.l(__main.o)
    0x1b0000c8   0x1b0000c8   0x0000003c   Code   RO         1792    !!!scatter          c_p.l(__scatter.o)
    0x1b000104   0x1b000104   0x0000001c   Code   RO         1794    !!handler_zi        c_p.l(__scatter_zi.o)
    0x1b000120   0x1b000120   0x00000002   Code   RO          277    .ARM.Collect$$libinit$$00000000  c_p.l(libinit.o)
    0x1b000122   0x1b000122   0x00000000   Code   RO          285    .ARM.Collect$$libinit$$00000002  c_p.l(libinit2.o)
    0x1b000122   0x1b000122   0x00000000   Code   RO          287    .ARM.Collect$$libinit$$00000004  c_p.l(libinit2.o)
    0x1b000122   0x1b000122   0x00000000   Code   RO          290    .ARM.Collect$$libinit$$0000000A  c_p.l(libinit2.o)
    0x1b000122   0x1b000122   0x00000000   Code   RO          292    .ARM.Collect$$libinit$$0000000C  c_p.l(libinit2.o)
    0x1b000122   0x1b000122   0x00000000   Code   RO          294    .ARM.Collect$$libinit$$0000000E  c_p.l(libinit2.o)
    0x1b000122   0x1b000122   0x00000000   Code   RO          297    .ARM.Collect$$libinit$$00000011  c_p.l(libinit2.o)
    0x1b000122   0x1b000122   0x00000000   Code   RO          299    .ARM.Collect$$libinit$$00000013  c_p.l(libinit2.o)
    0x1b000122   0x1b000122   0x00000000   Code   RO          301    .ARM.Collect$$libinit$$00000015  c_p.l(libinit2.o)
    0x1b000122   0x1b000122   0x00000000   Code   RO          303    .ARM.Collect$$libinit$$00000017  c_p.l(libinit2.o)
    0x1b000122   0x1b000122   0x00000000   Code   RO          305    .ARM.Collect$$libinit$$00000019  c_p.l(libinit2.o)
    0x1b000122   0x1b000122   0x00000000   Code   RO          307    .ARM.Collect$$libinit$$0000001B  c_p.l(libinit2.o)
    0x1b000122   0x1b000122   0x00000000   Code   RO          309    .ARM.Collect$$libinit$$0000001D  c_p.l(libinit2.o)
    0x1b000122   0x1b000122   0x00000000   Code   RO          311    .ARM.Collect$$libinit$$0000001F  c_p.l(libinit2.o)
    0x1b000122   0x1b000122   0x00000000   Code   RO          313    .ARM.Collect$$libinit$$00000021  c_p.l(libinit2.o)
    0x1b000122   0x1b000122   0x00000000   Code   RO          315    .ARM.Collect$$libinit$$00000023  c_p.l(libinit2.o)
    0x1b000122   0x1b000122   0x00000000   Code   RO          317    .ARM.Collect$$libinit$$00000025  c_p.l(libinit2.o)
    0x1b000122   0x1b000122   0x00000000   Code   RO          321    .ARM.Collect$$libinit$$0000002C  c_p.l(libinit2.o)
    0x1b000122   0x1b000122   0x00000000   Code   RO          323    .ARM.Collect$$libinit$$0000002E  c_p.l(libinit2.o)
    0x1b000122   0x1b000122   0x00000000   Code   RO          325    .ARM.Collect$$libinit$$00000030  c_p.l(libinit2.o)
    0x1b000122   0x1b000122   0x00000000   Code   RO          327    .ARM.Collect$$libinit$$00000032  c_p.l(libinit2.o)
    0x1b000122   0x1b000122   0x00000002   Code   RO          328    .ARM.Collect$$libinit$$00000033  c_p.l(libinit2.o)
    0x1b000124   0x1b000124   0x00000002   Code   RO          739    .ARM.Collect$$libshutdown$$00000000  c_p.l(libshutdown.o)
    0x1b000126   0x1b000126   0x00000000   Code   RO         1501    .ARM.Collect$$libshutdown$$00000002  c_p.l(libshutdown2.o)
    0x1b000126   0x1b000126   0x00000000   Code   RO         1503    .ARM.Collect$$libshutdown$$00000004  c_p.l(libshutdown2.o)
    0x1b000126   0x1b000126   0x00000000   Code   RO         1506    .ARM.Collect$$libshutdown$$00000007  c_p.l(libshutdown2.o)
    0x1b000126   0x1b000126   0x00000000   Code   RO         1509    .ARM.Collect$$libshutdown$$0000000A  c_p.l(libshutdown2.o)
    0x1b000126   0x1b000126   0x00000000   Code   RO         1511    .ARM.Collect$$libshutdown$$0000000C  c_p.l(libshutdown2.o)
    0x1b000126   0x1b000126   0x00000000   Code   RO         1514    .ARM.Collect$$libshutdown$$0000000F  c_p.l(libshutdown2.o)
    0x1b000126   0x1b000126   0x00000002   Code   RO         1515    .ARM.Collect$$libshutdown$$00000010  c_p.l(libshutdown2.o)
    0x1b000128   0x1b000128   0x00000000   Code   RO          251    .ARM.Collect$$rtentry$$00000000  c_p.l(__rtentry.o)
    0x1b000128   0x1b000128   0x00000000   Code   RO          253    .ARM.Collect$$rtentry$$00000002  c_p.l(__rtentry2.o)
    0x1b000128   0x1b000128   0x00000006   Code   RO          265    .ARM.Collect$$rtentry$$00000004  c_p.l(__rtentry4.o)
    0x1b00012e   0x1b00012e   0x00000000   Code   RO          255    .ARM.Collect$$rtentry$$00000009  c_p.l(__rtentry2.o)
    0x1b00012e   0x1b00012e   0x00000004   Code   RO          256    .ARM.Collect$$rtentry$$0000000A  c_p.l(__rtentry2.o)
    0x1b000132   0x1b000132   0x00000000   Code   RO          258    .ARM.Collect$$rtentry$$0000000C  c_p.l(__rtentry2.o)
    0x1b000132   0x1b000132   0x00000008   Code   RO          259    .ARM.Collect$$rtentry$$0000000D  c_p.l(__rtentry2.o)
    0x1b00013a   0x1b00013a   0x00000002   Code   RO          282    .ARM.Collect$$rtexit$$00000000  c_p.l(rtexit.o)
    0x1b00013c   0x1b00013c   0x00000000   Code   RO          330    .ARM.Collect$$rtexit$$00000002  c_p.l(rtexit2.o)
    0x1b00013c   0x1b00013c   0x00000004   Code   RO          331    .ARM.Collect$$rtexit$$00000003  c_p.l(rtexit2.o)
    0x1b000140   0x1b000140   0x00000006   Code   RO          332    .ARM.Collect$$rtexit$$00000004  c_p.l(rtexit2.o)
    0x1b000146   0x1b000146   0x00000004   Code   RO            3    .text               main.o
    0x1b00014a   0x1b00014a   0x00000002   PAD
    0x1b00014c   0x1b00014c   0x00000044   Code   RO          221    .text               keil_startup_lpc43xx_m0app.o
    0x1b000190   0x1b000190   0x00000002   Code   RO          227    .text               sysinit.o
    0x1b000192   0x1b000192   0x00000006   Code   RO          247    .text               c_p.l(heapauxi.o)
    0x1b000198   0x1b000198   0x0000003e   Code   RO          267    .text               c_p.l(sys_stackheap_outer.o)
    0x1b0001d6   0x1b0001d6   0x00000010   Code   RO          270    .text               c_p.l(exit.o)
    0x1b0001e6   0x1b0001e6   0x00000002   PAD
    0x1b0001e8   0x1b0001e8   0x00000008   Code   RO          278    .text               c_p.l(libspace.o)
    0x1b0001f0   0x1b0001f0   0x00000004   Code   RO          366    i._sys_exit         lib_lpc_board_nxp_lpcxpresso_4337_m0.lib(board.o)
    0x1b0001f4   0x1b0001f4   0x00000010   Data   RO         1790    Region$$Table       anon$$obj.o


==============================================================================

Image component sizes


      Code (inc. data)   RO Data    RW Data    ZI Data      Debug   Object Name

        68         28        192          0       1536        852   keil_startup_lpc43xx_m0app.o
         4          0          0          0          0       1831   main.o
         2          0          0          0          0        381   sysinit.o

    ----------------------------------------------------------------------
        76         28        208          0       1536       3064   Object Totals
         0          0         16          0          0          0   (incl. Generated)
         2          0          0          0          0          0   (incl. Padding)

    ----------------------------------------------------------------------

      Code (inc. data)   RO Data    RW Data    ZI Data      Debug   Library Member Name

         8          0          0          0          0         68   __main.o
         0          0          0          0          0          0   __rtentry.o
        12          0          0          0          0          0   __rtentry2.o
         6          0          0          0          0          0   __rtentry4.o
        60          8          0          0          0          0   __scatter.o
        28          0          0          0          0          0   __scatter_zi.o
        16          0          0          0          0         68   exit.o
         6          0          0          0          0        136   heapauxi.o
         2          0          0          0          0          0   libinit.o
         2          0          0          0          0          0   libinit2.o
         2          0          0          0          0          0   libshutdown.o
         2          0          0          0          0          0   libshutdown2.o
         8          4          0          0         96         68   libspace.o
         2          0          0          0          0          0   rtexit.o
        10          0          0          0          0          0   rtexit2.o
        62          0          0          0          0         80   sys_stackheap_outer.o
         4          0          0          0          0        484   board.o

    ----------------------------------------------------------------------
       232         12          0          0         96        904   Library Totals
         2          0          0          0          0          0   (incl. Padding)

    ----------------------------------------------------------------------

      Code (inc. data)   RO Data    RW Data    ZI Data      Debug   Library Name

       226         12          0          0         96        420   c_p.l
         4          0          0          0          0        484   lib_lpc_board_nxp_lpcxpresso_4337_m0.lib

    ----------------------------------------------------------------------
       232         12          0          0         96        904   Library Totals

    ----------------------------------------------------------------------

==============================================================================


      Code (inc. data)   RO Data    RW Data    ZI Data      Debug   

       308         40        208          0       1632       3860   Grand Totals
       308         40        208          0       1632       3860   ELF Image Totals
       308         40        208          0          0          0   ROM Totals

==============================================================================

    Total RO  Size (Code + RO Data)                  516 (   0.50kB)
    Total RW  Size (RW Data + ZI Data)              1632 (   1.59kB)
    Total ROM Size (Code + RO Data + RW Data)        516 (   0.50kB)

==============================================================================

