Component: ARM Compiler 5.06 update 6 (build 750) Tool: armlink [4d35ed]

==============================================================================

Section Cross References

    keil_startup_lpc43xx_m0app.o(STACK) refers (Special) to heapauxi.o(.text) for __use_two_region_memory
    keil_startup_lpc43xx_m0app.o(HEAP) refers (Special) to heapauxi.o(.text) for __use_two_region_memory
    keil_startup_lpc43xx_m0app.o(RESET) refers (Special) to heapauxi.o(.text) for __use_two_region_memory
    keil_startup_lpc43xx_m0app.o(RESET) refers to keil_startup_lpc43xx_m0app.o(STACK) for __initial_sp
    keil_startup_lpc43xx_m0app.o(RESET) refers to keil_startup_lpc43xx_m0app.o(.text) for Reset_Handler
    keil_startup_lpc43xx_m0app.o(RESET) refers to main.o(.text) for M4_IRQHandler
    keil_startup_lpc43xx_m0app.o(.text) refers (Special) to heapauxi.o(.text) for __use_two_region_memory
    keil_startup_lpc43xx_m0app.o(.text) refers to sysinit.o(.text) for SystemInit
    keil_startup_lpc43xx_m0app.o(.text) refers to __main.o(!!!main) for __main
    keil_startup_lpc43xx_m0app.o(.text) refers to keil_startup_lpc43xx_m0app.o(HEAP) for Heap_Mem
    keil_startup_lpc43xx_m0app.o(.text) refers to keil_startup_lpc43xx_m0app.o(STACK) for Stack_Mem
    ipc_example.o(.text) refers to ipc_msg.o(.text) for IPC_popMsgTout
    ipc_example.o(.text) refers to ipc_example.o(.bss) for ipcex_callback_lookup
    ipc_example.o(.text) refers to ipc_example.o(.data) for gblUpdateFn
    ipc_msg.o(.text) refers to board.o(i.Board_UARTPutSTR) for Board_UARTPutSTR
    ipc_msg.o(.text) refers to rt_memclr.o(.text) for __aeabi_memclr4
    ipc_msg.o(.text) refers to rt_memcpy.o(.text) for __aeabi_memcpy
    ipc_msg.o(.text) refers to ipc_msg.o(.data) for q_ipc
    ipc_msg.o(.data) refers to ipc_msg.o(.conststring) for .conststring
    m0_img_ldr.o(.text) refers to clock_18xx_43xx.o(i.Chip_Clock_Enable) for Chip_Clock_Enable
    main.o(.text) refers to aeabi_sdiv.o(.text) for __aeabi_uidivmod
    main.o(.text) refers to rt_memcpy.o(.emb_text) for __aeabi_memcpy4
    main.o(.text) refers to c89vsprintf.o(.text) for __c89vsprintf
    main.o(.text) refers to strcat.o(.text) for strcat
    main.o(.text) refers to strlen.o(.text) for strlen
    main.o(.text) refers to uart_18xx_43xx.o(i.Chip_UART_SendBlocking) for Chip_UART_SendBlocking
    main.o(.text) refers to ipc_msg.o(.text) for IPC_popMsgTout
    main.o(.text) refers to chip_18xx_43xx.o(i.SystemCoreClockUpdate) for SystemCoreClockUpdate
    main.o(.text) refers to timer_18xx_43xx.o(i.Chip_TIMER_Init) for Chip_TIMER_Init
    main.o(.text) refers to clock_18xx_43xx.o(i.Chip_Clock_GetRate) for Chip_Clock_GetRate
    main.o(.text) refers to timer_18xx_43xx.o(i.Chip_TIMER_Reset) for Chip_TIMER_Reset
    main.o(.text) refers to fflti.o(.text) for __aeabi_ui2f
    main.o(.text) refers to fdiv.o(.text) for __aeabi_fdiv
    main.o(.text) refers to fmul.o(x$fpl$fmul) for __aeabi_fmul
    main.o(.text) refers to f2d.o(.text) for __aeabi_f2d
    main.o(.text) refers to main.o(.data) for debug_toggle
    main.o(.text) refers to main.o(.constdata) for .constdata
    main.o(.text) refers to ipc_example.o(.text) for IPCEX_Init
    board.o(i.Board_Audio_Init) refers to board.o(i.Chip_SCU_PinMuxSet) for Chip_SCU_PinMuxSet
    board.o(i.Board_Audio_Init) refers to clock_18xx_43xx.o(i.Chip_Clock_SetBaseClock) for Chip_Clock_SetBaseClock
    board.o(i.Board_Audio_Init) refers to wm8904.o(i.WM8904_Init) for WM8904_Init
    board.o(i.Board_Buttons_Init) refers to board.o(i.Chip_SCU_PinMuxSet) for Chip_SCU_PinMuxSet
    board.o(i.Board_Debug_Init) refers to board.o(i.Board_UART_Init) for Board_UART_Init
    board.o(i.Board_Debug_Init) refers to uart_18xx_43xx.o(i.Chip_UART_Init) for Chip_UART_Init
    board.o(i.Board_Debug_Init) refers to uart_18xx_43xx.o(i.Chip_UART_SetBaudFDR) for Chip_UART_SetBaudFDR
    board.o(i.Board_ENET_GetMacADDR) refers to rt_memcpy.o(.text) for __aeabi_memcpy
    board.o(i.Board_I2C_Init) refers to board.o(i.Chip_SCU_PinMuxSet) for Chip_SCU_PinMuxSet
    board.o(i.Board_Init) refers to board.o(i.Board_Debug_Init) for Board_Debug_Init
    board.o(i.Board_Init) refers to gpio_18xx_43xx.o(i.Chip_GPIO_Init) for Chip_GPIO_Init
    board.o(i.Board_Init) refers to board.o(i.Chip_GPIO_SetPinDIROutput) for Chip_GPIO_SetPinDIROutput
    board.o(i.Board_Init) refers to board.o(.constdata) for .constdata
    board.o(i.Board_LCD_Init) refers to board.o(i.Board_SSP_Init) for Board_SSP_Init
    board.o(i.Board_LCD_Init) refers to board.o(i.Chip_SCU_PinMuxSet) for Chip_SCU_PinMuxSet
    board.o(i.Board_LCD_Init) refers to board.o(i.Chip_GPIO_SetPinDIROutput) for Chip_GPIO_SetPinDIROutput
    board.o(i.Board_LCD_Init) refers to ssp_18xx_43xx.o(i.Chip_SSP_Init) for Chip_SSP_Init
    board.o(i.Board_LCD_Init) refers to ssp_18xx_43xx.o(i.Chip_SSP_SetBitRate) for Chip_SSP_SetBitRate
    board.o(i.Board_LCD_Init) refers to board.o(.data) for .data
[...]
    ../clib/printf.c                         0x00000000   Number         0  _printf_oct_int_ll.o ABSOLUTE
    ../clib/printf.c                         0x00000000   Number         0  _printf_oct_int.o ABSOLUTE
    ../clib/printf.c                         0x00000000   Number         0  _printf_oct_ll.o ABSOLUTE
    ../clib/printf.c                         0x00000000   Number         0  _printf_truncate.o ABSOLUTE
    ../clib/printf_percent.s                 0x00000000   Number         0  _printf_d.o ABSOLUTE
    ../clib/printf_percent.s                 0x00000000   Number         0  _printf_percent.o ABSOLUTE
    ../clib/printf_percent.s                 0x00000000   Number         0  _printf_u.o ABSOLUTE
    ../clib/printf_percent.s                 0x00000000   Number         0  _printf_a.o ABSOLUTE
    ../clib/printf_percent.s                 0x00000000   Number         0  _printf_g.o ABSOLUTE
    ../clib/printf_percent.s                 0x00000000   Number         0  _printf_x.o ABSOLUTE
    ../clib/printf_percent.s                 0x00000000   Number         0  _printf_percent_end.o ABSOLUTE
    ../clib/printf_percent.s                 0x00000000   Number         0  _printf_c.o ABSOLUTE
    ../clib/printf_percent.s                 0x00000000   Number         0  _printf_ll.o ABSOLUTE
    ../clib/printf_percent.s                 0x00000000   Number         0  _printf_f.o ABSOLUTE
    ../clib/printf_percent.s                 0x00000000   Number         0  _printf_llu.o ABSOLUTE
    ../clib/printf_percent.s                 0x00000000   Number         0  _printf_s.o ABSOLUTE
    ../clib/printf_percent.s                 0x00000000   Number         0  _printf_n.o ABSOLUTE
    ../clib/printf_percent.s                 0x00000000   Number         0  _printf_llx.o ABSOLUTE
    ../clib/printf_percent.s                 0x00000000   Number         0  _printf_llo.o ABSOLUTE
    ../clib/printf_percent.s                 0x00000000   Number         0  _printf_ls.o ABSOLUTE
    ../clib/printf_percent.s                 0x00000000   Number         0  _printf_lld.o ABSOLUTE
    ../clib/printf_percent.s                 0x00000000   Number         0  _printf_lc.o ABSOLUTE
    ../clib/printf_percent.s                 0x00000000   Number         0  _printf_e.o ABSOLUTE
    ../clib/printf_percent.s                 0x00000000   Number         0  _printf_p.o ABSOLUTE
    ../clib/printf_percent.s                 0x00000000   Number         0  _printf_l.o ABSOLUTE
    ../clib/printf_percent.s                 0x00000000   Number         0  _printf_lli.o ABSOLUTE
    ../clib/printf_percent.s                 0x00000000   Number         0  _printf_o.o ABSOLUTE
    ../clib/printf_percent.s                 0x00000000   Number         0  _printf_i.o ABSOLUTE
    ../clib/signal.c                         0x00000000   Number         0  defsig_stak_inner.o ABSOLUTE
    ../clib/signal.c                         0x00000000   Number         0  defsig_fpe_formal.o ABSOLUTE
    ../clib/signal.c                         0x00000000   Number         0  defsig_segv_inner.o ABSOLUTE
    ../clib/signal.c                         0x00000000   Number         0  defsig_abrt_inner.o ABSOLUTE
    ../clib/signal.c                         0x00000000   Number         0  defsig_rtred_inner.o ABSOLUTE
    ../clib/signal.c                         0x00000000   Number         0  defsig_rtmem_inner.o ABSOLUTE
    ../clib/signal.c                         0x00000000   Number         0  defsig_rtmem_outer.o ABSOLUTE
    ../clib/signal.c                         0x00000000   Number         0  defsig_exit.o ABSOLUTE
    ../clib/signal.c                         0x00000000   Number         0  defsig_rtmem_formal.o ABSOLUTE
    ../clib/signal.c                         0x00000000   Number         0  defsig_fpe_outer.o ABSOLUTE
    ../clib/signal.c                         0x00000000   Number         0  defsig_fpe_inner.o ABSOLUTE
    ../clib/signal.c                         0x00000000   Number         0  defsig_pvfn_inner.o ABSOLUTE
    ../clib/signal.c                         0x00000000   Number         0  defsig_cppl_inner.o ABSOLUTE
    ../clib/signal.c                         0x00000000   Number         0  defsig_other.o ABSOLUTE
    ../clib/signal.c                         0x00000000   Number         0  __raise.o ABSOLUTE
    ../clib/signal.c                         0x00000000   Number         0  defsig_general.o ABSOLUTE
    ../clib/signal.s                         0x00000000   Number         0  defsig.o ABSOLUTE
    ../clib/stdlib.c                         0x00000000   Number         0  exit.o ABSOLUTE
    ../clib/string.c                         0x00000000   Number         0  strlen.o ABSOLUTE
    ../clib/string.c                         0x00000000   Number         0  strcat.o ABSOLUTE
    ../clib/string.c                         0x00000000   Number         0  strcmp.o ABSOLUTE
    ../fplib/cfplib/f2d.c                    0x00000000   Number         0  f2d.o ABSOLUTE
    ../fplib/cfplib/fdiv.c                   0x00000000   Number         0  fdiv.o ABSOLUTE
    ../fplib/cfplib/fflt.c                   0x00000000   Number         0  fflti.o ABSOLUTE
    ../fplib/cfplib/fpinit.c                 0x00000000   Number         0  fpinit.o ABSOLUTE
    ../fplib/cfplib/ieee_status.c            0x00000000   Number         0  ieee_status.o ABSOLUTE
    ../fplib/fmul6m.s                        0x00000000   Number         0  fmul.o ABSOLUTE
    ../fplib/printf1.s                       0x00000000   Number         0  printf1.o ABSOLUTE
    ../fplib/usenofp.s                       0x00000000   Number         0  usenofp.o ABSOLUTE
    ../mathlib/fpclassify.c                  0x00000000   Number         0  fpclassify.o ABSOLUTE
    ..\..\board_common\wm8904.c              0x00000000   Number         0  wm8904.o ABSOLUTE
    ..\\..\\board_common\\wm8904.c           0x00000000   Number         0  wm8904.o ABSOLUTE
    ..\\multicore_common\\ipc_example.c      0x00000000   Number         0  ipc_example.o ABSOLUTE
    ..\\multicore_common\\ipc_msg.c          0x00000000   Number         0  ipc_msg.o ABSOLUTE
    ..\\multicore_common\\m0_img_ldr.c       0x00000000   Number         0  m0_img_ldr.o ABSOLUTE
    ..\\startup_code\\sysinit.c              0x00000000   Number         0  sysinit.o ABSOLUTE
    ..\chip_common\ring_buffer.c             0x00000000   Number         0  ring_buffer.o ABSOLUTE
    ..\multicore_common\ipc_example.c        0x00000000   Number         0  ipc_example.o ABSOLUTE
    ..\multicore_common\ipc_msg.c            0x00000000   Number         0  ipc_msg.o ABSOLUTE
    ..\multicore_common\m0_img_ldr.c         0x00000000   Number         0  m0_img_ldr.o ABSOLUTE
    ..\startup_code\keil_startup_lpc43xx_m0app.s 0x00000000   Number         0  keil_startup_lpc43xx_m0app.o ABSOLUTE
    ..\startup_code\sysinit.c                0x00000000   Number         0  sysinit.o ABSOLUTE
    board.c                                  0x00000000   Number         0  board.o ABSOLUTE
    board.c                                  0x00000000   Number         0  board.o ABSOLUTE
    chip_18xx_43xx.c                         0x00000000   Number         0  chip_18xx_43xx.o ABSOLUTE
    chip_18xx_43xx.c                         0x00000000   Number         0  chip_18xx_43xx.o ABSOLUTE
    clock_18xx_43xx.c                        0x00000000   Number         0  clock_18xx_43xx.o ABSOLUTE
    clock_18xx_43xx.c                        0x00000000   Number         0  clock_18xx_43xx.o ABSOLUTE
    dc.s                                     0x00000000   Number         0  dc.o ABSOLUTE
    gpio_18xx_43xx.c                         0x00000000   Number         0  gpio_18xx_43xx.o ABSOLUTE
    gpio_18xx_43xx.c                         0x00000000   Number         0  gpio_18xx_43xx.o ABSOLUTE
    i2c_18xx_43xx.c                          0x00000000   Number         0  i2c_18xx_43xx.o ABSOLUTE
    i2c_18xx_43xx.c                          0x00000000   Number         0  i2c_18xx_43xx.o ABSOLUTE
    main.c                                   0x00000000   Number         0  main.o ABSOLUTE
    main.c                                   0x00000000   Number         0  main.o ABSOLUTE
    ssp_18xx_43xx.c                          0x00000000   Number         0  ssp_18xx_43xx.o ABSOLUTE
    ssp_18xx_43xx.c                          0x00000000   Number         0  ssp_18xx_43xx.o ABSOLUTE
    timer_18xx_43xx.c                        0x00000000   Number         0  timer_18xx_43xx.o ABSOLUTE
    timer_18xx_43xx.c                        0x00000000   Number         0  timer_18xx_43xx.o ABSOLUTE
    uart_18xx_43xx.c                         0x00000000   Number         0  uart_18xx_43xx.o ABSOLUTE
    uart_18xx_43xx.c                         0x00000000   Number         0  uart_18xx_43xx.o ABSOLUTE
    .data                                    0x10080000   Section        4  ipc_example.o(.data)
    gblUpdateFn                              0x10080000   Data           4  ipc_example.o(.data)
    .data                                    0x10080004   Section       32  ipc_msg.o(.data)
    q_ipc                                    0x10080004   Data           4  ipc_msg.o(.data)
    ipc_errstr                               0x1008000c   Data          24  ipc_msg.o(.data)
    .data                                    0x10080024   Section       64  main.o(.data)
    mutex                                    0x10080024   Data           4  main.o(.data)
    print_mutex                              0x10080028   Data           4  main.o(.data)
    shared_msg                               0x1008002c   Data           4  main.o(.data)
    iteration                                0x10080030   Data           2  main.o(.data)
    notify                                   0x10080034   Data           4  main.o(.data)
    finished                                 0x10080038   Data           4  main.o(.data)
    test_number                              0x1008003c   Data           4  main.o(.data)
    test_running                             0x10080040   Data           4  main.o(.data)
    l                                        0x10080044   Data           4  main.o(.data)
    WorkingTime                              0x10080048   Data           4  main.o(.data)
    SleepingTime                             0x1008004c   Data           4  main.o(.data)
    LastTime                                 0x10080050   Data           4  main.o(.data)
    debug_toggle                             0x10080054   Data           4  main.o(.data)
    cpu_load_toggle                          0x10080058   Data           4  main.o(.data)
    is_prime                                 0x1008005c   Data           4  main.o(.data)
    tick_ct                                  0x10080060   Data           4  main.o(.data)
    .data                                    0x10080064   Section        4  chip_18xx_43xx.o(.data)
    .data                                    0x10080068   Section        8  clock_18xx_43xx.o(.data)
    audio_usb_pll_freq                       0x10080068   Data           8  clock_18xx_43xx.o(.data)
    .bss                                     0x10080070   Section      880  ipc_example.o(.bss)
    ipcex_callback_lookup                    0x10080070   Data          80  ipc_example.o(.bss)
    ipcex_queue                              0x100800c0   Data         768  ipc_example.o(.bss)
    gblCfg                                   0x100803c0   Data          32  ipc_example.o(.bss)
    .bss                                     0x100803e0   Section       96  libspace.o(.bss)
    HEAP                                     0x10080440   Section      512  keil_startup_lpc43xx_m0app.o(HEAP)
    Heap_Mem                                 0x10080440   Data         512  keil_startup_lpc43xx_m0app.o(HEAP)
    STACK                                    0x10080640   Section     1024  keil_startup_lpc43xx_m0app.o(STACK)
    Stack_Mem                                0x10080640   Data        1024  keil_startup_lpc43xx_m0app.o(STACK)
    __initial_sp                             0x10080a40   Data           0  keil_startup_lpc43xx_m0app.o(STACK)
    RESET                                    0x1b000000   Section      192  keil_startup_lpc43xx_m0app.o(RESET)
    !!!main                                  0x1b0000c0   Section        8  __main.o(!!!main)
    !!!scatter                               0x1b0000c8   Section       60  __scatter.o(!!!scatter)
    !!handler_copy                           0x1b000104   Section       26  __scatter_copy.o(!!handler_copy)
    !!handler_zi                             0x1b000120   Section       28  __scatter_zi.o(!!handler_zi)
    .ARM.Collect$$_printf_percent$$00000000  0x1b00013c   Section        2  _printf_percent.o(.ARM.Collect$$_printf_percent$$00000000)
    .ARM.Collect$$_printf_percent$$00000001  0x1b00013e   Section       10  _printf_n.o(.ARM.Collect$$_printf_percent$$00000001)
    .ARM.Collect$$_printf_percent$$00000002  0x1b000148   Section       10  _printf_p.o(.ARM.Collect$$_printf_percent$$00000002)
    .ARM.Collect$$_printf_percent$$00000003  0x1b000152   Section       10  _printf_f.o(.ARM.Collect$$_printf_percent$$00000003)
    .ARM.Collect$$_printf_percent$$00000004  0x1b00015c   Section       10  _printf_e.o(.ARM.Collect$$_printf_percent$$00000004)
    .ARM.Collect$$_printf_percent$$00000005  0x1b000166   Section       10  _printf_g.o(.ARM.Collect$$_printf_percent$$00000005)
    .ARM.Collect$$_printf_percent$$00000006  0x1b000170   Section       10  _printf_a.o(.ARM.Collect$$_printf_percent$$00000006)
    .ARM.Collect$$_printf_percent$$00000007  0x1b00017a   Section       10  _printf_ll.o(.ARM.Collect$$_printf_percent$$00000007)
    .ARM.Collect$$_printf_percent$$00000008  0x1b000184   Section       10  _printf_i.o(.ARM.Collect$$_printf_percent$$00000008)
    .ARM.Collect$$_printf_percent$$00000009  0x1b00018e   Section       10  _printf_d.o(.ARM.Collect$$_printf_percent$$00000009)
    .ARM.Collect$$_printf_percent$$0000000A  0x1b000198   Section       10  _printf_u.o(.ARM.Collect$$_printf_percent$$0000000A)
    .ARM.Collect$$_printf_percent$$0000000B  0x1b0001a2   Section       10  _printf_o.o(.ARM.Collect$$_printf_percent$$0000000B)
    .ARM.Collect$$_printf_percent$$0000000C  0x1b0001ac   Section       10  _printf_x.o(.ARM.Collect$$_printf_percent$$0000000C)
    .ARM.Collect$$_printf_percent$$0000000D  0x1b0001b6   Section       10  _printf_lli.o(.ARM.Collect$$_printf_percent$$0000000D)
    .ARM.Collect$$_printf_percent$$0000000E  0x1b0001c0   Section       10  _printf_lld.o(.ARM.Collect$$_printf_percent$$0000000E)
    .ARM.Collect$$_printf_percent$$0000000F  0x1b0001ca   Section       10  _printf_llu.o(.ARM.Collect$$_printf_percent$$0000000F)
    .ARM.Collect$$_printf_percent$$00000010  0x1b0001d4   Section       10  _printf_llo.o(.ARM.Collect$$_printf_percent$$00000010)
    .ARM.Collect$$_printf_percent$$00000011  0x1b0001de   Section       10  _printf_llx.o(.ARM.Collect$$_printf_percent$$00000011)
    .ARM.Collect$$_printf_percent$$00000012  0x1b0001e8   Section       10  _printf_l.o(.ARM.Collect$$_printf_percent$$00000012)
    .ARM.Collect$$_printf_percent$$00000013  0x1b0001f2   Section       10  _printf_c.o(.ARM.Collect$$_printf_percent$$00000013)
    .ARM.Collect$$_printf_percent$$00000014  0x1b0001fc   Section       10  _printf_s.o(.ARM.Collect$$_printf_percent$$00000014)
    .ARM.Collect$$_printf_percent$$00000015  0x1b000206   Section       10  _printf_lc.o(.ARM.Collect$$_printf_percent$$00000015)
    .ARM.Collect$$_printf_percent$$00000016  0x1b000210   Section       10  _printf_ls.o(.ARM.Collect$$_printf_percent$$00000016)
    .ARM.Collect$$_printf_percent$$00000017  0x1b00021a   Section        4  _printf_percent_end.o(.ARM.Collect$$_printf_percent$$00000017)
    .ARM.Collect$$libinit$$00000000          0x1b00021e   Section        2  libinit.o(.ARM.Collect$$libinit$$00000000)
    .ARM.Collect$$libinit$$00000002          0x1b000220   Section        0  libinit2.o(.ARM.Collect$$libinit$$00000002)
    .ARM.Collect$$libinit$$00000004          0x1b000220   Section        0  libinit2.o(.ARM.Collect$$libinit$$00000004)
    .ARM.Collect$$libinit$$0000000A          0x1b000220   Section        0  libinit2.o(.ARM.Collect$$libinit$$0000000A)
    .ARM.Collect$$libinit$$0000000C          0x1b000220   Section        0  libinit2.o(.ARM.Collect$$libinit$$0000000C)
    .ARM.Collect$$libinit$$0000000E          0x1b000220   Section        0  libinit2.o(.ARM.Collect$$libinit$$0000000E)
    .ARM.Collect$$libinit$$0000000F          0x1b000220   Section        6  libinit2.o(.ARM.Collect$$libinit$$0000000F)
    .ARM.Collect$$libinit$$00000011          0x1b000226   Section        0  libinit2.o(.ARM.Collect$$libinit$$00000011)
    .ARM.Collect$$libinit$$00000012          0x1b000226   Section       12  libinit2.o(.ARM.Collect$$libinit$$00000012)
    .ARM.Collect$$libinit$$00000013          0x1b000232   Section        0  libinit2.o(.ARM.Collect$$libinit$$00000013)
    .ARM.Collect$$libinit$$00000015          0x1b000232   Section        0  libinit2.o(.ARM.Collect$$libinit$$00000015)
    .ARM.Collect$$libinit$$00000016          0x1b000232   Section       10  libinit2.o(.ARM.Collect$$libinit$$00000016)
    .ARM.Collect$$libinit$$00000017          0x1b00023c   Section        0  libinit2.o(.ARM.Collect$$libinit$$00000017)
    .ARM.Collect$$libinit$$00000019          0x1b00023c   Section        0  libinit2.o(.ARM.Collect$$libinit$$00000019)
    .ARM.Collect$$libinit$$0000001B          0x1b00023c   Section        0  libinit2.o(.ARM.Collect$$libinit$$0000001B)
    .ARM.Collect$$libinit$$0000001D          0x1b00023c   Section        0  libinit2.o(.ARM.Collect$$libinit$$0000001D)
    .ARM.Collect$$libinit$$0000001F          0x1b00023c   Section        0  libinit2.o(.ARM.Collect$$libinit$$0000001F)
    .ARM.Collect$$libinit$$00000021          0x1b00023c   Section        0  libinit2.o(.ARM.Collect$$libinit$$00000021)
    .ARM.Collect$$libinit$$00000023          0x1b00023c   Section        0  libinit2.o(.ARM.Collect$$libinit$$00000023)
    .ARM.Collect$$libinit$$00000025          0x1b00023c   Section        0  libinit2.o(.ARM.Collect$$libinit$$00000025)
    .ARM.Collect$$libinit$$0000002C          0x1b00023c   Section        0  libinit2.o(.ARM.Collect$$libinit$$0000002C)
    .ARM.Collect$$libinit$$0000002E          0x1b00023c   Section        0  libinit2.o(.ARM.Collect$$libinit$$0000002E)
    .ARM.Collect$$libinit$$00000030          0x1b00023c   Section        0  libinit2.o(.ARM.Collect$$libinit$$00000030)
    .ARM.Collect$$libinit$$00000032          0x1b00023c   Section        0  libinit2.o(.ARM.Collect$$libinit$$00000032)
    .ARM.Collect$$libinit$$00000033          0x1b00023c   Section        2  libinit2.o(.ARM.Collect$$libinit$$00000033)
    .ARM.Collect$$libshutdown$$00000000      0x1b00023e   Section        2  libshutdown.o(.ARM.Collect$$libshutdown$$00000000)
    .ARM.Collect$$libshutdown$$00000002      0x1b000240   Section        0  libshutdown2.o(.ARM.Collect$$libshutdown$$00000002)
    .ARM.Collect$$libshutdown$$00000004      0x1b000240   Section        0  libshutdown2.o(.ARM.Collect$$libshutdown$$00000004)
    .ARM.Collect$$libshutdown$$00000007      0x1b000240   Section        0  libshutdown2.o(.ARM.Collect$$libshutdown$$00000007)
    .ARM.Collect$$libshutdown$$0000000A      0x1b000240   Section        0  libshutdown2.o(.ARM.Collect$$libshutdown$$0000000A)
    .ARM.Collect$$libshutdown$$0000000C      0x1b000240   Section        0  libshutdown2.o(.ARM.Collect$$libshutdown$$0000000C)
    .ARM.Collect$$libshutdown$$0000000F      0x1b000240   Section        0  libshutdown2.o(.ARM.Collect$$libshutdown$$0000000F)
    .ARM.Collect$$libshutdown$$00000010      0x1b000240   Section        2  libshutdown2.o(.ARM.Collect$$libshutdown$$00000010)
    .ARM.Collect$$rtentry$$00000000          0x1b000242   Section        0  __rtentry.o(.ARM.Collect$$rtentry$$00000000)
    .ARM.Collect$$rtentry$$00000002          0x1b000242   Section        0  __rtentry2.o(.ARM.Collect$$rtentry$$00000002)
    .ARM.Collect$$rtentry$$00000004          0x1b000242   Section        6  __rtentry4.o(.ARM.Collect$$rtentry$$00000004)
    .ARM.Collect$$rtentry$$00000009          0x1b000248   Section        0  __rtentry2.o(.ARM.Collect$$rtentry$$00000009)
    .ARM.Collect$$rtentry$$0000000A          0x1b000248   Section        4  __rtentry2.o(.ARM.Collect$$rtentry$$0000000A)
    .ARM.Collect$$rtentry$$0000000C          0x1b00024c   Section        0  __rtentry2.o(.ARM.Collect$$rtentry$$0000000C)
    .ARM.Collect$$rtentry$$0000000D          0x1b00024c   Section        8  __rtentry2.o(.ARM.Collect$$rtentry$$0000000D)
    .ARM.Collect$$rtexit$$00000000           0x1b000254   Section        2  rtexit.o(.ARM.Collect$$rtexit$$00000000)
    .ARM.Collect$$rtexit$$00000002           0x1b000256   Section        0  rtexit2.o(.ARM.Collect$$rtexit$$00000002)
    .ARM.Collect$$rtexit$$00000003           0x1b000256   Section        4  rtexit2.o(.ARM.Collect$$rtexit$$00000003)
    .ARM.Collect$$rtexit$$00000004           0x1b00025a   Section        6  rtexit2.o(.ARM.Collect$$rtexit$$00000004)
    .emb_text                                0x1b000260   Section       56  rt_memcpy.o(.emb_text)
    .text                                    0x1b000298   Section       68  keil_startup_lpc43xx_m0app.o(.text)
    .text                                    0x1b0002dc   Section        0  sysinit.o(.text)
    .text                                    0x1b0002e0   Section        0  ipc_example.o(.text)
    ipcex_dispatch_task                      0x1b0002e1   Thumb Code    64  ipc_example.o(.text)
    ipcex_updateGblVal                       0x1b000321   Thumb Code    42  ipc_example.o(.text)
    .text                                    0x1b000408   Section        0  ipc_msg.o(.text)
    ipc_send_signal                          0x1b000409   Thumb Code     8  ipc_msg.o(.text)
    IPC_EventHandler_sa                      0x1b000411   Thumb Code     8  ipc_msg.o(.text)
    .text                                    0x1b000624   Section        0  main.o(.text)
    Chip_RGU_InReset                         0x1b000625   Thumb Code    32  main.o(.text)
    unlock_mutex                             0x1b000669   Thumb Code    10  main.o(.text)
    lock_mutex                               0x1b000673   Thumb Code    46  main.o(.text)
    debug                                    0x1b0006a1   Thumb Code   108  main.o(.text)
    print                                    0x1b0007cf   Thumb Code    80  main.o(.text)
    wait_event                               0x1b00081f   Thumb Code    28  main.o(.text)
    notify_event                             0x1b00083b   Thumb Code     8  main.o(.text)
    setup_board                              0x1b000843   Thumb Code     8  main.o(.text)
    setup_clock_counter                      0x1b00084b   Thumb Code    42  main.o(.text)
    clock_counter_value                      0x1b000875   Thumb Code     8  main.o(.text)
    setup_system_timer                       0x1b00087d   Thumb Code   130  main.o(.text)
    start_system_timer                       0x1b0008ff   Thumb Code    10  main.o(.text)
    stop_system_timer                        0x1b000909   Thumb Code    18  main.o(.text)
    NVIC_EnableIRQ                           0x1b000c71   Thumb Code    14  main.o(.text)
    Chip_RGU_TriggerReset                    0x1b000c7f   Thumb Code    18  main.o(.text)
    Chip_TIMER_Enable                        0x1b000c91   Thumb Code    10  main.o(.text)
    .text                                    0x1b000ddc   Section        0  c89vsprintf.o(.text)
    .text                                    0x1b000e00   Section        0  strlen.o(.text)
    .text                                    0x1b000e44   Section        0  strcat.o(.text)
    .text                                    0x1b000e5c   Section        0  rt_memcpy.o(.text)
    .text                                    0x1b000ede   Section        0  rt_memclr.o(.text)
    .text                                    0x1b000f1e   Section      346  aeabi_sdiv.o(.text)
    .text                                    0x1b001078   Section        0  heapauxi.o(.text)
    .text                                    0x1b001080   Section        0  f2d.o(.text)
    .text                                    0x1b0010d4   Section        0  fdiv.o(.text)
    .text                                    0x1b001234   Section        0  fflti.o(.text)
    .text                                    0x1b001292   Section        0  _printf_pad.o(.text)
    .text                                    0x1b0012e0   Section        0  _printf_truncate.o(.text)
    .text                                    0x1b001304   Section        0  _printf_str.o(.text)
    .text                                    0x1b001358   Section        0  _printf_dec.o(.text)
    .text                                    0x1b0013c4   Section        0  _printf_charcount.o(.text)
    .text                                    0x1b0013ec   Section        0  _printf_char_common.o(.text)
    _printf_input_char                       0x1b0013ed   Thumb Code    10  _printf_char_common.o(.text)
    .text                                    0x1b00141c   Section        0  _sputc.o(.text)
    .text                                    0x1b001428   Section        0  _printf_wctomb.o(.text)
    .text                                    0x1b0014e4   Section        0  _printf_longlong_dec.o(.text)
    .text                                    0x1b001554   Section        0  _printf_oct_int_ll.o(.text)
    _printf_longlong_oct_internal            0x1b001555   Thumb Code     0  _printf_oct_int_ll.o(.text)
    .text                                    0x1b0015c4   Section        0  _printf_hex_int_ll_ptr.o(.text)
    _printf_hex_common                       0x1b0015c5   Thumb Code     0  _printf_hex_int_ll_ptr.o(.text)
    .text                                    0x1b00165c   Section        0  __printf_flags_ss_wp.o(.text)
    .text                                    0x1b0017e4   Section        0  lludiv10.o(.text)
    .text                                    0x1b00185e   Section        0  _printf_intcommon.o(.text)
    .text                                    0x1b001910   Section        0  _printf_fp_dec.o(.text)
    _fp_digits                               0x1b001913   Thumb Code   412  _printf_fp_dec.o(.text)
    .text                                    0x1b001d28   Section        0  _printf_char.o(.text)
    .text                                    0x1b001d56   Section        0  _printf_wchar.o(.text)
    .text                                    0x1b001d84   Section        0  _wcrtomb.o(.text)
    .text                                    0x1b001dc4   Section        0  rtudiv10.o(.text)
    .text                                    0x1b001dec   Section       62  sys_stackheap_outer.o(.text)
    .text                                    0x1b001e2c   Section       16  rt_ctype_table.o(.text)
    .text                                    0x1b001e3c   Section        8  rt_locale_intlibspace.o(.text)
    .text                                    0x1b001e44   Section        0  _printf_fp_infnan.o(.text)
    .text                                    0x1b001ecc   Section        0  bigflt0.o(.text)
    .text                                    0x1b001fa4   Section        0  btod.o(.text)
    btod_internal_mul                        0x1b001fe5   Thumb Code   492  btod.o(.text)
    btod_internal_div                        0x1b0021d1   Thumb Code   520  btod.o(.text)
    .text                                    0x1b002524   Section        0  exit.o(.text)
    .text                                    0x1b002534   Section        8  libspace.o(.text)
    .text                                    0x1b00253c   Section        0  strcmp.o(.text)
    i.Board_UARTPutChar                      0x1b0025c4   Section        0  board.o(i.Board_UARTPutChar)
    i.Board_UARTPutSTR                       0x1b0025d4   Section        0  board.o(i.Board_UARTPutSTR)
    i.Chip_Clock_Enable                      0x1b0025e8   Section        0  clock_18xx_43xx.o(i.Chip_Clock_Enable)
    i.Chip_Clock_GetBaseClock                0x1b002614   Section        0  clock_18xx_43xx.o(i.Chip_Clock_GetBaseClock)
    i.Chip_Clock_GetBaseClocktHz             0x1b002634   Section        0  clock_18xx_43xx.o(i.Chip_Clock_GetBaseClocktHz)
    i.Chip_Clock_GetClockInputHz             0x1b002640   Section        0  clock_18xx_43xx.o(i.Chip_Clock_GetClockInputHz)
    i.Chip_Clock_GetDivRate                  0x1b0026dc   Section        0  clock_18xx_43xx.o(i.Chip_Clock_GetDivRate)
    Chip_Clock_GetDivRate                    0x1b0026dd   Thumb Code    34  clock_18xx_43xx.o(i.Chip_Clock_GetDivRate)
    i.Chip_Clock_GetDividerDivisor           0x1b002700   Section        0  clock_18xx_43xx.o(i.Chip_Clock_GetDividerDivisor)
    i.Chip_Clock_GetDividerSource            0x1b002720   Section        0  clock_18xx_43xx.o(i.Chip_Clock_GetDividerSource)
    i.Chip_Clock_GetMainPLLHz                0x1b00273c   Section        0  clock_18xx_43xx.o(i.Chip_Clock_GetMainPLLHz)
    i.Chip_Clock_GetRate                     0x1b0027a4   Section        0  clock_18xx_43xx.o(i.Chip_Clock_GetRate)
    i.Chip_TIMER_GetClockIndex               0x1b002818   Section        0  timer_18xx_43xx.o(i.Chip_TIMER_GetClockIndex)
    Chip_TIMER_GetClockIndex                 0x1b002819   Thumb Code    34  timer_18xx_43xx.o(i.Chip_TIMER_GetClockIndex)
    i.Chip_TIMER_Init                        0x1b002848   Section        0  timer_18xx_43xx.o(i.Chip_TIMER_Init)
    i.Chip_TIMER_Reset                       0x1b002854   Section        0  timer_18xx_43xx.o(i.Chip_TIMER_Reset)
    i.Chip_UART_Send                         0x1b00286c   Section        0  uart_18xx_43xx.o(i.Chip_UART_Send)
    i.Chip_UART_SendBlocking                 0x1b002888   Section        0  uart_18xx_43xx.o(i.Chip_UART_SendBlocking)
    i.SystemCoreClockUpdate                  0x1b0028ac   Section        0  chip_18xx_43xx.o(i.SystemCoreClockUpdate)
    i.__ARM_common_ll_muluu                  0x1b0028c0   Section        0  btod.o(i.__ARM_common_ll_muluu)
    i.__ARM_common_switch8                   0x1b0028f0   Section        0  clock_18xx_43xx.o(i.__ARM_common_switch8)
    i.__ARM_fpclassify                       0x1b00290c   Section        0  fpclassify.o(i.__ARM_fpclassify)
    i._is_digit                              0x1b002938   Section        0  __printf_wp.o(i._is_digit)
    i._sys_exit                              0x1b002946   Section        0  board.o(i._sys_exit)
    locale$$code                             0x1b00294c   Section       44  lc_numeric_c.o(locale$$code)
    locale$$code                             0x1b002978   Section       44  lc_ctype_c.o(locale$$code)
    x$fpl$fmul                               0x1b0029a4   Section      176  fmul.o(x$fpl$fmul)
    x$fpl$printf1                            0x1b002a54   Section       16  printf1.o(x$fpl$printf1)
    .constdata                               0x1b002a64   Section       80  main.o(.constdata)
    x$fpl$usenofp                            0x1b002a64   Section        0  usenofp.o(x$fpl$usenofp)
    .constdata                               0x1b002ab4   Section        4  board.o(.constdata)
    .constdata                               0x1b002ab8   Section        4  board.o(.constdata)
    .constdata                               0x1b002abc   Section      108  clock_18xx_43xx.o(.constdata)
    periph_to_base                           0x1b002abc   Data         108  clock_18xx_43xx.o(.constdata)
    .constdata                               0x1b002b28   Section       64  fdiv.o(.constdata)
    fdiv_tab                                 0x1b002b28   Data          64  fdiv.o(.constdata)
    .constdata                               0x1b002b68   Section        8  _printf_wctomb.o(.constdata)
    initial_mbstate                          0x1b002b68   Data           8  _printf_wctomb.o(.constdata)
    .constdata                               0x1b002b70   Section       40  _printf_hex_int_ll_ptr.o(.constdata)
    uc_hextab                                0x1b002b70   Data          20  _printf_hex_int_ll_ptr.o(.constdata)
    lc_hextab                                0x1b002b84   Data          20  _printf_hex_int_ll_ptr.o(.constdata)
    .constdata                               0x1b002b98   Section       17  __printf_flags_ss_wp.o(.constdata)
    maptable                                 0x1b002b98   Data          17  __printf_flags_ss_wp.o(.constdata)
    .constdata                               0x1b002bac   Section      148  bigflt0.o(.constdata)
    tenpwrs_x                                0x1b002bac   Data          60  bigflt0.o(.constdata)
    tenpwrs_i                                0x1b002be8   Data          64  bigflt0.o(.constdata)
    .conststring                             0x1b002c40   Section      123  ipc_msg.o(.conststring)
    locale$$data                             0x1b002cdc   Section       28  lc_numeric_c.o(locale$$data)
    __lcnum_c_name                           0x1b002ce0   Data           2  lc_numeric_c.o(locale$$data)
    __lcnum_c_start                          0x1b002ce8   Data           0  lc_numeric_c.o(locale$$data)
    __lcnum_c_point                          0x1b002cf4   Data           0  lc_numeric_c.o(locale$$data)
    __lcnum_c_thousands                      0x1b002cf6   Data           0  lc_numeric_c.o(locale$$data)
    __lcnum_c_grouping                       0x1b002cf7   Data           0  lc_numeric_c.o(locale$$data)
    locale$$data                             0x1b002cf8   Section      272  lc_ctype_c.o(locale$$data)
    __lcnum_c_end                            0x1b002cf8   Data           0  lc_numeric_c.o(locale$$data)
    __lcctype_c_name                         0x1b002cfc   Data           2  lc_ctype_c.o(locale$$data)
    __lcctype_c_start                        0x1b002d04   Data           0  lc_ctype_c.o(locale$$data)
    __lcctype_c_end                          0x1b002e08   Data           0  lc_ctype_c.o(locale$$data)

    Global Symbols

    Symbol Name                              Value     Ov Type        Size  Object(Section)

    BuildAttributes$$THM_ISAv3M$S$PE$A:L22$X:L11$S22$IEEE1$IW$USESV6$~STKCKD$USESV7$~SHL$OTIME$ROPI$IEEEJ$EBA8$UX$STANDARDLIB$REQ8$PRES8$EABIv2 0x00000000   Number         0  anon$$obj.o ABSOLUTE
    __ARM_use_no_argv                        0x00000000   Number         0  main.o ABSOLUTE
    _printf_flags                            0x00000000   Number         0  printf_stubs.o ABSOLUTE
    _printf_return_value                     0x00000000   Number         0  printf_stubs.o ABSOLUTE
    _printf_sizespec                         0x00000000   Number         0  printf_stubs.o ABSOLUTE
    _printf_widthprec                        0x00000000   Number         0  printf_stubs.o ABSOLUTE
    __ARM_exceptions_init                     - Undefined Weak Reference
    __alloca_initialize                       - Undefined Weak Reference
    __arm_preinit_                            - Undefined Weak Reference
    __cpp_initialize__aeabi_                  - Undefined Weak Reference
    __cxa_finalize                            - Undefined Weak Reference
    __sigvec_lookup                           - Undefined Weak Reference
    _atexit_init                              - Undefined Weak Reference
    _call_atexit_fns                          - Undefined Weak Reference
    _clock_init                               - Undefined Weak Reference
    _fp_trap_init                             - Undefined Weak Reference
    _fp_trap_shutdown                         - Undefined Weak Reference
    _get_lc_collate                           - Undefined Weak Reference
    _get_lc_monetary                          - Undefined Weak Reference
    _get_lc_time                              - Undefined Weak Reference
    _getenv_init                              - Undefined Weak Reference
    _handle_redirection                       - Undefined Weak Reference
    _init_alloc                               - Undefined Weak Reference
    _init_user_alloc                          - Undefined Weak Reference
    _initio                                   - Undefined Weak Reference
    _printf_fp_hex                            - Undefined Weak Reference
    _printf_mbtowc                            - Undefined Weak Reference
    _printf_wc                                - Undefined Weak Reference
    _rand_init                                - Undefined Weak Reference
    _signal_finish                            - Undefined Weak Reference
    _signal_init                              - Undefined Weak Reference
    _terminate_alloc                          - Undefined Weak Reference
    _terminate_user_alloc                     - Undefined Weak Reference
    _terminateio                              - Undefined Weak Reference
    IPC_EventHandler                         0x10080008   Data           4  ipc_msg.o(.data)
    SystemCoreClock                          0x10080064   Data           4  chip_18xx_43xx.o(.data)
    __libspace_start                         0x100803e0   Data          96  libspace.o(.bss)
    __temporary_stack_top$libspace           0x10080440   Data           0  libspace.o(.bss)
    __Vectors                                0x1b000000   Data           4  keil_startup_lpc43xx_m0app.o(RESET)
    __main                                   0x1b0000c1   Thumb Code     8  __main.o(!!!main)
    __scatterload                            0x1b0000c9   Thumb Code     0  __scatter.o(!!!scatter)
    __scatterload_rt2                        0x1b0000c9   Thumb Code    52  __scatter.o(!!!scatter)
    __scatterload_rt2_thumb_only             0x1b0000c9   Thumb Code     0  __scatter.o(!!!scatter)
    __scatterload_null                       0x1b0000d9   Thumb Code     0  __scatter.o(!!!scatter)
    __scatterload_copy                       0x1b000105   Thumb Code    26  __scatter_copy.o(!!handler_copy)
    __scatterload_zeroinit                   0x1b000121   Thumb Code    28  __scatter_zi.o(!!handler_zi)
    _printf_percent                          0x1b00013d   Thumb Code     0  _printf_percent.o(.ARM.Collect$$_printf_percent$$00000000)
    _printf_n                                0x1b00013f   Thumb Code     0  _printf_n.o(.ARM.Collect$$_printf_percent$$00000001)
    _printf_p                                0x1b000149   Thumb Code     0  _printf_p.o(.ARM.Collect$$_printf_percent$$00000002)
    _printf_f                                0x1b000153   Thumb Code     0  _printf_f.o(.ARM.Collect$$_printf_percent$$00000003)
    _printf_e                                0x1b00015d   Thumb Code     0  _printf_e.o(.ARM.Collect$$_printf_percent$$00000004)
    _printf_g                                0x1b000167   Thumb Code     0  _printf_g.o(.ARM.Collect$$_printf_percent$$00000005)
    _printf_a                                0x1b000171   Thumb Code     0  _printf_a.o(.ARM.Collect$$_printf_percent$$00000006)
    _printf_ll                               0x1b00017b   Thumb Code     0  _printf_ll.o(.ARM.Collect$$_printf_percent$$00000007)
    _printf_i                                0x1b000185   Thumb Code     0  _printf_i.o(.ARM.Collect$$_printf_percent$$00000008)
    _printf_d                                0x1b00018f   Thumb Code     0  _printf_d.o(.ARM.Collect$$_printf_percent$$00000009)
    _printf_u                                0x1b000199   Thumb Code     0  _printf_u.o(.ARM.Collect$$_printf_percent$$0000000A)
    _printf_o                                0x1b0001a3   Thumb Code     0  _printf_o.o(.ARM.Collect$$_printf_percent$$0000000B)
    _printf_x                                0x1b0001ad   Thumb Code     0  _printf_x.o(.ARM.Collect$$_printf_percent$$0000000C)
    _printf_lli                              0x1b0001b7   Thumb Code     0  _printf_lli.o(.ARM.Collect$$_printf_percent$$0000000D)
    _printf_lld                              0x1b0001c1   Thumb Code     0  _printf_lld.o(.ARM.Collect$$_printf_percent$$0000000E)
    _printf_llu                              0x1b0001cb   Thumb Code     0  _printf_llu.o(.ARM.Collect$$_printf_percent$$0000000F)
    _printf_llo                              0x1b0001d5   Thumb Code     0  _printf_llo.o(.ARM.Collect$$_printf_percent$$00000010)
    _printf_llx                              0x1b0001df   Thumb Code     0  _printf_llx.o(.ARM.Collect$$_printf_percent$$00000011)
    _printf_l                                0x1b0001e9   Thumb Code     0  _printf_l.o(.ARM.Collect$$_printf_percent$$00000012)
    _printf_c                                0x1b0001f3   Thumb Code     0  _printf_c.o(.ARM.Collect$$_printf_percent$$00000013)
    _printf_s                                0x1b0001fd   Thumb Code     0  _printf_s.o(.ARM.Collect$$_printf_percent$$00000014)
    _printf_lc                               0x1b000207   Thumb Code     0  _printf_lc.o(.ARM.Collect$$_printf_percent$$00000015)
    _printf_ls                               0x1b000211   Thumb Code     0  _printf_ls.o(.ARM.Collect$$_printf_percent$$00000016)
    _printf_percent_end                      0x1b00021b   Thumb Code     0  _printf_percent_end.o(.ARM.Collect$$_printf_percent$$00000017)
    __rt_lib_init                            0x1b00021f   Thumb Code     0  libinit.o(.ARM.Collect$$libinit$$00000000)
    __rt_lib_init_fp_1                       0x1b000221   Thumb Code     0  libinit2.o(.ARM.Collect$$libinit$$00000002)
    __rt_lib_init_heap_1                     0x1b000221   Thumb Code     0  libinit2.o(.ARM.Collect$$libinit$$0000000A)
    __rt_lib_init_lc_common                  0x1b000221   Thumb Code     0  libinit2.o(.ARM.Collect$$libinit$$0000000F)
    __rt_lib_init_preinit_1                  0x1b000221   Thumb Code     0  libinit2.o(.ARM.Collect$$libinit$$00000004)
    __rt_lib_init_rand_1                     0x1b000221   Thumb Code     0  libinit2.o(.ARM.Collect$$libinit$$0000000E)
    __rt_lib_init_user_alloc_1               0x1b000221   Thumb Code     0  libinit2.o(.ARM.Collect$$libinit$$0000000C)
    __rt_lib_init_lc_collate_1               0x1b000227   Thumb Code     0  libinit2.o(.ARM.Collect$$libinit$$00000011)
    __rt_lib_init_lc_ctype_2                 0x1b000227   Thumb Code     0  libinit2.o(.ARM.Collect$$libinit$$00000012)
    __rt_lib_init_lc_ctype_1                 0x1b000233   Thumb Code     0  libinit2.o(.ARM.Collect$$libinit$$00000013)
    __rt_lib_init_lc_monetary_1              0x1b000233   Thumb Code     0  libinit2.o(.ARM.Collect$$libinit$$00000015)
    __rt_lib_init_lc_numeric_2               0x1b000233   Thumb Code     0  libinit2.o(.ARM.Collect$$libinit$$00000016)
    __rt_lib_init_alloca_1                   0x1b00023d   Thumb Code     0  libinit2.o(.ARM.Collect$$libinit$$0000002E)
    __rt_lib_init_argv_1                     0x1b00023d   Thumb Code     0  libinit2.o(.ARM.Collect$$libinit$$0000002C)
    __rt_lib_init_atexit_1                   0x1b00023d   Thumb Code     0  libinit2.o(.ARM.Collect$$libinit$$0000001B)
    __rt_lib_init_clock_1                    0x1b00023d   Thumb Code     0  libinit2.o(.ARM.Collect$$libinit$$00000021)
    __rt_lib_init_cpp_1                      0x1b00023d   Thumb Code     0  libinit2.o(.ARM.Collect$$libinit$$00000032)
    __rt_lib_init_exceptions_1               0x1b00023d   Thumb Code     0  libinit2.o(.ARM.Collect$$libinit$$00000030)
    __rt_lib_init_fp_trap_1                  0x1b00023d   Thumb Code     0  libinit2.o(.ARM.Collect$$libinit$$0000001F)
    __rt_lib_init_getenv_1                   0x1b00023d   Thumb Code     0  libinit2.o(.ARM.Collect$$libinit$$00000023)
    __rt_lib_init_lc_numeric_1               0x1b00023d   Thumb Code     0  libinit2.o(.ARM.Collect$$libinit$$00000017)
    __rt_lib_init_lc_time_1                  0x1b00023d   Thumb Code     0  libinit2.o(.ARM.Collect$$libinit$$00000019)
    __rt_lib_init_return                     0x1b00023d   Thumb Code     0  libinit2.o(.ARM.Collect$$libinit$$00000033)
    __rt_lib_init_signal_1                   0x1b00023d   Thumb Code     0  libinit2.o(.ARM.Collect$$libinit$$0000001D)
    __rt_lib_init_stdio_1                    0x1b00023d   Thumb Code     0  libinit2.o(.ARM.Collect$$libinit$$00000025)
    __rt_lib_shutdown                        0x1b00023f   Thumb Code     0  libshutdown.o(.ARM.Collect$$libshutdown$$00000000)
    __rt_lib_shutdown_cpp_1                  0x1b000241   Thumb Code     0  libshutdown2.o(.ARM.Collect$$libshutdown$$00000002)
    __rt_lib_shutdown_fp_trap_1              0x1b000241   Thumb Code     0  libshutdown2.o(.ARM.Collect$$libshutdown$$00000007)
    __rt_lib_shutdown_heap_1                 0x1b000241   Thumb Code     0  libshutdown2.o(.ARM.Collect$$libshutdown$$0000000F)
    __rt_lib_shutdown_return                 0x1b000241   Thumb Code     0  libshutdown2.o(.ARM.Collect$$libshutdown$$00000010)
    __rt_lib_shutdown_signal_1               0x1b000241   Thumb Code     0  libshutdown2.o(.ARM.Collect$$libshutdown$$0000000A)
    __rt_lib_shutdown_stdio_1                0x1b000241   Thumb Code     0  libshutdown2.o(.ARM.Collect$$libshutdown$$00000004)
    __rt_lib_shutdown_user_alloc_1           0x1b000241   Thumb Code     0  libshutdown2.o(.ARM.Collect$$libshutdown$$0000000C)
    __rt_entry                               0x1b000243   Thumb Code     0  __rtentry.o(.ARM.Collect$$rtentry$$00000000)
    __rt_entry_presh_1                       0x1b000243   Thumb Code     0  __rtentry2.o(.ARM.Collect$$rtentry$$00000002)
    __rt_entry_sh                            0x1b000243   Thumb Code     0  __rtentry4.o(.ARM.Collect$$rtentry$$00000004)
    __rt_entry_li                            0x1b000249   Thumb Code     0  __rtentry2.o(.ARM.Collect$$rtentry$$0000000A)
    __rt_entry_postsh_1                      0x1b000249   Thumb Code     0  __rtentry2.o(.ARM.Collect$$rtentry$$00000009)
    __rt_entry_main                          0x1b00024d   Thumb Code     0  __rtentry2.o(.ARM.Collect$$rtentry$$0000000D)
    __rt_entry_postli_1                      0x1b00024d   Thumb Code     0  __rtentry2.o(.ARM.Collect$$rtentry$$0000000C)
    __rt_exit                                0x1b000255   Thumb Code     0  rtexit.o(.ARM.Collect$$rtexit$$00000000)
    __rt_exit_ls                             0x1b000257   Thumb Code     0  rtexit2.o(.ARM.Collect$$rtexit$$00000003)
    __rt_exit_prels_1                        0x1b000257   Thumb Code     0  rtexit2.o(.ARM.Collect$$rtexit$$00000002)
    __rt_exit_exit                           0x1b00025b   Thumb Code     0  rtexit2.o(.ARM.Collect$$rtexit$$00000004)
    __aeabi_memcpy4                          0x1b000261   Thumb Code    56  rt_memcpy.o(.emb_text)
    __aeabi_memcpy8                          0x1b000261   Thumb Code     0  rt_memcpy.o(.emb_text)
    Reset_Handler                            0x1b000299   Thumb Code     8  keil_startup_lpc43xx_m0app.o(.text)
    NMI_Handler                              0x1b0002a1   Thumb Code     2  keil_startup_lpc43xx_m0app.o(.text)
    HardFault_Handler                        0x1b0002a3   Thumb Code     2  keil_startup_lpc43xx_m0app.o(.text)
    MemManage_Handler                        0x1b0002a5   Thumb Code     2  keil_startup_lpc43xx_m0app.o(.text)
    BusFault_Handler                         0x1b0002a7   Thumb Code     2  keil_startup_lpc43xx_m0app.o(.text)
    UsageFault_Handler                       0x1b0002a9   Thumb Code     2  keil_startup_lpc43xx_m0app.o(.text)
    SVC_Handler                              0x1b0002ab   Thumb Code     2  keil_startup_lpc43xx_m0app.o(.text)
    DebugMon_Handler                         0x1b0002ad   Thumb Code     2  keil_startup_lpc43xx_m0app.o(.text)
    PendSV_Handler                           0x1b0002af   Thumb Code     2  keil_startup_lpc43xx_m0app.o(.text)
    SysTick_Handler                          0x1b0002b1   Thumb Code     2  keil_startup_lpc43xx_m0app.o(.text)
    UnHandled_Vector                         0x1b0002b3   Thumb Code     2  keil_startup_lpc43xx_m0app.o(.text)
    ADC0_IRQHandler                          0x1b0002b5   Thumb Code     0  keil_startup_lpc43xx_m0app.o(.text)
    ADC1_IRQHandler                          0x1b0002b5   Thumb Code     0  keil_startup_lpc43xx_m0app.o(.text)
    CAN0_IRQHandler                          0x1b0002b5   Thumb Code     0  keil_startup_lpc43xx_m0app.o(.text)
    DMA_IRQHandler                           0x1b0002b5   Thumb Code     0  keil_startup_lpc43xx_m0app.o(.text)
    ETH_IRQHandler                           0x1b0002b5   Thumb Code     0  keil_startup_lpc43xx_m0app.o(.text)
    EVRT_IRQHandler                          0x1b0002b5   Thumb Code     0  keil_startup_lpc43xx_m0app.o(.text)
    FLASH_EEPROM_ATIMER_IRQHandler           0x1b0002b5   Thumb Code     0  keil_startup_lpc43xx_m0app.o(.text)
    GINT1_IRQHandler                         0x1b0002b5   Thumb Code     0  keil_startup_lpc43xx_m0app.o(.text)
    GPIO4_IRQHandler                         0x1b0002b5   Thumb Code     0  keil_startup_lpc43xx_m0app.o(.text)
    I2C0_IRQHandler                          0x1b0002b5   Thumb Code     0  keil_startup_lpc43xx_m0app.o(.text)
    I2S0_I2S1_QEI_IRQHandler                 0x1b0002b5   Thumb Code     0  keil_startup_lpc43xx_m0app.o(.text)
    LCD_IRQHandler                           0x1b0002b5   Thumb Code     0  keil_startup_lpc43xx_m0app.o(.text)
    M0SUB_IRQHandler                         0x1b0002b5   Thumb Code     0  keil_startup_lpc43xx_m0app.o(.text)
    MCPWM_IRQHandler                         0x1b0002b5   Thumb Code     0  keil_startup_lpc43xx_m0app.o(.text)
    RIT_WDT_IRQHandler                       0x1b0002b5   Thumb Code     0  keil_startup_lpc43xx_m0app.o(.text)
    RTC_IRQHandler                           0x1b0002b5   Thumb Code     0  keil_startup_lpc43xx_m0app.o(.text)
    SCT_IRQHandler                           0x1b0002b5   Thumb Code     0  keil_startup_lpc43xx_m0app.o(.text)
    SDIO_IRQHandler                          0x1b0002b5   Thumb Code     0  keil_startup_lpc43xx_m0app.o(.text)
    SGPIO_IRQHandler                         0x1b0002b5   Thumb Code     0  keil_startup_lpc43xx_m0app.o(.text)
    SPIFI_ADCHS_IRQHandler                   0x1b0002b5   Thumb Code     0  keil_startup_lpc43xx_m0app.o(.text)
    SPI_DAC_IRQHandler                       0x1b0002b5   Thumb Code     0  keil_startup_lpc43xx_m0app.o(.text)
    SSP0_SSP1_IRQHandler                     0x1b0002b5   Thumb Code     0  keil_startup_lpc43xx_m0app.o(.text)
    TIMER0_IRQHandler                        0x1b0002b5   Thumb Code     0  keil_startup_lpc43xx_m0app.o(.text)
    UART0_IRQHandler                         0x1b0002b5   Thumb Code     0  keil_startup_lpc43xx_m0app.o(.text)
    UART1_IRQHandler                         0x1b0002b5   Thumb Code     0  keil_startup_lpc43xx_m0app.o(.text)
    UART2_CAN1_IRQHandler                    0x1b0002b5   Thumb Code     0  keil_startup_lpc43xx_m0app.o(.text)
    UART3_IRQHandler                         0x1b0002b5   Thumb Code     0  keil_startup_lpc43xx_m0app.o(.text)
    USB0_IRQHandler                          0x1b0002b5   Thumb Code     0  keil_startup_lpc43xx_m0app.o(.text)
    USB1_IRQHandler                          0x1b0002b5   Thumb Code     0  keil_startup_lpc43xx_m0app.o(.text)
    __user_initial_stackheap                 0x1b0002b9   Thumb Code     0  keil_startup_lpc43xx_m0app.o(.text)
    SystemInit                               0x1b0002dd   Thumb Code     2  sysinit.o(.text)
    ipcex_register_callback                  0x1b00034b   Thumb Code    16  ipc_example.o(.text)
    ipcex_tasks                              0x1b00035b   Thumb Code    10  ipc_example.o(.text)
    IPCEX_Init                               0x1b000365   Thumb Code    22  ipc_example.o(.text)
    ipcex_setGblVal                          0x1b00037b   Thumb Code    94  ipc_example.o(.text)
    ipcex_getGblVal                          0x1b0003d9   Thumb Code    18  ipc_example.o(.text)
    ipcex_gblRegisterFn                      0x1b0003eb   Thumb Code    10  ipc_example.o(.text)
    IPC_msgNotify                            0x1b000419   Thumb Code     8  ipc_msg.o(.text)
    IPC_initMsgQueue                         0x1b000421   Thumb Code    90  ipc_msg.o(.text)
    IPC_pushMsgTout                          0x1b00047b   Thumb Code   128  ipc_msg.o(.text)
    IPC_popMsgTout                           0x1b0004fb   Thumb Code   142  ipc_msg.o(.text)
    IPC_msgPending                           0x1b000589   Thumb Code    32  ipc_msg.o(.text)
    IPC_strerror                             0x1b0005a9   Thumb Code    18  ipc_msg.o(.text)
    check_prime                              0x1b000645   Thumb Code    36  main.o(.text)
    M4_IRQHandler                            0x1b00070d   Thumb Code   144  main.o(.text)
    TIMER3_IRQHandler                        0x1b00079d   Thumb Code    50  main.o(.text)
    idle                                     0x1b00091b   Thumb Code   166  main.o(.text)
    main                                     0x1b0009c1   Thumb Code   688  main.o(.text)
    __c89vsprintf                            0x1b000ddd   Thumb Code    32  c89vsprintf.o(.text)
    strlen                                   0x1b000e01   Thumb Code    62  strlen.o(.text)
    strcat                                   0x1b000e45   Thumb Code    24  strcat.o(.text)
    __aeabi_memcpy                           0x1b000e5d   Thumb Code   130  rt_memcpy.o(.text)
    __rt_memcpy                              0x1b000e5d   Thumb Code     0  rt_memcpy.o(.text)
    _memset_w                                0x1b000edf   Thumb Code    26  rt_memclr.o(.text)
    _memset                                  0x1b000ef9   Thumb Code    30  rt_memclr.o(.text)
    __aeabi_memclr                           0x1b000f17   Thumb Code     4  rt_memclr.o(.text)
    __rt_memclr                              0x1b000f17   Thumb Code     0  rt_memclr.o(.text)
    __aeabi_memclr4                          0x1b000f1b   Thumb Code     0  rt_memclr.o(.text)
    __aeabi_memclr8                          0x1b000f1b   Thumb Code     0  rt_memclr.o(.text)
    __rt_memclr_w                            0x1b000f1b   Thumb Code     4  rt_memclr.o(.text)
    __aeabi_uidiv                            0x1b000f1f   Thumb Code     0  aeabi_sdiv.o(.text)
    __aeabi_uidivmod                         0x1b000f1f   Thumb Code    20  aeabi_sdiv.o(.text)
    __aeabi_idiv                             0x1b000f33   Thumb Code     0  aeabi_sdiv.o(.text)
    __aeabi_idivmod                          0x1b000f33   Thumb Code   326  aeabi_sdiv.o(.text)
    __use_two_region_memory                  0x1b001079   Thumb Code     2  heapauxi.o(.text)
    __rt_heap_escrow$2region                 0x1b00107b   Thumb Code     2  heapauxi.o(.text)
    __rt_heap_expand$2region                 0x1b00107d   Thumb Code     2  heapauxi.o(.text)
    __aeabi_f2d                              0x1b001081   Thumb Code     0  f2d.o(.text)
    _f2d                                     0x1b001081   Thumb Code    80  f2d.o(.text)
    __aeabi_fdiv                             0x1b0010d5   Thumb Code     0  fdiv.o(.text)
    _fdiv                                    0x1b0010d5   Thumb Code   334  fdiv.o(.text)
    _frdiv                                   0x1b001223   Thumb Code     8  fdiv.o(.text)
    __aeabi_i2f_normalise                    0x1b001235   Thumb Code    72  fflti.o(.text)
    __aeabi_i2f                              0x1b00127d   Thumb Code    16  fflti.o(.text)
    _fflt                                    0x1b00127d   Thumb Code     0  fflti.o(.text)
    __aeabi_ui2f                             0x1b00128d   Thumb Code     6  fflti.o(.text)
    _ffltu                                   0x1b00128d   Thumb Code     0  fflti.o(.text)
    _printf_pre_padding                      0x1b001293   Thumb Code    44  _printf_pad.o(.text)
    _printf_post_padding                     0x1b0012bf   Thumb Code    34  _printf_pad.o(.text)
    _printf_truncate_signed                  0x1b0012e1   Thumb Code    18  _printf_truncate.o(.text)
    _printf_truncate_unsigned                0x1b0012f3   Thumb Code    18  _printf_truncate.o(.text)
    _printf_str                              0x1b001305   Thumb Code    82  _printf_str.o(.text)
    _printf_int_dec                          0x1b001359   Thumb Code    90  _printf_dec.o(.text)
    _printf_charcount                        0x1b0013c5   Thumb Code    38  _printf_charcount.o(.text)
    _printf_char_common                      0x1b0013f7   Thumb Code    32  _printf_char_common.o(.text)
    _sputc                                   0x1b00141d   Thumb Code    10  _sputc.o(.text)
    _printf_wctomb                           0x1b001429   Thumb Code   182  _printf_wctomb.o(.text)
    _printf_longlong_dec                     0x1b0014e5   Thumb Code    94  _printf_longlong_dec.o(.text)
    _printf_longlong_oct                     0x1b001555   Thumb Code    68  _printf_oct_int_ll.o(.text)
    _printf_int_oct                          0x1b001599   Thumb Code    24  _printf_oct_int_ll.o(.text)
    _printf_ll_oct                           0x1b0015b1   Thumb Code    10  _printf_oct_int_ll.o(.text)
    _printf_longlong_hex                     0x1b0015c5   Thumb Code    88  _printf_hex_int_ll_ptr.o(.text)
    _printf_int_hex                          0x1b00161d   Thumb Code    28  _printf_hex_int_ll_ptr.o(.text)
    _printf_ll_hex                           0x1b001639   Thumb Code    10  _printf_hex_int_ll_ptr.o(.text)
    _printf_hex_ptr                          0x1b001643   Thumb Code    22  _printf_hex_int_ll_ptr.o(.text)
    __printf                                 0x1b00165d   Thumb Code   386  __printf_flags_ss_wp.o(.text)
    _ll_udiv10                               0x1b0017e5   Thumb Code   122  lludiv10.o(.text)
    _printf_int_common                       0x1b00185f   Thumb Code   176  _printf_intcommon.o(.text)
    __lib_sel_fp_printf                      0x1b001911   Thumb Code     2  _printf_fp_dec.o(.text)
    _printf_fp_dec_real                      0x1b001aaf   Thumb Code   620  _printf_fp_dec.o(.text)
    _printf_cs_common                        0x1b001d29   Thumb Code    22  _printf_char.o(.text)
    _printf_char                             0x1b001d3f   Thumb Code    16  _printf_char.o(.text)
    _printf_string                           0x1b001d4f   Thumb Code     8  _printf_char.o(.text)
    _printf_lcs_common                       0x1b001d57   Thumb Code    22  _printf_wchar.o(.text)
    _printf_wchar                            0x1b001d6d   Thumb Code    16  _printf_wchar.o(.text)
    _printf_wstring                          0x1b001d7d   Thumb Code     8  _printf_wchar.o(.text)
    _wcrtomb                                 0x1b001d85   Thumb Code    64  _wcrtomb.o(.text)
    __rt_udiv10                              0x1b001dc5   Thumb Code    40  rtudiv10.o(.text)
    __user_setup_stackheap                   0x1b001ded   Thumb Code    62  sys_stackheap_outer.o(.text)
    __rt_ctype_table                         0x1b001e2d   Thumb Code    16  rt_ctype_table.o(.text)
    __rt_locale                              0x1b001e3d   Thumb Code     8  rt_locale_intlibspace.o(.text)
    _printf_fp_infnan                        0x1b001e45   Thumb Code   120  _printf_fp_infnan.o(.text)
    _btod_etento                             0x1b001ecd   Thumb Code   210  bigflt0.o(.text)
    _btod_d2e                                0x1b001fa5   Thumb Code    64  btod.o(.text)
    _btod_emul                               0x1b0023d9   Thumb Code    28  btod.o(.text)
    _btod_emuld                              0x1b0023f5   Thumb Code   144  btod.o(.text)
    _btod_ediv                               0x1b002485   Thumb Code    26  btod.o(.text)
    _btod_edivd                              0x1b00249f   Thumb Code   124  btod.o(.text)
    exit                                     0x1b002525   Thumb Code    16  exit.o(.text)
    __user_libspace                          0x1b002535   Thumb Code     8  libspace.o(.text)
    __user_perproc_libspace                  0x1b002535   Thumb Code     0  libspace.o(.text)
    __user_perthread_libspace                0x1b002535   Thumb Code     0  libspace.o(.text)
    strcmp                                   0x1b00253d   Thumb Code   132  strcmp.o(.text)
    Board_UARTPutChar                        0x1b0025c5   Thumb Code    12  board.o(i.Board_UARTPutChar)
    Board_UARTPutSTR                         0x1b0025d5   Thumb Code    20  board.o(i.Board_UARTPutSTR)
    Chip_Clock_Enable                        0x1b0025e9   Thumb Code    36  clock_18xx_43xx.o(i.Chip_Clock_Enable)
    Chip_Clock_GetBaseClock                  0x1b002615   Thumb Code    26  clock_18xx_43xx.o(i.Chip_Clock_GetBaseClock)
    Chip_Clock_GetBaseClocktHz               0x1b002635   Thumb Code    12  clock_18xx_43xx.o(i.Chip_Clock_GetBaseClocktHz)
    Chip_Clock_GetClockInputHz               0x1b002641   Thumb Code   126  clock_18xx_43xx.o(i.Chip_Clock_GetClockInputHz)
    Chip_Clock_GetDividerDivisor             0x1b002701   Thumb Code    18  clock_18xx_43xx.o(i.Chip_Clock_GetDividerDivisor)
    Chip_Clock_GetDividerSource              0x1b002721   Thumb Code    22  clock_18xx_43xx.o(i.Chip_Clock_GetDividerSource)
    Chip_Clock_GetMainPLLHz                  0x1b00273d   Thumb Code    94  clock_18xx_43xx.o(i.Chip_Clock_GetMainPLLHz)
    Chip_Clock_GetRate                       0x1b0027a5   Thumb Code   102  clock_18xx_43xx.o(i.Chip_Clock_GetRate)
    Chip_TIMER_Init                          0x1b002849   Thumb Code    12  timer_18xx_43xx.o(i.Chip_TIMER_Init)
    Chip_TIMER_Reset                         0x1b002855   Thumb Code    24  timer_18xx_43xx.o(i.Chip_TIMER_Reset)
    Chip_UART_Send                           0x1b00286d   Thumb Code    28  uart_18xx_43xx.o(i.Chip_UART_Send)
    Chip_UART_SendBlocking                   0x1b002889   Thumb Code    36  uart_18xx_43xx.o(i.Chip_UART_SendBlocking)
    SystemCoreClockUpdate                    0x1b0028ad   Thumb Code    14  chip_18xx_43xx.o(i.SystemCoreClockUpdate)
    __ARM_common_ll_muluu                    0x1b0028c1   Thumb Code    48  btod.o(i.__ARM_common_ll_muluu)
    __ARM_common_switch8                     0x1b0028f1   Thumb Code    26  clock_18xx_43xx.o(i.__ARM_common_switch8)
    __ARM_fpclassify                         0x1b00290d   Thumb Code    40  fpclassify.o(i.__ARM_fpclassify)
    _is_digit                                0x1b002939   Thumb Code    14  __printf_wp.o(i._is_digit)
    _sys_exit                                0x1b002947   Thumb Code     4  board.o(i._sys_exit)
    _get_lc_numeric                          0x1b00294d   Thumb Code    44  lc_numeric_c.o(locale$$code)
    _get_lc_ctype                            0x1b002979   Thumb Code    44  lc_ctype_c.o(locale$$code)
    __aeabi_fmul                             0x1b0029a5   Thumb Code     0  fmul.o(x$fpl$fmul)
    _fmul                                    0x1b0029a5   Thumb Code   172  fmul.o(x$fpl$fmul)
    _printf_fp_dec                           0x1b002a55   Thumb Code    16  printf1.o(x$fpl$printf1)
    __I$use$fp                               0x1b002a64   Number         0  usenofp.o(x$fpl$usenofp)
    ExtRateIn                                0x1b002ab4   Data           4  board.o(.constdata)
    OscRateIn                                0x1b002ab8   Data           4  board.o(.constdata)
    Region$$Table$$Base                      0x1b002cbc   Number         0  anon$$obj.o(Region$$Table)
    Region$$Table$$Limit                     0x1b002cdc   Number         0  anon$$obj.o(Region$$Table)
    __ctype                                  0x1b002d05   Data           0  lc_ctype_c.o(locale$$data)



==============================================================================

Memory Map of the image

  Image Entry point : 0x1b0000c1

  Load Region LR_IROM2 (Base: 0x1b000000, Size: 0x00002e78, Max: 0x00080000, ABSOLUTE)

    Execution Region RW_IRAM1 (Exec base: 0x10080000, Load base: 0x1b002e08, Size: 0x00000a40, Max: 0x00008000, ABSOLUTE)

    Exec Addr    Load Addr    Size         Type   Attr      Idx    E Section Name        Object

    0x10080000   0x1b002e08   0x00000004   Data   RW          229    .data               ipc_example.o
    0x10080004   0x1b002e0c   0x00000020   Data   RW          293    .data               ipc_msg.o
    0x10080024   0x1b002e2c   0x00000040   Data   RW          353    .data               main.o
    0x10080064   0x1b002e6c   0x00000004   Data   RW          811    .data               lib_lpc_chip_43xx_m0.lib(chip_18xx_43xx.o)
    0x10080068   0x1b002e70   0x00000008   Data   RW         1060    .data               lib_lpc_chip_43xx_m0.lib(clock_18xx_43xx.o)
    0x10080070        -       0x00000370   Zero   RW          228    .bss                ipc_example.o
    0x100803e0        -       0x00000060   Zero   RW         2068    .bss                c_p.l(libspace.o)
    0x10080440        -       0x00000200   Zero   RW            2    HEAP                keil_startup_lpc43xx_m0app.o
    0x10080640        -       0x00000400   Zero   RW            1    STACK               keil_startup_lpc43xx_m0app.o


    Execution Region ER_IROM2 (Exec base: 0x1b000000, Load base: 0x1b000000, Size: 0x00002e08, Max: 0x00080000, ABSOLUTE)

    Exec Addr    Load Addr    Size         Type   Attr      Idx    E Section Name        Object

    0x1b000000   0x1b000000   0x000000c0   Data   RO            3    RESET               keil_startup_lpc43xx_m0app.o
    0x1b0000c0   0x1b0000c0   0x00000008   Code   RO         1881  * !!!main             c_p.l(__main.o)
    0x1b0000c8   0x1b0000c8   0x0000003c   Code   RO         2200    !!!scatter          c_p.l(__scatter.o)
    0x1b000104   0x1b000104   0x0000001a   Code   RO         2202    !!handler_copy      c_p.l(__scatter_copy.o)
    0x1b00011e   0x1b00011e   0x00000002   PAD
    0x1b000120   0x1b000120   0x0000001c   Code   RO         2204    !!handler_zi        c_p.l(__scatter_zi.o)
    0x1b00013c   0x1b00013c   0x00000002   Code   RO         1982    .ARM.Collect$$_printf_percent$$00000000  c_p.l(_printf_percent.o)
    0x1b00013e   0x1b00013e   0x0000000a   Code   RO         1971    .ARM.Collect$$_printf_percent$$00000001  c_p.l(_printf_n.o)
    0x1b000148   0x1b000148   0x0000000a   Code   RO         1973    .ARM.Collect$$_printf_percent$$00000002  c_p.l(_printf_p.o)
    0x1b000152   0x1b000152   0x0000000a   Code   RO         1978    .ARM.Collect$$_printf_percent$$00000003  c_p.l(_printf_f.o)
    0x1b00015c   0x1b00015c   0x0000000a   Code   RO         1979    .ARM.Collect$$_printf_percent$$00000004  c_p.l(_printf_e.o)
    0x1b000166   0x1b000166   0x0000000a   Code   RO         1980    .ARM.Collect$$_printf_percent$$00000005  c_p.l(_printf_g.o)
    0x1b000170   0x1b000170   0x0000000a   Code   RO         1981    .ARM.Collect$$_printf_percent$$00000006  c_p.l(_printf_a.o)
    0x1b00017a   0x1b00017a   0x0000000a   Code   RO         1986    .ARM.Collect$$_printf_percent$$00000007  c_p.l(_printf_ll.o)
    0x1b000184   0x1b000184   0x0000000a   Code   RO         1975    .ARM.Collect$$_printf_percent$$00000008  c_p.l(_printf_i.o)
    0x1b00018e   0x1b00018e   0x0000000a   Code   RO         1976    .ARM.Collect$$_printf_percent$$00000009  c_p.l(_printf_d.o)
    0x1b000198   0x1b000198   0x0000000a   Code   RO         1977    .ARM.Collect$$_printf_percent$$0000000A  c_p.l(_printf_u.o)
    0x1b0001a2   0x1b0001a2   0x0000000a   Code   RO         1974    .ARM.Collect$$_printf_percent$$0000000B  c_p.l(_printf_o.o)
    0x1b0001ac   0x1b0001ac   0x0000000a   Code   RO         1972    .ARM.Collect$$_printf_percent$$0000000C  c_p.l(_printf_x.o)
    0x1b0001b6   0x1b0001b6   0x0000000a   Code   RO         1983    .ARM.Collect$$_printf_percent$$0000000D  c_p.l(_printf_lli.o)
    0x1b0001c0   0x1b0001c0   0x0000000a   Code   RO         1984    .ARM.Collect$$_printf_percent$$0000000E  c_p.l(_printf_lld.o)
    0x1b0001ca   0x1b0001ca   0x0000000a   Code   RO         1985    .ARM.Collect$$_printf_percent$$0000000F  c_p.l(_printf_llu.o)
    0x1b0001d4   0x1b0001d4   0x0000000a   Code   RO         1990    .ARM.Collect$$_printf_percent$$00000010  c_p.l(_printf_llo.o)
    0x1b0001de   0x1b0001de   0x0000000a   Code   RO         1991    .ARM.Collect$$_printf_percent$$00000011  c_p.l(_printf_llx.o)
    0x1b0001e8   0x1b0001e8   0x0000000a   Code   RO         1987    .ARM.Collect$$_printf_percent$$00000012  c_p.l(_printf_l.o)
    0x1b0001f2   0x1b0001f2   0x0000000a   Code   RO         1969    .ARM.Collect$$_printf_percent$$00000013  c_p.l(_printf_c.o)
    0x1b0001fc   0x1b0001fc   0x0000000a   Code   RO         1970    .ARM.Collect$$_printf_percent$$00000014  c_p.l(_printf_s.o)
    0x1b000206   0x1b000206   0x0000000a   Code   RO         1988    .ARM.Collect$$_printf_percent$$00000015  c_p.l(_printf_lc.o)
    0x1b000210   0x1b000210   0x0000000a   Code   RO         1989    .ARM.Collect$$_printf_percent$$00000016  c_p.l(_printf_ls.o)
    0x1b00021a   0x1b00021a   0x00000004   Code   RO         2024    .ARM.Collect$$_printf_percent$$00000017  c_p.l(_printf_percent_end.o)
    0x1b00021e   0x1b00021e   0x00000002   Code   RO         2062    .ARM.Collect$$libinit$$00000000  c_p.l(libinit.o)
    0x1b000220   0x1b000220   0x00000000   Code   RO         2085    .ARM.Collect$$libinit$$00000002  c_p.l(libinit2.o)
    0x1b000220   0x1b000220   0x00000000   Code   RO         2087    .ARM.Collect$$libinit$$00000004  c_p.l(libinit2.o)
    0x1b000220   0x1b000220   0x00000000   Code   RO         2090    .ARM.Collect$$libinit$$0000000A  c_p.l(libinit2.o)
    0x1b000220   0x1b000220   0x00000000   Code   RO         2092    .ARM.Collect$$libinit$$0000000C  c_p.l(libinit2.o)
    0x1b000220   0x1b000220   0x00000000   Code   RO         2094    .ARM.Collect$$libinit$$0000000E  c_p.l(libinit2.o)
    0x1b000220   0x1b000220   0x00000006   Code   RO         2095    .ARM.Collect$$libinit$$0000000F  c_p.l(libinit2.o)
    0x1b000226   0x1b000226   0x00000000   Code   RO         2097    .ARM.Collect$$libinit$$00000011  c_p.l(libinit2.o)
    0x1b000226   0x1b000226   0x0000000c   Code   RO         2098    .ARM.Collect$$libinit$$00000012  c_p.l(libinit2.o)
    0x1b000232   0x1b000232   0x00000000   Code   RO         2099    .ARM.Collect$$libinit$$00000013  c_p.l(libinit2.o)
    0x1b000232   0x1b000232   0x00000000   Code   RO         2101    .ARM.Collect$$libinit$$00000015  c_p.l(libinit2.o)
    0x1b000232   0x1b000232   0x0000000a   Code   RO         2102    .ARM.Collect$$libinit$$00000016  c_p.l(libinit2.o)
    0x1b00023c   0x1b00023c   0x00000000   Code   RO         2103    .ARM.Collect$$libinit$$00000017  c_p.l(libinit2.o)
    0x1b00023c   0x1b00023c   0x00000000   Code   RO         2105    .ARM.Collect$$libinit$$00000019  c_p.l(libinit2.o)
    0x1b00023c   0x1b00023c   0x00000000   Code   RO         2107    .ARM.Collect$$libinit$$0000001B  c_p.l(libinit2.o)
    0x1b00023c   0x1b00023c   0x00000000   Code   RO         2109    .ARM.Collect$$libinit$$0000001D  c_p.l(libinit2.o)
    0x1b00023c   0x1b00023c   0x00000000   Code   RO         2111    .ARM.Collect$$libinit$$0000001F  c_p.l(libinit2.o)
    0x1b00023c   0x1b00023c   0x00000000   Code   RO         2113    .ARM.Collect$$libinit$$00000021  c_p.l(libinit2.o)
    0x1b00023c   0x1b00023c   0x00000000   Code   RO         2115    .ARM.Collect$$libinit$$00000023  c_p.l(libinit2.o)
    0x1b00023c   0x1b00023c   0x00000000   Code   RO         2117    .ARM.Collect$$libinit$$00000025  c_p.l(libinit2.o)
    0x1b00023c   0x1b00023c   0x00000000   Code   RO         2121    .ARM.Collect$$libinit$$0000002C  c_p.l(libinit2.o)
    0x1b00023c   0x1b00023c   0x00000000   Code   RO         2123    .ARM.Collect$$libinit$$0000002E  c_p.l(libinit2.o)
    0x1b00023c   0x1b00023c   0x00000000   Code   RO         2125    .ARM.Collect$$libinit$$00000030  c_p.l(libinit2.o)
    0x1b00023c   0x1b00023c   0x00000000   Code   RO         2127    .ARM.Collect$$libinit$$00000032  c_p.l(libinit2.o)
    0x1b00023c   0x1b00023c   0x00000002   Code   RO         2128    .ARM.Collect$$libinit$$00000033  c_p.l(libinit2.o)
    0x1b00023e   0x1b00023e   0x00000002   Code   RO         2154    .ARM.Collect$$libshutdown$$00000000  c_p.l(libshutdown.o)
    0x1b000240   0x1b000240   0x00000000   Code   RO         2183    .ARM.Collect$$libshutdown$$00000002  c_p.l(libshutdown2.o)
    0x1b000240   0x1b000240   0x00000000   Code   RO         2185    .ARM.Collect$$libshutdown$$00000004  c_p.l(libshutdown2.o)
    0x1b000240   0x1b000240   0x00000000   Code   RO         2188    .ARM.Collect$$libshutdown$$00000007  c_p.l(libshutdown2.o)
    0x1b000240   0x1b000240   0x00000000   Code   RO         2191    .ARM.Collect$$libshutdown$$0000000A  c_p.l(libshutdown2.o)
    0x1b000240   0x1b000240   0x00000000   Code   RO         2193    .ARM.Collect$$libshutdown$$0000000C  c_p.l(libshutdown2.o)
    0x1b000240   0x1b000240   0x00000000   Code   RO         2196    .ARM.Collect$$libshutdown$$0000000F  c_p.l(libshutdown2.o)
    0x1b000240   0x1b000240   0x00000002   Code   RO         2197    .ARM.Collect$$libshutdown$$00000010  c_p.l(libshutdown2.o)
    0x1b000242   0x1b000242   0x00000000   Code   RO         1892    .ARM.Collect$$rtentry$$00000000  c_p.l(__rtentry.o)
    0x1b000242   0x1b000242   0x00000000   Code   RO         1996    .ARM.Collect$$rtentry$$00000002  c_p.l(__rtentry2.o)
    0x1b000242   0x1b000242   0x00000006   Code   RO         2008    .ARM.Collect$$rtentry$$00000004  c_p.l(__rtentry4.o)
    0x1b000248   0x1b000248   0x00000000   Code   RO         1998    .ARM.Collect$$rtentry$$00000009  c_p.l(__rtentry2.o)
    0x1b000248   0x1b000248   0x00000004   Code   RO         1999    .ARM.Collect$$rtentry$$0000000A  c_p.l(__rtentry2.o)
    0x1b00024c   0x1b00024c   0x00000000   Code   RO         2001    .ARM.Collect$$rtentry$$0000000C  c_p.l(__rtentry2.o)
    0x1b00024c   0x1b00024c   0x00000008   Code   RO         2002    .ARM.Collect$$rtentry$$0000000D  c_p.l(__rtentry2.o)
    0x1b000254   0x1b000254   0x00000002   Code   RO         2071    .ARM.Collect$$rtexit$$00000000  c_p.l(rtexit.o)
    0x1b000256   0x1b000256   0x00000000   Code   RO         2130    .ARM.Collect$$rtexit$$00000002  c_p.l(rtexit2.o)
    0x1b000256   0x1b000256   0x00000004   Code   RO         2131    .ARM.Collect$$rtexit$$00000003  c_p.l(rtexit2.o)
    0x1b00025a   0x1b00025a   0x00000006   Code   RO         2132    .ARM.Collect$$rtexit$$00000004  c_p.l(rtexit2.o)
    0x1b000260   0x1b000260   0x00000038   Code   RO         1869    .emb_text           c_p.l(rt_memcpy.o)
    0x1b000298   0x1b000298   0x00000044   Code   RO            4    .text               keil_startup_lpc43xx_m0app.o
    0x1b0002dc   0x1b0002dc   0x00000002   Code   RO           12    .text               sysinit.o
    0x1b0002de   0x1b0002de   0x00000002   PAD
    0x1b0002e0   0x1b0002e0   0x00000128   Code   RO          227    .text               ipc_example.o
    0x1b000408   0x1b000408   0x0000021c   Code   RO          291    .text               ipc_msg.o
    0x1b000624   0x1b000624   0x000007b8   Code   RO          351    .text               main.o
    0x1b000ddc   0x1b000ddc   0x00000024   Code   RO         1863    .text               c_p.l(c89vsprintf.o)
    0x1b000e00   0x1b000e00   0x00000044   Code   RO         1865    .text               c_p.l(strlen.o)
    0x1b000e44   0x1b000e44   0x00000018   Code   RO         1867    .text               c_p.l(strcat.o)
    0x1b000e5c   0x1b000e5c   0x00000082   Code   RO         1870    .text               c_p.l(rt_memcpy.o)
    0x1b000ede   0x1b000ede   0x00000040   Code   RO         1873    .text               c_p.l(rt_memclr.o)
    0x1b000f1e   0x1b000f1e   0x0000015a   Code   RO         1875    .text               c_p.l(aeabi_sdiv.o)
    0x1b001078   0x1b001078   0x00000006   Code   RO         1879    .text               c_p.l(heapauxi.o)
    0x1b00107e   0x1b00107e   0x00000002   PAD
    0x1b001080   0x1b001080   0x00000054   Code   RO         1883    .text               fz_ps.l(f2d.o)
    0x1b0010d4   0x1b0010d4   0x00000160   Code   RO         1885    .text               fz_ps.l(fdiv.o)
    0x1b001234   0x1b001234   0x0000005e   Code   RO         1888    .text               fz_ps.l(fflti.o)
    0x1b001292   0x1b001292   0x0000004e   Code   RO         1903    .text               c_p.l(_printf_pad.o)
    0x1b0012e0   0x1b0012e0   0x00000024   Code   RO         1905    .text               c_p.l(_printf_truncate.o)
    0x1b001304   0x1b001304   0x00000052   Code   RO         1907    .text               c_p.l(_printf_str.o)
    0x1b001356   0x1b001356   0x00000002   PAD
    0x1b001358   0x1b001358   0x0000006c   Code   RO         1909    .text               c_p.l(_printf_dec.o)
    0x1b0013c4   0x1b0013c4   0x00000026   Code   RO         1911    .text               c_p.l(_printf_charcount.o)
    0x1b0013ea   0x1b0013ea   0x00000002   PAD
    0x1b0013ec   0x1b0013ec   0x00000030   Code   RO         1913    .text               c_p.l(_printf_char_common.o)
    0x1b00141c   0x1b00141c   0x0000000a   Code   RO         1915    .text               c_p.l(_sputc.o)
    0x1b001426   0x1b001426   0x00000002   PAD
    0x1b001428   0x1b001428   0x000000bc   Code   RO         1917    .text               c_p.l(_printf_wctomb.o)
    0x1b0014e4   0x1b0014e4   0x00000070   Code   RO         1920    .text               c_p.l(_printf_longlong_dec.o)
    0x1b001554   0x1b001554   0x00000070   Code   RO         1926    .text               c_p.l(_printf_oct_int_ll.o)
    0x1b0015c4   0x1b0015c4   0x00000098   Code   RO         1946    .text               c_p.l(_printf_hex_int_ll_ptr.o)
    0x1b00165c   0x1b00165c   0x00000188   Code   RO         1966    .text               c_p.l(__printf_flags_ss_wp.o)
    0x1b0017e4   0x1b0017e4   0x0000007a   Code   RO         2012    .text               c_p.l(lludiv10.o)
    0x1b00185e   0x1b00185e   0x000000b0   Code   RO         2014    .text               c_p.l(_printf_intcommon.o)
    0x1b00190e   0x1b00190e   0x00000002   PAD
    0x1b001910   0x1b001910   0x00000418   Code   RO         2016    .text               c_p.l(_printf_fp_dec.o)
    0x1b001d28   0x1b001d28   0x0000002e   Code   RO         2020    .text               c_p.l(_printf_char.o)
    0x1b001d56   0x1b001d56   0x0000002e   Code   RO         2022    .text               c_p.l(_printf_wchar.o)
    0x1b001d84   0x1b001d84   0x00000040   Code   RO         2025    .text               c_p.l(_wcrtomb.o)
    0x1b001dc4   0x1b001dc4   0x00000028   Code   RO         2027    .text               c_p.l(rtudiv10.o)
    0x1b001dec   0x1b001dec   0x0000003e   Code   RO         2029    .text               c_p.l(sys_stackheap_outer.o)
    0x1b001e2a   0x1b001e2a   0x00000002   PAD
    0x1b001e2c   0x1b001e2c   0x00000010   Code   RO         2032    .text               c_p.l(rt_ctype_table.o)
    0x1b001e3c   0x1b001e3c   0x00000008   Code   RO         2037    .text               c_p.l(rt_locale_intlibspace.o)
    0x1b001e44   0x1b001e44   0x00000088   Code   RO         2039    .text               c_p.l(_printf_fp_infnan.o)
    0x1b001ecc   0x1b001ecc   0x000000d8   Code   RO         2041    .text               c_p.l(bigflt0.o)
    0x1b001fa4   0x1b001fa4   0x00000580   Code   RO         2044    .text               c_p.l(btod.o)
    0x1b002524   0x1b002524   0x00000010   Code   RO         2051    .text               c_p.l(exit.o)
    0x1b002534   0x1b002534   0x00000008   Code   RO         2067    .text               c_p.l(libspace.o)
    0x1b00253c   0x1b00253c   0x00000088   Code   RO         2082    .text               c_p.l(strcmp.o)
    0x1b0025c4   0x1b0025c4   0x00000010   Code   RO          432    i.Board_UARTPutChar  lib_lpc_board_nxp_lpcxpresso_4337_m0.lib(board.o)
    0x1b0025d4   0x1b0025d4   0x00000014   Code   RO          433    i.Board_UARTPutSTR  lib_lpc_board_nxp_lpcxpresso_4337_m0.lib(board.o)
    0x1b0025e8   0x1b0025e8   0x0000002c   Code   RO         1032    i.Chip_Clock_Enable  lib_lpc_chip_43xx_m0.lib(clock_18xx_43xx.o)
    0x1b002614   0x1b002614   0x00000020   Code   RO         1037    i.Chip_Clock_GetBaseClock  lib_lpc_chip_43xx_m0.lib(clock_18xx_43xx.o)
    0x1b002634   0x1b002634   0x0000000c   Code   RO         1039    i.Chip_Clock_GetBaseClocktHz  lib_lpc_chip_43xx_m0.lib(clock_18xx_43xx.o)
    0x1b002640   0x1b002640   0x0000009c   Code   RO         1040    i.Chip_Clock_GetClockInputHz  lib_lpc_chip_43xx_m0.lib(clock_18xx_43xx.o)
    0x1b0026dc   0x1b0026dc   0x00000022   Code   RO         1041    i.Chip_Clock_GetDivRate  lib_lpc_chip_43xx_m0.lib(clock_18xx_43xx.o)
    0x1b0026fe   0x1b0026fe   0x00000002   PAD
    0x1b002700   0x1b002700   0x00000020   Code   RO         1042    i.Chip_Clock_GetDividerDivisor  lib_lpc_chip_43xx_m0.lib(clock_18xx_43xx.o)
    0x1b002720   0x1b002720   0x0000001c   Code   RO         1043    i.Chip_Clock_GetDividerSource  lib_lpc_chip_43xx_m0.lib(clock_18xx_43xx.o)
    0x1b00273c   0x1b00273c   0x00000068   Code   RO         1045    i.Chip_Clock_GetMainPLLHz  lib_lpc_chip_43xx_m0.lib(clock_18xx_43xx.o)
    0x1b0027a4   0x1b0027a4   0x00000074   Code   RO         1047    i.Chip_Clock_GetRate  lib_lpc_chip_43xx_m0.lib(clock_18xx_43xx.o)
    0x1b002818   0x1b002818   0x00000030   Code   RO         1252    i.Chip_TIMER_GetClockIndex  lib_lpc_chip_43xx_m0.lib(timer_18xx_43xx.o)
    0x1b002848   0x1b002848   0x0000000c   Code   RO         1253    i.Chip_TIMER_Init   lib_lpc_chip_43xx_m0.lib(timer_18xx_43xx.o)
    0x1b002854   0x1b002854   0x00000018   Code   RO         1254    i.Chip_TIMER_Reset  lib_lpc_chip_43xx_m0.lib(timer_18xx_43xx.o)
    0x1b00286c   0x1b00286c   0x0000001c   Code   RO         1304    i.Chip_UART_Send    lib_lpc_chip_43xx_m0.lib(uart_18xx_43xx.o)
    0x1b002888   0x1b002888   0x00000024   Code   RO         1305    i.Chip_UART_SendBlocking  lib_lpc_chip_43xx_m0.lib(uart_18xx_43xx.o)
    0x1b0028ac   0x1b0028ac   0x00000014   Code   RO          809    i.SystemCoreClockUpdate  lib_lpc_chip_43xx_m0.lib(chip_18xx_43xx.o)
    0x1b0028c0   0x1b0028c0   0x00000030   Code   RO         2046    i.__ARM_common_ll_muluu  c_p.l(btod.o)
    0x1b0028f0   0x1b0028f0   0x0000001a   Code   RO         1232    i.__ARM_common_switch8  lib_lpc_chip_43xx_m0.lib(clock_18xx_43xx.o)
    0x1b00290a   0x1b00290a   0x00000002   PAD
    0x1b00290c   0x1b00290c   0x0000002c   Code   RO         2065    i.__ARM_fpclassify  m_ps.l(fpclassify.o)
    0x1b002938   0x1b002938   0x0000000e   Code   RO         1959    i._is_digit         c_p.l(__printf_wp.o)
    0x1b002946   0x1b002946   0x00000004   Code   RO          440    i._sys_exit         lib_lpc_board_nxp_lpcxpresso_4337_m0.lib(board.o)
    0x1b00294a   0x1b00294a   0x00000002   PAD
    0x1b00294c   0x1b00294c   0x0000002c   Code   RO         2049    locale$$code        c_p.l(lc_numeric_c.o)
    0x1b002978   0x1b002978   0x0000002c   Code   RO         2076    locale$$code        c_p.l(lc_ctype_c.o)
    0x1b0029a4   0x1b0029a4   0x000000b0   Code   RO         1890    x$fpl$fmul          fz_ps.l(fmul.o)
    0x1b002a54   0x1b002a54   0x00000010   Code   RO         1992    x$fpl$printf1       fz_ps.l(printf1.o)
    0x1b002a64   0x1b002a64   0x00000000   Code   RO         1994    x$fpl$usenofp       fz_ps.l(usenofp.o)
    0x1b002a64   0x1b002a64   0x00000050   Data   RO          352    .constdata          main.o
    0x1b002ab4   0x1b002ab4   0x00000004   Data   RO          445    .constdata          lib_lpc_board_nxp_lpcxpresso_4337_m0.lib(board.o)
    0x1b002ab8   0x1b002ab8   0x00000004   Data   RO          446    .constdata          lib_lpc_board_nxp_lpcxpresso_4337_m0.lib(board.o)
    0x1b002abc   0x1b002abc   0x0000006c   Data   RO         1059    .constdata          lib_lpc_chip_43xx_m0.lib(clock_18xx_43xx.o)
    0x1b002b28   0x1b002b28   0x00000040   Data   RO         1886    .constdata          fz_ps.l(fdiv.o)
    0x1b002b68   0x1b002b68   0x00000008   Data   RO         1918    .constdata          c_p.l(_printf_wctomb.o)
    0x1b002b70   0x1b002b70   0x00000028   Data   RO         1947    .constdata          c_p.l(_printf_hex_int_ll_ptr.o)
    0x1b002b98   0x1b002b98   0x00000011   Data   RO         1967    .constdata          c_p.l(__printf_flags_ss_wp.o)
    0x1b002ba9   0x1b002ba9   0x00000003   PAD
    0x1b002bac   0x1b002bac   0x00000094   Data   RO         2042    .constdata          c_p.l(bigflt0.o)
    0x1b002c40   0x1b002c40   0x0000007b   Data   RO          292    .conststring        ipc_msg.o
    0x1b002cbb   0x1b002cbb   0x00000001   PAD
    0x1b002cbc   0x1b002cbc   0x00000020   Data   RO         2198    Region$$Table       anon$$obj.o
    0x1b002cdc   0x1b002cdc   0x0000001c   Data   RO         2048    locale$$data        c_p.l(lc_numeric_c.o)
    0x1b002cf8   0x1b002cf8   0x00000110   Data   RO         2075    locale$$data        c_p.l(lc_ctype_c.o)


==============================================================================

Image component sizes


      Code (inc. data)   RO Data    RW Data    ZI Data      Debug   Object Name

       296         20          0          4        880       4073   ipc_example.o
       540        106        123         32          0       4295   ipc_msg.o
        68         28        192          0       1536        884   keil_startup_lpc43xx_m0app.o
      1976        574         80         64          0      20855   main.o
         2          0          0          0          0       6049   sysinit.o

    ----------------------------------------------------------------------
      2884        728        428        100       2416      36156   Object Totals
         0          0         32          0          0          0   (incl. Generated)
         2          0          1          0          0          0   (incl. Padding)

    ----------------------------------------------------------------------

      Code (inc. data)   RO Data    RW Data    ZI Data      Debug   Library Member Name

         8          0          0          0          0         68   __main.o
       392          6         17          0          0         76   __printf_flags_ss_wp.o
        14          0          0          0          0         60   __printf_wp.o
         0          0          0          0          0          0   __rtentry.o
        12          0          0          0          0          0   __rtentry2.o
         6          0          0          0          0          0   __rtentry4.o
        60          8          0          0          0          0   __scatter.o
        26          0          0          0          0          0   __scatter_copy.o
        28          0          0          0          0          0   __scatter_zi.o
        10          0          0          0          0          0   _printf_a.o
        10          0          0          0          0          0   _printf_c.o
        46          0          0          0          0        100   _printf_char.o
        48          6          0          0          0         88   _printf_char_common.o
        38          0          0          0          0         60   _printf_charcount.o
        10          0          0          0          0          0   _printf_d.o
       108         18          0          0          0         76   _printf_dec.o
        10          0          0          0          0          0   _printf_e.o
        10          0          0          0          0          0   _printf_f.o
      1048         14          0          0          0        176   _printf_fp_dec.o
       136         16          0          0          0         76   _printf_fp_infnan.o
        10          0          0          0          0          0   _printf_g.o
       152          4         40          0          0        148   _printf_hex_int_ll_ptr.o
        10          0          0          0          0          0   _printf_i.o
       176          0          0          0          0         84   _printf_intcommon.o
        10          0          0          0          0          0   _printf_l.o
        10          0          0          0          0          0   _printf_lc.o
        10          0          0          0          0          0   _printf_ll.o
        10          0          0          0          0          0   _printf_lld.o
        10          0          0          0          0          0   _printf_lli.o
        10          0          0          0          0          0   _printf_llo.o
        10          0          0          0          0          0   _printf_llu.o
        10          0          0          0          0          0   _printf_llx.o
       112         18          0          0          0         76   _printf_longlong_dec.o
        10          0          0          0          0          0   _printf_ls.o
        10          0          0          0          0          0   _printf_n.o
        10          0          0          0          0          0   _printf_o.o
       112         10          0          0          0        112   _printf_oct_int_ll.o
        10          0          0          0          0          0   _printf_p.o
        78          0          0          0          0        100   _printf_pad.o
         2          0          0          0          0          0   _printf_percent.o
         4          0          0          0          0          0   _printf_percent_end.o
        10          0          0          0          0          0   _printf_s.o
        82          0          0          0          0         72   _printf_str.o
        36          0          0          0          0         76   _printf_truncate.o
        10          0          0          0          0          0   _printf_u.o
        46          0          0          0          0        100   _printf_wchar.o
       188          6          8          0          0         80   _printf_wctomb.o
        10          0          0          0          0          0   _printf_x.o
        10          0          0          0          0         60   _sputc.o
        64          0          0          0          0         72   _wcrtomb.o
       346          0          0          0          0         92   aeabi_sdiv.o
       216          6        148          0          0         80   bigflt0.o
      1456         30          0          0          0        336   btod.o
        36          4          0          0          0         68   c89vsprintf.o
        16          0          0          0          0         68   exit.o
         6          0          0          0          0        136   heapauxi.o
        44         10        272          0          0         76   lc_ctype_c.o
        44         10         28          0          0         76   lc_numeric_c.o
         2          0          0          0          0          0   libinit.o
        30          0          0          0          0          0   libinit2.o
         2          0          0          0          0          0   libshutdown.o
         2          0          0          0          0          0   libshutdown2.o
         8          4          0          0         96         68   libspace.o
       122          0          0          0          0         72   lludiv10.o
        16          4          0          0          0         76   rt_ctype_table.o
         8          4          0          0          0         68   rt_locale_intlibspace.o
        64          0          0          0          0        108   rt_memclr.o
       186          0          0          0          0        144   rt_memcpy.o
         2          0          0          0          0          0   rtexit.o
        10          0          0          0          0          0   rtexit2.o
        40          0          0          0          0         60   rtudiv10.o
        24          0          0          0          0         60   strcat.o
       136          4          0          0          0         72   strcmp.o
        68          6          0          0          0         72   strlen.o
        62          0          0          0          0         80   sys_stackheap_outer.o
        84          4          0          0          0         60   f2d.o
       352         10         64          0          0         92   fdiv.o
        94          0          0          0          0         92   fflti.o
       176          4          0          0          0         80   fmul.o
        16          4          0          0          0         76   printf1.o
         0          0          0          0          0          0   usenofp.o
        40          4          8          0          0      12118   board.o
        20          6          0          4          0       8526   chip_18xx_43xx.o
       584        108        108          8          0       7930   clock_18xx_43xx.o
        84         14          0          0          0       1813   timer_18xx_43xx.o
        64          0          0          0          0       8806   uart_18xx_43xx.o
        44          4          0          0          0         60   fpclassify.o

    ----------------------------------------------------------------------
      7776        346        696         12         96      43225   Library Totals
        20          0          3          0          0          0   (incl. Padding)

    ----------------------------------------------------------------------

      Code (inc. data)   RO Data    RW Data    ZI Data      Debug   Library Name

      6198        188        513          0         96       3572   c_p.l
       722         22         64          0          0        400   fz_ps.l
        40          4          8          0          0      12118   lib_lpc_board_nxp_lpcxpresso_4337_m0.lib
       752        128        108         12          0      27075   lib_lpc_chip_43xx_m0.lib
        44          4          0          0          0         60   m_ps.l

    ----------------------------------------------------------------------
      7776        346        696         12         96      43225   Library Totals

    ----------------------------------------------------------------------

==============================================================================


      Code (inc. data)   RO Data    RW Data    ZI Data      Debug   

     10660       1074       1124        112       2512      76549   Grand Totals
     10660       1074       1124        112       2512      76549   ELF Image Totals
     10660       1074       1124        112          0          0   ROM Totals

==============================================================================

    Total RO  Size (Code + RO Data)                11784 (  11.51kB)
    Total RW  Size (RW Data + ZI Data)              2624 (   2.56kB)
    Total ROM Size (Code + RO Data + RW Data)      11896 (  11.62kB)

==============================================================================

